11-28 20:11:51.232 10822 10822 E AppUtil : {3598321 49.553} 	at com.qualcomm.ftcdriverstation.FtcDriverStationActivity.onOptionsItemSelected(FtcDriverStationActivity.java:1380)
11-28 20:11:51.233 10822 10822 E AppUtil : {3598321 49.554} 	at com.qualcomm.ftcdriverstation.FtcDriverStationActivity$6$1.onMenuItemClick(FtcDriverStationActivity.java:889)
11-28 20:11:51.233 10822 10822 E AppUtil : {3598321 49.554} 	at android.widget.PopupMenu$1.onMenuItemSelected(PopupMenu.java:105)
11-28 20:11:51.233 10822 10822 E AppUtil : {3598321 49.554} 	at com.android.internal.view.menu.MenuBuilder.dispatchMenuItemSelected(MenuBuilder.java:761)
11-28 20:11:51.234 10822 10822 E AppUtil : {3598321 49.554} 	at com.android.internal.view.menu.MenuItemImpl.invoke(MenuItemImpl.java:167)
11-28 20:11:51.234 10822 10822 E AppUtil : {3598321 49.555} 	at com.android.internal.view.menu.MenuBuilder.performItemAction(MenuBuilder.java:908)
11-28 20:11:51.234 10822 10822 E AppUtil : {3598321 49.555} 	at com.android.internal.view.menu.MenuBuilder.performItemAction(MenuBuilder.java:898)
11-28 20:11:51.234 10822 10822 E AppUtil : {3598321 49.555} 	at com.android.internal.view.menu.MenuPopup.onItemClick(MenuPopup.java:128)
11-28 20:11:51.235 10822 10822 E AppUtil : {3598321 49.555} 	at android.widget.AdapterView.performItemClick(AdapterView.java:318)
11-28 20:11:51.235 10822 10822 E AppUtil : {3598321 49.556} 	at android.widget.AbsListView.performItemClick(AbsListView.java:1158)
11-28 20:11:51.235 10822 10822 E AppUtil : {3598321 49.556} 	at android.widget.AbsListView$PerformClick.run(AbsListView.java:3153)
11-28 20:11:51.235 10822 10822 E AppUtil : {3598321 49.556} 	at android.widget.AbsListView$3.run(AbsListView.java:4068)
11-28 20:11:51.235 10822 10822 E AppUtil : {3598321 49.556} 	at android.os.Handler.handleCallback(Handler.java:790)
11-28 20:11:51.236 10822 10822 E AppUtil : {3598321 49.557} 	at android.os.Handler.dispatchMessage(Handler.java:99)
11-28 20:11:51.236 10822 10822 E AppUtil : {3598321 49.557} 	at android.os.Looper.loop(Looper.java:164)
11-28 20:11:51.236 10822 10822 E AppUtil : {3598321 49.557} 	at android.app.ActivityThread.main(ActivityThread.java:6626)
11-28 20:11:51.236 10822 10822 E AppUtil : {3598321 49.557} 	at java.lang.reflect.Method.invoke(Native Method)
11-28 20:11:51.237 10822 10822 E AppUtil : {3598321 49.558} 	at com.android.internal.os.RuntimeInit$MethodAndArgsCaller.run(RuntimeInit.java:438)
11-28 20:11:51.237 10822 10822 E AppUtil : {3598321 49.558} 	at com.android.internal.os.ZygoteInit.main(ZygoteInit.java:811)
11-28 20:11:51.239 10822 10822 I zygote  : System.exit called, status: 0
11-28 20:11:51.239 10822 10822 I AndroidRuntime: VM exiting with result code 0, cleanup skipped.
--------- beginning of system
11-28 20:11:52.315 11646 11646 E SchedPolicy: open of /dev/cpuctl/bg_non_interactive/tasks failed: No such file or directory
--------- beginning of main
11-28 20:11:52.387 11646 11646 D Uvc     : [jni.cpp:72] JNI_OnLoad()...
11-28 20:11:52.387 11646 11646 D Uvc     : [JniEnv.h:32] ScopedJniEnv::onJniLoad()...
11-28 20:11:52.387 11646 11646 D Uvc     : [JniEnv.h:32] ...ScopedJniEnv::onJniLoad()
11-28 20:11:52.387 11646 11646 D Uvc     : [jni.cpp:72] ...JNI_OnLoad()
11-28 20:11:52.389 11646 11646 V AppUtil : initializing: getExternalStorageDirectory()=/storage/emulated/0
11-28 20:11:52.392 11646 11646 I ActivityThread: handleStopService: token=android.os.BinderProxy@86f0a02 not found.
11-28 20:11:52.393 11646 11661 V RobotCore: saving logcat to /storage/emulated/0/driverStationLog.txt
11-28 20:11:52.393 11646 11661 V RobotCore: logging command line: exec logcat -f /storage/emulated/0/driverStationLog.txt -r4096 -n4 -v threadtime UsbRequestJNI:S UsbRequest:S art:W ThreadPool:W System:W ExtendedExtractor:W OMXClient:W MediaPlayer:W dalvikvm:W  *:V
11-28 20:11:52.393 11646 11646 V MTPMonitorService: onCreate()
11-28 20:11:52.394 11646 11646 V MTPMonitorService: onDestroy()
11-28 20:11:52.426 11646 11661 I RobotCore: Done running ps
11-28 20:11:52.434 11665 11665 W sh      : type=1400 audit(0.0:185): avc: denied { read } for uid=10137 name="/" dev="rootfs" ino=2 scontext=u:r:untrusted_app:s0:c512,c768 tcontext=u:object_r:rootfs:s0 tclass=dir permissive=0
11-28 20:11:52.453 11665 11665 E SchedPolicy: open of /dev/cpuctl/bg_non_interactive/tasks failed: No such file or directory
11-28 20:11:57.359 11646 11660 I zygote  : Waiting for a blocking GC ProfileSaver
11-28 20:14:16.743 11646 11646 V Robocol : SendOnceRunnable created
11-28 20:14:16.751 11646 11646 I DriverStation: Lifecycle onCreate() : c32896f
11-28 20:14:16.759 11646 11646 V AppUtil : rootActivity=FtcDriverStationActivity
11-28 20:14:16.759 11646 11646 V DriverStation: Redirecting to permission validator
11-28 20:14:16.793 11646 11646 I PermissionValidatorActivity: Lifecycle onCreate : b5f2914
11-28 20:14:17.252 11646 11646 I PermissionValidatorActivity: Lifecycle onStart : b5f2914
11-28 20:14:17.253 11646 11646 I PermissionValidator: Checking permission for android.permission.WRITE_EXTERNAL_STORAGE
11-28 20:14:17.255 11646 11646 I PermissionValidator:     Granted: android.permission.WRITE_EXTERNAL_STORAGE
11-28 20:14:17.255 11646 11646 I PermissionValidator: Checking permission for android.permission.READ_EXTERNAL_STORAGE
11-28 20:14:17.255 11646 11646 I PermissionValidator:     Granted: android.permission.READ_EXTERNAL_STORAGE
11-28 20:14:17.255 11646 11646 I PermissionValidator: Checking permission for android.permission.ACCESS_FINE_LOCATION
11-28 20:14:17.255 11646 11646 I PermissionValidator:     Granted: android.permission.ACCESS_FINE_LOCATION
11-28 20:14:17.257 11646 11646 V ServiceStarter: attempting to start service MediaTransferProtocolMonitorService
11-28 20:14:17.258 11646 11646 V ServiceStarter: started service MediaTransferProtocolMonitorService
11-28 20:14:17.258 11646 11646 I PermissionValidatorActivity: All permissions validated.  Starting RobotController
11-28 20:14:17.268 11646 11646 V MTPMonitorService: onCreate()
11-28 20:14:17.269 11646 11646 V MTPMonitorService: onStartCommand() intent=Intent { cmp=com.qualcomm.ftcdriverstation/org.firstinspires.ftc.robotcore.internal.files.MediaTransferProtocolMonitorService } flags=0x0 startId=1
11-28 20:14:17.270 11646 11646 V MTPMonitor: observing: /storage/emulated/0
11-28 20:14:17.300 11646 11646 I DriverStation: Lifecycle onCreate() : 8fa8e79
11-28 20:14:17.301 11646 11646 V DriverStation: Permissions validated already
11-28 20:14:17.348 11646 11796 V CallbackLooper: thread=1445
11-28 20:14:17.355 11646 11646 V NetDiscover_wifiDirectAgent: doStart()...
11-28 20:14:17.356 11646 11796 V NetDiscover_wifiDirectAgent_bcast: wifiP2pEnabled=true
11-28 20:14:17.357 11646 11796 D NetDiscover_wifiDirectAgent_bcast: connection changed: networkInfo.state=DISCONNECTED
11-28 20:14:17.358 11646 11646 V NetDiscover_wifiDirectAgent: ...doStart()
11-28 20:14:17.358 11646 11796 V NetDiscover_wifiDirectAgent_bcast: NetworkInfo: [type: WIFI_P2P[], state: DISCONNECTED/DISCONNECTED, reason: (unspecified), extra: (none), failover: false, available: true, roaming: false]
11-28 20:14:17.358 11646 11796 V NetDiscover_wifiDirectAgent_bcast: WifiP2pInfo: groupFormed: false isGroupOwner: false groupOwnerAddress: null
11-28 20:14:17.358 11646 11796 V NetDiscover_wifiDirectAgent_bcast: WifiP2pGroup: network: null, isGO: false, GO: null, interface: null, networkId: 0
11-28 20:14:17.358 11646 11646 V NetDiscover_name: doStart()...
11-28 20:14:17.358 11646 11646 V NetDiscover_name: ...doStart()
11-28 20:14:17.358 11646 11646 V NetDiscover_prefremds: ----- all preferences -----
11-28 20:14:17.359 11646 11646 V NetDiscover_prefremds: name='pref_pairing_kind' value=WifiDirect
11-28 20:14:17.359 11646 11646 V NetDiscover_prefremds: name='key_pref_automagic_preselect' value=true
11-28 20:14:17.359 11646 11646 V NetDiscover_prefremds: name='pref_wifip2p_groupowner_map_timestamp' value=1669690139834
11-28 20:14:17.359 11646 11646 V NetDiscover_prefremds: name='pref_warn_about_obsolete_software' value=true
11-28 20:14:17.359 11646 11646 V NetDiscover_prefremds: name='pref_warn_about_mismatched_app_versions' value=true
11-28 20:14:17.359 11646 11646 V NetDiscover_prefremds: name='pref_has_independent_phone_battery_rc' value=true
11-28 20:14:17.359 11646 11646 V NetDiscover_prefremds: name='pref_warn_about_2_4_ghz_band' value=true
11-28 20:14:17.359 11646 11796 V NetDiscover_wifiDirectAgent_bcast: this device changed: Device=2845-C-DS deviceAddress=aa:96:75:9e:ed:5d primary type=10-0050F204-5 secondary type=null wps=0 grpcapab=0 devcapab=0 status=3 wfdInfo=WFD enabled=falseWFD DeviceInfo=0 WFD CtrlPort=0 WFD MaxThroughput=0
11-28 20:14:17.359 11646 11646 V NetDiscover_prefremds: name='launch_ds_on_boot' value=false
11-28 20:14:17.359 11646 11796 V NetDiscover_name: remembering wifiDirectName: 2845-C-DS...
11-28 20:14:17.359 11646 11646 V NetDiscover_prefremds: name='pref_wifip2p_groupowner_connectedto' value=2845-C-RC
11-28 20:14:17.359 11646 11796 V NetDiscover_name: wifiDirectName=2845-C-DS
11-28 20:14:17.359 11646 11646 V NetDiscover_prefremds: name='pref_has_speaker_rc' value=true
11-28 20:14:17.359 11646 11646 V NetDiscover_prefremds: name='pref_rc_connected' value=true
11-28 20:14:17.359 11646 11646 V NetDiscover_prefremds: name='android.permission.WRITE_EXTERNAL_STORAGE' value=false
11-28 20:14:17.359 11646 11646 V NetDiscover_prefremds: name='android.permission.ACCESS_FINE_LOCATION' value=false
11-28 20:14:17.359 11646 11646 V NetDiscover_prefremds: name='pref_sound_on_off' value=false
11-28 20:14:17.359 11646 11646 V NetDiscover_prefremds: name='pref_device_name' value=2845-C-DS
11-28 20:14:17.359 11646 11646 V NetDiscover_prefremds: name='pref_warn_about_incorrect_clocks' value=true
11-28 20:14:17.359 11646 11796 V NetDiscover_name: ...remembering wifiDirectName
11-28 20:14:17.359 11646 11646 V NetDiscover_prefremds: name='pref_hardware_config_filename' value={"isDirty":false,"location":"LOCAL_STORAGE","name":"ebay","resourceId":0}
11-28 20:14:17.359 11646 11646 V NetDiscover_prefremds: name='pref_connection_owner_password' value=
11-28 20:14:17.359 11646 11646 V NetDiscover_prefremds: name='pref_wifip2p_channel' value=0
11-28 20:14:17.359 11646 11796 V NetDiscover_wifiDirectAgent_bcast: p2p discoverPeers()=false
11-28 20:14:17.359 11646 11646 V NetDiscover_prefremds: name='pref_connection_owner_identity' value=82:58:f8:1b:2a:e8
11-28 20:14:17.360 11646 11646 V NetDiscover_prefremds: name='pref_device_name_old' value=2845-C-DS
11-28 20:14:17.360 11646 11796 V NetDiscover_wifiDirectAgent_bcast: Wi-Fi Direct remembered groups cleared
11-28 20:14:17.360 11646 11646 V NetDiscover_prefremds: name='pref_wifip2p_remote_channel_change_works' value=true
11-28 20:14:17.360 11646 11646 V NetDiscover_prefremds: name='pref_match_logging_on_off' value=false
11-28 20:14:17.360 11646 11646 V NetDiscover_prefremds: name='pref_app_theme_rc' value=blue
11-28 20:14:17.360 11646 11646 V NetDiscover_prefremds: name='pref_device_name_rc' value=2845-C-RC
11-28 20:14:17.360 11646 11646 V NetDiscover_prefremds: name='pref_wifip2p_groupowner_lastconnectedto' value=2845-C-RC
11-28 20:14:17.360 11646 11796 V NetDiscover_wifiDirectAgent_bcast: wifiState=ENABLED
11-28 20:14:17.360 11646 11646 V NetDiscover_prefremds: name='ds_layout' value=Portrait
11-28 20:14:17.360 11646 11646 V NetDiscover_prefremds: name='pref_debug_driver_station_logs' value=false
11-28 20:14:17.360 11646 11646 V NetDiscover_prefremds: name='pref_wifip2p_groupowner_map' value={"Moto G (5) Plus_5c5b":"2845-C-RC","2845-C-RC":"2845-C-RC"}
11-28 20:14:17.360 11646 11646 V NetDiscover_prefremds: name='pref_device_name_tracking' value=WIFIDIRECT
11-28 20:14:17.360 11646 11796 V NetDiscover_wifiDirectAgent: found persistent group: DIRECT-wr-2845-C-RC
11-28 20:14:17.360 11646 11646 V NetDiscover_prefremds: name='pref_app_theme' value=blue
11-28 20:14:17.360 11646 11796 V NetDiscover_wifiDirectAgent: found persistent group: DIRECT-GH-2845-C-RC
11-28 20:14:17.360 11646 11646 V NetDiscover_prefremds: name='android.permission.READ_EXTERNAL_STORAGE' value=false
11-28 20:14:17.360 11646 11796 V NetDiscover_wifiDirectAgent: found persistent group: DIRECT-TB-2845-C-RC
11-28 20:14:17.360 11646 11646 V NetDiscover_prefremds: name='pref_sound_on_off_rc' value=false
11-28 20:14:17.360 11646 11646 V NetDiscover_prefremds: name='pref_device_name_rc_display' value=2845-C-RC
11-28 20:14:17.369 11646 11646 V NetDiscover_prefremds: doStart()...
11-28 20:14:17.369 11646 11646 V NetDiscover_prefremds: ...doStart()
11-28 20:14:17.369 11646 11646 V DriverStation: writing pref name=pref_rc_connected value=false
11-28 20:14:17.369 11646 11646 V NetDiscover_prefremds: onSharedPreferenceChanged(name=pref_rc_connected, value=false)
11-28 20:14:17.371 11646 11646 I DriverStation: Hide match logging UI
11-28 20:14:17.396 11646 11646 V SoundInfo: construct(0x0c9fdc39)
11-28 20:14:17.400 11646 11798 V NuMediaExtractor: setDataSource fd=48 (/data/app/com.qualcomm.ftcdriverstation-1Cznaps_4P3OHQYbys3oPg==/base.apk), offset=37230960, length=50896
11-28 20:14:17.410 11646 11798 V NuMediaExtractor: track of type 'audio/raw' does not publish bitrate
11-28 20:14:17.412 11646 11798 I MediaCodec: (0xa84e5780) init name(audio/raw) isType(1) encoder(0)
11-28 20:14:17.416 11646 11802 I MediaCodec: (0xa84e5780) Component Allocated (OMX.google.raw.decoder)
11-28 20:14:17.417 11646 11798 I MediaCodec: (0xa84e5780) configure surface(0x0) crypto(0x0) flags(0)
11-28 20:14:17.417 11646 11798 D MediaCodec: (0xa84e5780) configure format: AMessage(what = 0x00000000) = {
11-28 20:14:17.417 11646 11798 D MediaCodec:       string mime = "audio/raw"
11-28 20:14:17.417 11646 11798 D MediaCodec:       int64_t durationUs = 264854
11-28 20:14:17.417 11646 11798 D MediaCodec:       int32_t track-id = 1
11-28 20:14:17.417 11646 11798 D MediaCodec:       int32_t channel-count = 2
11-28 20:14:17.417 11646 11798 D MediaCodec:       int32_t sample-rate = 48000
11-28 20:14:17.417 11646 11798 D MediaCodec:       int32_t channel-mask = 0
11-28 20:14:17.417 11646 11798 D MediaCodec:       int32_t pcm-encoding = 2
11-28 20:14:17.417 11646 11798 D MediaCodec:     }
11-28 20:14:17.418 11646 11802 W ExtendedACodec: Failed to get extension for extradata parameter
11-28 20:14:17.418 11646 11798 I MediaCodec: (0xa84e5780) start
11-28 20:14:17.426 11646 11802 I MediaCodec: (0xa84e5780) kWhatStartCompleted
11-28 20:14:17.429 11646 11802 D MediaCodec: (0xa84e5780) [OMX.google.raw.decoder] output format changed to: AMessage(what = 0x00000000) = {
11-28 20:14:17.429 11646 11802 D MediaCodec:       string mime = "audio/raw"
11-28 20:14:17.429 11646 11802 D MediaCodec:       int32_t channel-count = 2
11-28 20:14:17.429 11646 11802 D MediaCodec:       int32_t sample-rate = 48000
11-28 20:14:17.429 11646 11802 D MediaCodec:       int32_t pcm-encoding = 2
11-28 20:14:17.429 11646 11802 D MediaCodec:       int32_t channel-mask = 0
11-28 20:14:17.429 11646 11802 D MediaCodec:     }
11-28 20:14:17.430 11646 11798 I MediaCodec: (0xa84e5780) stop
11-28 20:14:17.432 11646 11798 I MediaCodec: (0xa84e5780) release
11-28 20:14:17.435 11646 11796 D SoundPlayer: onLoadComplete(samp=1|ms=265, samp=1)=0
11-28 20:14:17.449 11646 11646 V SoundInfo: construct(0x0199b82c)
11-28 20:14:17.451 11646 11798 V NuMediaExtractor: setDataSource fd=52 (/data/app/com.qualcomm.ftcdriverstation-1Cznaps_4P3OHQYbys3oPg==/base.apk), offset=37049056, length=65464
11-28 20:14:17.464 11646 11798 V NuMediaExtractor: track of type 'audio/raw' does not publish bitrate
11-28 20:14:17.465 11646 11798 I MediaCodec: (0xa84e5780) init name(audio/raw) isType(1) encoder(0)
11-28 20:14:17.467 11646 11809 I MediaCodec: (0xa84e5780) Component Allocated (OMX.google.raw.decoder)
11-28 20:14:17.467 11646 11798 I MediaCodec: (0xa84e5780) configure surface(0x0) crypto(0x0) flags(0)
11-28 20:14:17.468 11646 11798 D MediaCodec: (0xa84e5780) configure format: AMessage(what = 0x00000000) = {
11-28 20:14:17.468 11646 11798 D MediaCodec:       string mime = "audio/raw"
11-28 20:14:17.468 11646 11798 D MediaCodec:       int64_t durationUs = 340729
11-28 20:14:17.468 11646 11798 D MediaCodec:       int32_t track-id = 1
11-28 20:14:17.468 11646 11798 D MediaCodec:       int32_t channel-count = 2
11-28 20:14:17.468 11646 11798 D MediaCodec:       int32_t sample-rate = 48000
11-28 20:14:17.468 11646 11798 D MediaCodec:       int32_t channel-mask = 0
11-28 20:14:17.468 11646 11798 D MediaCodec:       int32_t pcm-encoding = 2
11-28 20:14:17.468 11646 11798 D MediaCodec:     }
11-28 20:14:17.469 11646 11809 W ExtendedACodec: Failed to get extension for extradata parameter
11-28 20:14:17.469 11646 11798 I MediaCodec: (0xa84e5780) start
11-28 20:14:17.474 11646 11809 I MediaCodec: (0xa84e5780) kWhatStartCompleted
11-28 20:14:17.476 11646 11809 D MediaCodec: (0xa84e5780) [OMX.google.raw.decoder] output format changed to: AMessage(what = 0x00000000) = {
11-28 20:14:17.476 11646 11809 D MediaCodec:       string mime = "audio/raw"
11-28 20:14:17.476 11646 11809 D MediaCodec:       int32_t channel-count = 2
11-28 20:14:17.476 11646 11809 D MediaCodec:       int32_t sample-rate = 48000
11-28 20:14:17.476 11646 11809 D MediaCodec:       int32_t pcm-encoding = 2
11-28 20:14:17.476 11646 11809 D MediaCodec:       int32_t channel-mask = 0
11-28 20:14:17.476 11646 11809 D MediaCodec:     }
11-28 20:14:17.478 11646 11798 I MediaCodec: (0xa84e5780) stop
11-28 20:14:17.480 11646 11798 I MediaCodec: (0xa84e5780) release
11-28 20:14:17.484 11646 11796 D SoundPlayer: onLoadComplete(samp=2|ms=341, samp=2)=0
11-28 20:14:17.500 11646 11646 I WifiMuteStateMachine: State Machine 
11-28 20:14:17.500 11646 11646 I WifiMuteStateMachine: WifiPendingOff
11-28 20:14:17.500 11646 11646 I WifiMuteStateMachine: 	From: WifiPendingOff To: WifiOn On Event: USER_ACTIVITY
11-28 20:14:17.500 11646 11646 I WifiMuteStateMachine: 	From: WifiPendingOff To: WifiOff On Event: WATCHDOG_TIMEOUT
11-28 20:14:17.500 11646 11646 I WifiMuteStateMachine: WifiOn
11-28 20:14:17.500 11646 11646 I WifiMuteStateMachine: 	From: WifiOn To: WifiOn On Event: USER_ACTIVITY
11-28 20:14:17.500 11646 11646 I WifiMuteStateMachine: 	From: WifiOn To: WifiPendingOff On Event: WATCHDOG_WARNING
11-28 20:14:17.500 11646 11646 I WifiMuteStateMachine: 	From: WifiOn To: TimeoutSuspended On Event: RUNNING_OPMODE
11-28 20:14:17.500 11646 11646 I WifiMuteStateMachine: 	From: WifiOn To: WifiOff On Event: ACTIVITY_STOP
11-28 20:14:17.500 11646 11646 I WifiMuteStateMachine: 	From: WifiOn To: TimeoutSuspended On Event: ACTIVITY_OTHER
11-28 20:14:17.500 11646 11646 I WifiMuteStateMachine: TimeoutSuspended
11-28 20:14:17.500 11646 11646 I WifiMuteStateMachine: 	From: TimeoutSuspended To: WifiOn On Event: STOPPED_OPMODE
11-28 20:14:17.500 11646 11646 I WifiMuteStateMachine: 	From: TimeoutSuspended To: WifiOn On Event: ACTIVITY_START
11-28 20:14:17.500 11646 11646 I WifiMuteStateMachine: WifiOff
11-28 20:14:17.500 11646 11646 I WifiMuteStateMachine: 	From: WifiOff To: WifiOn On Event: USER_ACTIVITY
11-28 20:14:17.500 11646 11646 I WifiMuteStateMachine: 	From: WifiOff To: WifiOn On Event: ACTIVITY_START
11-28 20:14:17.514 11646 11646 I RobotCore: App info: version=8.1.0 appId=com.qualcomm.ftcdriverstation
11-28 20:14:17.516 11646 11646 I RobotCore: Android Device: maker=motorola model=Moto G (5) Plus sdk=27 serial=ZY2247D6S4
11-28 20:14:17.516 11646 11646 V AndroidTextToSpeech: Beginning TTS initialization
11-28 20:14:17.520 11646 11814 V SoundInfo: construct(0x0cdd52cf)
11-28 20:14:17.522 11646 11798 V NuMediaExtractor: setDataSource fd=52 (/data/app/com.qualcomm.ftcdriverstation-1Cznaps_4P3OHQYbys3oPg==/base.apk), offset=36072760, length=72716
11-28 20:14:17.538 11646 11798 V NuMediaExtractor: track of type 'audio/raw' does not publish bitrate
11-28 20:14:17.539 11646 11798 I MediaCodec: (0xa84e5780) init name(audio/raw) isType(1) encoder(0)
11-28 20:14:17.542 11646 11817 I MediaCodec: (0xa84e5780) Component Allocated (OMX.google.raw.decoder)
11-28 20:14:17.542 11646 11798 I MediaCodec: (0xa84e5780) configure surface(0x0) crypto(0x0) flags(0)
11-28 20:14:17.542 11646 11798 D MediaCodec: (0xa84e5780) configure format: AMessage(what = 0x00000000) = {
11-28 20:14:17.542 11646 11798 D MediaCodec:       string mime = "audio/raw"
11-28 20:14:17.542 11646 11798 D MediaCodec:       int64_t durationUs = 757000
11-28 20:14:17.542 11646 11798 D MediaCodec:       int32_t track-id = 1
11-28 20:14:17.542 11646 11798 D MediaCodec:       int32_t channel-count = 1
11-28 20:14:17.542 11646 11798 D MediaCodec:       int32_t sample-rate = 48000
11-28 20:14:17.542 11646 11798 D MediaCodec:       int32_t channel-mask = 0
11-28 20:14:17.542 11646 11798 D MediaCodec:       int32_t pcm-encoding = 2
11-28 20:14:17.542 11646 11798 D MediaCodec:     }
11-28 20:14:17.543 11646 11817 W ExtendedACodec: Failed to get extension for extradata parameter
11-28 20:14:17.543 11646 11798 I MediaCodec: (0xa84e5780) start
11-28 20:14:17.550 11646 11817 I MediaCodec: (0xa84e5780) kWhatStartCompleted
11-28 20:14:17.552 11646 11817 D MediaCodec: (0xa84e5780) [OMX.google.raw.decoder] output format changed to: AMessage(what = 0x00000000) = {
11-28 20:14:17.552 11646 11817 D MediaCodec:       string mime = "audio/raw"
11-28 20:14:17.552 11646 11817 D MediaCodec:       int32_t channel-count = 1
11-28 20:14:17.552 11646 11817 D MediaCodec:       int32_t sample-rate = 48000
11-28 20:14:17.552 11646 11817 D MediaCodec:       int32_t pcm-encoding = 2
11-28 20:14:17.552 11646 11817 D MediaCodec:       int32_t channel-mask = 0
11-28 20:14:17.552 11646 11817 D MediaCodec:     }
11-28 20:14:17.555 11646 11798 I MediaCodec: (0xa84e5780) stop
11-28 20:14:17.556 11646 11646 I TextToSpeech: Sucessfully bound to com.google.android.tts
11-28 20:14:17.557 11646 11798 I MediaCodec: (0xa84e5780) release
11-28 20:14:17.558 11646 11646 V DriverStation: Lifecycle onStart() : 8fa8e79
11-28 20:14:17.559 11646 11646 V DriverStation: updateRcBatteryIndependence(true)
11-28 20:14:17.559 11646 11646 V DriverStation: startOrRestartNetwork()
11-28 20:14:17.559 11646 11646 V DriverStation: Assuming client disconnected
11-28 20:14:17.560 11646 11646 V DriverStation: ui:uiRobotControllerIsDisconnected
11-28 20:14:17.560 11646 11646 I DriverStation: Hide match logging UI
11-28 20:14:17.560 11646 11796 D SoundPlayer: onLoadComplete(samp=3|ms=757, samp=3)=0
11-28 20:14:17.561 11646 11646 V RobotCore: Getting network assistant of type: WIFIDIRECT
11-28 20:14:17.563 11646 11646 V DriverStation: onSharedPreferenceChanged() pref=pref_wifip2p_groupowner_connectedto
11-28 20:14:17.563 11646 11646 I DriverStation: Hide match logging UI
11-28 20:14:17.563 11646 11646 V NetDiscover_prefremds: onSharedPreferenceChanged(name=pref_wifip2p_groupowner_connectedto, value=null)
11-28 20:14:17.563 11646 11646 V NetDiscover_prefremds: pref_wifip2p_groupowner_connectedto has been removed
11-28 20:14:17.564 11646 11646 V WifiDirect: There are 1 Wi-Fi Direct Assistant Clients (+)
11-28 20:14:17.564 11646 11646 V WifiDirect: Enabling Wi-Fi Direct Assistant
11-28 20:14:17.566 11646 11796 V NetDiscover_wifiDirectAgent_bcast: wifiP2pEnabled=true
11-28 20:14:17.566 11646 11796 D NetDiscover_wifiDirectAgent_bcast: connection changed: networkInfo.state=DISCONNECTED
11-28 20:14:17.566 11646 11796 V NetDiscover_wifiDirectAgent_bcast: NetworkInfo: [type: WIFI_P2P[], state: DISCONNECTED/DISCONNECTED, reason: (unspecified), extra: (none), failover: false, available: true, roaming: false]
11-28 20:14:17.566 11646 11796 V NetDiscover_wifiDirectAgent_bcast: WifiP2pInfo: groupFormed: false isGroupOwner: false groupOwnerAddress: null
11-28 20:14:17.567 11646 11796 V NetDiscover_wifiDirectAgent_bcast: WifiP2pGroup: network: null, isGO: false, GO: null, interface: null, networkId: 0
11-28 20:14:17.567 11646 11796 V NetDiscover_wifiDirectAgent_bcast: this device changed: Device=2845-C-DS deviceAddress=aa:96:75:9e:ed:5d primary type=10-0050F204-5 secondary type=null wps=0 grpcapab=0 devcapab=0 status=3 wfdInfo=WFD enabled=falseWFD DeviceInfo=0 WFD CtrlPort=0 WFD MaxThroughput=0
11-28 20:14:17.567 11646 11796 V NetDiscover_name: remembering wifiDirectName: 2845-C-DS...
11-28 20:14:17.567 11646 11796 V NetDiscover_name: ...remembering wifiDirectName
11-28 20:14:17.567 11646 11796 V NetDiscover_wifiDirectAgent_bcast: p2p discoverPeers()=false
11-28 20:14:17.568 11646 11796 V NetDiscover_wifiDirectAgent_bcast: Wi-Fi Direct remembered groups cleared
11-28 20:14:17.568 11646 11796 V NetDiscover_wifiDirectAgent_bcast: wifiState=ENABLED
11-28 20:14:17.568 11646 11796 V NetDiscover_wifiDirectAgent_bcast: p2p discoverPeers()=true
11-28 20:14:17.569 11646 11646 V DriverStation: Lifecycle onResume() : 8fa8e79
11-28 20:14:17.577 11646 11825 D OpenGLRenderer: HWUI GL Pipeline
11-28 20:14:17.583 11646 11814 V SoundInfo: construct(0x0f641492)
11-28 20:14:17.586 11646 11646 I TextToSpeech: Connected to ComponentInfo{com.google.android.tts/com.google.android.tts.service.GoogleTTSService}
11-28 20:14:17.587 11646 11646 D WifiDirect: broadcast: state - enabled: true
11-28 20:14:17.587 11646 11798 V NuMediaExtractor: setDataSource fd=61 (/storage/emulated/0/FIRST/sounds/cache/f90646048adc8d2104e01c1fbafe7419.sound), offset=0, length=72716
11-28 20:14:17.587 11646 11646 D WifiDirect: broadcast: connection changed: connectStatus=NOT_CONNECTED networkInfo.state=DISCONNECTED
11-28 20:14:17.588 11646 11646 D WifiDirect: broadcast: this device changed
11-28 20:14:17.588 11646 11646 V WifiDirect: device information: 2845-C-DS aa:96:75:9e:ed:5d
11-28 20:14:17.589 11646 11646 I DriverStation: Received networkConnectionEvent: DISCOVERING_PEERS
11-28 20:14:17.589 11646 11646 D WifiDirect: discovering peers
11-28 20:14:17.591 11646 11826 I TextToSpeech: Set up connection to ComponentInfo{com.google.android.tts/com.google.android.tts.service.GoogleTTSService}
11-28 20:14:17.601 11646 11798 V NuMediaExtractor: track of type 'audio/raw' does not publish bitrate
11-28 20:14:17.602 11646 11798 I MediaCodec: (0xa84e5780) init name(audio/raw) isType(1) encoder(0)
11-28 20:14:17.605 11646 11828 I MediaCodec: (0xa84e5780) Component Allocated (OMX.google.raw.decoder)
11-28 20:14:17.605 11646 11798 I MediaCodec: (0xa84e5780) configure surface(0x0) crypto(0x0) flags(0)
11-28 20:14:17.605 11646 11798 D MediaCodec: (0xa84e5780) configure format: AMessage(what = 0x00000000) = {
11-28 20:14:17.605 11646 11798 D MediaCodec:       string mime = "audio/raw"
11-28 20:14:17.605 11646 11798 D MediaCodec:       int64_t durationUs = 757000
11-28 20:14:17.605 11646 11798 D MediaCodec:       int32_t track-id = 1
11-28 20:14:17.605 11646 11798 D MediaCodec:       int32_t channel-count = 1
11-28 20:14:17.605 11646 11798 D MediaCodec:       int32_t sample-rate = 48000
11-28 20:14:17.605 11646 11798 D MediaCodec:       int32_t channel-mask = 0
11-28 20:14:17.605 11646 11798 D MediaCodec:       int32_t pcm-encoding = 2
11-28 20:14:17.605 11646 11798 D MediaCodec:     }
11-28 20:14:17.607 11646 11828 W ExtendedACodec: Failed to get extension for extradata parameter
11-28 20:14:17.607 11646 11798 I MediaCodec: (0xa84e5780) start
11-28 20:14:17.612 11646 11828 I MediaCodec: (0xa84e5780) kWhatStartCompleted
11-28 20:14:17.616 11646 11828 D MediaCodec: (0xa84e5780) [OMX.google.raw.decoder] output format changed to: AMessage(what = 0x00000000) = {
11-28 20:14:17.616 11646 11828 D MediaCodec:       string mime = "audio/raw"
11-28 20:14:17.616 11646 11828 D MediaCodec:       int32_t channel-count = 1
11-28 20:14:17.616 11646 11828 D MediaCodec:       int32_t sample-rate = 48000
11-28 20:14:17.616 11646 11828 D MediaCodec:       int32_t pcm-encoding = 2
11-28 20:14:17.616 11646 11828 D MediaCodec:       int32_t channel-mask = 0
11-28 20:14:17.616 11646 11828 D MediaCodec:     }
11-28 20:14:17.618 11646 11825 I Adreno  : QUALCOMM build                   : 908a5ce, I77d3059488
11-28 20:14:17.618 11646 11825 I Adreno  : Build Date                       : 06/07/18
11-28 20:14:17.618 11646 11825 I Adreno  : OpenGL ES Shader Compiler Version: EV031.22.00.01_06
11-28 20:14:17.618 11646 11825 I Adreno  : Local Branch                     : 
11-28 20:14:17.618 11646 11825 I Adreno  : Remote Branch                    : refs/tags/AU_LINUX_ANDROID_LA.UM.6.5.R1.08.01.00.312.086
11-28 20:14:17.618 11646 11825 I Adreno  : Remote Branch                    : NONE
11-28 20:14:17.618 11646 11825 I Adreno  : Reconstruct Branch               : NOTHING
11-28 20:14:17.619 11646 11825 D vndksupport: Loading /vendor/lib/hw/gralloc.msm8953.so from current namespace instead of sphal namespace.
11-28 20:14:17.619 11646 11798 I MediaCodec: (0xa84e5780) stop
11-28 20:14:17.621 11646 11798 I MediaCodec: (0xa84e5780) release
11-28 20:14:17.623 11646 11825 I Adreno  : PFP: 0x005ff087, ME: 0x005ff063
11-28 20:14:17.624 11646 11646 D WifiDirect: discovering peers
11-28 20:14:17.624 11646 11646 V AndroidTextToSpeech: TTS initialization completed successfully
11-28 20:14:17.624 11646 11796 D SoundPlayer: onLoadComplete(samp=4|ms=757, samp=4)=0
11-28 20:14:17.628 11646 11825 I zygote  : android::hardware::configstore::V1_0::ISurfaceFlingerConfigs::hasWideColorDisplay retrieved: 0
11-28 20:14:17.629 11646 11825 I OpenGLRenderer: Initialized EGL, version 1.4
11-28 20:14:17.629 11646 11825 D OpenGLRenderer: Swap behavior 2
11-28 20:14:17.641 11646 11814 V SoundInfo: construct(0x0be2ef4e)
11-28 20:14:17.643 11646 11825 D vndksupport: Loading /vendor/lib/hw/android.hardware.graphics.mapper@2.0-impl.so from current namespace instead of sphal namespace.
11-28 20:14:17.644 11646 11798 V NuMediaExtractor: setDataSource fd=68 (/data/app/com.qualcomm.ftcdriverstation-1Cznaps_4P3OHQYbys3oPg==/base.apk), offset=39664060, length=86562
11-28 20:14:17.645 11646 11825 D vndksupport: Loading /vendor/lib/hw/gralloc.msm8953.so from current namespace instead of sphal namespace.
11-28 20:14:17.660 11646 11798 V NuMediaExtractor: track of type 'audio/raw' does not publish bitrate
11-28 20:14:17.661 11646 11798 I MediaCodec: (0xa84e5780) init name(audio/raw) isType(1) encoder(0)
11-28 20:14:17.664 11646 11836 I MediaCodec: (0xa84e5780) Component Allocated (OMX.google.raw.decoder)
11-28 20:14:17.664 11646 11798 I MediaCodec: (0xa84e5780) configure surface(0x0) crypto(0x0) flags(0)
11-28 20:14:17.664 11646 11798 D MediaCodec: (0xa84e5780) configure format: AMessage(what = 0x00000000) = {
11-28 20:14:17.664 11646 11798 D MediaCodec:       string mime = "audio/raw"
11-28 20:14:17.664 11646 11798 D MediaCodec:       int64_t durationUs = 901229
11-28 20:14:17.664 11646 11798 D MediaCodec:       int32_t track-id = 1
11-28 20:14:17.664 11646 11798 D MediaCodec:       int32_t channel-count = 1
11-28 20:14:17.664 11646 11798 D MediaCodec:       int32_t sample-rate = 48000
11-28 20:14:17.664 11646 11798 D MediaCodec:       int32_t channel-mask = 0
11-28 20:14:17.664 11646 11798 D MediaCodec:       int32_t pcm-encoding = 2
11-28 20:14:17.664 11646 11798 D MediaCodec:     }
11-28 20:14:17.666 11646 11836 W ExtendedACodec: Failed to get extension for extradata parameter
11-28 20:14:17.666 11646 11798 I MediaCodec: (0xa84e5780) start
11-28 20:14:17.671 11646 11836 I MediaCodec: (0xa84e5780) kWhatStartCompleted
11-28 20:14:17.674 11646 11836 D MediaCodec: (0xa84e5780) [OMX.google.raw.decoder] output format changed to: AMessage(what = 0x00000000) = {
11-28 20:14:17.674 11646 11836 D MediaCodec:       string mime = "audio/raw"
11-28 20:14:17.674 11646 11836 D MediaCodec:       int32_t channel-count = 1
11-28 20:14:17.674 11646 11836 D MediaCodec:       int32_t sample-rate = 48000
11-28 20:14:17.674 11646 11836 D MediaCodec:       int32_t pcm-encoding = 2
11-28 20:14:17.674 11646 11836 D MediaCodec:       int32_t channel-mask = 0
11-28 20:14:17.674 11646 11836 D MediaCodec:     }
11-28 20:14:17.678 11646 11798 I MediaCodec: (0xa84e5780) stop
11-28 20:14:17.681 11646 11798 I MediaCodec: (0xa84e5780) release
11-28 20:14:17.685 11646 11796 D SoundPlayer: onLoadComplete(samp=5|ms=901, samp=5)=0
11-28 20:14:17.708 11646 11814 V SoundInfo: construct(0x0f4aa205)
11-28 20:14:17.713 11646 11798 V NuMediaExtractor: setDataSource fd=54 (/storage/emulated/0/FIRST/sounds/cache/21e990cd27d1ff84529b6693adc02995.sound), offset=0, length=86562
11-28 20:14:17.717 11646 11646 I PermissionValidatorActivity: Lifecycle onDestroy : b5f2914
11-28 20:14:17.717 11646 11646 V AppUtil : rootActivity=FtcDriverStationActivity destroyed
11-28 20:14:17.718 11646 11646 V AppUtil : rootActivity=FtcDriverStationActivity
11-28 20:14:17.718 11646 11646 V DriverStation: Lifecycle onDestroy() : c32896f
11-28 20:14:17.730 11646 11798 V NuMediaExtractor: track of type 'audio/raw' does not publish bitrate
11-28 20:14:17.731 11646 11798 I MediaCodec: (0xa84e5780) init name(audio/raw) isType(1) encoder(0)
11-28 20:14:17.734 11646 11842 I MediaCodec: (0xa84e5780) Component Allocated (OMX.google.raw.decoder)
11-28 20:14:17.734 11646 11798 I MediaCodec: (0xa84e5780) configure surface(0x0) crypto(0x0) flags(0)
11-28 20:14:17.734 11646 11798 D MediaCodec: (0xa84e5780) configure format: AMessage(what = 0x00000000) = {
11-28 20:14:17.734 11646 11798 D MediaCodec:       string mime = "audio/raw"
11-28 20:14:17.734 11646 11798 D MediaCodec:       int64_t durationUs = 901229
11-28 20:14:17.734 11646 11798 D MediaCodec:       int32_t track-id = 1
11-28 20:14:17.734 11646 11798 D MediaCodec:       int32_t channel-count = 1
11-28 20:14:17.734 11646 11798 D MediaCodec:       int32_t sample-rate = 48000
11-28 20:14:17.734 11646 11798 D MediaCodec:       int32_t channel-mask = 0
11-28 20:14:17.734 11646 11798 D MediaCodec:       int32_t pcm-encoding = 2
11-28 20:14:17.734 11646 11798 D MediaCodec:     }
11-28 20:14:17.736 11646 11842 W ExtendedACodec: Failed to get extension for extradata parameter
11-28 20:14:17.736 11646 11798 I MediaCodec: (0xa84e5780) start
11-28 20:14:17.741 11646 11842 I MediaCodec: (0xa84e5780) kWhatStartCompleted
11-28 20:14:17.743 11646 11842 D MediaCodec: (0xa84e5780) [OMX.google.raw.decoder] output format changed to: AMessage(what = 0x00000000) = {
11-28 20:14:17.743 11646 11842 D MediaCodec:       string mime = "audio/raw"
11-28 20:14:17.743 11646 11842 D MediaCodec:       int32_t channel-count = 1
11-28 20:14:17.743 11646 11842 D MediaCodec:       int32_t sample-rate = 48000
11-28 20:14:17.743 11646 11842 D MediaCodec:       int32_t pcm-encoding = 2
11-28 20:14:17.743 11646 11842 D MediaCodec:       int32_t channel-mask = 0
11-28 20:14:17.743 11646 11842 D MediaCodec:     }
11-28 20:14:17.746 11646 11798 I MediaCodec: (0xa84e5780) stop
11-28 20:14:17.749 11646 11798 I MediaCodec: (0xa84e5780) release
11-28 20:14:17.752 11646 11796 D SoundPlayer: onLoadComplete(samp=6|ms=901, samp=6)=0
11-28 20:14:17.774 11646 11814 V SoundInfo: construct(0x0502b25a)
11-28 20:14:17.782 11646 11798 V NuMediaExtractor: setDataSource fd=61 (/data/app/com.qualcomm.ftcdriverstation-1Cznaps_4P3OHQYbys3oPg==/base.apk), offset=37348100, length=432616
11-28 20:14:17.800 11646 11798 V NuMediaExtractor: track of type 'audio/raw' does not publish bitrate
11-28 20:14:17.801 11646 11798 I MediaCodec: (0xa84e5780) init name(audio/raw) isType(1) encoder(0)
11-28 20:14:17.804 11646 11847 I MediaCodec: (0xa84e5780) Component Allocated (OMX.google.raw.decoder)
11-28 20:14:17.804 11646 11798 I MediaCodec: (0xa84e5780) configure surface(0x0) crypto(0x0) flags(0)
11-28 20:14:17.804 11646 11798 D MediaCodec: (0xa84e5780) configure format: AMessage(what = 0x00000000) = {
11-28 20:14:17.804 11646 11798 D MediaCodec:       string mime = "audio/raw"
11-28 20:14:17.804 11646 11798 D MediaCodec:       int64_t durationUs = 4505958
11-28 20:14:17.804 11646 11798 D MediaCodec:       int32_t track-id = 1
11-28 20:14:17.804 11646 11798 D MediaCodec:       int32_t channel-count = 1
11-28 20:14:17.804 11646 11798 D MediaCodec:       int32_t sample-rate = 48000
11-28 20:14:17.804 11646 11798 D MediaCodec:       int32_t channel-mask = 0
11-28 20:14:17.804 11646 11798 D MediaCodec:       int32_t pcm-encoding = 2
11-28 20:14:17.804 11646 11798 D MediaCodec:     }
11-28 20:14:17.805 11646 11847 W ExtendedACodec: Failed to get extension for extradata parameter
11-28 20:14:17.805 11646 11798 I MediaCodec: (0xa84e5780) start
11-28 20:14:17.810 11646 11847 I MediaCodec: (0xa84e5780) kWhatStartCompleted
11-28 20:14:17.812 11646 11847 D MediaCodec: (0xa84e5780) [OMX.google.raw.decoder] output format changed to: AMessage(what = 0x00000000) = {
11-28 20:14:17.812 11646 11847 D MediaCodec:       string mime = "audio/raw"
11-28 20:14:17.812 11646 11847 D MediaCodec:       int32_t channel-count = 1
11-28 20:14:17.812 11646 11847 D MediaCodec:       int32_t sample-rate = 48000
11-28 20:14:17.812 11646 11847 D MediaCodec:       int32_t pcm-encoding = 2
11-28 20:14:17.812 11646 11847 D MediaCodec:       int32_t channel-mask = 0
11-28 20:14:17.812 11646 11847 D MediaCodec:     }
11-28 20:14:17.832 11646 11798 I MediaCodec: (0xa84e5780) stop
11-28 20:14:17.835 11646 11798 I MediaCodec: (0xa84e5780) release
11-28 20:14:17.838 11646 11796 D SoundPlayer: onLoadComplete(samp=7|ms=4506, samp=7)=0
11-28 20:14:17.864 11646 11814 V SoundInfo: construct(0x02d85981)
11-28 20:14:17.880 11646 11798 V NuMediaExtractor: setDataSource fd=62 (/storage/emulated/0/FIRST/sounds/cache/88c8e9c266de1a20bd3ca4d07d82b4e4.sound), offset=0, length=432616
11-28 20:14:17.901 11646 11798 V NuMediaExtractor: track of type 'audio/raw' does not publish bitrate
11-28 20:14:17.902 11646 11798 I MediaCodec: (0xa84e5780) init name(audio/raw) isType(1) encoder(0)
11-28 20:14:17.905 11646 11853 I MediaCodec: (0xa84e5780) Component Allocated (OMX.google.raw.decoder)
11-28 20:14:17.905 11646 11798 I MediaCodec: (0xa84e5780) configure surface(0x0) crypto(0x0) flags(0)
11-28 20:14:17.905 11646 11798 D MediaCodec: (0xa84e5780) configure format: AMessage(what = 0x00000000) = {
11-28 20:14:17.905 11646 11798 D MediaCodec:       string mime = "audio/raw"
11-28 20:14:17.905 11646 11798 D MediaCodec:       int64_t durationUs = 4505958
11-28 20:14:17.905 11646 11798 D MediaCodec:       int32_t track-id = 1
11-28 20:14:17.905 11646 11798 D MediaCodec:       int32_t channel-count = 1
11-28 20:14:17.905 11646 11798 D MediaCodec:       int32_t sample-rate = 48000
11-28 20:14:17.905 11646 11798 D MediaCodec:       int32_t channel-mask = 0
11-28 20:14:17.905 11646 11798 D MediaCodec:       int32_t pcm-encoding = 2
11-28 20:14:17.905 11646 11798 D MediaCodec:     }
11-28 20:14:17.906 11646 11853 W ExtendedACodec: Failed to get extension for extradata parameter
11-28 20:14:17.906 11646 11798 I MediaCodec: (0xa84e5780) start
11-28 20:14:17.911 11646 11853 I MediaCodec: (0xa84e5780) kWhatStartCompleted
11-28 20:14:17.913 11646 11853 D MediaCodec: (0xa84e5780) [OMX.google.raw.decoder] output format changed to: AMessage(what = 0x00000000) = {
11-28 20:14:17.913 11646 11853 D MediaCodec:       string mime = "audio/raw"
11-28 20:14:17.913 11646 11853 D MediaCodec:       int32_t channel-count = 1
11-28 20:14:17.913 11646 11853 D MediaCodec:       int32_t sample-rate = 48000
11-28 20:14:17.913 11646 11853 D MediaCodec:       int32_t pcm-encoding = 2
11-28 20:14:17.913 11646 11853 D MediaCodec:       int32_t channel-mask = 0
11-28 20:14:17.913 11646 11853 D MediaCodec:     }
11-28 20:14:17.926 11646 11798 I MediaCodec: (0xa84e5780) stop
11-28 20:14:17.928 11646 11798 I MediaCodec: (0xa84e5780) release
11-28 20:14:17.931 11646 11796 D SoundPlayer: onLoadComplete(samp=8|ms=4506, samp=8)=0
11-28 20:14:17.951 11646 11814 V SoundInfo: construct(0x0c299a26)
11-28 20:14:17.956 11646 11798 V NuMediaExtractor: setDataSource fd=63 (/data/app/com.qualcomm.ftcdriverstation-1Cznaps_4P3OHQYbys3oPg==/base.apk), offset=33130916, length=240936
11-28 20:14:17.976 11646 11798 V NuMediaExtractor: track of type 'audio/raw' does not publish bitrate
11-28 20:14:17.977 11646 11798 I MediaCodec: (0xa84e5780) init name(audio/raw) isType(1) encoder(0)
11-28 20:14:17.980 11646 11858 I MediaCodec: (0xa84e5780) Component Allocated (OMX.google.raw.decoder)
11-28 20:14:17.980 11646 11798 I MediaCodec: (0xa84e5780) configure surface(0x0) crypto(0x0) flags(0)
11-28 20:14:17.980 11646 11798 D MediaCodec: (0xa84e5780) configure format: AMessage(what = 0x00000000) = {
11-28 20:14:17.980 11646 11798 D MediaCodec:       string mime = "audio/raw"
11-28 20:14:17.980 11646 11798 D MediaCodec:       int64_t durationUs = 2509291
11-28 20:14:17.980 11646 11798 D MediaCodec:       int32_t track-id = 1
11-28 20:14:17.980 11646 11798 D MediaCodec:       int32_t channel-count = 1
11-28 20:14:17.980 11646 11798 D MediaCodec:       int32_t sample-rate = 48000
11-28 20:14:17.980 11646 11798 D MediaCodec:       int32_t channel-mask = 0
11-28 20:14:17.980 11646 11798 D MediaCodec:       int32_t pcm-encoding = 2
11-28 20:14:17.980 11646 11798 D MediaCodec:     }
11-28 20:14:17.981 11646 11858 W ExtendedACodec: Failed to get extension for extradata parameter
11-28 20:14:17.982 11646 11798 I MediaCodec: (0xa84e5780) start
11-28 20:14:17.986 11646 11858 I MediaCodec: (0xa84e5780) kWhatStartCompleted
11-28 20:14:17.989 11646 11858 D MediaCodec: (0xa84e5780) [OMX.google.raw.decoder] output format changed to: AMessage(what = 0x00000000) = {
11-28 20:14:17.989 11646 11858 D MediaCodec:       string mime = "audio/raw"
11-28 20:14:17.989 11646 11858 D MediaCodec:       int32_t channel-count = 1
11-28 20:14:17.989 11646 11858 D MediaCodec:       int32_t sample-rate = 48000
11-28 20:14:17.989 11646 11858 D MediaCodec:       int32_t pcm-encoding = 2
11-28 20:14:17.989 11646 11858 D MediaCodec:       int32_t channel-mask = 0
11-28 20:14:17.989 11646 11858 D MediaCodec:     }
11-28 20:14:17.996 11646 11798 I MediaCodec: (0xa84e5780) stop
11-28 20:14:17.998 11646 11798 I MediaCodec: (0xa84e5780) release
11-28 20:14:18.001 11646 11796 D SoundPlayer: onLoadComplete(samp=9|ms=2509, samp=9)=0
11-28 20:14:18.028 11646 11814 V SoundInfo: construct(0x02300cbd)
11-28 20:14:18.038 11646 11798 V NuMediaExtractor: setDataSource fd=73 (/storage/emulated/0/FIRST/sounds/cache/fba6a9abe5b1f6238a531ceb1e3751ae.sound), offset=0, length=240936
11-28 20:14:18.059 11646 11798 V NuMediaExtractor: track of type 'audio/raw' does not publish bitrate
11-28 20:14:18.060 11646 11798 I MediaCodec: (0xa84e5780) init name(audio/raw) isType(1) encoder(0)
11-28 20:14:18.063 11646 11863 I MediaCodec: (0xa84e5780) Component Allocated (OMX.google.raw.decoder)
11-28 20:14:18.063 11646 11798 I MediaCodec: (0xa84e5780) configure surface(0x0) crypto(0x0) flags(0)
11-28 20:14:18.063 11646 11798 D MediaCodec: (0xa84e5780) configure format: AMessage(what = 0x00000000) = {
11-28 20:14:18.063 11646 11798 D MediaCodec:       string mime = "audio/raw"
11-28 20:14:18.063 11646 11798 D MediaCodec:       int64_t durationUs = 2509291
11-28 20:14:18.063 11646 11798 D MediaCodec:       int32_t track-id = 1
11-28 20:14:18.063 11646 11798 D MediaCodec:       int32_t channel-count = 1
11-28 20:14:18.063 11646 11798 D MediaCodec:       int32_t sample-rate = 48000
11-28 20:14:18.063 11646 11798 D MediaCodec:       int32_t channel-mask = 0
11-28 20:14:18.063 11646 11798 D MediaCodec:       int32_t pcm-encoding = 2
11-28 20:14:18.063 11646 11798 D MediaCodec:     }
11-28 20:14:18.065 11646 11863 W ExtendedACodec: Failed to get extension for extradata parameter
11-28 20:14:18.065 11646 11798 I MediaCodec: (0xa84e5780) start
11-28 20:14:18.070 11646 11863 I MediaCodec: (0xa84e5780) kWhatStartCompleted
11-28 20:14:18.072 11646 11863 D MediaCodec: (0xa84e5780) [OMX.google.raw.decoder] output format changed to: AMessage(what = 0x00000000) = {
11-28 20:14:18.072 11646 11863 D MediaCodec:       string mime = "audio/raw"
11-28 20:14:18.072 11646 11863 D MediaCodec:       int32_t channel-count = 1
11-28 20:14:18.072 11646 11863 D MediaCodec:       int32_t sample-rate = 48000
11-28 20:14:18.072 11646 11863 D MediaCodec:       int32_t pcm-encoding = 2
11-28 20:14:18.072 11646 11863 D MediaCodec:       int32_t channel-mask = 0
11-28 20:14:18.072 11646 11863 D MediaCodec:     }
11-28 20:14:18.080 11646 11798 I MediaCodec: (0xa84e5780) stop
11-28 20:14:18.082 11646 11798 I MediaCodec: (0xa84e5780) release
11-28 20:14:18.085 11646 11796 D SoundPlayer: onLoadComplete(samp=10|ms=2509, samp=10)=0
11-28 20:14:18.105 11646 11814 V SoundInfo: construct(0x098532b2)
11-28 20:14:18.113 11646 11798 V NuMediaExtractor: setDataSource fd=73 (/data/app/com.qualcomm.ftcdriverstation-1Cznaps_4P3OHQYbys3oPg==/base.apk), offset=36145932, length=439730
11-28 20:14:18.133 11646 11798 V NuMediaExtractor: track of type 'audio/raw' does not publish bitrate
11-28 20:14:18.133 11646 11798 I MediaCodec: (0xa84e5780) init name(audio/raw) isType(1) encoder(0)
11-28 20:14:18.136 11646 11868 I MediaCodec: (0xa84e5780) Component Allocated (OMX.google.raw.decoder)
11-28 20:14:18.137 11646 11798 I MediaCodec: (0xa84e5780) configure surface(0x0) crypto(0x0) flags(0)
11-28 20:14:18.137 11646 11798 D MediaCodec: (0xa84e5780) configure format: AMessage(what = 0x00000000) = {
11-28 20:14:18.137 11646 11798 D MediaCodec:       string mime = "audio/raw"
11-28 20:14:18.137 11646 11798 D MediaCodec:       int64_t durationUs = 4580062
11-28 20:14:18.137 11646 11798 D MediaCodec:       int32_t track-id = 1
11-28 20:14:18.137 11646 11798 D MediaCodec:       int32_t channel-count = 1
11-28 20:14:18.137 11646 11798 D MediaCodec:       int32_t sample-rate = 48000
11-28 20:14:18.137 11646 11798 D MediaCodec:       int32_t channel-mask = 0
11-28 20:14:18.137 11646 11798 D MediaCodec:       int32_t pcm-encoding = 2
11-28 20:14:18.137 11646 11798 D MediaCodec:     }
11-28 20:14:18.138 11646 11868 W ExtendedACodec: Failed to get extension for extradata parameter
11-28 20:14:18.138 11646 11798 I MediaCodec: (0xa84e5780) start
11-28 20:14:18.143 11646 11868 I MediaCodec: (0xa84e5780) kWhatStartCompleted
11-28 20:14:18.145 11646 11868 D MediaCodec: (0xa84e5780) [OMX.google.raw.decoder] output format changed to: AMessage(what = 0x00000000) = {
11-28 20:14:18.145 11646 11868 D MediaCodec:       string mime = "audio/raw"
11-28 20:14:18.145 11646 11868 D MediaCodec:       int32_t channel-count = 1
11-28 20:14:18.145 11646 11868 D MediaCodec:       int32_t sample-rate = 48000
11-28 20:14:18.145 11646 11868 D MediaCodec:       int32_t pcm-encoding = 2
11-28 20:14:18.145 11646 11868 D MediaCodec:       int32_t channel-mask = 0
11-28 20:14:18.145 11646 11868 D MediaCodec:     }
11-28 20:14:18.159 11646 11798 I MediaCodec: (0xa84e5780) stop
11-28 20:14:18.161 11646 11798 I MediaCodec: (0xa84e5780) release
11-28 20:14:18.164 11646 11796 D SoundPlayer: onLoadComplete(samp=11|ms=4580, samp=11)=0
11-28 20:14:18.189 11646 11814 V SoundInfo: construct(0x0455b7b9)
11-28 20:14:18.207 11646 11798 V NuMediaExtractor: setDataSource fd=73 (/storage/emulated/0/FIRST/sounds/cache/9bc97f3a2ec9718059d48a9c19e64689.sound), offset=0, length=439730
11-28 20:14:18.226 11646 11798 V NuMediaExtractor: track of type 'audio/raw' does not publish bitrate
11-28 20:14:18.227 11646 11798 I MediaCodec: (0xa84e5780) init name(audio/raw) isType(1) encoder(0)
11-28 20:14:18.229 11646 11873 I MediaCodec: (0xa84e5780) Component Allocated (OMX.google.raw.decoder)
11-28 20:14:18.230 11646 11798 I MediaCodec: (0xa84e5780) configure surface(0x0) crypto(0x0) flags(0)
11-28 20:14:18.230 11646 11798 D MediaCodec: (0xa84e5780) configure format: AMessage(what = 0x00000000) = {
11-28 20:14:18.230 11646 11798 D MediaCodec:       string mime = "audio/raw"
11-28 20:14:18.230 11646 11798 D MediaCodec:       int64_t durationUs = 4580062
11-28 20:14:18.230 11646 11798 D MediaCodec:       int32_t track-id = 1
11-28 20:14:18.230 11646 11798 D MediaCodec:       int32_t channel-count = 1
11-28 20:14:18.230 11646 11798 D MediaCodec:       int32_t sample-rate = 48000
11-28 20:14:18.230 11646 11798 D MediaCodec:       int32_t channel-mask = 0
11-28 20:14:18.230 11646 11798 D MediaCodec:       int32_t pcm-encoding = 2
11-28 20:14:18.230 11646 11798 D MediaCodec:     }
11-28 20:14:18.231 11646 11873 W ExtendedACodec: Failed to get extension for extradata parameter
11-28 20:14:18.231 11646 11798 I MediaCodec: (0xa84e5780) start
11-28 20:14:18.236 11646 11873 I MediaCodec: (0xa84e5780) kWhatStartCompleted
11-28 20:14:18.239 11646 11873 D MediaCodec: (0xa84e5780) [OMX.google.raw.decoder] output format changed to: AMessage(what = 0x00000000) = {
11-28 20:14:18.239 11646 11873 D MediaCodec:       string mime = "audio/raw"
11-28 20:14:18.239 11646 11873 D MediaCodec:       int32_t channel-count = 1
11-28 20:14:18.239 11646 11873 D MediaCodec:       int32_t sample-rate = 48000
11-28 20:14:18.239 11646 11873 D MediaCodec:       int32_t pcm-encoding = 2
11-28 20:14:18.239 11646 11873 D MediaCodec:       int32_t channel-mask = 0
11-28 20:14:18.239 11646 11873 D MediaCodec:     }
11-28 20:14:18.252 11646 11798 I MediaCodec: (0xa84e5780) stop
11-28 20:14:18.253 11646 11798 I MediaCodec: (0xa84e5780) release
11-28 20:14:18.256 11646 11796 D SoundPlayer: onLoadComplete(samp=12|ms=4580, samp=12)=0
11-28 20:14:18.450 11646 11646 D WifiDirect: broadcast: peers changed
11-28 20:14:18.450 11646 11796 V NetDiscover_wifiDirectAgent_bcast: peers found: count=1
11-28 20:14:18.451 11646 11796 V NetDiscover_wifiDirectAgent_bcast:     peer: 7e:d5:66:cd:52:b6 Heather's Fire TV Stick
11-28 20:14:18.451 11646 11796 V NetDiscover_wifiDirectAgent_bcast: peers found: count=2
11-28 20:14:18.451 11646 11796 V NetDiscover_wifiDirectAgent_bcast:     peer: 82:58:f8:1b:2a:e8 2845-C-RC
11-28 20:14:18.451 11646 11796 V NetDiscover_wifiDirectAgent_bcast:     peer: 7e:d5:66:cd:52:b6 Heather's Fire TV Stick
11-28 20:14:18.451 11646 11646 D WifiDirect: broadcast: peers changed
11-28 20:14:18.452 11646 11796 V NetDiscover_wifiDirectAgent_bcast: peers found: count=3
11-28 20:14:18.452 11646 11646 D WifiDirect: broadcast: peers changed
11-28 20:14:18.452 11646 11796 V NetDiscover_wifiDirectAgent_bcast:     peer: 82:58:f8:1b:2a:e8 2845-C-RC
