12-01 12:02:53.074 16811 19327 D Uvc     : [jni_context.cpp:120] ...Java_org_firstinspires_ftc_robotcore_internal_camera_libuvc_nativeobject_UvcContext_nativeCreateUvcDevice()
12-01 12:02:53.074 16811 19327 V UvcDevice: construct(pointer=0x8c525aa8|null)
12-01 12:02:53.074 16811 19327 D Uvc     : [jni_device.cpp:108] Java_org_firstinspires_ftc_robotcore_internal_camera_libuvc_nativeobject_UvcDevice_nativeGetLibUsbDevice()...
12-01 12:02:53.074 16811 19327 D Uvc     : [jni_device.cpp:108] ...Java_org_firstinspires_ftc_robotcore_internal_camera_libuvc_nativeobject_UvcDevice_nativeGetLibUsbDevice()
12-01 12:02:53.074 16811 19327 V LibUsbDevice: construct(pointer=0x8c487400)
12-01 12:02:53.074 16811 19327 D UvcContext: usb device is *not* UVC compatible, /dev/bus/usb/001/003
12-01 12:02:53.075 16811 19327 V UvcApiCameraCharacteristicsBuilder: construct(0x09e3359d)
12-01 12:02:53.075 16811 19327 D Uvc     : [jni_device.cpp:289] Java_org_firstinspires_ftc_robotcore_internal_camera_libuvc_nativeobject_UvcDevice_nativeGetDeviceInfo()...
12-01 12:02:53.075 16811 19327 V Uvc     : API: Java_org_firstinspires_ftc_robotcore_internal_camera_libuvc_nativeobject_UvcDevice_nativeGetDeviceInfo: enter...
12-01 12:02:53.075 16811 19327 D Uvc     : [device.cpp:386] uvc_get_device_info()...
12-01 12:02:53.075 16811 19327 D libusb  : [156.205609] [00004b7f] libusb: debug [op_get_config_descriptor] op_get_config_descriptor: config_index=0
12-01 12:02:53.075 16811 19327 D libusb  : [156.205664] [00004b7f] libusb: debug [op_get_config_descriptor] op_get_config_descriptor: config_index=0
12-01 12:02:53.075 16811 19327 D Uvc     : [device.cpp:986] uvc_scan_control()...
12-01 12:02:53.075 16811 19327 D Uvc     : [device.cpp:1041] uvc_parse_vc_header()...
12-01 12:02:53.075 16811 19327 D Uvc     : [device.cpp:1284] uvc_scan_streaming()...
12-01 12:02:53.075 16811 19327 D Uvc     : [device.cpp:1340] uvc_parse_vs_input_header()...
12-01 12:02:53.075 16811 19327 D Uvc     : [device.cpp:1340] ...uvc_parse_vs_input_header() rc=0
12-01 12:02:53.075 16811 19327 D Uvc     : [device.cpp:1389] uvc_parse_vs_format_uncompressed()...
12-01 12:02:53.075 16811 19327 D Uvc     : [device.cpp:1389] ...uvc_parse_vs_format_uncompressed() rc=0
12-01 12:02:53.075 16811 19327 V Uvc     : [device.cpp:1630] unsupported descriptor subtype: 13 UVC_VS_COLORFORMAT
12-01 12:02:53.075 16811 19327 D Uvc     : [device.cpp:1449] uvc_parse_vs_format_mjpeg()...
12-01 12:02:53.075 16811 19327 D Uvc     : [device.cpp:1449] ...uvc_parse_vs_format_mjpeg() rc=0
12-01 12:02:53.076 16811 19327 V Uvc     : [device.cpp:1630] unsupported descriptor subtype: 13 UVC_VS_COLORFORMAT
12-01 12:02:53.076 16811 19327 D Uvc     : [device.cpp:1284] ...uvc_scan_streaming() rc=0
12-01 12:02:53.076 16811 19327 D Uvc     : [device.cpp:1041] ...uvc_parse_vc_header() rc=0
12-01 12:02:53.076 16811 19327 D Uvc     : [device.cpp:1083] uvc_parse_vc_input_terminal()...
12-01 12:02:53.076 16811 19327 D Uvc     : [device.cpp:1083] ...uvc_parse_vc_input_terminal() rc=0
12-01 12:02:53.076 16811 19327 D Uvc     : [device.cpp:1156] uvc_parse_vc_processing_unit()...
12-01 12:02:53.076 16811 19327 D Uvc     : [device.cpp:1156] ...uvc_parse_vc_processing_unit() rc=0
12-01 12:02:53.076 16811 19327 D Uvc     : [device.cpp:986] ...uvc_scan_control() rc=0
12-01 12:02:53.076 16811 19327 D Uvc     : [device.cpp:386] ...uvc_get_device_info() rc=0
12-01 12:02:53.076 16811 19327 V Uvc     : API: Java_org_firstinspires_ftc_robotcore_internal_camera_libuvc_nativeobject_UvcDevice_nativeGetDeviceInfo: ...exit
12-01 12:02:53.076 16811 19327 D Uvc     : [jni_device.cpp:289] ...Java_org_firstinspires_ftc_robotcore_internal_camera_libuvc_nativeobject_UvcDevice_nativeGetDeviceInfo()
12-01 12:02:53.076 16811 19327 V UvcDeviceInfo: construct(pointer=0x8c5833c0)
12-01 12:02:53.077 16811 19327 V UvcStreamingInterface: construct(pointer=0x8c5fb340)
12-01 12:02:53.089 16811 19327 V UvcStreamingInterface: destroy(pointer=0x8c5fb340)
12-01 12:02:53.089 16811 19327 V UvcDeviceInfo: destroy(pointer=0x8c5833c0)
12-01 12:02:53.089 16811 19327 D Uvc     : [jni_deviceinfo.cpp:63] Java_org_firstinspires_ftc_robotcore_internal_camera_libuvc_nativeobject_UvcDeviceInfo_nativeFreeDeviceInfo()...
12-01 12:02:53.089 16811 19327 V Uvc     : API: Java_org_firstinspires_ftc_robotcore_internal_camera_libuvc_nativeobject_UvcDeviceInfo_nativeFreeDeviceInfo: enter...
12-01 12:02:53.089 16811 19327 D Uvc     : [device.cpp:433] uvc_free_device_info()...
12-01 12:02:53.089 16811 19327 D Uvc     : [device.cpp:433] ...uvc_free_device_info()
12-01 12:02:53.089 16811 19327 V Uvc     : API: Java_org_firstinspires_ftc_robotcore_internal_camera_libuvc_nativeobject_UvcDeviceInfo_nativeFreeDeviceInfo: ...exit
12-01 12:02:53.089 16811 19327 D Uvc     : [jni_deviceinfo.cpp:63] ...Java_org_firstinspires_ftc_robotcore_internal_camera_libuvc_nativeobject_UvcDeviceInfo_nativeFreeDeviceInfo()
12-01 12:02:53.090 16811 19327 V UvcApiCameraCharacteristicsBuilder: destroy(hash=0x09e3359d)
12-01 12:02:53.090 16811 19327 V UvcDevice: destroy(pointer=0x8c525aa8|/dev/bus/usb/001/005)
12-01 12:02:53.090 16811 19327 D Uvc     : [jni_device.cpp:126] Java_org_firstinspires_ftc_robotcore_internal_camera_libuvc_nativeobject_UvcDevice_nativeReleaseRefDevice()...
12-01 12:02:53.090 16811 19327 V Uvc     : API: Java_org_firstinspires_ftc_robotcore_internal_camera_libuvc_nativeobject_UvcDevice_nativeReleaseRefDevice: enter...
12-01 12:02:53.090 16811 19327 D Uvc     : [device.cpp:882] uvc_unref_device()...
12-01 12:02:53.090 16811 19327 D Uvc     : [device.cpp:882] ...uvc_unref_device()
12-01 12:02:53.090 16811 19327 V Uvc     : API: Java_org_firstinspires_ftc_robotcore_internal_camera_libuvc_nativeobject_UvcDevice_nativeReleaseRefDevice: ...exit
12-01 12:02:53.090 16811 19327 D Uvc     : [jni_device.cpp:126] ...Java_org_firstinspires_ftc_robotcore_internal_camera_libuvc_nativeobject_UvcDevice_nativeReleaseRefDevice()
12-01 12:02:53.090 16811 19327 V LibUsbDevice: destroy(pointer=0x8c487400)
12-01 12:02:53.090 16811 19327 D Uvc     : [jni_libusb_device.cpp:64] Java_org_firstinspires_ftc_robotcore_internal_camera_libuvc_nativeobject_LibUsbDevice_nativeReleaseRefDevice()...
12-01 12:02:53.090 16811 19327 D Uvc     : [jni_libusb_device.cpp:64] ...Java_org_firstinspires_ftc_robotcore_internal_camera_libuvc_nativeobject_LibUsbDevice_nativeReleaseRefDevice()
12-01 12:02:53.091 16811 19327 D OpenCvViewport: CheckState(): user requested that we activate
12-01 12:02:53.091 16811 19327 D OpenCvViewport: CheckState(): activating viewport
12-01 12:02:53.092 16811 19327 D UsbResiliantWebcam: createCaptureSession()...
12-01 12:02:53.092 16811 19328 D OpenCvViewportRenderThread: Render thread is up!
12-01 12:02:53.092 16811 19327 V DelCaptureSession: construct(0x0481da12)
12-01 12:02:53.095 16811 19327 D UsbResiliantWebcam|DelCaptureSession: onCameraChange(null->CameraImpl(UvcDeviceHandle(pointer=0x8c6b7120|UvcDevice(/dev/bus/usb/001/005))))...
12-01 12:02:53.095 16811 19327 D UsbResiliantWebcam|DelCaptureSession: ...onCameraChange(null->CameraImpl(UvcDeviceHandle(pointer=0x8c6b7120|UvcDevice(/dev/bus/usb/001/005))))
12-01 12:02:53.096 16811 19327 D CachingExposureControl: onCameraChanged(CameraImpl(UvcDeviceHandle(pointer=0x8c6b7120|UvcDevice(/dev/bus/usb/001/005)))->CameraImpl(UvcDeviceHandle(pointer=0x8c6b7120|UvcDevice(/dev/bus/usb/001/005))))...
12-01 12:02:53.096 16811 19327 D CachingExposureControl: ...onCameraChanged(CameraImpl(UvcDeviceHandle(pointer=0x8c6b7120|UvcDevice(/dev/bus/usb/001/005)))->CameraImpl(UvcDeviceHandle(pointer=0x8c6b7120|UvcDevice(/dev/bus/usb/001/005))))
12-01 12:02:53.096 16811 19327 D UsbResiliantWebcam: ...createCaptureSession()
12-01 12:02:53.097 16811 19267 D UsbResiliantWebcam|DelCaptureSession: startCapture()...
12-01 12:02:53.097 16811 19267 V DelCaptureSequence: construct(0x07a785e3)
12-01 12:02:53.098 16811 19267 D UsbResiliantWebcam|DelCaptureSequence: onCameraChange(null->CameraImpl(UvcDeviceHandle(pointer=0x8c6b7120|UvcDevice(/dev/bus/usb/001/005))))...
12-01 12:02:53.098 16811 19267 D UsbResiliantWebcam|DelCaptureSequence: pauseStreaming(Stopped)...
12-01 12:02:53.098 16811 19267 D UsbResiliantWebcam|DelCaptureSequence: ...pauseStreaming(Stopped)
12-01 12:02:53.098 16811 19267 D UsbResiliantWebcam|DelCaptureSequence: resumeStreaming(Stopped)...
12-01 12:02:53.098 16811 19267 D UsbResiliantWebcam|DelCaptureSequence: ...resumeStreaming(Stopped)
12-01 12:02:53.098 16811 19267 D UsbResiliantWebcam|DelCaptureSequence: ...onCameraChange(null->CameraImpl(UvcDeviceHandle(pointer=0x8c6b7120|UvcDevice(/dev/bus/usb/001/005))))
12-01 12:02:53.098 16811 19267 D UsbResiliantWebcam|DelCaptureSequence: startStreaming(Stopped)...
12-01 12:02:53.098 16811 19267 D UsbResiliantWebcam|DelCaptureSequence: doStreaming()...
12-01 12:02:53.099 16811 19267 V UvcApiCaptureSession: construct(0x0db15be0)
12-01 12:02:53.099 16811 19265 D UsbResiliantWebcam|DelCaptureSession: camera session is configured: Webcam(688D709F)
12-01 12:02:53.099 16811 19267 V UvcApiCameraCaptureSequence: construct(0x0dc28e99)
12-01 12:02:53.100 16811 19267 D UvcDeviceHandle: getStreamControl(800x448 30)...
12-01 12:02:53.100 16811 19267 V UvcStreamCtrl: construct(0x069f855e)
12-01 12:02:53.100 16811 19267 D Uvc     : [jni_devicehandle.cpp:115] Java_org_firstinspires_ftc_robotcore_internal_camera_libuvc_nativeobject_UvcDeviceHandle_nativeGetStreamControlFormatSize()...
12-01 12:02:53.100 16811 19267 V Uvc     : API: Java_org_firstinspires_ftc_robotcore_internal_camera_libuvc_nativeobject_UvcDeviceHandle_nativeGetStreamControlFormatSize: enter...
12-01 12:02:53.100 16811 19267 D Uvc     : [stream.cpp:373] uvc_get_stream_ctrl_format_size()...
12-01 12:02:53.100 16811 19267 D Uvc     : [libuvc/libuvc_internal.h:770] uvc_device_handle::claimInterface(idx=1)...
12-01 12:02:53.100 16811 19267 D UvcDevice: claimInterface(1)
12-01 12:02:53.100 16811 19267 D UvcDevice: claimInterface(1) succeeded
12-01 12:02:53.100 16811 19267 D Uvc     : [libuvc/libuvc_internal.h:783] claimInterface(1) succeeded
12-01 12:02:53.100 16811 19267 D Uvc     : [libuvc/libuvc_internal.h:770] ...uvc_device_handle::claimInterface() rc=0
12-01 12:02:53.101 16811 19267 D UvcStream: [stream.cpp:412] 800x448 30fps
12-01 12:02:53.101 16811 19267 D Uvc     : [stream.cpp:162] uvc_query_stream_ctrl()...
12-01 12:02:53.101 16811 19267 D Uvc     : [stream.cpp:162] ...uvc_query_stream_ctrl() rc=0
12-01 12:02:53.101 16811 19267 D Uvc     : [libuvc/libuvc_internal.h:793] uvc_device_handle::releaseInterface()...
12-01 12:02:53.101 16811 19267 D UvcDevice: releaseInterface(1)
12-01 12:02:53.102 16811 19267 D UvcDevice: releaseInterface(1) succeeded
12-01 12:02:53.102 16811 19267 D Uvc     : [libuvc/libuvc_internal.h:793] ...uvc_device_handle::releaseInterface() rc=0
12-01 12:02:53.102 16811 19267 D Uvc     : [stream.cpp:523] uvc_probe_stream_ctrl()...
12-01 12:02:53.102 16811 19267 D Uvc     : [libuvc/libuvc_internal.h:770] uvc_device_handle::claimInterface(idx=1)...
12-01 12:02:53.102 16811 19267 D UvcDevice: claimInterface(1)
12-01 12:02:53.102 16811 19267 D UvcDevice: claimInterface(1) succeeded
12-01 12:02:53.102 16811 19267 D Uvc     : [libuvc/libuvc_internal.h:783] claimInterface(1) succeeded
12-01 12:02:53.102 16811 19267 D Uvc     : [libuvc/libuvc_internal.h:770] ...uvc_device_handle::claimInterface() rc=0
12-01 12:02:53.102 16811 19267 D Uvc     : [stream.cpp:162] uvc_query_stream_ctrl()...
12-01 12:02:53.102 16811 19267 D Uvc     : [stream.cpp:162] ...uvc_query_stream_ctrl() rc=0
12-01 12:02:53.102 16811 19267 D Uvc     : [stream.cpp:162] uvc_query_stream_ctrl()...
12-01 12:02:53.103 16811 19267 D Uvc     : [stream.cpp:162] ...uvc_query_stream_ctrl() rc=0
12-01 12:02:53.103 16811 19267 D Uvc     : [stream.cpp:523] ...uvc_probe_stream_ctrl() rc=0
12-01 12:02:53.103 16811 19267 D Uvc     : [stream.cpp:373] ...uvc_get_stream_ctrl_format_size() rc=0
12-01 12:02:53.103 16811 19267 V Uvc     : API: Java_org_firstinspires_ftc_robotcore_internal_camera_libuvc_nativeobject_UvcDeviceHandle_nativeGetStreamControlFormatSize: ...exit
12-01 12:02:53.103 16811 19267 D Uvc     : [jni_devicehandle.cpp:115] ...Java_org_firstinspires_ftc_robotcore_internal_camera_libuvc_nativeobject_UvcDeviceHandle_nativeGetStreamControlFormatSize()
12-01 12:02:53.103 16811 19267 D UvcDeviceHandle: ...getStreamControl(800x448 30)
12-01 12:02:53.103 16811 19267 D Uvc     : [jni_streamcontrol.cpp:101] Java_org_firstinspires_ftc_robotcore_internal_camera_libuvc_nativeobject_UvcStreamCtrl_nativeOpen()...
12-01 12:02:53.103 16811 19267 V Uvc     : API: Java_org_firstinspires_ftc_robotcore_internal_camera_libuvc_nativeobject_UvcStreamCtrl_nativeOpen: enter...
12-01 12:02:53.103 16811 19267 D Uvc     : [devicehandle.cpp:46] uvc_device_handle::openStreamControl()...
12-01 12:02:53.103 16811 19267 D Uvc     : [streamhandle.cpp:58] uvc_stream_handle::claimInterface()...
12-01 12:02:53.103 16811 19267 D Uvc     : [libuvc/libuvc_internal.h:770] uvc_device_handle::claimInterface(idx=1)...
12-01 12:02:53.103 16811 19267 D UvcDevice: claimInterface(1)
12-01 12:02:53.104 16811 19267 D UvcDevice: claimInterface(1) succeeded
12-01 12:02:53.104 16811 19267 D Uvc     : [libuvc/libuvc_internal.h:783] claimInterface(1) succeeded
12-01 12:02:53.104 16811 19267 D Uvc     : [libuvc/libuvc_internal.h:770] ...uvc_device_handle::claimInterface() rc=0
12-01 12:02:53.104 16811 19267 D Uvc     : [streamhandle.cpp:58] ...uvc_stream_handle::claimInterface() rc=0
12-01 12:02:53.104 16811 19267 D Uvc     : [stream.cpp:162] uvc_query_stream_ctrl()...
12-01 12:02:53.104 16811 19267 D Uvc     : [stream.cpp:162] ...uvc_query_stream_ctrl() rc=0
12-01 12:02:53.104 16811 19267 D Uvc     : [devicehandle.cpp:46] ...uvc_device_handle::openStreamControl() rc=0
12-01 12:02:53.104 16811 19267 V Uvc     : API: Java_org_firstinspires_ftc_robotcore_internal_camera_libuvc_nativeobject_UvcStreamCtrl_nativeOpen: ...exit
12-01 12:02:53.104 16811 19267 D Uvc     : [jni_streamcontrol.cpp:101] ...Java_org_firstinspires_ftc_robotcore_internal_camera_libuvc_nativeobject_UvcStreamCtrl_nativeOpen()
12-01 12:02:53.104 16811 19267 V UvcStreamHandle: construct(pointer=0x8c713ca0)
12-01 12:02:53.105 16811 19267 D Uvc     : [jni_streamhandle.cpp:184] Java_org_firstinspires_ftc_robotcore_internal_camera_libuvc_nativeobject_UvcStreamHandle_nativeStopStreaming()...
12-01 12:02:53.105 16811 19267 V Uvc     : API: Java_org_firstinspires_ftc_robotcore_internal_camera_libuvc_nativeobject_UvcStreamHandle_nativeStopStreaming: enter...
12-01 12:02:53.105 16811 19267 D Uvc     : [stream.cpp:1514] uvc_stream_stop()...
12-01 12:02:53.105 16811 19267 D Uvc     : [stream.cpp:1514] ...uvc_stream_stop() rc=0
12-01 12:02:53.105 16811 19267 V Uvc     : API: Java_org_firstinspires_ftc_robotcore_internal_camera_libuvc_nativeobject_UvcStreamHandle_nativeStopStreaming: ...exit
12-01 12:02:53.105 16811 19267 D Uvc     : [jni_streamhandle.cpp:184] ...Java_org_firstinspires_ftc_robotcore_internal_camera_libuvc_nativeobject_UvcStreamHandle_nativeStopStreaming()
12-01 12:02:53.105 16811 19267 V UvcFrameCallback: construct(0x01429d3f)
12-01 12:02:53.105 16811 19267 V UvcFrameCallbackData: construct(pointer=0x7e23cd48)
12-01 12:02:53.105 16811 19267 V Uvc     : API: Java_org_firstinspires_ftc_robotcore_internal_camera_libuvc_nativeobject_UvcStreamHandle_nativeStartStreaming: enter...
12-01 12:02:53.105 16811 19267 D Uvc     : [stream.cpp:970] uvc_stream_start_bandwidth()...
12-01 12:02:53.105 16811 19267 D Uvc     : [stream.cpp:1173] uvc_stream_handle::startIsochronousStreaming()...
12-01 12:02:53.105 16811 19267 D Uvc     : [libuvc/libuvc_internal.h:825] uvc_device_handle::setInterfaceAltSetting(setInterfaceAltSetting(intf=1 alt=11))...
12-01 12:02:53.105 16811 19267 D UvcDevice: setInterfaceAltSetting(1,11)
12-01 12:02:53.478 16811 19267 D UvcDevice: setInterfaceAltSetting(1,11) succeeded
12-01 12:02:53.478 16811 19267 D Uvc     : [libuvc/libuvc_internal.h:825] ...uvc_device_handle::setInterfaceAltSetting() rc=0
12-01 12:02:53.478 16811 19267 D Uvc     : [stream.cpp:1173] ...uvc_stream_handle::startIsochronousStreaming() rc=0
12-01 12:02:53.478 16811 19267 D Uvc     : [stream.cpp:1201] uvc_stream_handle::startUserCallbackThread()...
12-01 12:02:53.479 16811 19329 D UvcStream: [stream.cpp:1265] User Callback thread started
12-01 12:02:53.479 16811 19267 D Uvc     : [stream.cpp:1201] ...uvc_stream_handle::startUserCallbackThread() rc=0
12-01 12:02:53.479 16811 19267 D Uvc     : [stream.cpp:1221] uvc_stream_handle::submitTransfers()...
12-01 12:02:53.481 16811 19267 D Uvc     : [stream.cpp:1221] ...uvc_stream_handle::submitTransfers() rc=0
12-01 12:02:53.482 16811 19267 D Uvc     : [stream.cpp:970] ...uvc_stream_start_bandwidth() rc=0
12-01 12:02:53.482 16811 19267 D UvcStreamHandle: [jni_streamhandle.cpp:150] successfully started streaming
12-01 12:02:53.482 16811 19267 V Uvc     : API: Java_org_firstinspires_ftc_robotcore_internal_camera_libuvc_nativeobject_UvcStreamHandle_nativeStartStreaming: ...exit
12-01 12:02:53.482 16811 19267 V UvcStreamCtrl: destroy(pointer=0x8c744a00)
12-01 12:02:53.482 16811 19267 D UsbResiliantWebcam|DelCaptureSequence: ...doStreaming()
12-01 12:02:53.482 16811 19267 D UsbResiliantWebcam|DelCaptureSequence: ...startStreaming(Stopped)
12-01 12:02:53.482 16811 19267 D UsbResiliantWebcam|DelCaptureSession: ...startCapture()
12-01 12:02:53.482 16811 19267 I System.out: OpenCvWebcam: onConfigured
12-01 12:02:53.483 16811 19327 I System.out: OpenCvWebcam: streaming started
12-01 12:02:53.483 16811 19051 D UvcStream: [stream.cpp:729] this is the UVC processTransfer() stream processing thread
--------- beginning of main
12-01 21:26:49.989 20054 20054 D Uvc     : [jni.cpp:72] JNI_OnLoad()...
12-01 21:26:49.989 20054 20054 D Uvc     : [JniEnv.h:32] ScopedJniEnv::onJniLoad()...
12-01 21:26:49.989 20054 20054 D Uvc     : [JniEnv.h:32] ...ScopedJniEnv::onJniLoad()
12-01 21:26:49.989 20054 20054 D Uvc     : [jni.cpp:72] ...JNI_OnLoad()
12-01 21:26:49.991 20054 20054 V AppUtil : initializing: getExternalStorageDirectory()=/storage/emulated/0
12-01 21:26:49.993 20054 20068 V RobotCore: saving logcat to /storage/emulated/0/robotControllerLog.txt
12-01 21:26:49.993 20054 20068 V RobotCore: logging command line: exec logcat -f /storage/emulated/0/robotControllerLog.txt -r4096 -n4 -v threadtime UsbRequestJNI:S UsbRequest:S art:W ThreadPool:W System:W ExtendedExtractor:W OMXClient:W MediaPlayer:W dalvikvm:W  *:V
12-01 21:26:49.997 20054 20054 V AppUtil : rootActivity=PermissionValidatorWrapper
12-01 21:26:49.997 20054 20054 I PermissionValidatorActivity: Lifecycle onCreate : 420ea35
12-01 21:26:50.031 20054 20068 I RobotCore: Done running ps
12-01 21:26:50.038 20073 20073 W sh      : type=1400 audit(0.0:204): avc: denied { read } for uid=10139 name="/" dev="rootfs" ino=2 scontext=u:r:untrusted_app:s0:c512,c768 tcontext=u:object_r:rootfs:s0 tclass=dir permissive=0
12-01 21:26:50.277 20054 20054 I PermissionValidatorActivity: Lifecycle onStart : 420ea35
12-01 21:26:50.278 20054 20054 I PermissionValidator: Checking permission for android.permission.WRITE_EXTERNAL_STORAGE
12-01 21:26:50.280 20054 20054 I PermissionValidator:     Granted: android.permission.WRITE_EXTERNAL_STORAGE
12-01 21:26:50.280 20054 20054 I PermissionValidator: Checking permission for android.permission.READ_EXTERNAL_STORAGE
12-01 21:26:50.280 20054 20054 I PermissionValidator:     Granted: android.permission.READ_EXTERNAL_STORAGE
12-01 21:26:50.280 20054 20054 I PermissionValidator: Checking permission for android.permission.CAMERA
12-01 21:26:50.280 20054 20054 I PermissionValidator:     Granted: android.permission.CAMERA
12-01 21:26:50.280 20054 20054 I PermissionValidator: Checking permission for android.permission.ACCESS_COARSE_LOCATION
12-01 21:26:50.280 20054 20054 I PermissionValidator:     Granted: android.permission.ACCESS_COARSE_LOCATION
12-01 21:26:50.280 20054 20054 I PermissionValidator: Checking permission for android.permission.ACCESS_FINE_LOCATION
12-01 21:26:50.280 20054 20054 I PermissionValidator:     Granted: android.permission.ACCESS_FINE_LOCATION
12-01 21:26:50.280 20054 20054 I PermissionValidator: Checking permission for android.permission.READ_PHONE_STATE
12-01 21:26:50.281 20054 20054 I PermissionValidator:     Granted: android.permission.READ_PHONE_STATE
12-01 21:26:50.282 20054 20054 V ServiceStarter: attempting to start service MediaTransferProtocolMonitorService
12-01 21:26:50.283 20054 20054 V ServiceStarter: started service MediaTransferProtocolMonitorService
12-01 21:26:50.283 20054 20054 V ServiceStarter: attempting to start service OnBotJavaService
12-01 21:26:50.284 20054 20054 V ServiceStarter: started service OnBotJavaService
12-01 21:26:50.284 20054 20054 I PermissionValidatorActivity: All permissions validated.  Starting RobotController
12-01 21:26:50.294 20054 20054 V MTPMonitorService: onCreate()
12-01 21:26:50.294 20054 20054 V MTPMonitorService: onStartCommand() intent=Intent { cmp=com.qualcomm.ftcrobotcontroller/org.firstinspires.ftc.robotcore.internal.files.MediaTransferProtocolMonitorService } flags=0x0 startId=1
12-01 21:26:50.295 20054 20054 V MTPMonitor: observing: /storage/emulated/0
12-01 21:26:50.319 20054 20054 V OnBotJavaService: onCreate()
12-01 21:26:50.319 20054 20054 V OnBotJavaService: onStartCommand() intent=Intent { cmp=com.qualcomm.ftcrobotcontroller/org.firstinspires.ftc.onbotjava.OnBotJavaService } flags=0x0 startId=1
12-01 21:26:50.320 20054 20054 V OnBotJava: OnBotJavaManager::static
12-01 21:26:50.477 20054 20054 V OnBotJava: ctor()...
12-01 21:26:50.477 20054 20054 V OnBotJava: ...ctor()
12-01 21:26:50.485 20054 20054 V RCActivity: Permissions validated already
12-01 21:26:50.485 20054 20054 V RCActivity: onCreate()
12-01 21:26:50.486 20054 20054 V RCActivity: rootActivity is of class PermissionValidatorWrapper
12-01 21:26:50.487 20054 20054 V RCActivity: launchActivity is of class class org.firstinspires.ftc.robotcontroller.internal.PermissionValidatorWrapper
12-01 21:26:50.489 20054 20080 V CallbackLooper: thread=979
12-01 21:26:50.490 20054 20054 V NetDiscover_wifiDirectAgent: doStart()...
12-01 21:26:50.492 20054 20080 V NetDiscover_wifiDirectAgent_bcast: wifiP2pEnabled=true
12-01 21:26:50.493 20054 20054 V NetDiscover_wifiDirectAgent: ...doStart()
12-01 21:26:50.493 20054 20054 V NetDiscover_name: doStart()...
12-01 21:26:50.494 20054 20080 D NetDiscover_wifiDirectAgent_bcast: connection changed: networkInfo.state=CONNECTED
12-01 21:26:50.494 20054 20054 V NetDiscover_name: ...doStart()
12-01 21:26:50.494 20054 20080 V NetDiscover_wifiDirectAgent_bcast: NetworkInfo: [type: WIFI_P2P[], state: CONNECTED/CONNECTED, reason: (unspecified), extra: (none), failover: false, available: true, roaming: false, metered: false]
12-01 21:26:50.494 20054 20054 V NetDiscover_prefremrc: ----- all preferences -----
12-01 21:26:50.494 20054 20080 V NetDiscover_wifiDirectAgent_bcast: WifiP2pInfo: groupFormed: true isGroupOwner: true groupOwnerAddress: /192.168.49.1 mccMode: true
12-01 21:26:50.494 20054 20054 V NetDiscover_prefremrc: name='android.permission.READ_PHONE_STATE' value=false
12-01 21:26:50.494 20054 20054 V NetDiscover_prefremrc: name='pref_warn_about_obsolete_software' value=true
12-01 21:26:50.494 20054 20080 V NetDiscover_wifiDirectAgent_bcast: WifiP2pGroup: network: DIRECT-TB-2845-C-RC, isGO: true, GO: Device: , deviceAddress: 82:58:f8:1b:2a:e8, primary type: null, secondary type: null, wps: 0, grpcapab: 0, devcapab: 0, status: 4, wfdInfo: WFD enabled: falseWFD DeviceInfo: 0, WFD CtrlPort: 0, WFD MaxThroughput: 0, level: 0, Client: Device: , deviceAddress: 48:d2:24:6c:22:99, primary type: null, secondary type: null, wps: 0, grpcapab: 0, devcapab: 0, status: 4, wfdInfo: null, level: 0, interface: p2p0, networkId: 0
12-01 21:26:50.494 20054 20054 V NetDiscover_prefremrc: name='pref_has_independent_phone_battery' value=true
12-01 21:26:50.494 20054 20054 V NetDiscover_prefremrc: name='android.permission.CAMERA' value=false
12-01 21:26:50.494 20054 20054 V NetDiscover_prefremrc: name='pref_wifip2p_remote_channel_change_works' value=true
12-01 21:26:50.494 20054 20054 V NetDiscover_prefremrc: name='pref_hardware_config_filename' value={"isDirty":false,"location":"LOCAL_STORAGE","name":"ebay","resourceId":0}
12-01 21:26:50.494 20054 20054 V NetDiscover_prefremrc: name='pref_device_name_old' value=2845-C-RC
12-01 21:26:50.494 20054 20054 V NetDiscover_prefremrc: name='pref_sound_on_off' value=false
12-01 21:26:50.494 20054 20054 V NetDiscover_prefremrc: name='pref_warn_about_mismatched_app_versions' value=true
12-01 21:26:50.494 20054 20080 V NetDiscover_wifiDirectAgent_bcast: this device changed: Device=2845-C-RC deviceAddress=82:58:f8:1b:2a:e8 primary type=10-0050F204-5 secondary type=null wps=0 grpcapab=0 devcapab=0 status=0 wfdInfo=WFD enabled=falseWFD DeviceInfo=0 WFD CtrlPort=0 WFD MaxThroughput=0 level=0
12-01 21:26:50.494 20054 20054 V NetDiscover_prefremrc: name='pref_ftc_season_year_of_current_rc_new' value=2022
12-01 21:26:50.494 20054 20054 V NetDiscover_prefremrc: name='pref_wifip2p_groupowner_connectedto' value=
12-01 21:26:50.494 20054 20080 V NetDiscover_name: remembering wifiDirectName: 2845-C-RC...
12-01 21:26:50.494 20054 20054 V NetDiscover_prefremrc: name='pref_warn_about_incorrect_clocks' value=true
12-01 21:26:50.494 20054 20080 V NetDiscover_name: wifiDirectName=2845-C-RC
12-01 21:26:50.494 20054 20054 V NetDiscover_prefremrc: name='pref_has_speaker' value=true
12-01 21:26:50.494 20054 20054 V NetDiscover_prefremrc: name='android.permission.ACCESS_COARSE_LOCATION' value=false
12-01 21:26:50.494 20054 20054 V NetDiscover_prefremrc: name='android.permission.WRITE_EXTERNAL_STORAGE' value=false
12-01 21:26:50.494 20054 20054 V NetDiscover_prefremrc: name='pref_pairing_kind' value=WIFIDIRECT
12-01 21:26:50.494 20054 20054 V NetDiscover_prefremrc: name='pref_app_theme' value=blue
12-01 21:26:50.494 20054 20054 V NetDiscover_prefremrc: name='android.permission.ACCESS_FINE_LOCATION' value=false
12-01 21:26:50.494 20054 20080 V NetDiscover_name: ...remembering wifiDirectName
12-01 21:26:50.494 20054 20054 V NetDiscover_prefremrc: name='pref_device_name' value=2845-C-RC
12-01 21:26:50.494 20054 20054 V NetDiscover_prefremrc: name='pref_warn_about_2_4_ghz_band' value=true
12-01 21:26:50.494 20054 20080 V NetDiscover_wifiDirectAgent_bcast: Wi-Fi Direct remembered groups cleared
12-01 21:26:50.494 20054 20054 V NetDiscover_prefremrc: name='pref_device_name_tracking' value=WIFIDIRECT
12-01 21:26:50.494 20054 20054 V NetDiscover_prefremrc: name='android.permission.READ_EXTERNAL_STORAGE' value=false
12-01 21:26:50.494 20054 20054 V NetDiscover_prefremrc: name='pref_wifip2p_channel' value=0
12-01 21:26:50.494 20054 20054 V NetDiscover_prefremrc: name='pref_rc_connected' value=true
12-01 21:26:50.496 20054 20080 V Robocol : SendOnceRunnable created
12-01 21:26:50.496 20054 20080 V NetDiscover_wifiDirectAgent_bcast: wifiState=ENABLED
12-01 21:26:50.496 20054 20080 V NetDiscover_wifiDirectAgent: found persistent group: DIRECT-TB-2845-C-RC
12-01 21:26:50.497 20054 20054 V NetDiscover_prefremrc: doStart()...
12-01 21:26:50.497 20054 20054 V NetDiscover_prefremrc: ...doStart()
12-01 21:26:50.513 20054 20054 W System  : ClassLoader referenced unknown path: /system/app/Chrome/lib/arm
12-01 21:26:50.517 20054 20054 I WebViewFactory: Loading com.android.chrome version 55.0.2883.91 (code 288309102)
12-01 21:26:50.553 20054 20054 I cr_LibraryLoader: Time to load native libraries: 4 ms (timestamps 2085-2089)
12-01 21:26:50.553 20054 20054 I cr_LibraryLoader: Expected native library version number "55.0.2883.91", actual native library version number "55.0.2883.91"
12-01 21:26:50.562 20054 20054 I cr_LibraryLoader: Expected native library version number "55.0.2883.91", actual native library version number "55.0.2883.91"
12-01 21:26:50.563 20054 20054 I chromium: [INFO:library_loader_hooks.cc(163)] Chromium logging enabled: level = 0, default verbosity = 0
12-01 21:26:50.570 20054 20054 I cr_BrowserStartup: Initializing chromium process, singleProcess=true
12-01 21:26:50.584 20054 20054 I Adreno  : QUALCOMM build                   : 15c6858, Id9e7eae3da
12-01 21:26:50.584 20054 20054 I Adreno  : Build Date                       : 12/22/16
12-01 21:26:50.584 20054 20054 I Adreno  : OpenGL ES Shader Compiler Version: XE031.09.00.03
12-01 21:26:50.584 20054 20054 I Adreno  : Local Branch                     : 
12-01 21:26:50.584 20054 20054 I Adreno  : Remote Branch                    : refs/tags/AU_LINUX_ANDROID_LA.UM.5.5.R1.07.00.00.269.019
12-01 21:26:50.584 20054 20054 I Adreno  : Remote Branch                    : NONE
12-01 21:26:50.584 20054 20054 I Adreno  : Reconstruct Branch               : NOTHING
12-01 21:26:52.444 20054 20054 V UpdateUI: Network: inactive, disconnected
12-01 21:26:52.445 20054 20054 V ServiceStarter: attempting to start service FtcRobotControllerWatchdogService
12-01 21:26:52.446 20054 20054 V ServiceStarter: started service FtcRobotControllerWatchdogService
12-01 21:26:52.458 20054 20054 I RobotCore: App info: version=8.1.0 appId=com.qualcomm.ftcrobotcontroller
12-01 21:26:52.458 20054 20054 I RobotCore: Android Device: maker=motorola model=Moto G (5) Plus sdk=24 serial=ZY2242V8LQ
12-01 21:26:52.458 20054 20054 V RCActivity: pref_wifip2p_channel: Found existing preferred channel (0).
12-01 21:26:52.458 20054 20054 V RCActivity: pref_wifip2p_channel: attempting to set preferred channel...
12-01 21:26:52.458 20054 20054 V WifiDirectChannelChanger: changeToChannel() channel=0
12-01 21:26:52.458 20054 20054 V WifiDirectChannelChanger: startChannelChange() channel=0
12-01 21:26:52.459 20054 20054 V RCActivity: onStart()
12-01 21:26:52.460 20054 20080 V WifiDirectChannelChanger: callSetWifiP2pChannels() success
12-01 21:26:52.461 20054 20080 V WifiDirectChannelChanger: Channel 0 saved as preference "pref_wifip2p_channel".
12-01 21:26:52.461 20054 20080 V WifiDirectChannelChanger: finishChannelChange() channel=0 success=true
12-01 21:26:52.461 20054 20054 V RCActivity: onResume()
12-01 21:26:52.469 20054 20054 W art     : Before Android 4.1, method double java.util.concurrent.ThreadLocalRandom.internalNextDouble(double, double) would have incorrectly overridden the package-private method in java.util.Random
12-01 21:26:52.469 20054 20054 W art     : Before Android 4.1, method int java.util.concurrent.ThreadLocalRandom.internalNextInt(int, int) would have incorrectly overridden the package-private method in java.util.Random
12-01 21:26:52.469 20054 20054 W art     : Before Android 4.1, method long java.util.concurrent.ThreadLocalRandom.internalNextLong(long, long) would have incorrectly overridden the package-private method in java.util.Random
12-01 21:26:52.483 20054 20054 V FtcRobotControllerWatchdogService: onCreate()
12-01 21:26:52.484 20054 20054 V FtcRobotControllerWatchdogService: onStartCommand() intent=Intent { cmp=com.qualcomm.ftcrobotcontroller/org.firstinspires.ftc.ftccommon.internal.FtcRobotControllerWatchdogService } flags=0x0 startId=1
12-01 21:26:52.484 20054 20054 V FtcRobotControllerWatchdogService: shouldAutoLauchRobotController() result=false
12-01 21:26:52.484 20054 20054 V FTCService: onCreate()
12-01 21:26:52.485 20054 20054 V FTCService: onBind()
12-01 21:26:52.491 20054 20054 V CoreRobotWebServer: creating NanoHTTPD(8080)
12-01 21:26:52.492 20054 20054 V WebSocketManager: Registered broadcast-only namespace progress
12-01 21:26:52.495 20054 20054 V WebSocketManager: Registered broadcast-only namespace ControlHubUpdater
12-01 21:26:52.495 20054 20054 V RobotCore: Getting network assistant of type: WIFIDIRECT
12-01 21:26:52.496 20054 20054 V NetDiscover_prefremrc: onSharedPreferenceChanged(name=pref_wifip2p_groupowner_connectedto, value=null)
12-01 21:26:52.496 20054 20054 V WifiDirect: There are 1 Wi-Fi Direct Assistant Clients (+)
12-01 21:26:52.497 20054 20054 V WifiDirect: Enabling Wi-Fi Direct Assistant
12-01 21:26:52.498 20054 20080 V NetDiscover_wifiDirectAgent_bcast: wifiP2pEnabled=true
12-01 21:26:52.499 20054 20080 D NetDiscover_wifiDirectAgent_bcast: connection changed: networkInfo.state=CONNECTED
12-01 21:26:52.499 20054 20080 V NetDiscover_wifiDirectAgent_bcast: NetworkInfo: [type: WIFI_P2P[], state: CONNECTED/CONNECTED, reason: (unspecified), extra: (none), failover: false, available: true, roaming: false, metered: false]
12-01 21:26:52.499 20054 20080 V NetDiscover_wifiDirectAgent_bcast: WifiP2pInfo: groupFormed: true isGroupOwner: true groupOwnerAddress: /192.168.49.1 mccMode: true
12-01 21:26:52.499 20054 20080 V NetDiscover_wifiDirectAgent_bcast: WifiP2pGroup: network: DIRECT-TB-2845-C-RC, isGO: true, GO: Device: , deviceAddress: 82:58:f8:1b:2a:e8, primary type: null, secondary type: null, wps: 0, grpcapab: 0, devcapab: 0, status: 4, wfdInfo: WFD enabled: falseWFD DeviceInfo: 0, WFD CtrlPort: 0, WFD MaxThroughput: 0, level: 0, Client: Device: , deviceAddress: 48:d2:24:6c:22:99, primary type: null, secondary type: null, wps: 0, grpcapab: 0, devcapab: 0, status: 4, wfdInfo: null, level: 0, interface: p2p0, networkId: 0
12-01 21:26:52.499 20054 20080 V NetDiscover_wifiDirectAgent_bcast: this device changed: Device=2845-C-RC deviceAddress=82:58:f8:1b:2a:e8 primary type=10-0050F204-5 secondary type=null wps=0 grpcapab=0 devcapab=0 status=0 wfdInfo=WFD enabled=falseWFD DeviceInfo=0 WFD CtrlPort=0 WFD MaxThroughput=0 level=0
12-01 21:26:52.499 20054 20080 V NetDiscover_name: remembering wifiDirectName: 2845-C-RC...
12-01 21:26:52.499 20054 20080 V NetDiscover_name: ...remembering wifiDirectName
12-01 21:26:52.499 20054 20080 V NetDiscover_wifiDirectAgent_bcast: Wi-Fi Direct remembered groups cleared
12-01 21:26:52.499 20054 20080 V NetDiscover_wifiDirectAgent_bcast: wifiState=ENABLED
12-01 21:26:52.521 20054 20098 I OpenGLRenderer: Initialized EGL, version 1.4
12-01 21:26:52.521 20054 20098 D OpenGLRenderer: Swap behavior 1
12-01 21:26:52.523 20054 20054 D WifiDirect: broadcast: state - enabled: true
12-01 21:26:52.524 20054 20054 D WifiDirect: broadcast: connection changed: connectStatus=NOT_CONNECTED networkInfo.state=CONNECTED
12-01 21:26:52.524 20054 20054 V WifiDirect: writing pref name=pref_wifip2p_groupowner_connectedto value=
12-01 21:26:52.524 20054 20054 V NetDiscover_prefremrc: onSharedPreferenceChanged(name=pref_wifip2p_groupowner_connectedto, value=)
12-01 21:26:52.524 20054 20054 D WifiDirect: broadcast: this device changed
12-01 21:26:52.524 20054 20054 V WifiDirect: device information: 2845-C-RC 82:58:f8:1b:2a:e8
12-01 21:26:52.524 20054 20054 D WifiDirect: cannot create group, does group already exist?
12-01 21:26:52.525 20054 20054 V FTCService: RCActivity.controllerService=bound
12-01 21:26:52.525 20054 20054 V UpdateUI: Network: unknown, disconnected
12-01 21:26:52.525 20054 20054 V RobotCore: Robot Status: stopped
12-01 21:26:52.529 20054 20100 V RobotCore: thread: 'RobotSetupRunnable.run()' starting...
12-01 21:26:52.529 20054 20100 V FTCService: Processing robot setup
12-01 21:26:52.529 20054 20100 V RobotCore: Robot Status: stopped, scanning for USB devices
12-01 21:26:52.533 20054 20054 V WebSocketManager: Registered handler for namespace ONBOTJAVA
12-01 21:26:52.575 20054 20054 D WifiDirect: group owners address: /192.168.49.1
12-01 21:26:52.575 20054 20054 D WifiDirect: group formed, this device is the group owner (GO)
12-01 21:26:52.575 20054 20054 I FTCService: onNetworkConnectionEvent: CONNECTED_AS_GROUP_OWNER
12-01 21:26:52.576 20054 20054 I FTCService: Wi-Fi Direct - connected as group owner
12-01 21:26:52.579 20054 20054 V UpdateUI: Network: enabled, disconnected
12-01 21:26:52.633 20054 20054 V WifiDirect: connection information available
12-01 21:26:52.633 20054 20054 V WifiDirect: connection information - groupOwnerName = 2845-C-RC
12-01 21:26:52.633 20054 20054 V WifiDirect: connection information - groupOwnerMacAddress = 82:58:f8:1b:2a:e8
12-01 21:26:52.633 20054 20054 V WifiDirect: connection information - groupInterface = p2p0
12-01 21:26:52.633 20054 20054 V WifiDirect: connection information - groupNetworkName = DIRECT-TB-2845-C-RC
12-01 21:26:52.633 20054 20054 I FTCService: onNetworkConnectionEvent: CONNECTION_INFO_AVAILABLE
12-01 21:26:52.633 20054 20054 I FTCService: Network Connection Passphrase: XkuO3NmJ
12-01 21:26:52.633 20054 20054 V CoreRobotWebServer: starting port=8080
12-01 21:26:52.644 20054 20054 V RobotCore: Getting network assistant of type: WIFIDIRECT
12-01 21:26:52.644 20054 20054 V WifiDirect: There are 2 Wi-Fi Direct Assistant Clients (+)
12-01 21:26:52.645 20054 20054 V CoreRobotWebServer: started port=8080
12-01 21:26:52.645 20054 20080 V NetDiscover_wifiDirectAgent_bcast: wifiP2pEnabled=true
12-01 21:26:52.645 20054 20054 V UpdateUI: Network: active, disconnected
12-01 21:26:52.645 20054 20080 D NetDiscover_wifiDirectAgent_bcast: connection changed: networkInfo.state=CONNECTED
12-01 21:26:52.645 20054 20080 V NetDiscover_wifiDirectAgent_bcast: NetworkInfo: [type: WIFI_P2P[], state: CONNECTED/CONNECTED, reason: (unspecified), extra: (none), failover: false, available: true, roaming: false, metered: false]
12-01 21:26:52.645 20054 20080 V NetDiscover_wifiDirectAgent_bcast: WifiP2pInfo: groupFormed: true isGroupOwner: true groupOwnerAddress: /192.168.49.1 mccMode: true
12-01 21:26:52.645 20054 20080 V NetDiscover_wifiDirectAgent_bcast: WifiP2pGroup: network: DIRECT-TB-2845-C-RC, isGO: true, GO: Device: , deviceAddress: 82:58:f8:1b:2a:e8, primary type: null, secondary type: null, wps: 0, grpcapab: 0, devcapab: 0, status: 4, wfdInfo: WFD enabled: falseWFD DeviceInfo: 0, WFD CtrlPort: 0, WFD MaxThroughput: 0, level: 0, Client: Device: , deviceAddress: 48:d2:24:6c:22:99, primary type: null, secondary type: null, wps: 0, grpcapab: 0, devcapab: 0, status: 4, wfdInfo: null, level: 0, interface: p2p0, networkId: 0
12-01 21:26:52.645 20054 20080 V NetDiscover_wifiDirectAgent_bcast: this device changed: Device=2845-C-RC deviceAddress=82:58:f8:1b:2a:e8 primary type=10-0050F204-5 secondary type=null wps=0 grpcapab=0 devcapab=0 status=0 wfdInfo=WFD enabled=falseWFD DeviceInfo=0 WFD CtrlPort=0 WFD MaxThroughput=0 level=0
12-01 21:26:52.645 20054 20080 V NetDiscover_name: remembering wifiDirectName: 2845-C-RC...
12-01 21:26:52.645 20054 20080 V NetDiscover_name: ...remembering wifiDirectName
12-01 21:26:52.645 20054 20080 V NetDiscover_wifiDirectAgent_bcast: Wi-Fi Direct remembered groups cleared
12-01 21:26:52.645 20054 20080 V NetDiscover_wifiDirectAgent_bcast: wifiState=ENABLED
12-01 21:26:52.647 20054 20054 V AppUtil : rootActivity=PermissionValidatorWrapper destroyed
12-01 21:26:52.647 20054 20054 V AppUtil : rootActivity=FtcRobotControllerActivity
12-01 21:26:52.647 20054 20054 I PermissionValidatorActivity: Lifecycle onDestroy : 420ea35
12-01 21:26:52.649 20054 20113 V TooTallWebSocketServer: Started WebSocket server on port 8081
12-01 21:26:55.231 20054 20054 V RCActivity: onPause()
12-01 21:26:55.232 20054 20054 V RCActivity: ACTION_USB_DEVICE_ATTACHED: /dev/bus/usb/001/003
12-01 21:26:55.233 20054 20054 V RCActivity: onResume()
12-01 21:26:55.286 20054 20115 V FtcWebSocket: Opening websocket (ip=192.168.49.128/192.168.49.128 port=8081)
12-01 21:26:55.294 20054 20115 V WebSocketManager: Subscribed websocket (ip=192.168.49.128/192.168.49.128 port=8081) to namespace (ONBOTJAVA)
12-01 21:26:56.637 20054 20054 V RCActivity: onPause()
12-01 21:26:56.638 20054 20054 V RCActivity: ACTION_USB_DEVICE_ATTACHED: /dev/bus/usb/001/004
12-01 21:26:56.640 20054 20054 V RCActivity: onResume()
12-01 21:26:57.531 20054 20100 V RobotCore: EventLoopManager state is NOT_STARTED
12-01 21:26:57.531 20054 20100 V RobotCore: Robot Status: stopped, waiting for Wi-Fi to enable
12-01 21:26:57.532 20054 20100 I RobotCore: state = 3
12-01 21:26:57.532 20054 20100 V RobotCore: Robot Status: stopped, waiting for Wi-Fi Direct to enable
12-01 21:26:57.533 20054 20100 V FTCService: Waiting for a connection to a Wi-Fi service
12-01 21:26:57.533 20054 20100 V RobotCore: Robot Status: stopped, waiting for network to become active
12-01 21:26:57.533 20054 20100 V CoreRobotWebServer: Asked an already running WebServer to start
12-01 21:26:57.533 20054 20100 V RobotCore: Robot Status: stopped, starting robot
12-01 21:26:57.534 20054 20100 V Robocol : EventLoopManager.start()
12-01 21:26:57.534 20054 20100 V RobotCore: Getting network assistant of type: WIFIDIRECT
12-01 21:26:57.534 20054 20100 V Robocol : Spoofing a Network Connection event...
12-01 21:26:57.534 20054 20100 I EventLoopManager: onNetworkConnectionEvent: CONNECTION_INFO_AVAILABLE
12-01 21:26:57.534 20054 20100 I Robocol : Received network connection event
12-01 21:26:57.534 20054 20100 I NetworkConnectionHandler: Handling new network connection infomation, connected: true setup needed: true
12-01 21:26:57.535 20054 20172 V RobotCore: thread: 'SetupRunnable.run()' starting...
12-01 21:26:57.535 20054 20100 V RobotCore: EventLoopManager state is STOPPED
12-01 21:26:57.535 20054 20100 V Robocol : eventLoop=FtcEventLoop
12-01 21:26:57.535 20054 20100 V RobotCore: EventLoopManager state is INIT
12-01 21:26:57.535 20054 20100 V RobotCore: Robot Status: initializing, starting robot
12-01 21:26:57.535 20054 20100 I FtcEventLoop: ======= INIT START =======
12-01 21:26:57.536 20054 20100 V OpmodeRegistration: registered {DefaultOpMode} as {$Stop$Robot$}
12-01 21:26:57.539 20054 20100 V OpmodeRegistration: registered {AprilTagAutonomousInitDetectionExample} as {AprilTagAutonomousInitDetectionExample}
12-01 21:26:57.539 20054 20100 V OpmodeRegistration: registered {RevisedAprilTag} as {RevisedAprilTag}
12-01 21:26:57.539 20054 20100 V OpmodeRegistration: registered {PowerPlayAuto1} as {PowerPlayAuto1}
12-01 21:26:57.539 20054 20100 V OpmodeRegistration: registered {EncoderTest} as {Encoder Test}
12-01 21:26:57.539 20054 20100 V OpmodeRegistration: registered {AutoDrive} as {AutoDrive}
12-01 21:26:57.540 20054 20100 V OpmodeRegistration: registered {ConceptTensorflow} as {Concept: TensorFlow Object Detection Webcam}
12-01 21:26:57.540 20054 20172 D Robocol : RobocolDatagramSocket listening addr=/192.168.49.1:20884 cbRec=65520 cbSend=81920 msRecTO=300
12-01 21:26:57.540 20054 20172 V Robocol : RecvLoopRunnable created
12-01 21:26:57.541 20054 20173 V Robocol : PacketProcessor started
12-01 21:26:57.541 20054 20174 V Robocol : CommandProcessor started
12-01 21:26:57.542 20054 20175 V RobotCore: thread: 'RecvLoopRunnable.run()' starting...
12-01 21:26:57.542 20054 20172 V PeerDiscovery: Starting peer discovery remote: /192.168.49.1 local: /192.168.49.1
12-01 21:26:57.542 20054 20172 V PeerDiscovery: No need for initiating peer discovery, we are the Robot Controller
12-01 21:26:57.542 20054 20172 V RobotCore: Setup complete
12-01 21:26:57.542 20054 20172 V RobotCore: thread: ...terminating 'SetupRunnable.run()'
12-01 21:26:57.554 20054 20054 D WifiDirect: cannot create group, does group already exist?
12-01 21:26:57.559 20054 20100 V HardwareFactory: createHardwareMap()
12-01 21:26:57.560 20054 20100 V EmbeddedControlHubModule: clearing embedded module
12-01 21:26:57.565 20054 20100 V RobotCore: Creating REV Robotics USB Expansion Hub Portal [DQ168BDK]
12-01 21:26:57.565 20054 20100 V LynxUsb : creating new [DQ168BDK]: 0x07ef0a27
12-01 21:26:57.570 20054 20100 V FtDevice: initialize(vid=0x0403 pid=0x6015 bcdDevice=0x1000)
12-01 21:26:57.570 20054 20100 V MonitoredUsbDeviceConnection: closing UsbDeviceConnection(DQ168BDK)
12-01 21:26:57.570 20054 20100 D UsbDeviceConnectionJNI: close
12-01 21:26:57.570 20054 20100 V MonitoredUsbDeviceConnection: closing UsbDeviceConnection(DQ168BDK)
12-01 21:26:57.570 20054 20100 D UsbDeviceConnectionJNI: close
12-01 21:26:57.570 20054 20100 V FtDeviceManager: createDeviceInfoList(): 1 USB devices
12-01 21:26:57.572 20054 20100 V FtDevice: vv********************DQ168BDK opening********************vv 0x0385f972
12-01 21:26:57.573 20054 20100 V FtDevice: ^^********************DQ168BDK opened ********************^^
12-01 21:26:57.573 20054 20100 V FtDevice: resetting DQ168BDK
12-01 21:26:57.575 20054 20100 V LynxUsb : armDevice() serial=DQ168BDK...
12-01 21:26:57.575 20054 20100 V LynxUsb : resetDevice() serial=DQ168BDK
12-01 21:26:57.843 20054 20175 E Robocol : exception SocketTimeoutException(Receive timed out): no packet received [java.net.PlainDatagramSocketImpl.receive0(Native Method)]
12-01 21:26:57.927 20054 20100 V LynxUsb : ...done armDevice()
12-01 21:26:57.927 20054 20180 V RobotCore: thread: 'lynx incoming datagrams' starting...
12-01 21:26:57.927 20054 20100 V LynxUsb : 0x0db63abe on 0x07ef0a27: new delegate to [DQ168BDK]
12-01 21:26:57.927 20054 20100 V RobotCore: Creating Lynx Module - mod=1 parent=true
12-01 21:26:57.929 20054 20100 V LynxUsb : addConfiguredModule() module#=1
12-01 21:26:57.929 20054 20100 V LynxModule: pingAndQueryKnownInterfaces mod=1
12-01 21:26:57.931 20054 20180 V LynxUsb : synchronization gained: serial=DQ168BDK
12-01 21:26:57.939 20054 20100 V LynxModule: mod#=1 queryInterface(DEKA)=54 commands starting at 4096
12-01 21:26:57.944 20054 20100 V LynxModule: sending LynxFtdiResetControlCommand(true) wasInterrupted=false
12-01 21:26:57.948 20054 20181 V LynxModule: received status: LynxGetModuleStatusResponse(status=0x02 alerts=0x00: Reset)
12-01 21:26:57.949 20054 20181 W HubPowerCycle: Expansion Hub 1 regained power after a complete power loss. No user Op Mode was running.
12-01 21:26:57.949 20054 20181 V LynxModule: resendCurrentPattern()
12-01 21:26:57.949 20054 20181 V LynxModule: sendLEDPatternSteps(): steps=[]
12-01 21:26:57.950 20054 20100 V LynxModule: sendLEDPatternSteps(): steps=[Step(color=65280, msDuration=4500), Step(color=0, msDuration=500), Step(color=255, msDuration=500), Step(color=0, msDuration=500)]
12-01 21:26:57.961 20054 20100 V LynxMotor: initializeHardware() mod#=1
12-01 21:26:58.000 20054 20100 V RobotCore: DcMotorImpl(type=goBILDA5202SeriesMotor)
12-01 21:26:58.000 20054 20100 V RobotCore: DcMotorImpl(type=goBILDA5202SeriesMotor)
12-01 21:26:58.000 20054 20100 V RobotCore: DcMotorImpl(type=goBILDA5202SeriesMotor)
12-01 21:26:58.000 20054 20100 V RobotCore: DcMotorImpl(type=goBILDA5202SeriesMotor)
12-01 21:26:58.001 20054 20100 V LynxServoController: initializeHardware() mod#=1
12-01 21:26:58.025 20054 20100 V LynxVoltageSensor: initializeHardware() mod#=1
12-01 21:26:58.025 20054 20100 V LynxAnalogInputController: initializeHardware() mod#=1
12-01 21:26:58.025 20054 20100 V LynxDigitalChannelController: initializeHardware() mod#=1
12-01 21:26:58.041 20054 20100 V RobotCore: Creating user sensor REV internal IMU (BNO055) - on Lynx module=1 bus=0
12-01 21:26:58.042 20054 20100 I RobotCore: LynxFirmwareVersionManager: LynxI2cDeviceSynchV2
12-01 21:26:58.042 20054 20100 V LynxI2cDeviceSynch: initializeHardware() mod#=1
12-01 21:26:58.043 20054 20100 V BNO055  : Suppressing I2C warnings while we check for a BNO055 IMU
12-01 21:26:58.047 20054 20100 V BNO055  : Found BNO055 IMU
12-01 21:26:58.047 20054 20100 V BNO055  : Suppressing I2C warnings while we check for a BNO055 IMU
12-01 21:26:58.051 20054 20100 V BNO055  : Found BNO055 IMU
12-01 21:26:58.174 20054 20100 I RobotCore: LynxFirmwareVersionManager: LynxI2cDeviceSynchV2
12-01 21:26:58.175 20054 20100 V LynxI2cDeviceSynch: initializeHardware() mod#=1
12-01 21:26:58.176 20054 20100 V RobotCore: Creating Webcam [688D709F]
12-01 21:26:58.176 20054 20100 V CameraManager: construct(hash=0x00649cb7|inst#=0)
12-01 21:26:58.178 20054 20100 I AppUtil : found usbFileSystemRoot: /dev/bus/usb
12-01 21:26:58.175 20100 20100 W pRunnable.run(): type=1400 audit(0.0:205): avc: denied { read } for uid=10139 name="devices" dev="sysfs" ino=17428 scontext=u:r:untrusted_app:s0:c512,c768 tcontext=u:object_r:sysfs:s0 tclass=dir permissive=0
12-01 21:26:58.178 20054 20100 I CameraManager: found USB file system root: /dev/bus/usb
12-01 21:26:58.179 20054 20100 D libusb  : [ 0.000171] [00004e84] libusb: debug [isSysfsAvailable] opendir(/sys/bus/usb/devices) failed
12-01 21:26:58.179 20054 20100 W libusb  : [ 0.000213] [00004e84] libusb: warning [op_init] sysfs(/sys/bus/usb/devices) unavailable
12-01 21:26:58.179 20054 20100 V UvcContext: construct(pointer=0x7e0ff740|inst#=0)
12-01 21:26:58.180 20054 20100 V UvcContext: construct(pointer=0x7e0ff800|inst#=1)
12-01 21:26:58.183 20054 20100 I RobotCore: ========= Device Information ===================================================
12-01 21:26:58.183 20054 20100 I RobotCore: Type                                               Name                           Connection
12-01 21:26:58.183 20054 20100 I RobotCore: Motor                                              leftBack                       USB DQ168BDK; module 1; port 1
12-01 21:26:58.183 20054 20100 I RobotCore: Expansion Hub DC Motor Controller                  Expansion Hub 1                USB DQ168BDK; module 1
12-01 21:26:58.184 20054 20100 I RobotCore: Expansion Hub Servo Controller                     Expansion Hub 1                USB DQ168BDK; module 1
12-01 21:26:58.184 20054 20100 I RobotCore: Expansion Hub Voltage Sensor                       Expansion Hub 1                USB DQ168BDK; module 1
12-01 21:26:58.184 20054 20100 I RobotCore: Expansion Hub Analog Input Controller              Expansion Hub 1                USB DQ168BDK; module 1
12-01 21:26:58.184 20054 20100 I RobotCore: Expansion Hub Digital Channel Controller           Expansion Hub 1                USB DQ168BDK; module 1
12-01 21:26:58.186 20054 20100 I RobotCore: Expansion Hub (HW: 20, Maj: 1, Min: 8, Eng: 2)     Expansion Hub 1                USB DQ168BDK; module 1
12-01 21:26:58.187 20054 20100 I RobotCore: REV internal IMU (BNO055)                          imu                            USB DQ168BDK; module 1; bus 0; addr7=0x28
