11-28 20:17:33.270 11646 11881 E DriverStation: {3596981 30.250} System telemetry warning: Both the Robot Controller and Driver Station support 5 GHz. You should consider selecting a specific 5 GHz Wi-Fi channel (auto generally selects a 2.4 GHz channel).
11-28 20:17:38.276 11646 11881 E DriverStation: {3596983 35.259} System telemetry warning: Both the Robot Controller and Driver Station support 5 GHz. You should consider selecting a specific 5 GHz Wi-Fi channel (auto generally selects a 2.4 GHz channel).
11-28 20:17:43.275 11646 11881 E DriverStation: {3596983 40.258} System telemetry warning: Both the Robot Controller and Driver Station support 5 GHz. You should consider selecting a specific 5 GHz Wi-Fi channel (auto generally selects a 2.4 GHz channel).
11-28 20:17:48.280 11646 11881 E DriverStation: {3596983 45.263} System telemetry warning: Both the Robot Controller and Driver Station support 5 GHz. You should consider selecting a specific 5 GHz Wi-Fi channel (auto generally selects a 2.4 GHz channel).
11-28 20:17:53.281 11646 11881 E DriverStation: {3596982 50.262} System telemetry warning: Both the Robot Controller and Driver Station support 5 GHz. You should consider selecting a specific 5 GHz Wi-Fi channel (auto generally selects a 2.4 GHz channel).
11-28 20:17:58.283 11646 11881 E DriverStation: {3596983 55.266} System telemetry warning: Both the Robot Controller and Driver Station support 5 GHz. You should consider selecting a specific 5 GHz Wi-Fi channel (auto generally selects a 2.4 GHz channel).
11-28 20:18:03.288 11646 11881 E DriverStation: {3596983  0.270} System telemetry warning: Both the Robot Controller and Driver Station support 5 GHz. You should consider selecting a specific 5 GHz Wi-Fi channel (auto generally selects a 2.4 GHz channel).
11-28 20:18:08.290 11646 11881 E DriverStation: {3596981  5.271} System telemetry warning: Both the Robot Controller and Driver Station support 5 GHz. You should consider selecting a specific 5 GHz Wi-Fi channel (auto generally selects a 2.4 GHz channel).
11-28 20:18:13.290 11646 11881 E DriverStation: {3596982 10.272} System telemetry warning: Both the Robot Controller and Driver Station support 5 GHz. You should consider selecting a specific 5 GHz Wi-Fi channel (auto generally selects a 2.4 GHz channel).
11-28 20:18:18.295 11646 11881 E DriverStation: {3596983 15.278} System telemetry warning: Both the Robot Controller and Driver Station support 5 GHz. You should consider selecting a specific 5 GHz Wi-Fi channel (auto generally selects a 2.4 GHz channel).
11-28 20:18:23.300 11646 11881 E DriverStation: {3596983 20.283} System telemetry warning: Both the Robot Controller and Driver Station support 5 GHz. You should consider selecting a specific 5 GHz Wi-Fi channel (auto generally selects a 2.4 GHz channel).
11-28 20:18:28.299 11646 11881 E DriverStation: {3596983 25.282} System telemetry warning: Both the Robot Controller and Driver Station support 5 GHz. You should consider selecting a specific 5 GHz Wi-Fi channel (auto generally selects a 2.4 GHz channel).
11-28 20:18:33.301 11646 11881 E DriverStation: {3596991 30.292} System telemetry warning: Both the Robot Controller and Driver Station support 5 GHz. You should consider selecting a specific 5 GHz Wi-Fi channel (auto generally selects a 2.4 GHz channel).
11-28 20:18:38.331 11646 11881 E DriverStation: {3596983 35.313} System telemetry warning: Both the Robot Controller and Driver Station support 5 GHz. You should consider selecting a specific 5 GHz Wi-Fi channel (auto generally selects a 2.4 GHz channel).
11-28 20:18:43.308 11646 11881 E DriverStation: {3596983 40.291} System telemetry warning: Both the Robot Controller and Driver Station support 5 GHz. You should consider selecting a specific 5 GHz Wi-Fi channel (auto generally selects a 2.4 GHz channel).
11-28 20:18:48.313 11646 11881 E DriverStation: {3596983 45.295} System telemetry warning: Both the Robot Controller and Driver Station support 5 GHz. You should consider selecting a specific 5 GHz Wi-Fi channel (auto generally selects a 2.4 GHz channel).
11-28 20:18:53.315 11646 11881 E DriverStation: {3596983 50.298} System telemetry warning: Both the Robot Controller and Driver Station support 5 GHz. You should consider selecting a specific 5 GHz Wi-Fi channel (auto generally selects a 2.4 GHz channel).
11-28 20:18:58.316 11646 11881 E DriverStation: {3596983 55.299} System telemetry warning: Both the Robot Controller and Driver Station support 5 GHz. You should consider selecting a specific 5 GHz Wi-Fi channel (auto generally selects a 2.4 GHz channel).
11-28 20:19:03.317 11646 11881 E DriverStation: {3596982  0.299} System telemetry warning: Both the Robot Controller and Driver Station support 5 GHz. You should consider selecting a specific 5 GHz Wi-Fi channel (auto generally selects a 2.4 GHz channel).
11-28 20:19:08.318 11646 11881 E DriverStation: {3596981  5.299} System telemetry warning: Both the Robot Controller and Driver Station support 5 GHz. You should consider selecting a specific 5 GHz Wi-Fi channel (auto generally selects a 2.4 GHz channel).
11-28 20:19:13.321 11646 11881 E DriverStation: {3596983 10.304} System telemetry warning: Both the Robot Controller and Driver Station support 5 GHz. You should consider selecting a specific 5 GHz Wi-Fi channel (auto generally selects a 2.4 GHz channel).
11-28 20:19:18.326 11646 11881 E DriverStation: {3596983 15.309} System telemetry warning: Both the Robot Controller and Driver Station support 5 GHz. You should consider selecting a specific 5 GHz Wi-Fi channel (auto generally selects a 2.4 GHz channel).
11-28 20:19:23.326 11646 11881 E DriverStation: {3596983 20.309} System telemetry warning: Both the Robot Controller and Driver Station support 5 GHz. You should consider selecting a specific 5 GHz Wi-Fi channel (auto generally selects a 2.4 GHz channel).
11-28 20:19:28.328 11646 11881 E DriverStation: {3596983 25.311} System telemetry warning: Both the Robot Controller and Driver Station support 5 GHz. You should consider selecting a specific 5 GHz Wi-Fi channel (auto generally selects a 2.4 GHz channel).
11-28 20:19:33.332 11646 11881 E DriverStation: {3596982 30.313} System telemetry warning: Both the Robot Controller and Driver Station support 5 GHz. You should consider selecting a specific 5 GHz Wi-Fi channel (auto generally selects a 2.4 GHz channel).
11-28 20:19:38.333 11646 11881 E DriverStation: {3596982 35.315} System telemetry warning: Both the Robot Controller and Driver Station support 5 GHz. You should consider selecting a specific 5 GHz Wi-Fi channel (auto generally selects a 2.4 GHz channel).
11-28 20:19:43.334 11646 11881 E DriverStation: {3596981 40.314} System telemetry warning: Both the Robot Controller and Driver Station support 5 GHz. You should consider selecting a specific 5 GHz Wi-Fi channel (auto generally selects a 2.4 GHz channel).
11-28 20:19:48.378 11646 11881 E DriverStation: {3596979 45.357} System telemetry warning: Both the Robot Controller and Driver Station support 5 GHz. You should consider selecting a specific 5 GHz Wi-Fi channel (auto generally selects a 2.4 GHz channel).
11-28 20:19:48.948 11646 11646 V DriverStation: {3596983 45.930} ui:uiWaitingForAck
11-28 20:19:48.958 11646 11885 V Robocol : {3596983 45.941} sending CMD_SET_MATCH_NUMBER(15392), attempt: 0
11-28 20:19:48.959 11646 11885 V Robocol : {3596983 45.942} sending CMD_INIT_OP_MODE(15393), attempt: 0
11-28 20:19:49.185 11646 11881 V Robocol : {3596983 46.167} received command: CMD_NOTIFY_INIT_OP_MODE(5081) PowerPlayAuto1
11-28 20:19:49.185 11646 11882 V DriverStation: {3596983 46.168} Robot Controller initializing op mode: PowerPlayAuto1
11-28 20:19:49.187 11646 11882 V DriverStation: {3596983 46.170} timer: init w/ timer enabled
11-28 20:19:49.187 11646 11882 V DriverStation: {3596983 46.170} ui:uiWaitingForStartEvent
11-28 20:19:50.008 11646 11881 V Robocol : {3596982 46.990} received command: CMD_STREAM_CHANGE(5087) true
11-28 20:19:50.247 11646 11881 V Robocol : {3596981 47.228} received command: CMD_STREAM_CHANGE(5087) true
11-28 20:19:50.487 11646 11881 V Robocol : {3596979 47.466} received command: CMD_STREAM_CHANGE(5087) true
11-28 20:19:52.715 11646 11881 E DriverStation: {3596999 49.714} System telemetry warning: Both the Robot Controller and Driver Station support 5 GHz. You should consider selecting a specific 5 GHz Wi-Fi channel (auto generally selects a 2.4 GHz channel).
11-28 20:19:52.715 11646 11881 E DriverStation: 
11-28 20:19:52.715 11646 11881 E DriverStation: Unable to find webcam "Webcam 1" with serial number 688D709F.
11-28 20:19:52.800 11646 11881 V Robocol : {3596999 49.799} received command: CMD_PLAY_SOUND(5154) {"hashString":"fba6a9abe5b1f6238a531ceb1e3751ae","loopControl":0,"msPresentationTime":1669695589700,"rate":1.0,"volume":1.0,"waitForNonLoopingSoundsToFinish":true}
11-28 20:19:52.811 11646 11882 I AudioTrack: AUDIO_OUTPUT_FLAG_FAST successful; frameCount 120446 -> 120446
11-28 20:19:52.815 11646 11882 D SoundPlayer: {3596983 49.798} playing volume=0.000000 samp=10|ms=2509
11-28 20:19:54.094 11646 11881 E DriverStation: {3596983 51.077} System telemetry warning: Both the Robot Controller and Driver Station support 5 GHz. You should consider selecting a specific 5 GHz Wi-Fi channel (auto generally selects a 2.4 GHz channel).
11-28 20:19:57.276 11646 11646 V DriverStation: {3596982 54.258} ui:uiWaitingForAck
11-28 20:19:57.277 11646 11646 I StateMachine: {3596982 54.258} Ignoring STOPPED_OPMODE masked
11-28 20:19:57.278 11646 11885 V Robocol : {3596982 54.260} sending CMD_INIT_OP_MODE(15752), attempt: 0
11-28 20:19:57.406 11646 11881 V Robocol : {3596983 54.388} received command: CMD_STREAM_CHANGE(5295) false
11-28 20:19:57.407 11646 11881 V Robocol : {3596983 54.389} received command: CMD_NOTIFY_INIT_OP_MODE(5300) $Stop$Robot$
11-28 20:19:57.407 11646 11882 V DriverStation: {3596983 54.390} Robot Controller initializing op mode: $Stop$Robot$
11-28 20:19:57.408 11646 11882 V DriverStation: {3596983 54.391} ui:uiWaitingForInitEvent
11-28 20:19:57.409 11646 11882 I StateMachine: {3596983 54.392} Ignoring STOPPED_OPMODE masked
11-28 20:19:57.440 11646 11885 V Robocol : {3596983 54.423} sending CMD_RUN_OP_MODE(15767), attempt: 0
11-28 20:19:57.648 11646 11881 V Robocol : {3596986 54.634} received command: CMD_NOTIFY_RUN_OP_MODE(5308) $Stop$Robot$
11-28 20:19:57.649 11646 11882 V DriverStation: {3596986 54.635} Robot Controller starting op mode: $Stop$Robot$
11-28 20:19:57.653 11646 11882 V DriverStation: {3596986 54.639} ui:uiWaitingForInitEvent
11-28 20:19:58.556 11646 11646 V DriverStation: {3596983 55.539} ui:uiWaitingForAck
11-28 20:19:58.558 11646 11885 V Robocol : {3596983 55.541} sending CMD_SET_MATCH_NUMBER(15786), attempt: 0
11-28 20:19:58.559 11646 11885 V Robocol : {3596983 55.542} sending CMD_INIT_OP_MODE(15787), attempt: 0
11-28 20:19:58.728 11646 11881 V Robocol : {3596993 55.721} received command: CMD_NOTIFY_INIT_OP_MODE(5338) PowerPlayAuto1
11-28 20:19:58.729 11646 11882 V DriverStation: {3596993 55.721} Robot Controller initializing op mode: PowerPlayAuto1
11-28 20:19:58.730 11646 11882 V DriverStation: {3596993 55.723} timer: init w/ timer enabled
11-28 20:19:58.730 11646 11882 V DriverStation: {3596993 55.723} ui:uiWaitingForStartEvent
11-28 20:19:59.096 11646 11881 E DriverStation: {3596995 56.091} System telemetry warning: Both the Robot Controller and Driver Station support 5 GHz. You should consider selecting a specific 5 GHz Wi-Fi channel (auto generally selects a 2.4 GHz channel).
11-28 20:19:59.608 11646 11881 V Robocol : {3596983 56.590} received command: CMD_STREAM_CHANGE(5349) true
11-28 20:20:04.098 11646 11881 E DriverStation: {3596983  1.081} System telemetry warning: Both the Robot Controller and Driver Station support 5 GHz. You should consider selecting a specific 5 GHz Wi-Fi channel (auto generally selects a 2.4 GHz channel).
11-28 20:20:09.100 11646 11881 E DriverStation: {3596983  6.082} System telemetry warning: Both the Robot Controller and Driver Station support 5 GHz. You should consider selecting a specific 5 GHz Wi-Fi channel (auto generally selects a 2.4 GHz channel).
11-28 20:20:14.101 11646 11881 E DriverStation: {3596982 11.083} System telemetry warning: Both the Robot Controller and Driver Station support 5 GHz. You should consider selecting a specific 5 GHz Wi-Fi channel (auto generally selects a 2.4 GHz channel).
11-28 20:20:19.103 11646 11881 E DriverStation: {3596983 16.085} System telemetry warning: Both the Robot Controller and Driver Station support 5 GHz. You should consider selecting a specific 5 GHz Wi-Fi channel (auto generally selects a 2.4 GHz channel).
11-28 20:20:24.105 11646 11881 E DriverStation: {3596983 21.088} System telemetry warning: Both the Robot Controller and Driver Station support 5 GHz. You should consider selecting a specific 5 GHz Wi-Fi channel (auto generally selects a 2.4 GHz channel).
11-28 20:20:24.422 11646 11646 V DriverStation: {3596983 21.405} ui:uiWaitingForAck
11-28 20:20:24.422 11646 11646 I StateMachine: {3596983 21.405} Ignoring STOPPED_OPMODE masked
11-28 20:20:24.439 11646 11885 V Robocol : {3596983 21.422} sending CMD_INIT_OP_MODE(16935), attempt: 0
11-28 20:20:24.768 11646 11881 V Robocol : {3596983 21.751} received command: CMD_STREAM_CHANGE(6059) false
11-28 20:20:24.769 11646 11881 V Robocol : {3596983 21.752} received command: CMD_NOTIFY_INIT_OP_MODE(6064) $Stop$Robot$
11-28 20:20:24.769 11646 11882 V DriverStation: {3596983 21.752} Robot Controller initializing op mode: $Stop$Robot$
11-28 20:20:24.771 11646 11882 V DriverStation: {3596983 21.754} ui:uiWaitingForInitEvent
11-28 20:20:24.773 11646 11882 I StateMachine: {3596983 21.756} Ignoring STOPPED_OPMODE masked
11-28 20:20:24.799 11646 11885 V Robocol : {3596983 21.782} sending CMD_RUN_OP_MODE(16952), attempt: 0
11-28 20:20:24.846 11646 11881 V Robocol : {3596982 21.828} received command: CMD_NOTIFY_RUN_OP_MODE(6070) $Stop$Robot$
11-28 20:20:24.846 11646 11882 V DriverStation: {3596982 21.828} Robot Controller starting op mode: $Stop$Robot$
11-28 20:20:24.847 11646 11882 V DriverStation: {3596982 21.829} ui:uiWaitingForInitEvent
11-28 20:20:27.078 11646 11885 V Robocol : {3596983 24.061} sending CMD_INIT_OP_MODE(16988), attempt: 0
11-28 20:20:27.126 11646 11881 V Robocol : {3596983 24.109} received command: CMD_NOTIFY_INIT_OP_MODE(6113) $Stop$Robot$
11-28 20:20:27.127 11646 11882 V DriverStation: {3596983 24.110} Robot Controller initializing op mode: $Stop$Robot$
11-28 20:20:27.161 11646 11882 V DriverStation: {3596983 24.144} ui:uiWaitingForInitEvent
11-28 20:20:27.162 11646 11882 I StateMachine: {3596983 24.145} Ignoring STOPPED_OPMODE masked
11-28 20:20:27.198 11646 11885 V Robocol : {3596983 24.181} sending CMD_RUN_OP_MODE(16995), attempt: 0
11-28 20:20:27.247 11646 11881 V Robocol : {3596983 24.230} received command: CMD_NOTIFY_RUN_OP_MODE(6119) $Stop$Robot$
11-28 20:20:27.248 11646 11882 V DriverStation: {3596983 24.230} Robot Controller starting op mode: $Stop$Robot$
11-28 20:20:27.249 11646 11882 V DriverStation: {3596983 24.232} ui:uiWaitingForInitEvent
11-28 20:20:28.128 11646 11646 V DriverStation: {3596983 25.111} ui:uiWaitingForInitEvent
11-28 20:20:29.109 11646 11881 E DriverStation: {3596982 26.091} System telemetry warning: Both the Robot Controller and Driver Station support 5 GHz. You should consider selecting a specific 5 GHz Wi-Fi channel (auto generally selects a 2.4 GHz channel).
11-28 20:20:31.582 11646 11646 V DriverStation: {3596982 28.564} ui:uiWaitingForAck
11-28 20:20:31.598 11646 11885 V Robocol : {3596982 28.580} sending CMD_SET_MATCH_NUMBER(17060), attempt: 0
11-28 20:20:31.599 11646 11885 V Robocol : {3596982 28.581} sending CMD_INIT_OP_MODE(17061), attempt: 0
11-28 20:20:31.769 11646 11881 V Robocol : {3596983 28.752} received command: CMD_NOTIFY_INIT_OP_MODE(6196) AprilTagAutonomousInitDetectionExample
11-28 20:20:31.770 11646 11881 V Robocol : {3596983 28.753} received command: CMD_STREAM_CHANGE(6197) true
11-28 20:20:31.770 11646 11882 V DriverStation: {3596983 28.753} Robot Controller initializing op mode: AprilTagAutonomousInitDetectionExample
11-28 20:20:31.772 11646 11882 V DriverStation: {3596983 28.755} timer: init w/o timer enabled
11-28 20:20:31.772 11646 11882 V DriverStation: {3596983 28.755} ui:uiWaitingForStartEvent
11-28 20:20:34.110 11646 11881 E DriverStation: {3596983 31.093} System telemetry warning: Both the Robot Controller and Driver Station support 5 GHz. You should consider selecting a specific 5 GHz Wi-Fi channel (auto generally selects a 2.4 GHz channel).
11-28 20:20:38.108 11646 11646 V DriverStation: {3596983 35.091} ui:uiWaitingForAck
11-28 20:20:38.109 11646 11646 I StateMachine: {3596983 35.092} Ignoring STOPPED_OPMODE masked
11-28 20:20:38.118 11646 11885 V Robocol : {3596983 35.101} sending CMD_INIT_OP_MODE(17354), attempt: 0
11-28 20:20:38.154 11646 11651 I zygote  : Do full code cache collection, code=124KB, data=95KB
11-28 20:20:38.156 11646 11651 I zygote  : After code cache collection, code=113KB, data=74KB
11-28 20:20:38.447 11646 11881 V Robocol : {3596983 35.429} received command: CMD_STREAM_CHANGE(6386) false
11-28 20:20:38.448 11646 11881 V Robocol : {3596983 35.430} received command: CMD_NOTIFY_INIT_OP_MODE(6391) $Stop$Robot$
11-28 20:20:38.448 11646 11882 V DriverStation: {3596983 35.431} Robot Controller initializing op mode: $Stop$Robot$
11-28 20:20:38.449 11646 11882 V DriverStation: {3596983 35.432} ui:uiWaitingForInitEvent
11-28 20:20:38.451 11646 11882 I StateMachine: {3596983 35.434} Ignoring STOPPED_OPMODE masked
11-28 20:20:38.479 11646 11885 V Robocol : {3596983 35.462} sending CMD_RUN_OP_MODE(17371), attempt: 0
11-28 20:20:38.527 11646 11881 V Robocol : {3596983 35.510} received command: CMD_NOTIFY_RUN_OP_MODE(6397) $Stop$Robot$
11-28 20:20:38.528 11646 11882 V DriverStation: {3596983 35.511} Robot Controller starting op mode: $Stop$Robot$
11-28 20:20:38.529 11646 11882 V DriverStation: {3596983 35.512} ui:uiWaitingForInitEvent
11-28 20:20:39.112 11646 11881 E DriverStation: {3596983 36.094} System telemetry warning: Both the Robot Controller and Driver Station support 5 GHz. You should consider selecting a specific 5 GHz Wi-Fi channel (auto generally selects a 2.4 GHz channel).
11-28 20:20:39.798 11646 11885 V Robocol : {3596982 36.780} sending CMD_INIT_OP_MODE(17394), attempt: 0
11-28 20:20:39.846 11646 11881 V Robocol : {3596983 36.829} received command: CMD_NOTIFY_INIT_OP_MODE(6427) $Stop$Robot$
11-28 20:20:39.846 11646 11882 V DriverStation: {3596983 36.829} Robot Controller initializing op mode: $Stop$Robot$
11-28 20:20:39.888 11646 11882 V DriverStation: {3596983 36.870} ui:uiWaitingForInitEvent
11-28 20:20:39.888 11646 11882 I StateMachine: {3596983 36.871} Ignoring STOPPED_OPMODE masked
11-28 20:20:39.918 11646 11885 V Robocol : {3596983 36.901} sending CMD_RUN_OP_MODE(17401), attempt: 0
11-28 20:20:39.967 11646 11881 V Robocol : {3596983 36.949} received command: CMD_NOTIFY_RUN_OP_MODE(6433) $Stop$Robot$
11-28 20:20:39.967 11646 11882 V DriverStation: {3596983 36.950} Robot Controller starting op mode: $Stop$Robot$
11-28 20:20:39.968 11646 11882 V DriverStation: {3596983 36.951} ui:uiWaitingForInitEvent
11-28 20:20:40.845 11646 11646 V DriverStation: {3596981 37.826} ui:uiWaitingForInitEvent
11-28 20:20:40.864 11646 11646 W InputEventReceiver: Attempted to finish an input event but the input event receiver has already been disposed.
11-28 20:20:43.393 11646 11651 I zygote  : Do partial code cache collection, code=117KB, data=77KB
11-28 20:20:43.394 11646 11651 I zygote  : After code cache collection, code=117KB, data=77KB
11-28 20:20:43.394 11646 11651 I zygote  : Increasing code cache capacity to 512KB
11-28 20:20:43.756 11646 11646 V DriverStation: {3596983 40.739} ui:uiWaitingForAck
11-28 20:20:43.758 11646 11885 V Robocol : {3596983 40.741} sending CMD_SET_MATCH_NUMBER(17457), attempt: 0
11-28 20:20:43.759 11646 11885 V Robocol : {3596983 40.741} sending CMD_INIT_OP_MODE(17458), attempt: 0
11-28 20:20:43.970 11646 11881 V Robocol : {3596983 40.953} received command: CMD_NOTIFY_INIT_OP_MODE(6502) PowerPlayAuto1
11-28 20:20:43.971 11646 11882 V DriverStation: {3596983 40.954} Robot Controller initializing op mode: PowerPlayAuto1
11-28 20:20:43.973 11646 11882 V DriverStation: {3596983 40.956} timer: init w/ timer enabled
11-28 20:20:43.973 11646 11882 V DriverStation: {3596983 40.956} ui:uiWaitingForStartEvent
11-28 20:20:44.117 11646 11881 E DriverStation: {3596983 41.099} System telemetry warning: Both the Robot Controller and Driver Station support 5 GHz. You should consider selecting a specific 5 GHz Wi-Fi channel (auto generally selects a 2.4 GHz channel).
11-28 20:20:44.850 11646 11881 V Robocol : {3596984 41.833} received command: CMD_STREAM_CHANGE(6513) true
11-28 20:20:47.419 11646 11881 E DriverStation: {3596983 44.402} System telemetry warning: Both the Robot Controller and Driver Station support 5 GHz. You should consider selecting a specific 5 GHz Wi-Fi channel (auto generally selects a 2.4 GHz channel).
11-28 20:20:47.419 11646 11881 E DriverStation: 
11-28 20:20:47.419 11646 11881 E DriverStation: Unable to find webcam "Webcam 1" with serial number 688D709F.
11-28 20:20:47.447 11646 11881 V Robocol : {3596983 44.430} received command: CMD_PLAY_SOUND(6587) {"hashString":"fba6a9abe5b1f6238a531ceb1e3751ae","loopControl":0,"msPresentationTime":1669695644400,"rate":1.0,"volume":1.0,"waitForNonLoopingSoundsToFinish":true}
11-28 20:20:47.453 11646 11882 D SoundPlayer: {3596983 44.436} playing volume=0.000000 samp=10|ms=2509
11-28 20:20:48.869 11646 11881 E DriverStation: {3596983 45.852} System telemetry warning: Both the Robot Controller and Driver Station support 5 GHz. You should consider selecting a specific 5 GHz Wi-Fi channel (auto generally selects a 2.4 GHz channel).
11-28 20:20:53.795 11646 11646 V DriverStation: {3596983 50.778} ui:uiWaitingForAck
11-28 20:20:53.796 11646 11646 I StateMachine: {3596983 50.779} Ignoring STOPPED_OPMODE masked
11-28 20:20:53.798 11646 11885 V Robocol : {3596983 50.781} sending CMD_INIT_OP_MODE(17897), attempt: 0
11-28 20:20:53.846 11646 11881 V Robocol : {3596983 50.829} received command: CMD_STREAM_CHANGE(6777) false
11-28 20:20:53.847 11646 11881 V Robocol : {3596983 50.830} received command: CMD_NOTIFY_INIT_OP_MODE(6782) $Stop$Robot$
11-28 20:20:53.847 11646 11882 V DriverStation: {3596983 50.830} Robot Controller initializing op mode: $Stop$Robot$
11-28 20:20:53.852 11646 11882 V DriverStation: {3596983 50.834} ui:uiWaitingForInitEvent
11-28 20:20:53.853 11646 11882 I StateMachine: {3596983 50.835} Ignoring STOPPED_OPMODE masked
11-28 20:20:53.869 11646 11881 E DriverStation: {3596983 50.851} System telemetry warning: Both the Robot Controller and Driver Station support 5 GHz. You should consider selecting a specific 5 GHz Wi-Fi channel (auto generally selects a 2.4 GHz channel).
11-28 20:20:53.879 11646 11885 V Robocol : {3596983 50.862} sending CMD_RUN_OP_MODE(17907), attempt: 0
11-28 20:20:53.927 11646 11881 V Robocol : {3596982 50.908} received command: CMD_NOTIFY_RUN_OP_MODE(6790) $Stop$Robot$
11-28 20:20:53.927 11646 11882 V DriverStation: {3596982 50.909} Robot Controller starting op mode: $Stop$Robot$
11-28 20:20:53.928 11646 11882 V DriverStation: {3596982 50.910} ui:uiWaitingForInitEvent
11-28 20:20:55.400 11646 11646 V DriverStation: {3596983 52.383} ui:uiWaitingForAck
11-28 20:20:55.439 11646 11885 V Robocol : {3596983 52.421} sending CMD_SET_MATCH_NUMBER(17934), attempt: 0
11-28 20:20:55.439 11646 11885 V Robocol : {3596983 52.422} sending CMD_INIT_OP_MODE(17935), attempt: 0
11-28 20:20:55.610 11646 11881 V Robocol : {3596983 52.593} received command: CMD_NOTIFY_INIT_OP_MODE(6828) PowerPlayAuto1
11-28 20:20:55.611 11646 11882 V DriverStation: {3596983 52.593} Robot Controller initializing op mode: PowerPlayAuto1
11-28 20:20:55.612 11646 11882 V DriverStation: {3596983 52.595} timer: init w/ timer enabled
11-28 20:20:55.612 11646 11882 V DriverStation: {3596983 52.595} ui:uiWaitingForStartEvent
11-28 20:20:56.487 11646 11881 V Robocol : {3596982 53.469} received command: CMD_STREAM_CHANGE(6838) true
11-28 20:20:58.869 11646 11881 E DriverStation: {3596983 55.852} System telemetry warning: Both the Robot Controller and Driver Station support 5 GHz. You should consider selecting a specific 5 GHz Wi-Fi channel (auto generally selects a 2.4 GHz channel).
11-28 20:21:03.038 11646 11885 V Robocol : {3596983  0.021} sending CMD_INIT_OP_MODE(18260), attempt: 0
11-28 20:21:03.366 11646 11881 V Robocol : {3596982  0.348} received command: CMD_STREAM_CHANGE(7029) false
11-28 20:21:03.366 11646 11881 V Robocol : {3596982  0.348} received command: CMD_NOTIFY_INIT_OP_MODE(7034) $Stop$Robot$
11-28 20:21:03.367 11646 11882 V DriverStation: {3596982  0.348} Robot Controller initializing op mode: $Stop$Robot$
11-28 20:21:03.367 11646 11882 V DriverStation: {3596982  0.349} ui:uiWaitingForInitEvent
11-28 20:21:03.368 11646 11882 I StateMachine: {3596982  0.350} Ignoring STOPPED_OPMODE masked
11-28 20:21:03.402 11646 11885 V Robocol : {3596982  0.384} sending CMD_RUN_OP_MODE(18276), attempt: 0
11-28 20:21:03.447 11646 11881 V Robocol : {3596982  0.429} received command: CMD_NOTIFY_RUN_OP_MODE(7042) $Stop$Robot$
11-28 20:21:03.448 11646 11882 V DriverStation: {3596982  0.430} Robot Controller starting op mode: $Stop$Robot$
11-28 20:21:03.449 11646 11882 V DriverStation: {3596982  0.431} ui:uiWaitingForInitEvent
11-28 20:21:03.872 11646 11881 E DriverStation: {3596983  0.854} System telemetry warning: Both the Robot Controller and Driver Station support 5 GHz. You should consider selecting a specific 5 GHz Wi-Fi channel (auto generally selects a 2.4 GHz channel).
11-28 20:21:04.039 11646 11646 V DriverStation: {3596983  1.022} ui:uiWaitingForInitEvent
11-28 20:21:08.867 11646 11646 V DriverStation: {3596981  5.848} ui:uiWaitingForAck
11-28 20:21:08.875 11646 11881 E DriverStation: {3596981  5.856} System telemetry warning: Both the Robot Controller and Driver Station support 5 GHz. You should consider selecting a specific 5 GHz Wi-Fi channel (auto generally selects a 2.4 GHz channel).
11-28 20:21:08.878 11646 11885 V Robocol : {3596981  5.859} sending CMD_SET_MATCH_NUMBER(18354), attempt: 0
11-28 20:21:08.879 11646 11885 V Robocol : {3596981  5.860} sending CMD_INIT_OP_MODE(18355), attempt: 0
11-28 20:21:09.047 11646 11881 V Robocol : {3596982  6.029} received command: CMD_NOTIFY_INIT_OP_MODE(7134) AprilTagAutonomousInitDetectionExample
11-28 20:21:09.048 11646 11881 V Robocol : {3596982  6.030} received command: CMD_STREAM_CHANGE(7135) true
11-28 20:21:09.048 11646 11882 V DriverStation: {3596982  6.030} Robot Controller initializing op mode: AprilTagAutonomousInitDetectionExample
11-28 20:21:09.049 11646 11882 V DriverStation: {3596982  6.031} timer: init w/o timer enabled
11-28 20:21:09.049 11646 11882 V DriverStation: {3596982  6.031} ui:uiWaitingForStartEvent
11-28 20:21:13.439 11646 11885 V DriverStation: {3596982 10.420} robot controller disconnected
11-28 20:21:13.439 11646 11885 V DriverStation: {3596982 10.421} Assuming client disconnected
11-28 20:21:13.439 11646 11885 V DriverStation: {3596982 10.421} writing pref name=pref_rc_connected value=false
11-28 20:21:13.440 11646 11885 V DriverStation: {3596982 10.422} ui:uiRobotControllerIsDisconnected
11-28 20:21:13.441 11646 11646 V DriverStation: {3596982 10.422} onSharedPreferenceChanged() pref=pref_rc_connected
11-28 20:21:13.441 11646 11646 I DriverStation: {3596982 10.423} Hide match logging UI
11-28 20:21:13.441 11646 11885 V NetworkConnectionHandler: {3596982 10.423} Peer connection lost
11-28 20:21:13.442 11646 11646 V NetDiscover_prefremds: {3596982 10.423} onSharedPreferenceChanged(name=pref_rc_connected, value=false)
11-28 20:21:22.472 11646 11881 V PeerDiscovery: {3596982 19.454} new remote peer discovered: 192.168.49.1
11-28 20:21:22.472 11646 11881 V DriverStation: {3596982 19.454} robot controller connected
11-28 20:21:22.473 11646 11881 V DriverStation: {3596982 19.455} Assuming client connected
11-28 20:21:22.473 11646 11881 V DriverStation: {3596982 19.455} writing pref name=pref_rc_connected value=true
11-28 20:21:22.474 11646 11881 V DriverStation: {3596982 19.456} ui:uiRobotControllerIsConnected
11-28 20:21:22.474 11646 11646 V DriverStation: {3596982 19.456} onSharedPreferenceChanged() pref=pref_rc_connected
11-28 20:21:22.474 11646 11646 I DriverStation: {3596982 19.456} Hide match logging UI
11-28 20:21:22.475 11646 11646 V NetDiscover_prefremds: {3596982 19.457} onSharedPreferenceChanged(name=pref_rc_connected, value=true)
11-28 20:21:22.478 11646 11881 V NetDiscover_prefremds: {3596982 19.460} sending RC pref name=pref_ds_supports_5_ghz value=true
11-28 20:21:22.479 11646 11885 V Robocol : {3596982 19.461} sending CMD_REQUEST_ACTIVE_CONFIG(10001), attempt: 0
11-28 20:21:22.479 11646 11646 V DriverStation: {3596982 19.461} pref_wifip2p_channel: showWifiChannel prefChannel = 0
11-28 20:21:22.480 11646 11885 V Robocol : {3596982 19.462} sending CMD_REQUEST_USER_DEVICE_TYPES(10002), attempt: 0
11-28 20:21:22.480 11646 11881 V NetworkConnectionHandler: {3596982 19.462} Peer connection established
11-28 20:21:22.481 11646 11885 V Robocol : {3596982 19.463} sending CMD_REQUEST_OP_MODE_LIST(10003), attempt: 0
11-28 20:21:22.490 11646 11881 V Robocol : {3596982 19.470} received command: CMD_NOTIFY_USER_DEVICE_LIST(23) [{"builtIn":true,"classSource":"APK","compatibleControlSystems":["REV_HUB"],"description":"an Adafruit IMU","flavor":"I2C","isDeprecated":false,"isExternalLibraries":false,"isOnBotJava":false,"name":"Adafruit IMU","xmlTag":"AdafruitBNO055IMU","xmlTagAliases":[]},{"builtIn":true,"classSource":"APK","compatibleControlSystems":["REV_HUB"],"description":"a REV Color Sensor V3","flavor":"I2C","isDeprecated":false,"isExternalLibraries":false,"isOnBotJava":false,"name":"REV Color Sensor V3","xmlTag":"RevColorSensorV3","xmlTagAliases":[]},{"xmlTag":"Webcam","name":"Webcam","flavor":"BUILT_IN"},{"distributorInfo":{"distributor":"","model":"","url":""},"maxRPM":165.0,"ticksPerRev":1440.0,"builtIn":true,"classSource":"APK","compatibleControlSystems":["REV_HUB"],"description":"","flavor":"MOTOR","isDeprecated":false,"isExternalLibraries":false,"isOnBotJava":false,"name":"Unspecified Motor","xmlTag":"Motor","xmlTagAliases":[]},{"distributorInfo":{"distributor":"AndyMark","model":"am-3103","url":"http://www.andymark.com/NeveRest-60-Gearmotor-p/am-3103.htm"},"maxRPM":105.0,"ticksPerRev":1680.0,"builtIn":true,"classSource":"APK","compatibleControlSystems":["REV_HUB"],"description":"","flavor":"MOTOR","isDeprecated":false,"isExternalLibraries":false,"isOnBotJava":false,"name":"NeveRest 60 Gearmotor","xmlTag":"NeveRest60Gearmotor","xmlTagAliases":[]},{"distributorInfo":{"distributor":"AndyMark","model":"am-2964a","url":"http://www.andymark.com/NeveRest-40-Gearmotor-p/am-2964a.htm"},"maxRPM":160.0,"ticksPerRev":1120.0,"builtIn":true,"classSource":"APK","compatibleControlSystems":["REV_HUB"],"description":"","flavor":"MOTOR","isDeprecated":false,"isExternalLibraries":false,"isOnBotJava":false,"name":"NeveRest 40 Gearmotor","xmlTag":"NeveRest40Gearmotor","xmlTagAliases":[]},{"distributorInfo":{"distributor":"goBILDA_distributor","model":"goBILDA-5202","url":"https://www.gobilda.com/5202-series-yellow-jacket-planetary-gear-motors/"},"maxRPM":60.0,"ticksPerRev":2786.0,"builtIn":true,"classSource":"APK","compatibleControlSystems":["REV_HUB"],"description":"","flavor":"MOTOR","isDeprecated":false,"isExternalLibraries":false,"isOnBotJava":false,"name":"GoBILDA 5202/3/4 series","xmlTag":"goBILDA5202SeriesMotor","xmlTagAliases":[]},{"xmlTag":"Accelerometer","name":"[Unknown]","flavor":"BUILT_IN"},{"servoFlavor":"CONTINUOUS","builtIn":true,"classSource":"APK","compatibleControlSystems":["REV_HUB"],"description":"","flavor":"SERVO","isDeprecated":false,"isExternalLibraries":false,"isOnBotJava":false,"name":"Continuous Rotation Servo","xmlTag":"ContinuousRotationServo","xmlTagAliases":[]},{"distributorInfo":{"distributor":"AndyMark","model":"am-3461","url":""},"maxRPM":1784.0,"ticksPerRev":44.4,"builtIn":true,"classSource":"APK","compatibleControlSystems":["REV_HUB"],"description":"","flavor":"MOTOR","isDeprecated":false,"isExternalLibraries":false,"isOnBotJava":false,"name":"NeveRest 3.7 v1 Gearmotor","xmlTag":"NeveRest3.7v1Gearmotor","xmlTagAliases":[]},{"xmlTag":"Nothing","name":"Nothing","flavor":"BUILT_IN"},{"xmlTag":"LynxModule","name":"Expansion Hub","flavor":"BUILT_IN"},{"xmlTag":"UltrasonicSensor","name":"[Unknown]","flavor":"BUILT_IN"},{"distributorInfo":{"distributor":"goBILDA_distributor","model":"goBILDA-5201","url":"https://www.gobilda.com/5201-series-spur-gear-motors/"},"maxRPM":104.0,"ticksPerRev":1500.0,"builtIn":true,"classSource":"APK","compatibleControlSystems":["REV_HUB"],"description":"","flavor":"MOTOR","isDeprecated":false,"isExternalLibraries":false,"isOnBotJava":false,"name":"GoBILDA 5201 series","xmlTag":"goBILDA5201SeriesMotor","xmlTagAliases":[]},{"xmlTag":"\u003cunknown\u003e","name":"[Unknown]","flavor":"BUILT_IN"},{"xmlTag":"Robot","name":"[Unknown]","flavor":"BUILT_IN"},{"xmlTag":"LynxUsbDevice","name":"Expansion Hub Portal","flavor":"BUILT_IN"},{"servoFlavor":"CUSTOM","builtIn":true,"classSource":"APK","compatibleControlSystems":["REV_HUB"],"description":"a REV Blinkin LED Driver","flavor":"SERVO","isDeprecated":fa
11-28 20:21:22.493 11646 11881 V Robocol : {3596982 19.474} received command: CMD_ROBOT_CONTROLLER_PREFERENCE(24) {"booleanValue":true,"prefName":"pref_wifip2p_remote_channel_change_works"}
11-28 20:21:22.493 11646 11881 V Robocol : {3596982 19.475} received command: CMD_ROBOT_CONTROLLER_PREFERENCE(25) {"prefName":"pref_device_name","stringValue":"2845-C-RC"}
11-28 20:21:22.494 11646 11881 V Robocol : {3596982 19.476} received command: CMD_ROBOT_CONTROLLER_PREFERENCE(26) {"booleanValue":true,"prefName":"pref_warn_about_incorrect_clocks"}
11-28 20:21:22.495 11646 11881 V Robocol : {3596982 19.477} received command: CMD_ROBOT_CONTROLLER_PREFERENCE(27) {"booleanValue":true,"prefName":"pref_warn_about_obsolete_software"}
11-28 20:21:22.496 11646 11881 V Robocol : {3596982 19.477} received command: CMD_ROBOT_CONTROLLER_PREFERENCE(28) {"booleanValue":true,"prefName":"pref_has_speaker"}
11-28 20:21:22.496 11646 11881 V Robocol : {3596982 19.478} received command: CMD_NOTIFY_ROBOT_STATE(29) 2
11-28 20:21:22.497 11646 11881 V Robocol : {3596982 19.479} received command: CMD_ROBOT_CONTROLLER_PREFERENCE(30) {"booleanValue":true,"prefName":"pref_warn_about_2_4_ghz_band"}
11-28 20:21:22.498 11646 11881 V Robocol : {3596982 19.480} received command: CMD_ROBOT_CONTROLLER_PREFERENCE(31) {"booleanValue":true,"prefName":"pref_has_independent_phone_battery"}
11-28 20:21:22.498 11646 11881 V Robocol : {3596982 19.480} received command: CMD_ROBOT_CONTROLLER_PREFERENCE(32) {"prefName":"pref_app_theme","stringValue":"blue"}
11-28 20:21:22.499 11646 11881 V Robocol : {3596982 19.480} received command: CMD_ROBOT_CONTROLLER_PREFERENCE(33) {"booleanValue":true,"prefName":"pref_warn_about_mismatched_app_versions"}
11-28 20:21:22.499 11646 11881 V Robocol : {3596982 19.481} received command: CMD_ROBOT_CONTROLLER_PREFERENCE(34) {"booleanValue":false,"prefName":"pref_sound_on_off"}
11-28 20:21:22.499 11646 11881 V Robocol : {3596982 19.481} received command: CMD_ROBOT_CONTROLLER_PREFERENCE(35) {"intValue":0,"prefName":"pref_wifip2p_channel"}
11-28 20:21:22.518 11646 11885 V Robocol : {3596982 19.500} sending CMD_ROBOT_CONTROLLER_PREFERENCE(10005), attempt: 0
11-28 20:21:22.523 11646 11882 E RobotCore: {3596982 19.504} java.lang.ClassCastException: com.qualcomm.robotcore.hardware.configuration.typecontainers.MotorConfigurationType cannot be cast to com.qualcomm.robotcore.hardware.configuration.typecontainers.InstantiableUserConfigurationType
11-28 20:21:22.523 11646 11881 V Robocol : {3596982 19.505} received command: CMD_NOTIFY_ACTIVE_CONFIGURATION(42) {"isDirty":false,"location":"LOCAL_STORAGE","name":"ebay","resourceId":0}
11-28 20:21:22.523 11646 11882 E RobotCore: {3596982 19.505} 	at com.qualcomm.robotcore.hardware.configuration.ConfigurationTypeManager.add(ConfigurationTypeManager.java:386)
11-28 20:21:22.524 11646 11882 E RobotCore: {3596982 19.506} 	at com.qualcomm.robotcore.hardware.configuration.ConfigurationTypeManager.deserializeUserDeviceTypes(ConfigurationTypeManager.java:310)
11-28 20:21:22.524 11646 11882 E RobotCore: {3596982 19.506} 	at com.qualcomm.ftcdriverstation.FtcDriverStationActivity.handleCommandNotifyUserDeviceList(FtcDriverStationActivity.java:2957)
11-28 20:21:22.526 11646 11882 E RobotCore: {3596982 19.507} 	at com.qualcomm.ftcdriverstation.FtcDriverStationActivity.commandEvent(FtcDriverStationActivity.java:2029)
11-28 20:21:22.526 11646 11882 E RobotCore: {3596982 19.508} 	at org.firstinspires.ftc.robotcore.internal.network.NetworkConnectionHandler$RecvLoopCallbackChainer.commandEvent(NetworkConnectionHandler.java:777)
11-28 20:21:22.527 11646 11881 V Robocol : {3596982 19.508} received command: CMD_NOTIFY_USER_DEVICE_LIST(45) [{"builtIn":true,"classSource":"APK","compatibleControlSystems":["REV_HUB"],"description":"an Adafruit IMU","flavor":"I2C","isDeprecated":false,"isExternalLibraries":false,"isOnBotJava":false,"name":"Adafruit IMU","xmlTag":"AdafruitBNO055IMU","xmlTagAliases":[]},{"builtIn":true,"classSource":"APK","compatibleControlSystems":["REV_HUB"],"description":"a REV Color Sensor V3","flavor":"I2C","isDeprecated":false,"isExternalLibraries":false,"isOnBotJava":false,"name":"REV Color Sensor V3","xmlTag":"RevColorSensorV3","xmlTagAliases":[]},{"xmlTag":"Webcam","name":"Webcam","flavor":"BUILT_IN"},{"distributorInfo":{"distributor":"","model":"","url":""},"maxRPM":165.0,"ticksPerRev":1440.0,"builtIn":true,"classSource":"APK","compatibleControlSystems":["REV_HUB"],"description":"","flavor":"MOTOR","isDeprecated":false,"isExternalLibraries":false,"isOnBotJava":false,"name":"Unspecified Motor","xmlTag":"Motor","xmlTagAliases":[]},{"distributorInfo":{"distributor":"AndyMark","model":"am-3103","url":"http://www.andymark.com/NeveRest-60-Gearmotor-p/am-3103.htm"},"maxRPM":105.0,"ticksPerRev":1680.0,"builtIn":true,"classSource":"APK","compatibleControlSystems":["REV_HUB"],"description":"","flavor":"MOTOR","isDeprecated":false,"isExternalLibraries":false,"isOnBotJava":false,"name":"NeveRest 60 Gearmotor","xmlTag":"NeveRest60Gearmotor","xmlTagAliases":[]},{"distributorInfo":{"distributor":"AndyMark","model":"am-2964a","url":"http://www.andymark.com/NeveRest-40-Gearmotor-p/am-2964a.htm"},"maxRPM":160.0,"ticksPerRev":1120.0,"builtIn":true,"classSource":"APK","compatibleControlSystems":["REV_HUB"],"description":"","flavor":"MOTOR","isDeprecated":false,"isExternalLibraries":false,"isOnBotJava":false,"name":"NeveRest 40 Gearmotor","xmlTag":"NeveRest40Gearmotor","xmlTagAliases":[]},{"distributorInfo":{"distributor":"goBILDA_distributor","model":"goBILDA-5202","url":"https://www.gobilda.com/5202-series-yellow-jacket-planetary-gear-motors/"},"maxRPM":60.0,"ticksPerRev":2786.0,"builtIn":true,"classSource":"APK","compatibleControlSystems":["REV_HUB"],"description":"","flavor":"MOTOR","isDeprecated":false,"isExternalLibraries":false,"isOnBotJava":false,"name":"GoBILDA 5202/3/4 series","xmlTag":"goBILDA5202SeriesMotor","xmlTagAliases":[]},{"xmlTag":"Accelerometer","name":"[Unknown]","flavor":"BUILT_IN"},{"servoFlavor":"CONTINUOUS","builtIn":true,"classSource":"APK","compatibleControlSystems":["REV_HUB"],"description":"","flavor":"SERVO","isDeprecated":false,"isExternalLibraries":false,"isOnBotJava":false,"name":"Continuous Rotation Servo","xmlTag":"ContinuousRotationServo","xmlTagAliases":[]},{"distributorInfo":{"distributor":"AndyMark","model":"am-3461","url":""},"maxRPM":1784.0,"ticksPerRev":44.4,"builtIn":true,"classSource":"APK","compatibleControlSystems":["REV_HUB"],"description":"","flavor":"MOTOR","isDeprecated":false,"isExternalLibraries":false,"isOnBotJava":false,"name":"NeveRest 3.7 v1 Gearmotor","xmlTag":"NeveRest3.7v1Gearmotor","xmlTagAliases":[]},{"xmlTag":"Nothing","name":"Nothing","flavor":"BUILT_IN"},{"xmlTag":"LynxModule","name":"Expansion Hub","flavor":"BUILT_IN"},{"xmlTag":"UltrasonicSensor","name":"[Unknown]","flavor":"BUILT_IN"},{"distributorInfo":{"distributor":"goBILDA_distributor","model":"goBILDA-5201","url":"https://www.gobilda.com/5201-series-spur-gear-motors/"},"maxRPM":104.0,"ticksPerRev":1500.0,"builtIn":true,"classSource":"APK","compatibleControlSystems":["REV_HUB"],"description":"","flavor":"MOTOR","isDeprecated":false,"isExternalLibraries":false,"isOnBotJava":false,"name":"GoBILDA 5201 series","xmlTag":"goBILDA5201SeriesMotor","xmlTagAliases":[]},{"xmlTag":"\u003cunknown\u003e","name":"[Unknown]","flavor":"BUILT_IN"},{"xmlTag":"Robot","name":"[Unknown]","flavor":"BUILT_IN"},{"xmlTag":"LynxUsbDevice","name":"Expansion Hub Portal","flavor":"BUILT_IN"},{"servoFlavor":"CUSTOM","builtIn":true,"classSource":"APK","compatibleControlSystems":["REV_HUB"],"description":"a REV Blinkin LED Driver","flavor":"SERVO","isDeprecated":fa
11-28 20:21:22.527 11646 11882 E RobotCore: {3596982 19.509} 	at org.firstinspires.ftc.robotcore.internal.network.RecvLoopRunnable$CommandProcessor.run(RecvLoopRunnable.java:173)
11-28 20:21:22.527 11646 11881 V Robocol : {3596982 19.509} received command: CMD_NOTIFY_OP_MODE_LIST(48) [{"flavor":"AUTONOMOUS","group":"Linear Opmode","name":"AutoDrive","source":"ONBOTJAVA"},{"flavor":"TELEOP","group":"$$$$$$$","name":"AprilTagAutonomousInitDetectionExample","source":"ONBOTJAVA"},{"flavor":"AUTONOMOUS","group":"Linear Opmode","name":"PowerPlayAuto1","source":"ONBOTJAVA"}]
11-28 20:21:22.527 11646 11882 E RobotCore: {3596982 19.509} 	at java.util.concurrent.ThreadPoolExecutor.runWorker(ThreadPoolExecutor.java:1162)
11-28 20:21:22.528 11646 11882 E RobotCore: {3596982 19.509} 	at java.util.concurrent.ThreadPoolExecutor$Worker.run(ThreadPoolExecutor.java:636)
11-28 20:21:22.528 11646 11882 E RobotCore: {3596982 19.510} 	at com.qualcomm.robotcore.util.ThreadPool$ThreadFactoryImpl$1.run(ThreadPool.java:793)
11-28 20:21:22.528 11646 11882 E RobotCore: {3596982 19.510} 	at java.lang.Thread.run(Thread.java:764)
11-28 20:21:22.528 11646 11882 V Robocol : {3596982 19.510} unable to process command CMD_NOTIFY_USER_DEVICE_LIST callbacks=FtcDriverStationActivity
11-28 20:21:22.529 11646 11882 V NetDiscover_prefremds: {3596982 19.511} handleRobotControllerPreference() pref=pref_wifip2p_remote_channel_change_works
11-28 20:21:22.530 11646 11882 V NetDiscover_prefremds: {3596982 19.511} handleRobotControllerPreference() pref=pref_device_name
11-28 20:21:22.530 11646 11882 V NetDiscover_prefremds: {3596982 19.512} writing pref name=pref_wifip2p_groupowner_map_timestamp value=1669692082530
11-28 20:21:22.531 11646 11882 V NetDiscover_prefremds: {3596982 19.513} handleRobotControllerPreference() pref=pref_warn_about_incorrect_clocks
11-28 20:21:22.532 11646 11882 V NetDiscover_prefremds: {3596982 19.514} handleRobotControllerPreference() pref=pref_warn_about_obsolete_software
11-28 20:21:22.533 11646 11882 V NetDiscover_prefremds: {3596982 19.515} handleRobotControllerPreference() pref=pref_has_speaker
11-28 20:21:22.535 11646 11882 V NetDiscover_prefremds: {3596982 19.517} handleRobotControllerPreference() pref=pref_warn_about_2_4_ghz_band
11-28 20:21:22.537 11646 11882 V NetDiscover_prefremds: {3596982 19.518} handleRobotControllerPreference() pref=pref_has_independent_phone_battery
11-28 20:21:22.538 11646 11882 V NetDiscover_prefremds: {3596982 19.519} handleRobotControllerPreference() pref=pref_app_theme
11-28 20:21:22.538 11646 11646 V DriverStation: {3596982 19.520} onSharedPreferenceChanged() pref=pref_wifip2p_groupowner_map_timestamp
11-28 20:21:22.538 11646 11882 V NetDiscover_prefremds: {3596982 19.520} handleRobotControllerPreference() pref=pref_warn_about_mismatched_app_versions
11-28 20:21:22.538 11646 11646 I DriverStation: {3596982 19.520} Hide match logging UI
11-28 20:21:22.539 11646 11646 V NetDiscover_prefremds: {3596982 19.520} onSharedPreferenceChanged(name=pref_wifip2p_groupowner_map_timestamp, value=1669692082530)
11-28 20:21:22.539 11646 11882 V NetDiscover_prefremds: {3596982 19.521} handleRobotControllerPreference() pref=pref_sound_on_off
11-28 20:21:22.540 11646 11882 V NetDiscover_prefremds: {3596982 19.522} handleRobotControllerPreference() pref=pref_wifip2p_channel
11-28 20:21:22.541 11646 11882 V NetDiscover_prefremds: {3596982 19.523} pref_wifip2p_channel: prefChannel = 0
11-28 20:21:22.541 11646 11882 V DriverStation: {3596982 19.523} FtcDriverStationActivity.handleCommandRequestActiveConfigResp({"isDirty":false,"location":"LOCAL_STORAGE","name":"ebay","resourceId":0})
11-28 20:21:22.556 11646 11882 E RobotCore: {3596982 19.537} java.lang.ClassCastException: com.qualcomm.robotcore.hardware.configuration.typecontainers.MotorConfigurationType cannot be cast to com.qualcomm.robotcore.hardware.configuration.typecontainers.InstantiableUserConfigurationType
11-28 20:21:22.556 11646 11882 E RobotCore: {3596982 19.538} 	at com.qualcomm.robotcore.hardware.configuration.ConfigurationTypeManager.add(ConfigurationTypeManager.java:386)
11-28 20:21:22.556 11646 11882 E RobotCore: {3596982 19.538} 	at com.qualcomm.robotcore.hardware.configuration.ConfigurationTypeManager.deserializeUserDeviceTypes(ConfigurationTypeManager.java:310)
11-28 20:21:22.556 11646 11882 E RobotCore: {3596982 19.538} 	at com.qualcomm.ftcdriverstation.FtcDriverStationActivity.handleCommandNotifyUserDeviceList(FtcDriverStationActivity.java:2957)
11-28 20:21:22.557 11646 11882 E RobotCore: {3596982 19.539} 	at com.qualcomm.ftcdriverstation.FtcDriverStationActivity.commandEvent(FtcDriverStationActivity.java:2029)
11-28 20:21:22.557 11646 11882 E RobotCore: {3596982 19.539} 	at org.firstinspires.ftc.robotcore.internal.network.NetworkConnectionHandler$RecvLoopCallbackChainer.commandEvent(NetworkConnectionHandler.java:777)
11-28 20:21:22.557 11646 11882 E RobotCore: {3596982 19.539} 	at org.firstinspires.ftc.robotcore.internal.network.RecvLoopRunnable$CommandProcessor.run(RecvLoopRunnable.java:173)
11-28 20:21:22.557 11646 11882 E RobotCore: {3596982 19.539} 	at java.util.concurrent.ThreadPoolExecutor.runWorker(ThreadPoolExecutor.java:1162)
11-28 20:21:22.558 11646 11882 E RobotCore: {3596982 19.540} 	at java.util.concurrent.ThreadPoolExecutor$Worker.run(ThreadPoolExecutor.java:636)
11-28 20:21:22.558 11646 11882 E RobotCore: {3596982 19.540} 	at com.qualcomm.robotcore.util.ThreadPool$ThreadFactoryImpl$1.run(ThreadPool.java:793)
11-28 20:21:22.558 11646 11882 E RobotCore: {3596982 19.540} 	at java.lang.Thread.run(Thread.java:764)
11-28 20:21:22.558 11646 11882 V Robocol : {3596982 19.540} unable to process command CMD_NOTIFY_USER_DEVICE_LIST callbacks=FtcDriverStationActivity
11-28 20:21:22.559 11646 11882 V DriverStation: {3596982 19.541} Assuming client connected
11-28 20:21:22.561 11646 11882 V DriverStation: {3596982 19.543} Received the following op modes: [AutoDrive, AprilTagAutonomousInitDetectionExample, PowerPlayAuto1]
11-28 20:21:22.643 11646 11881 V Robocol : {3596983 19.626} received command: CMD_NOTIFY_WIFI_DIRECT_REMEMBERED_GROUPS_CHANGED(2) 
11-28 20:21:22.644 11646 11881 V Robocol : {3596983 19.627} received command: CMD_SHOW_TOAST(3) {"duration":1,"message":"Changed Wi-Fi Direct channel to \u0027Auto  device selects channel\u0027"}
11-28 20:21:22.644 11646 11882 V Robocol : {3596983 19.627} unable to process command CMD_NOTIFY_WIFI_DIRECT_REMEMBERED_GROUPS_CHANGED callbacks=FtcDriverStationActivity
11-28 20:21:22.645 11646 11881 V Robocol : {3596983 19.627} received command: CMD_NOTIFY_WIFI_DIRECT_REMEMBERED_GROUPS_CHANGED(4) 
11-28 20:21:22.645 11646 11881 V Robocol : {3596983 19.628} received command: CMD_NOTIFY_WIFI_DIRECT_REMEMBERED_GROUPS_CHANGED(5) 
11-28 20:21:22.645 11646 11882 V Robocol : {3596983 19.628} unable to process command CMD_NOTIFY_WIFI_DIRECT_REMEMBERED_GROUPS_CHANGED callbacks=FtcDriverStationActivity
11-28 20:21:22.646 11646 11882 V Robocol : {3596983 19.629} unable to process command CMD_NOTIFY_WIFI_DIRECT_REMEMBERED_GROUPS_CHANGED callbacks=FtcDriverStationActivity
11-28 20:21:22.646 11646 11881 V Robocol : {3596983 19.629} received command: CMD_NOTIFY_ROBOT_STATE(13) 0
11-28 20:21:22.648 11646 11881 V Robocol : {3596983 19.630} received command: CMD_NOTIFY_ROBOT_STATE(14) 3
11-28 20:21:22.649 11646 11882 V DriverStation: {3596983 19.631} ui:uiRobotStopped
11-28 20:21:22.650 11646 11881 V Robocol : {3596983 19.632} received command: CMD_NOTIFY_ROBOT_STATE(15) 1
11-28 20:21:22.650 11646 11881 V Robocol : {3596983 19.633} received command: CMD_NOTIFY_ACTIVE_CONFIGURATION(16) {"isDirty":false,"location":"LOCAL_STORAGE","name":"ebay","resourceId":0}
11-28 20:21:22.651 11646 11882 V DriverStation: {3596983 19.634} FtcDriverStationActivity.handleCommandRequestActiveConfigResp({"isDirty":false,"location":"LOCAL_STORAGE","name":"ebay","resourceId":0})
