12-01 12:02:18.653 16811 19117 D UsbResiliantWebcam: changeDelegatedCamera(CameraImpl(UvcDeviceHandle(pointer=0x8c6b6fd0|UvcDevice(/dev/bus/usb/001/004)))->null)...
12-01 12:02:18.654 16811 19117 D CachingExposureControl: onCameraChanged(CameraImpl(UvcDeviceHandle(pointer=0x8c6b6fd0|UvcDevice(/dev/bus/usb/001/004)))->null)...
12-01 12:02:18.654 16811 19117 D CachingExposureControl: ...onCameraChanged(CameraImpl(UvcDeviceHandle(pointer=0x8c6b6fd0|UvcDevice(/dev/bus/usb/001/004)))->null)
12-01 12:02:18.654 16811 19117 D UsbResiliantWebcam: ...changeDelegatedCamera(CameraImpl(UvcDeviceHandle(pointer=0x8c6b6fd0|UvcDevice(/dev/bus/usb/001/004)))->null)
12-01 12:02:18.654 16811 19117 D UvcDeviceHandle: ...externalDestructor()
12-01 12:02:18.655 16811 19117 V UvcDeviceHandle: destroy(pointer=0x8c6b6fd0)
12-01 12:02:18.655 16811 19117 D UvcDeviceHandle: destructor...
12-01 12:02:18.655 16811 19117 D Uvc     : [jni_devicehandle.cpp:87] Java_org_firstinspires_ftc_robotcore_internal_camera_libuvc_nativeobject_UvcDeviceHandle_nativeReleaseRefDeviceHandle()...
12-01 12:02:18.655 16811 19117 V Uvc     : API: Java_org_firstinspires_ftc_robotcore_internal_camera_libuvc_nativeobject_UvcDeviceHandle_nativeReleaseRefDeviceHandle: enter...
12-01 12:02:18.655 16811 19117 D Uvc     : [libuvc/libuvc_internal.h:872] uvc_device_handle::~uvc_device_handle()...
12-01 12:02:18.655 16811 19117 D Uvc     : [libuvc/libuvc_internal.h:840] uvc_device_handle::deconstruct()...
12-01 12:02:18.655 16811 19117 D Uvc     : [libuvc/libuvc_internal.h:751] uvc_device_handle::stop()...
12-01 12:02:18.655 16811 19117 D Uvc     : [libuvc/libuvc_internal.h:751] ...uvc_device_handle::stop()
12-01 12:02:18.655 16811 19117 D Uvc     : [libuvc/libuvc_internal.h:865] uvc_device_handle::close()...
12-01 12:02:18.656 16811 19117 E libusb  : [121.786284] [00004aad] libusb: error [do_close] Device handle closed while transfer was still being processed, but the device is still connected as far as we know
12-01 12:02:18.656 16811 19117 E libusb  : [121.786403] [00004aad] libusb: error [do_close] A cancellation hasn't even been scheduled on the transfer for which the device is closing
12-01 12:02:18.656 16811 19117 D Uvc     : [libuvc/libuvc_internal.h:865] ...uvc_device_handle::close()
12-01 12:02:18.656 16811 19117 D Uvc     : [libuvc/libuvc_internal.h:840] ...uvc_device_handle::deconstruct()
12-01 12:02:18.656 16811 19117 D Uvc     : [device.cpp:433] uvc_free_device_info()...
12-01 12:02:18.656 16811 19117 D Uvc     : [device.cpp:433] ...uvc_free_device_info()
12-01 12:02:18.656 16811 19117 D Uvc     : [libuvc/libuvc_internal.h:872] ...uvc_device_handle::~uvc_device_handle()
12-01 12:02:18.656 16811 19117 V Uvc     : API: Java_org_firstinspires_ftc_robotcore_internal_camera_libuvc_nativeobject_UvcDeviceHandle_nativeReleaseRefDeviceHandle: ...exit
12-01 12:02:18.656 16811 19117 D Uvc     : [jni_devicehandle.cpp:87] ...Java_org_firstinspires_ftc_robotcore_internal_camera_libuvc_nativeobject_UvcDeviceHandle_nativeReleaseRefDeviceHandle()
12-01 12:02:18.657 16811 19117 V UvcDevice: destroy(pointer=0x818529e0|/dev/bus/usb/001/004)
12-01 12:02:18.657 16811 19117 D UsbDeviceConnectionJNI: close
12-01 12:02:18.657 16811 19117 D Uvc     : [jni_device.cpp:126] Java_org_firstinspires_ftc_robotcore_internal_camera_libuvc_nativeobject_UvcDevice_nativeReleaseRefDevice()...
12-01 12:02:18.657 16811 19117 V Uvc     : API: Java_org_firstinspires_ftc_robotcore_internal_camera_libuvc_nativeobject_UvcDevice_nativeReleaseRefDevice: enter...
12-01 12:02:18.657 16811 19117 D Uvc     : [device.cpp:882] uvc_unref_device()...
12-01 12:02:18.657 16811 19117 D Uvc     : [device.cpp:882] ...uvc_unref_device()
12-01 12:02:18.657 16811 19117 V Uvc     : API: Java_org_firstinspires_ftc_robotcore_internal_camera_libuvc_nativeobject_UvcDevice_nativeReleaseRefDevice: ...exit
12-01 12:02:18.657 16811 19117 D Uvc     : [jni_device.cpp:126] ...Java_org_firstinspires_ftc_robotcore_internal_camera_libuvc_nativeobject_UvcDevice_nativeReleaseRefDevice()
12-01 12:02:18.658 16811 19117 V LibUsbDevice: destroy(pointer=0x8c4873a0)
12-01 12:02:18.658 16811 19117 D Uvc     : [jni_libusb_device.cpp:64] Java_org_firstinspires_ftc_robotcore_internal_camera_libuvc_nativeobject_LibUsbDevice_nativeReleaseRefDevice()...
12-01 12:02:18.658 16811 19117 D Uvc     : [jni_libusb_device.cpp:64] ...Java_org_firstinspires_ftc_robotcore_internal_camera_libuvc_nativeobject_LibUsbDevice_nativeReleaseRefDevice()
12-01 12:02:18.658 16811 19117 D UvcDeviceHandle: ...destructor
12-01 12:02:18.658 16811 19117 D UvcDeviceHandle: ...CameraImpl.destructor()
12-01 12:02:18.658 16811 19117 D UsbResiliantWebcam: ...externalDestructor()
12-01 12:02:18.658 16811 19117 V UsbResiliantWebcam: destroy(hash=0x0a3fa233)
12-01 12:02:18.658 16811 19117 D UsbResiliantWebcam: destructor()...
12-01 12:02:18.659 16811 19117 D UsbResiliantWebcam: ...destructor()
12-01 12:02:18.659 16811 19117 D UsbResiliantWebcam: ...CameraImpl.destructor()
12-01 12:02:18.659 16811 19117 I RobotCore: Attempting to switch to op mode $Stop$Robot$
12-01 12:02:18.660 16811 19117 D HardwareMap: Clearing which device instances have been retrieved
12-01 12:02:18.660 16811 19117 D HardwareMap: Clearing which device instances have been retrieved
12-01 12:02:18.663 16811 19284 V RobotCore: thread: 'OpModeThread' starting...
12-01 12:02:18.682 16811 19128 V Robocol : sending CMD_NOTIFY_INIT_OP_MODE(1296), attempt: 0
12-01 12:02:18.733 16811 19003 V Robocol : received command: CMD_RUN_OP_MODE(11110) $Stop$Robot$
12-01 12:02:18.762 16811 19128 V Robocol : sending CMD_NOTIFY_RUN_OP_MODE(1301), attempt: 0
12-01 12:02:23.694 16811 19003 V Robocol : received command: CMD_SET_MATCH_NUMBER(11181) 0
12-01 12:02:23.695 16811 19003 V Robocol : received command: CMD_INIT_OP_MODE(11182) PowerPlayAuto1
12-01 12:02:23.711 16811 19004 I RobotCore: ******************** START - OPMODE PowerPlayAuto1 ********************
12-01 12:02:23.716 16811 19284 V RobotCore: thread: ...terminating 'OpModeThread'
12-01 12:02:23.719 16811 19117 I RobotCore: Attempting to switch to op mode PowerPlayAuto1
12-01 12:02:23.855 16811 19117 D HardwareMap: Clearing which device instances have been retrieved
12-01 12:02:23.855 16811 19117 D HardwareMap: Clearing which device instances have been retrieved
12-01 12:02:23.858 16811 19291 V RobotCore: thread: 'OpModeThread' starting...
12-01 12:02:23.882 16811 19128 V Robocol : sending CMD_NOTIFY_INIT_OP_MODE(1386), attempt: 0
12-01 12:02:23.944 16811 19291 V BNO055  : Suppressing I2C warnings while we check for a BNO055 IMU
12-01 12:02:23.953 16811 19291 V BNO055  : Found BNO055 IMU
12-01 12:02:24.402 16811 19291 V BNO055IMU: Now polling until IMU comes out of reset. It is normal to see I2C failures below
12-01 12:02:24.409 16811 19291 V RobotCore: addr=false data=true arb=false clock=false
12-01 12:02:24.410 16811 19291 E LynxI2cDeviceSynch: readStatusQuery: cbExpected=1 cbRead=0
12-01 12:02:24.410 16811 19291 E LynxI2cDeviceSynch: placeholder: readStatusQuery
12-01 12:02:24.478 16811 19291 V RobotCore: addr=false data=true arb=false clock=false
12-01 12:02:24.479 16811 19291 E LynxI2cDeviceSynch: readStatusQuery: cbExpected=1 cbRead=0
12-01 12:02:24.647 16811 19291 V BNO055IMU: IMU has come out of reset. No more I2C failures should occur.
12-01 12:02:24.722 16811 19291 I System.out: OpenCvCameraBase ctor: EasyOpenCV version 1.5.2
12-01 12:02:24.726 16811 19291 D AprilTagDetectorJNI: Creating 36h11 tag family
12-01 12:02:24.726 16811 19291 D AprilTagDetectorJNI: Initializing april tag detector
12-01 12:02:24.761 16811 16811 D OpenCvViewport: surfaceCreated()
12-01 12:02:24.761 16811 16811 D OpenCvViewport: ...surfaceCreated()
12-01 12:02:24.761 16811 16811 D OpenCvViewport: surfaceChanged()
12-01 12:02:24.761 16811 16811 D OpenCvViewport: CheckState(): user requested that we deactivate
12-01 12:02:24.761 16811 16811 D OpenCvViewport: CheckState(): already deactivated
12-01 12:02:24.761 16811 16811 D OpenCvViewport: ...surfaceChanged()
12-01 12:02:24.762 16811 19128 V Robocol : sending CMD_STREAM_CHANGE(1396), attempt: 0
12-01 12:02:24.924 16811 19291 D AprilTagDetectorJNI: Initializing april tag JNI context object
12-01 12:02:24.925 16811 19293 D CameraManager: doOpenCamera()...
12-01 12:02:24.925 16811 19293 D CameraManager: requesting permission for camera: Webcam(688D709F)
12-01 12:02:24.927 16811 19293 D WebcamNameImpl: requesting permission for /dev/bus/usb/001/004
12-01 12:02:24.928 16811 19293 V WebcamNameImpl: asyncRequestUsbPermission()...
12-01 12:02:24.929 16811 19293 D WebcamNameImpl: permission already available for /dev/bus/usb/001/004
12-01 12:02:24.929 16811 19293 V WebcamNameImpl: ...asyncRequestUsbPermission()
12-01 12:02:24.929 16811 19293 D ContinuationSynchronizer: awaiting(camera open)...
12-01 12:02:24.929 16811 19265 D WebcamNameImpl: permission for /dev/bus/usb/001/004=true
12-01 12:02:24.929 16811 19265 D CameraManager: permission granted for camera: Webcam(688D709F)
12-01 12:02:24.929 16811 19265 D CameraManager: asyncOpenCamera(Webcam(688D709F))...
12-01 12:02:24.929 16811 19265 D CameraManager: asyncOpenWebcam(Webcam(688D709F))...
12-01 12:02:24.929 16811 19265 V UsbResiliantWebcam: construct(0x0d29d17c)
12-01 12:02:24.930 16811 19265 D UsbResiliantWebcam: openAssumingPermission()...
12-01 12:02:24.931 16811 19265 D UvcContext: found webcam: usbPath=/dev/bus/usb/001/004 vid=0x46D pid=0x8E5 serial=688D709F product=HD Pro Webcam C920
12-01 12:02:24.931 16811 19265 D Uvc     : [jni_context.cpp:120] Java_org_firstinspires_ftc_robotcore_internal_camera_libuvc_nativeobject_UvcContext_nativeCreateUvcDevice()...
12-01 12:02:24.931 16811 19265 V Uvc     : API: Java_org_firstinspires_ftc_robotcore_internal_camera_libuvc_nativeobject_UvcContext_nativeCreateUvcDevice: enter...
12-01 12:02:24.931 16811 19265 D libusb  : [128.062004] [00004b41] libusb: debug [op_create] op_create: szUsbPath=/dev/bus/usb/001/004 szSysfsDir=(null)
12-01 12:02:24.931 16811 19265 D Uvc     : [device.cpp:613] uvc_create_uvc_device()...
12-01 12:02:24.931 16811 19265 D Uvc     : [libuvc/libuvc_internal.h:346] uvc_device::uvc_device()...
12-01 12:02:24.931 16811 19265 D Uvc     : [libuvc/libuvc_internal.h:375] acquired vid=1133 & pid=2277
12-01 12:02:24.931 16811 19265 D Uvc     : [libuvc/libuvc_internal.h:346] ...uvc_device::uvc_device()
12-01 12:02:24.931 16811 19265 D Uvc     : [device.cpp:613] ...uvc_create_uvc_device() rc=0
12-01 12:02:24.931 16811 19265 V Uvc     : API: Java_org_firstinspires_ftc_robotcore_internal_camera_libuvc_nativeobject_UvcContext_nativeCreateUvcDevice: ...exit
12-01 12:02:24.931 16811 19265 D Uvc     : [jni_context.cpp:120] ...Java_org_firstinspires_ftc_robotcore_internal_camera_libuvc_nativeobject_UvcContext_nativeCreateUvcDevice()
12-01 12:02:24.931 16811 19265 V UvcDevice: construct(pointer=0x8cafb0c8|null)
12-01 12:02:24.931 16811 19265 D Uvc     : [jni_device.cpp:108] Java_org_firstinspires_ftc_robotcore_internal_camera_libuvc_nativeobject_UvcDevice_nativeGetLibUsbDevice()...
12-01 12:02:24.931 16811 19265 D Uvc     : [jni_device.cpp:108] ...Java_org_firstinspires_ftc_robotcore_internal_camera_libuvc_nativeobject_UvcDevice_nativeGetLibUsbDevice()
12-01 12:02:24.932 16811 19265 V LibUsbDevice: construct(pointer=0x8c4873a0)
12-01 12:02:24.932 16811 19265 D UvcContext: usb device is *not* UVC compatible, /dev/bus/usb/001/003
12-01 12:02:24.933 16811 19265 D UvcDevice: open()...
12-01 12:02:25.813 16811 19265 D Uvc     : [jni_device.cpp:50] Java_org_firstinspires_ftc_robotcore_internal_camera_libuvc_nativeobject_UvcDevice_nativeSetUsbDeviceInfo()...
12-01 12:02:25.813 16811 19265 D Uvc     : [jni_device.cpp:50] ...Java_org_firstinspires_ftc_robotcore_internal_camera_libuvc_nativeobject_UvcDevice_nativeSetUsbDeviceInfo()
12-01 12:02:25.813 16811 19265 D Uvc     : [jni_device.cpp:233] Java_org_firstinspires_ftc_robotcore_internal_camera_libuvc_nativeobject_UvcDevice_nativeOpenDeviceHandle()...
12-01 12:02:25.813 16811 19265 V Uvc     : API: Java_org_firstinspires_ftc_robotcore_internal_camera_libuvc_nativeobject_UvcDevice_nativeOpenDeviceHandle: enter...
12-01 12:02:25.813 16811 19265 D Uvc     : [device.cpp:279] uvc_open()...
12-01 12:02:25.813 16811 19265 D Uvc     : [libuvc/libuvc_internal.h:356] uvc_device::open()...
12-01 12:02:25.814 16811 19265 D libusb  : [128.944338] [00004b41] libusb: debug [op_open] op_open: szUsbPath=/dev/bus/usb/001/004
12-01 12:02:25.814 16811 19265 D Uvc     : [libuvc/libuvc_internal.h:356] ...uvc_device::open() rc=0
12-01 12:02:25.814 16811 19265 D Uvc     : [device.cpp:295] calling libusb_reset_device()...
12-01 12:02:27.215 16811 19265 D Uvc     : [device.cpp:303] ...libusb_reset_device() called
12-01 12:02:27.216 16811 19265 D Uvc     : [device.cpp:311] libusb_open() = 0
12-01 12:02:27.216 16811 19265 D Uvc     : [libuvc/libuvc_internal.h:732] uvc_device_handle::uvc_device_handle()...
12-01 12:02:27.216 16811 19265 D Uvc     : [libuvc/libuvc_internal.h:732] ...uvc_device_handle::uvc_device_handle()
12-01 12:02:27.216 16811 19265 D Uvc     : [device.cpp:386] uvc_get_device_info()...
12-01 12:02:27.216 16811 19265 D libusb  : [130.346574] [00004b41] libusb: debug [op_get_config_descriptor] op_get_config_descriptor: config_index=0
12-01 12:02:27.216 16811 19265 D libusb  : [130.346669] [00004b41] libusb: debug [op_get_config_descriptor] op_get_config_descriptor: config_index=0
12-01 12:02:27.216 16811 19265 D Uvc     : [device.cpp:986] uvc_scan_control()...
12-01 12:02:27.216 16811 19265 D Uvc     : [device.cpp:1041] uvc_parse_vc_header()...
12-01 12:02:27.216 16811 19265 D Uvc     : [device.cpp:1284] uvc_scan_streaming()...
12-01 12:02:27.216 16811 19265 D Uvc     : [device.cpp:1340] uvc_parse_vs_input_header()...
12-01 12:02:27.216 16811 19265 D Uvc     : [device.cpp:1340] ...uvc_parse_vs_input_header() rc=0
12-01 12:02:27.216 16811 19265 D Uvc     : [device.cpp:1389] uvc_parse_vs_format_uncompressed()...
12-01 12:02:27.216 16811 19265 D Uvc     : [device.cpp:1389] ...uvc_parse_vs_format_uncompressed() rc=0
12-01 12:02:27.217 16811 19265 V Uvc     : [device.cpp:1630] unsupported descriptor subtype: 13 UVC_VS_COLORFORMAT
12-01 12:02:27.217 16811 19265 D Uvc     : [device.cpp:1449] uvc_parse_vs_format_mjpeg()...
12-01 12:02:27.217 16811 19265 D Uvc     : [device.cpp:1449] ...uvc_parse_vs_format_mjpeg() rc=0
12-01 12:02:27.217 16811 19265 V Uvc     : [device.cpp:1630] unsupported descriptor subtype: 13 UVC_VS_COLORFORMAT
12-01 12:02:27.217 16811 19265 D Uvc     : [device.cpp:1284] ...uvc_scan_streaming() rc=0
12-01 12:02:27.217 16811 19265 D Uvc     : [device.cpp:1041] ...uvc_parse_vc_header() rc=0
12-01 12:02:27.217 16811 19265 D Uvc     : [device.cpp:1083] uvc_parse_vc_input_terminal()...
12-01 12:02:27.217 16811 19265 D Uvc     : [device.cpp:1083] ...uvc_parse_vc_input_terminal() rc=0
12-01 12:02:27.218 16811 19265 D Uvc     : [device.cpp:1156] uvc_parse_vc_processing_unit()...
12-01 12:02:27.218 16811 19265 D Uvc     : [device.cpp:1156] ...uvc_parse_vc_processing_unit() rc=0
12-01 12:02:27.218 16811 19265 D Uvc     : [device.cpp:986] ...uvc_scan_control() rc=0
12-01 12:02:27.218 16811 19265 D Uvc     : [device.cpp:386] ...uvc_get_device_info() rc=0
12-01 12:02:27.218 16811 19265 D Uvc     : [device.cpp:326] claiming control interface 0
12-01 12:02:27.218 16811 19265 D Uvc     : [libuvc/libuvc_internal.h:770] uvc_device_handle::claimInterface(idx=0)...
12-01 12:02:27.218 16811 19265 D UvcDevice: claimInterface(0)
12-01 12:02:27.219 16811 19265 D UvcDevice: claimInterface(0) succeeded
12-01 12:02:27.219 16811 19265 D Uvc     : [libuvc/libuvc_internal.h:783] claimInterface(0) succeeded
12-01 12:02:27.219 16811 19265 D Uvc     : [libuvc/libuvc_internal.h:770] ...uvc_device_handle::claimInterface() rc=0
12-01 12:02:27.219 16811 19265 D Uvc     : [device.cpp:279] ...uvc_open() rc=0
12-01 12:02:27.219 16811 19265 V Uvc     : API: Java_org_firstinspires_ftc_robotcore_internal_camera_libuvc_nativeobject_UvcDevice_nativeOpenDeviceHandle: ...exit
12-01 12:02:27.219 16811 19265 D Uvc     : [jni_device.cpp:233] ...Java_org_firstinspires_ftc_robotcore_internal_camera_libuvc_nativeobject_UvcDevice_nativeOpenDeviceHandle()
12-01 12:02:27.219 16811 19265 V UvcDeviceHandle: construct(pointer=0x8c6b72e0)
12-01 12:02:27.220 16811 19265 V CameraImpl: construct(0x0a7f9a5a)
12-01 12:02:27.221 16811 19265 D UsbResiliantWebcam.InterveningStateCallback: onOpened() camera=CameraImpl(UvcDeviceHandle(pointer=0x8c6b72e0|UvcDevice(/dev/bus/usb/001/004)))...
12-01 12:02:27.222 16811 19265 D UsbResiliantWebcam: changeDelegatedCamera(null->CameraImpl(UvcDeviceHandle(pointer=0x8c6b72e0|UvcDevice(/dev/bus/usb/001/004))))...
12-01 12:02:27.222 16811 19265 D UvcApiFocusControl: isModeSupported(Auto)...
12-01 12:02:27.222 16811 19265 D UvcApiFocusControl: ...isModeSupported(Auto): false
12-01 12:02:27.222 16811 19265 D UvcApiFocusControl: isModeSupported(ContinuousAuto)...
12-01 12:02:27.223 16811 19265 D UvcApiFocusControl: ...isModeSupported(ContinuousAuto): true
12-01 12:02:27.223 16811 19265 D UvcApiFocusControl: isModeSupported(Macro)...
12-01 12:02:27.223 16811 19265 D UvcApiFocusControl: ...isModeSupported(Macro): false
12-01 12:02:27.223 16811 19265 D UvcApiFocusControl: isModeSupported(Infinity)...
12-01 12:02:27.224 16811 19265 D UvcApiFocusControl: ...isModeSupported(Infinity): false
12-01 12:02:27.224 16811 19265 D UvcApiFocusControl: isModeSupported(Fixed)...
12-01 12:02:27.224 16811 19265 D UvcApiFocusControl: ...isModeSupported(Fixed): true
12-01 12:02:27.224 16811 19265 D UvcApiFocusControl: isFocusLengthSupported...
12-01 12:02:27.224 16811 19265 D UvcApiFocusControl: ...isFocusLengthSupported: true
12-01 12:02:27.224 16811 19265 D UvcApiFocusControl: getMinFocusLength()...
12-01 12:02:27.225 16811 19265 D UvcApiFocusControl: ...getMinFocusLength(): 0.0
12-01 12:02:27.226 16811 19265 D UvcApiFocusControl: getMaxFocusLength()...
12-01 12:02:27.227 16811 19265 D UvcApiFocusControl: ...getMaxFocusLength(): 250.0
12-01 12:02:27.228 16811 19265 D UvcApiFocusControl: getFocusLength()...
12-01 12:02:27.228 16811 19265 D UvcDeviceHandle: [jni_devicehandle.cpp:1059] focusLength=0
12-01 12:02:27.229 16811 19265 D UvcApiFocusControl: ...getFocusLength(): 0.0
12-01 12:02:27.230 16811 19265 D CachingExposureControl: onCameraChanged(null->CameraImpl(UvcDeviceHandle(pointer=0x8c6b72e0|UvcDevice(/dev/bus/usb/001/004))))...
12-01 12:02:27.230 16811 19265 D UvcApiExposureControl: isModeSupported(Auto)...
12-01 12:02:27.232 16811 19265 D UvcApiExposureControl: ...isModeSupported(Auto): false
12-01 12:02:27.232 16811 19265 D UvcApiExposureControl: isModeSupported(ContinuousAuto)...
12-01 12:02:27.233 16811 19265 D UvcApiExposureControl: ...isModeSupported(ContinuousAuto): false
12-01 12:02:27.234 16811 19265 D UvcApiExposureControl: isModeSupported(Manual)...
12-01 12:02:27.234 16811 19265 D UvcApiExposureControl: ...isModeSupported(Manual): true
12-01 12:02:27.235 16811 19265 D UvcApiExposureControl: isModeSupported(ShutterPriority)...
12-01 12:02:27.236 16811 19265 D UvcApiExposureControl: ...isModeSupported(ShutterPriority): false
12-01 12:02:27.236 16811 19265 D UvcApiExposureControl: isModeSupported(AperturePriority)...
12-01 12:02:27.237 16811 19265 D UvcApiExposureControl: ...isModeSupported(AperturePriority): true
12-01 12:02:27.237 16811 19265 D UvcApiExposureControl: isExposureSupported()...
12-01 12:02:27.237 16811 19265 D UvcApiExposureControl: ...isExposureSupported(): true
12-01 12:02:27.238 16811 19265 D UvcApiExposureControl: getMinExposure(NANOSECONDS)...
12-01 12:02:27.238 16811 19265 D Uvc     : [jni_devicehandle.cpp:645] Java_org_firstinspires_ftc_robotcore_internal_camera_libuvc_nativeobject_UvcDeviceHandle_nativeGetMinExposure()...
12-01 12:02:27.238 16811 19265 D Uvc     : [jni_devicehandle.cpp:645] ...Java_org_firstinspires_ftc_robotcore_internal_camera_libuvc_nativeobject_UvcDeviceHandle_nativeGetMinExposure()
12-01 12:02:27.239 16811 19265 D UvcApiExposureControl: ...getMinExposure(NANOSECONDS): 300000
12-01 12:02:27.239 16811 19265 D UvcApiExposureControl: getMaxExposure(NANOSECONDS)...
12-01 12:02:27.240 16811 19265 D UvcApiExposureControl: ...getMaxExposure(NANOSECONDS): 204700000
12-01 12:02:27.240 16811 19265 D UvcApiExposureControl: setAePriority()...
12-01 12:02:27.241 16811 19265 D UvcApiExposureControl: ...setAePriority()
12-01 12:02:27.242 16811 19265 D UvcApiExposureControl: getMode()...
12-01 12:02:27.242 16811 19265 D Uvc     : [jni_devicehandle.cpp:493] Java_org_firstinspires_ftc_robotcore_internal_camera_libuvc_nativeobject_UvcDeviceHandle_nativeGetVuforiaExposureMode()...
12-01 12:02:27.242 16811 19265 D Uvc     : [jni_devicehandle.cpp:493] ...Java_org_firstinspires_ftc_robotcore_internal_camera_libuvc_nativeobject_UvcDeviceHandle_nativeGetVuforiaExposureMode()
12-01 12:02:27.243 16811 19265 D UvcApiExposureControl: ...getMode(): AperturePriority
12-01 12:02:27.244 16811 19265 D CachingExposureControl: ...onCameraChanged(null->CameraImpl(UvcDeviceHandle(pointer=0x8c6b72e0|UvcDevice(/dev/bus/usb/001/004))))
12-01 12:02:27.244 16811 19265 D UvcApiPtzControl: getMinZoom()...
12-01 12:02:27.245 16811 19265 D UvcApiPtzControl: ...getMinZoom(): 100
12-01 12:02:27.245 16811 19265 D UvcApiPtzControl: getMaxZoom()...
12-01 12:02:27.246 16811 19265 D UvcApiPtzControl: ...getMaxZoom(): 500
12-01 12:02:27.246 16811 19265 D UvcApiPtzControl: getMinPanTilt()...
12-01 12:02:27.247 16811 19265 D UvcApiPtzControl: ...getMinPanTilt(): org.firstinspires.ftc.robotcore.external.hardware.camera.controls.PtzControl$PanTiltHolder@4f8548b
12-01 12:02:27.247 16811 19265 D UvcApiPtzControl: getMaxPanTilt()...
12-01 12:02:27.248 16811 19265 D UvcApiPtzControl: ...getMaxPanTilt(): org.firstinspires.ftc.robotcore.external.hardware.camera.controls.PtzControl$PanTiltHolder@6008968
12-01 12:02:27.248 16811 19265 D UvcApiPtzControl: getZoom()...
12-01 12:02:27.249 16811 19265 D UvcApiPtzControl: ...getZoom(): 100
12-01 12:02:27.249 16811 19265 D UvcApiPtzControl: getPanTilt()...
12-01 12:02:27.250 16811 19265 D UvcApiPtzControl: ...getPanTilt(): org.firstinspires.ftc.robotcore.external.hardware.camera.controls.PtzControl$PanTiltHolder@6886181
12-01 12:02:27.250 16811 19265 D UvcApiGainControl: getMinGain()...
12-01 12:02:27.250 16811 19265 D Uvc     : [jni_devicehandle.cpp:894] Java_org_firstinspires_ftc_robotcore_internal_camera_libuvc_nativeobject_UvcDeviceHandle_nativeGetMinGain()...
12-01 12:02:27.251 16811 19265 D Uvc     : [jni_devicehandle.cpp:894] ...Java_org_firstinspires_ftc_robotcore_internal_camera_libuvc_nativeobject_UvcDeviceHandle_nativeGetMinGain()
12-01 12:02:27.251 16811 19265 D UvcApiGainControl: ...getMinGain(): 0
12-01 12:02:27.251 16811 19265 D UvcApiGainControl: getMaxGain()...
12-01 12:02:27.251 16811 19265 D Uvc     : [jni_devicehandle.cpp:917] Java_org_firstinspires_ftc_robotcore_internal_camera_libuvc_nativeobject_UvcDeviceHandle_nativeGetMaxGain()...
12-01 12:02:27.252 16811 19265 D Uvc     : [jni_devicehandle.cpp:917] ...Java_org_firstinspires_ftc_robotcore_internal_camera_libuvc_nativeobject_UvcDeviceHandle_nativeGetMaxGain()
12-01 12:02:27.252 16811 19265 D UvcApiGainControl: ...getMaxGain(): 255
12-01 12:02:27.252 16811 19265 D UvcApiGainControl: getGain()...
12-01 12:02:27.252 16811 19265 D Uvc     : [jni_devicehandle.cpp:940] Java_org_firstinspires_ftc_robotcore_internal_camera_libuvc_nativeobject_UvcDeviceHandle_nativeGetGain()...
12-01 12:02:27.252 16811 19265 D Uvc     : [jni_devicehandle.cpp:940] ...Java_org_firstinspires_ftc_robotcore_internal_camera_libuvc_nativeobject_UvcDeviceHandle_nativeGetGain()
12-01 12:02:27.253 16811 19265 D UvcApiGainControl: ...getGain(): 0
12-01 12:02:27.253 16811 19265 D UvcApiWhiteBalanceControl: getMinWhiteBalanceTemperature()...
12-01 12:02:27.253 16811 19265 D Uvc     : [jni_devicehandle.cpp:726] Java_org_firstinspires_ftc_robotcore_internal_camera_libuvc_nativeobject_UvcDeviceHandle_nativeGetMinWhiteBalanceTemperature()...
12-01 12:02:27.253 16811 19265 D Uvc     : [jni_devicehandle.cpp:726] ...Java_org_firstinspires_ftc_robotcore_internal_camera_libuvc_nativeobject_UvcDeviceHandle_nativeGetMinWhiteBalanceTemperature()
12-01 12:02:27.254 16811 19265 D UvcApiWhiteBalanceControl: ...getMinWhiteBalanceTemperature(): 2000
12-01 12:02:27.254 16811 19265 D UvcApiWhiteBalanceControl: getMaxWhiteBalanceTemperature()...
12-01 12:02:27.254 16811 19265 D Uvc     : [jni_devicehandle.cpp:748] Java_org_firstinspires_ftc_robotcore_internal_camera_libuvc_nativeobject_UvcDeviceHandle_nativeGetMaxWhiteBalanceTemperature()...
12-01 12:02:27.254 16811 19265 D Uvc     : [jni_devicehandle.cpp:748] ...Java_org_firstinspires_ftc_robotcore_internal_camera_libuvc_nativeobject_UvcDeviceHandle_nativeGetMaxWhiteBalanceTemperature()
12-01 12:02:27.255 16811 19265 D UvcApiWhiteBalanceControl: ...getMaxWhiteBalanceTemperature(): 6500
12-01 12:02:27.255 16811 19265 D UvcApiWhiteBalanceControl: getWhiteBalanceTemperature()...
12-01 12:02:27.255 16811 19265 D Uvc     : [jni_devicehandle.cpp:793] Java_org_firstinspires_ftc_robotcore_internal_camera_libuvc_nativeobject_UvcDeviceHandle_nativeGetWhiteBalanceTemperature()...
12-01 12:02:27.255 16811 19265 D Uvc     : [jni_devicehandle.cpp:793] ...Java_org_firstinspires_ftc_robotcore_internal_camera_libuvc_nativeobject_UvcDeviceHandle_nativeGetWhiteBalanceTemperature()
12-01 12:02:27.255 16811 19265 D UvcApiWhiteBalanceControl: ...getWhiteBalanceTemperature(): 4000
12-01 12:02:27.256 16811 19265 D UsbResiliantWebcam: ...changeDelegatedCamera(null->CameraImpl(UvcDeviceHandle(pointer=0x8c6b72e0|UvcDevice(/dev/bus/usb/001/004))))
12-01 12:02:27.256 16811 19265 D UsbResiliantWebcam: openSelfAndReport()...
12-01 12:02:27.256 16811 19265 V CameraImpl: construct(0x008d0226)
12-01 12:02:27.256 16811 19265 D UsbResiliantWebcam: ...openSelfAndReport()
12-01 12:02:27.256 16811 19265 D UsbResiliantWebcam.InterveningStateCallback: ...onOpened() camera=CameraImpl(UvcDeviceHandle(pointer=0x8c6b72e0|UvcDevice(/dev/bus/usb/001/004)))
12-01 12:02:27.256 16811 19265 D UvcDevice: ...open()
12-01 12:02:27.256 16811 19265 D UsbResiliantWebcam: ...openAssumingPermission()
12-01 12:02:27.256 16811 19265 D CameraManager: ...asyncOpenWebcam(Webcam(688D709F))
12-01 12:02:27.256 16811 19152 D CameraManager: camera reports opened: CameraImpl(UsbResiliantWebcam(Webcam(688D709F)))
12-01 12:02:27.256 16811 19265 D CameraManager: ...asyncOpenCamera(Webcam(688D709F))
12-01 12:02:27.257 16811 19152 D ContinuationSynchronizer: finish("camera reports opened: Webcam(688D709F)": CameraImpl(UsbResiliantWebcam(Webcam(688D709F))))...
12-01 12:02:27.257 16811 19152 D ContinuationSynchronizer: ...finish("camera reports opened: Webcam(688D709F)": CameraImpl(UsbResiliantWebcam(Webcam(688D709F))))
12-01 12:02:27.257 16811 19293 D ContinuationSynchronizer: ...awaiting(camera open)
12-01 12:02:27.257 16811 19293 D CameraManager: ...doOpenCamera()
12-01 12:02:27.259 16811 19293 D UvcContext: found webcam: usbPath=/dev/bus/usb/001/004 vid=0x46D pid=0x8E5 serial=688D709F product=HD Pro Webcam C920
12-01 12:02:27.259 16811 19293 D Uvc     : [jni_context.cpp:120] Java_org_firstinspires_ftc_robotcore_internal_camera_libuvc_nativeobject_UvcContext_nativeCreateUvcDevice()...
12-01 12:02:27.259 16811 19293 V Uvc     : API: Java_org_firstinspires_ftc_robotcore_internal_camera_libuvc_nativeobject_UvcContext_nativeCreateUvcDevice: enter...
12-01 12:02:27.259 16811 19293 D libusb  : [130.389734] [00004b5d] libusb: debug [op_create] op_create: szUsbPath=/dev/bus/usb/001/004 szSysfsDir=(null)
12-01 12:02:27.259 16811 19293 D Uvc     : [device.cpp:613] uvc_create_uvc_device()...
12-01 12:02:27.259 16811 19293 D Uvc     : [libuvc/libuvc_internal.h:346] uvc_device::uvc_device()...
12-01 12:02:27.259 16811 19293 D Uvc     : [libuvc/libuvc_internal.h:375] acquired vid=1133 & pid=2277
12-01 12:02:27.259 16811 19293 D Uvc     : [libuvc/libuvc_internal.h:346] ...uvc_device::uvc_device()
12-01 12:02:27.259 16811 19293 D Uvc     : [device.cpp:613] ...uvc_create_uvc_device() rc=0
12-01 12:02:27.259 16811 19293 V Uvc     : API: Java_org_firstinspires_ftc_robotcore_internal_camera_libuvc_nativeobject_UvcContext_nativeCreateUvcDevice: ...exit
12-01 12:02:27.259 16811 19293 D Uvc     : [jni_context.cpp:120] ...Java_org_firstinspires_ftc_robotcore_internal_camera_libuvc_nativeobject_UvcContext_nativeCreateUvcDevice()
12-01 12:02:27.259 16811 19293 V UvcDevice: construct(pointer=0x81853390|null)
12-01 12:02:27.259 16811 19293 D Uvc     : [jni_device.cpp:108] Java_org_firstinspires_ftc_robotcore_internal_camera_libuvc_nativeobject_UvcDevice_nativeGetLibUsbDevice()...
12-01 12:02:27.259 16811 19293 D Uvc     : [jni_device.cpp:108] ...Java_org_firstinspires_ftc_robotcore_internal_camera_libuvc_nativeobject_UvcDevice_nativeGetLibUsbDevice()
12-01 12:02:27.259 16811 19293 V LibUsbDevice: construct(pointer=0x8c4873a0)
12-01 12:02:27.260 16811 19293 D UvcContext: usb device is *not* UVC compatible, /dev/bus/usb/001/003
12-01 12:02:27.260 16811 19293 V UvcApiCameraCharacteristicsBuilder: construct(0x0215ae67)
12-01 12:02:27.260 16811 19293 D Uvc     : [jni_device.cpp:289] Java_org_firstinspires_ftc_robotcore_internal_camera_libuvc_nativeobject_UvcDevice_nativeGetDeviceInfo()...
12-01 12:02:27.260 16811 19293 V Uvc     : API: Java_org_firstinspires_ftc_robotcore_internal_camera_libuvc_nativeobject_UvcDevice_nativeGetDeviceInfo: enter...
12-01 12:02:27.260 16811 19293 D Uvc     : [device.cpp:386] uvc_get_device_info()...
12-01 12:02:27.260 16811 19293 D libusb  : [130.390848] [00004b5d] libusb: debug [op_get_config_descriptor] op_get_config_descriptor: config_index=0
12-01 12:02:27.260 16811 19293 D libusb  : [130.390890] [00004b5d] libusb: debug [op_get_config_descriptor] op_get_config_descriptor: config_index=0
12-01 12:02:27.260 16811 19293 D Uvc     : [device.cpp:986] uvc_scan_control()...
12-01 12:02:27.260 16811 19293 D Uvc     : [device.cpp:1041] uvc_parse_vc_header()...
12-01 12:02:27.260 16811 19293 D Uvc     : [device.cpp:1284] uvc_scan_streaming()...
12-01 12:02:27.260 16811 19293 D Uvc     : [device.cpp:1340] uvc_parse_vs_input_header()...
12-01 12:02:27.260 16811 19293 D Uvc     : [device.cpp:1340] ...uvc_parse_vs_input_header() rc=0
12-01 12:02:27.260 16811 19293 D Uvc     : [device.cpp:1389] uvc_parse_vs_format_uncompressed()...
12-01 12:02:27.260 16811 19293 D Uvc     : [device.cpp:1389] ...uvc_parse_vs_format_uncompressed() rc=0
12-01 12:02:27.260 16811 19293 V Uvc     : [device.cpp:1630] unsupported descriptor subtype: 13 UVC_VS_COLORFORMAT
12-01 12:02:27.261 16811 19293 D Uvc     : [device.cpp:1449] uvc_parse_vs_format_mjpeg()...
12-01 12:02:27.261 16811 19293 D Uvc     : [device.cpp:1449] ...uvc_parse_vs_format_mjpeg() rc=0
12-01 12:02:27.261 16811 19293 V Uvc     : [device.cpp:1630] unsupported descriptor subtype: 13 UVC_VS_COLORFORMAT
12-01 12:02:27.261 16811 19293 D Uvc     : [device.cpp:1284] ...uvc_scan_streaming() rc=0
12-01 12:02:27.261 16811 19293 D Uvc     : [device.cpp:1041] ...uvc_parse_vc_header() rc=0
12-01 12:02:27.261 16811 19293 D Uvc     : [device.cpp:1083] uvc_parse_vc_input_terminal()...
12-01 12:02:27.261 16811 19293 D Uvc     : [device.cpp:1083] ...uvc_parse_vc_input_terminal() rc=0
12-01 12:02:27.261 16811 19293 D Uvc     : [device.cpp:1156] uvc_parse_vc_processing_unit()...
12-01 12:02:27.261 16811 19293 D Uvc     : [device.cpp:1156] ...uvc_parse_vc_processing_unit() rc=0
12-01 12:02:27.261 16811 19293 D Uvc     : [device.cpp:986] ...uvc_scan_control() rc=0
12-01 12:02:27.261 16811 19293 D Uvc     : [device.cpp:386] ...uvc_get_device_info() rc=0
12-01 12:02:27.261 16811 19293 V Uvc     : API: Java_org_firstinspires_ftc_robotcore_internal_camera_libuvc_nativeobject_UvcDevice_nativeGetDeviceInfo: ...exit
12-01 12:02:27.261 16811 19293 D Uvc     : [jni_device.cpp:289] ...Java_org_firstinspires_ftc_robotcore_internal_camera_libuvc_nativeobject_UvcDevice_nativeGetDeviceInfo()
12-01 12:02:27.261 16811 19293 V UvcDeviceInfo: construct(pointer=0x829fcd00)
12-01 12:02:27.261 16811 19293 V UvcStreamingInterface: construct(pointer=0x82388220)
12-01 12:02:27.274 16811 19293 V UvcStreamingInterface: destroy(pointer=0x82388220)
12-01 12:02:27.274 16811 19293 V UvcDeviceInfo: destroy(pointer=0x829fcd00)
12-01 12:02:27.275 16811 19293 D Uvc     : [jni_deviceinfo.cpp:63] Java_org_firstinspires_ftc_robotcore_internal_camera_libuvc_nativeobject_UvcDeviceInfo_nativeFreeDeviceInfo()...
12-01 12:02:27.275 16811 19293 V Uvc     : API: Java_org_firstinspires_ftc_robotcore_internal_camera_libuvc_nativeobject_UvcDeviceInfo_nativeFreeDeviceInfo: enter...
12-01 12:02:27.275 16811 19293 D Uvc     : [device.cpp:433] uvc_free_device_info()...
12-01 12:02:27.275 16811 19293 D Uvc     : [device.cpp:433] ...uvc_free_device_info()
12-01 12:02:27.275 16811 19293 V Uvc     : API: Java_org_firstinspires_ftc_robotcore_internal_camera_libuvc_nativeobject_UvcDeviceInfo_nativeFreeDeviceInfo: ...exit
12-01 12:02:27.275 16811 19293 D Uvc     : [jni_deviceinfo.cpp:63] ...Java_org_firstinspires_ftc_robotcore_internal_camera_libuvc_nativeobject_UvcDeviceInfo_nativeFreeDeviceInfo()
12-01 12:02:27.275 16811 19293 V UvcApiCameraCharacteristicsBuilder: destroy(hash=0x0215ae67)
12-01 12:02:27.275 16811 19293 V UvcDevice: destroy(pointer=0x81853390|/dev/bus/usb/001/004)
12-01 12:02:27.275 16811 19293 D Uvc     : [jni_device.cpp:126] Java_org_firstinspires_ftc_robotcore_internal_camera_libuvc_nativeobject_UvcDevice_nativeReleaseRefDevice()...
12-01 12:02:27.275 16811 19293 V Uvc     : API: Java_org_firstinspires_ftc_robotcore_internal_camera_libuvc_nativeobject_UvcDevice_nativeReleaseRefDevice: enter...
12-01 12:02:27.275 16811 19293 D Uvc     : [device.cpp:882] uvc_unref_device()...
12-01 12:02:27.275 16811 19293 D Uvc     : [device.cpp:882] ...uvc_unref_device()
12-01 12:02:27.275 16811 19293 V Uvc     : API: Java_org_firstinspires_ftc_robotcore_internal_camera_libuvc_nativeobject_UvcDevice_nativeReleaseRefDevice: ...exit
12-01 12:02:27.275 16811 19293 D Uvc     : [jni_device.cpp:126] ...Java_org_firstinspires_ftc_robotcore_internal_camera_libuvc_nativeobject_UvcDevice_nativeReleaseRefDevice()
12-01 12:02:27.275 16811 19293 V LibUsbDevice: destroy(pointer=0x8c4873a0)
12-01 12:02:27.275 16811 19293 D Uvc     : [jni_libusb_device.cpp:64] Java_org_firstinspires_ftc_robotcore_internal_camera_libuvc_nativeobject_LibUsbDevice_nativeReleaseRefDevice()...
12-01 12:02:27.275 16811 19293 D Uvc     : [jni_libusb_device.cpp:64] ...Java_org_firstinspires_ftc_robotcore_internal_camera_libuvc_nativeobject_LibUsbDevice_nativeReleaseRefDevice()
12-01 12:02:27.277 16811 19293 D OpenCvViewport: CheckState(): user requested that we activate
12-01 12:02:27.277 16811 19293 D OpenCvViewport: CheckState(): activating viewport
12-01 12:02:27.278 16811 19293 D UsbResiliantWebcam: createCaptureSession()...
12-01 12:02:27.279 16811 19293 V DelCaptureSession: construct(0x0908d414)
12-01 12:02:27.279 16811 19293 D UsbResiliantWebcam|DelCaptureSession: onCameraChange(null->CameraImpl(UvcDeviceHandle(pointer=0x8c6b72e0|UvcDevice(/dev/bus/usb/001/004))))...
12-01 12:02:27.279 16811 19293 D UsbResiliantWebcam|DelCaptureSession: ...onCameraChange(null->CameraImpl(UvcDeviceHandle(pointer=0x8c6b72e0|UvcDevice(/dev/bus/usb/001/004))))
12-01 12:02:27.280 16811 19293 D CachingExposureControl: onCameraChanged(CameraImpl(UvcDeviceHandle(pointer=0x8c6b72e0|UvcDevice(/dev/bus/usb/001/004)))->CameraImpl(UvcDeviceHandle(pointer=0x8c6b72e0|UvcDevice(/dev/bus/usb/001/004))))...
12-01 12:02:27.280 16811 19293 D CachingExposureControl: ...onCameraChanged(CameraImpl(UvcDeviceHandle(pointer=0x8c6b72e0|UvcDevice(/dev/bus/usb/001/004)))->CameraImpl(UvcDeviceHandle(pointer=0x8c6b72e0|UvcDevice(/dev/bus/usb/001/004))))
12-01 12:02:27.280 16811 19293 D UsbResiliantWebcam: ...createCaptureSession()
12-01 12:02:27.281 16811 19295 D OpenCvViewportRenderThread: Render thread is up!
12-01 12:02:27.282 16811 19267 D UsbResiliantWebcam|DelCaptureSession: startCapture()...
12-01 12:02:27.282 16811 19267 V DelCaptureSequence: construct(0x04d894bd)
12-01 12:02:27.283 16811 19267 D UsbResiliantWebcam|DelCaptureSequence: onCameraChange(null->CameraImpl(UvcDeviceHandle(pointer=0x8c6b72e0|UvcDevice(/dev/bus/usb/001/004))))...
12-01 12:02:27.283 16811 19267 D UsbResiliantWebcam|DelCaptureSequence: pauseStreaming(Stopped)...
12-01 12:02:27.283 16811 19267 D UsbResiliantWebcam|DelCaptureSequence: ...pauseStreaming(Stopped)
12-01 12:02:27.283 16811 19267 D UsbResiliantWebcam|DelCaptureSequence: resumeStreaming(Stopped)...
12-01 12:02:27.283 16811 19267 D UsbResiliantWebcam|DelCaptureSequence: ...resumeStreaming(Stopped)
12-01 12:02:27.283 16811 19267 D UsbResiliantWebcam|DelCaptureSequence: ...onCameraChange(null->CameraImpl(UvcDeviceHandle(pointer=0x8c6b72e0|UvcDevice(/dev/bus/usb/001/004))))
12-01 12:02:27.283 16811 19267 D UsbResiliantWebcam|DelCaptureSequence: startStreaming(Stopped)...
12-01 12:02:27.283 16811 19267 D UsbResiliantWebcam|DelCaptureSequence: doStreaming()...
12-01 12:02:27.284 16811 19267 V UvcApiCaptureSession: construct(0x04b71ab2)
12-01 12:02:27.286 16811 19152 D UsbResiliantWebcam|DelCaptureSession: camera session is configured: Webcam(688D709F)
12-01 12:02:27.286 16811 19267 V UvcApiCameraCaptureSequence: construct(0x03c4ca03)
12-01 12:02:27.287 16811 19267 D UvcDeviceHandle: getStreamControl(800x448 30)...
12-01 12:02:27.287 16811 19267 V UvcStreamCtrl: construct(0x01a91d80)
12-01 12:02:27.287 16811 19267 D Uvc     : [jni_devicehandle.cpp:115] Java_org_firstinspires_ftc_robotcore_internal_camera_libuvc_nativeobject_UvcDeviceHandle_nativeGetStreamControlFormatSize()...
12-01 12:02:27.287 16811 19267 V Uvc     : API: Java_org_firstinspires_ftc_robotcore_internal_camera_libuvc_nativeobject_UvcDeviceHandle_nativeGetStreamControlFormatSize: enter...
12-01 12:02:27.287 16811 19267 D Uvc     : [stream.cpp:373] uvc_get_stream_ctrl_format_size()...
12-01 12:02:27.287 16811 19267 D Uvc     : [libuvc/libuvc_internal.h:770] uvc_device_handle::claimInterface(idx=1)...
12-01 12:02:27.287 16811 19267 D UvcDevice: claimInterface(1)
12-01 12:02:27.287 16811 19267 D UvcDevice: claimInterface(1) succeeded
12-01 12:02:27.287 16811 19267 D Uvc     : [libuvc/libuvc_internal.h:783] claimInterface(1) succeeded
12-01 12:02:27.287 16811 19267 D Uvc     : [libuvc/libuvc_internal.h:770] ...uvc_device_handle::claimInterface() rc=0
12-01 12:02:27.287 16811 19267 D UvcStream: [stream.cpp:412] 800x448 30fps
12-01 12:02:27.287 16811 19267 D Uvc     : [stream.cpp:162] uvc_query_stream_ctrl()...
12-01 12:02:27.288 16811 19267 D Uvc     : [stream.cpp:162] ...uvc_query_stream_ctrl() rc=0
12-01 12:02:27.288 16811 19267 D Uvc     : [libuvc/libuvc_internal.h:793] uvc_device_handle::releaseInterface()...
12-01 12:02:27.288 16811 19267 D UvcDevice: releaseInterface(1)
12-01 12:02:27.288 16811 19267 D UvcDevice: releaseInterface(1) succeeded
12-01 12:02:27.288 16811 19267 D Uvc     : [libuvc/libuvc_internal.h:793] ...uvc_device_handle::releaseInterface() rc=0
12-01 12:02:27.288 16811 19267 D Uvc     : [stream.cpp:523] uvc_probe_stream_ctrl()...
12-01 12:02:27.288 16811 19267 D Uvc     : [libuvc/libuvc_internal.h:770] uvc_device_handle::claimInterface(idx=1)...
12-01 12:02:27.288 16811 19267 D UvcDevice: claimInterface(1)
12-01 12:02:27.288 16811 19267 D UvcDevice: claimInterface(1) succeeded
12-01 12:02:27.288 16811 19267 D Uvc     : [libuvc/libuvc_internal.h:783] claimInterface(1) succeeded
12-01 12:02:27.289 16811 19267 D Uvc     : [libuvc/libuvc_internal.h:770] ...uvc_device_handle::claimInterface() rc=0
12-01 12:02:27.289 16811 19267 D Uvc     : [stream.cpp:162] uvc_query_stream_ctrl()...
12-01 12:02:27.289 16811 19267 D Uvc     : [stream.cpp:162] ...uvc_query_stream_ctrl() rc=0
12-01 12:02:27.289 16811 19267 D Uvc     : [stream.cpp:162] uvc_query_stream_ctrl()...
12-01 12:02:27.289 16811 19267 D Uvc     : [stream.cpp:162] ...uvc_query_stream_ctrl() rc=0
12-01 12:02:27.289 16811 19267 D Uvc     : [stream.cpp:523] ...uvc_probe_stream_ctrl() rc=0
12-01 12:02:27.289 16811 19267 D Uvc     : [stream.cpp:373] ...uvc_get_stream_ctrl_format_size() rc=0
12-01 12:02:27.289 16811 19267 V Uvc     : API: Java_org_firstinspires_ftc_robotcore_internal_camera_libuvc_nativeobject_UvcDeviceHandle_nativeGetStreamControlFormatSize: ...exit
12-01 12:02:27.289 16811 19267 D Uvc     : [jni_devicehandle.cpp:115] ...Java_org_firstinspires_ftc_robotcore_internal_camera_libuvc_nativeobject_UvcDeviceHandle_nativeGetStreamControlFormatSize()
12-01 12:02:27.289 16811 19267 D UvcDeviceHandle: ...getStreamControl(800x448 30)
12-01 12:02:27.289 16811 19267 D Uvc     : [jni_streamcontrol.cpp:101] Java_org_firstinspires_ftc_robotcore_internal_camera_libuvc_nativeobject_UvcStreamCtrl_nativeOpen()...
12-01 12:02:27.289 16811 19267 V Uvc     : API: Java_org_firstinspires_ftc_robotcore_internal_camera_libuvc_nativeobject_UvcStreamCtrl_nativeOpen: enter...
12-01 12:02:27.289 16811 19267 D Uvc     : [devicehandle.cpp:46] uvc_device_handle::openStreamControl()...
12-01 12:02:27.289 16811 19267 D Uvc     : [streamhandle.cpp:58] uvc_stream_handle::claimInterface()...
12-01 12:02:27.289 16811 19267 D Uvc     : [libuvc/libuvc_internal.h:770] uvc_device_handle::claimInterface(idx=1)...
12-01 12:02:27.289 16811 19267 D UvcDevice: claimInterface(1)
12-01 12:02:27.289 16811 19267 D UvcDevice: claimInterface(1) succeeded
12-01 12:02:27.290 16811 19267 D Uvc     : [libuvc/libuvc_internal.h:783] claimInterface(1) succeeded
12-01 12:02:27.290 16811 19267 D Uvc     : [libuvc/libuvc_internal.h:770] ...uvc_device_handle::claimInterface() rc=0
12-01 12:02:27.290 16811 19267 D Uvc     : [streamhandle.cpp:58] ...uvc_stream_handle::claimInterface() rc=0
12-01 12:02:27.290 16811 19267 D Uvc     : [stream.cpp:162] uvc_query_stream_ctrl()...
12-01 12:02:27.290 16811 19267 D Uvc     : [stream.cpp:162] ...uvc_query_stream_ctrl() rc=0
12-01 12:02:27.290 16811 19267 D Uvc     : [devicehandle.cpp:46] ...uvc_device_handle::openStreamControl() rc=0
12-01 12:02:27.290 16811 19267 V Uvc     : API: Java_org_firstinspires_ftc_robotcore_internal_camera_libuvc_nativeobject_UvcStreamCtrl_nativeOpen: ...exit
12-01 12:02:27.290 16811 19267 D Uvc     : [jni_streamcontrol.cpp:101] ...Java_org_firstinspires_ftc_robotcore_internal_camera_libuvc_nativeobject_UvcStreamCtrl_nativeOpen()
12-01 12:02:27.290 16811 19267 V UvcStreamHandle: construct(pointer=0x8c713bc0)
12-01 12:02:27.290 16811 19267 D Uvc     : [jni_streamhandle.cpp:184] Java_org_firstinspires_ftc_robotcore_internal_camera_libuvc_nativeobject_UvcStreamHandle_nativeStopStreaming()...
12-01 12:02:27.291 16811 19267 V Uvc     : API: Java_org_firstinspires_ftc_robotcore_internal_camera_libuvc_nativeobject_UvcStreamHandle_nativeStopStreaming: enter...
12-01 12:02:27.291 16811 19267 D Uvc     : [stream.cpp:1514] uvc_stream_stop()...
12-01 12:02:27.291 16811 19267 D Uvc     : [stream.cpp:1514] ...uvc_stream_stop() rc=0
12-01 12:02:27.291 16811 19267 V Uvc     : API: Java_org_firstinspires_ftc_robotcore_internal_camera_libuvc_nativeobject_UvcStreamHandle_nativeStopStreaming: ...exit
12-01 12:02:27.291 16811 19267 D Uvc     : [jni_streamhandle.cpp:184] ...Java_org_firstinspires_ftc_robotcore_internal_camera_libuvc_nativeobject_UvcStreamHandle_nativeStopStreaming()
12-01 12:02:27.291 16811 19267 V UvcFrameCallback: construct(0x0cfebfb9)
12-01 12:02:27.291 16811 19267 V UvcFrameCallbackData: construct(pointer=0x7e238590)
12-01 12:02:27.291 16811 19267 V Uvc     : API: Java_org_firstinspires_ftc_robotcore_internal_camera_libuvc_nativeobject_UvcStreamHandle_nativeStartStreaming: enter...
12-01 12:02:27.291 16811 19267 D Uvc     : [stream.cpp:970] uvc_stream_start_bandwidth()...
12-01 12:02:27.291 16811 19267 D Uvc     : [stream.cpp:1173] uvc_stream_handle::startIsochronousStreaming()...
12-01 12:02:27.291 16811 19267 D Uvc     : [libuvc/libuvc_internal.h:825] uvc_device_handle::setInterfaceAltSetting(setInterfaceAltSetting(intf=1 alt=11))...
12-01 12:02:27.291 16811 19267 D UvcDevice: setInterfaceAltSetting(1,11)
12-01 12:02:27.363 16811 16819 D AprilTagDetectorJNI: Freeing april tag detector
12-01 12:02:27.369 16811 16819 D AprilTagDetectorJNI: Freeing tag family
12-01 12:02:27.369 16811 16819 D AprilTagDetectorJNI: Freeing tag type
12-01 12:02:27.369 16811 16819 D AprilTagDetectorJNI: Freeing april tag JNI context object
12-01 12:02:27.686 16811 19267 D UvcDevice: setInterfaceAltSetting(1,11) succeeded
12-01 12:02:27.686 16811 19267 D Uvc     : [libuvc/libuvc_internal.h:825] ...uvc_device_handle::setInterfaceAltSetting() rc=0
12-01 12:02:27.687 16811 19267 D Uvc     : [stream.cpp:1173] ...uvc_stream_handle::startIsochronousStreaming() rc=0
12-01 12:02:27.687 16811 19267 D Uvc     : [stream.cpp:1201] uvc_stream_handle::startUserCallbackThread()...
12-01 12:02:27.687 16811 19296 D UvcStream: [stream.cpp:1265] User Callback thread started
12-01 12:02:27.687 16811 19267 D Uvc     : [stream.cpp:1201] ...uvc_stream_handle::startUserCallbackThread() rc=0
12-01 12:02:27.687 16811 19267 D Uvc     : [stream.cpp:1221] uvc_stream_handle::submitTransfers()...
12-01 12:02:27.690 16811 19267 D Uvc     : [stream.cpp:1221] ...uvc_stream_handle::submitTransfers() rc=0
12-01 12:02:27.690 16811 19267 D Uvc     : [stream.cpp:970] ...uvc_stream_start_bandwidth() rc=0
12-01 12:02:27.690 16811 19267 D UvcStreamHandle: [jni_streamhandle.cpp:150] successfully started streaming
12-01 12:02:27.690 16811 19267 V Uvc     : API: Java_org_firstinspires_ftc_robotcore_internal_camera_libuvc_nativeobject_UvcStreamHandle_nativeStartStreaming: ...exit
12-01 12:02:27.690 16811 19267 V UvcStreamCtrl: destroy(pointer=0x8c744a00)
12-01 12:02:27.690 16811 19267 D UsbResiliantWebcam|DelCaptureSequence: ...doStreaming()
12-01 12:02:27.691 16811 19267 D UsbResiliantWebcam|DelCaptureSequence: ...startStreaming(Stopped)
12-01 12:02:27.691 16811 19267 D UsbResiliantWebcam|DelCaptureSession: ...startCapture()
12-01 12:02:27.691 16811 19267 I System.out: OpenCvWebcam: onConfigured
12-01 12:02:27.691 16811 19293 I System.out: OpenCvWebcam: streaming started
12-01 12:02:27.691 16811 19051 D UvcStream: [stream.cpp:729] this is the UVC processTransfer() stream processing thread
12-01 12:02:30.891 16811 19003 V Robocol : received command: CMD_INIT_OP_MODE(11491) $Stop$Robot$
12-01 12:02:30.896 16811 19004 I RobotCore: ******************** STOP - OPMODE /storage/emulated/0/FIRST/matchlogs/Match-0-PowerPlayAuto1.txt ********************
12-01 12:02:30.901 16811 19300 I RobotCore: saving match logcat to /storage/emulated/0/FIRST/matchlogs/Match-0-PowerPlayAuto1.txt
12-01 12:02:30.901 16811 19300 I RobotCore: logging command line: exec logcat -d -T '12-1 12:2:23.000' -f '/storage/emulated/0/FIRST/matchlogs/Match-0-PowerPlayAuto1.txt' -n4 -v threadtime UsbRequestJNI:S UsbRequest:S art:W ThreadPool:W System:W ExtendedExtractor:W OMXClient:W MediaPlayer:W dalvikvm:W  *:V
12-01 12:02:30.906 16811 19291 D RobotCore: User runOpModeMethod exited
12-01 12:02:30.906 16811 19291 V RobotCore: thread: ...terminating 'OpModeThread'
12-01 12:02:30.913 19301 19301 W sh      : type=1400 audit(0.0:201): avc: denied { read } for uid=10139 name="/" dev="rootfs" ino=2 scontext=u:r:untrusted_app:s0:c512,c768 tcontext=u:object_r:rootfs:s0 tclass=dir permissive=0
12-01 12:02:30.922 16811 19128 V Robocol : sending CMD_STREAM_CHANGE(1561), attempt: 0
12-01 12:02:30.924 16811 19117 D UsbResiliantWebcam|DelCaptureSession: stopCapture()...
12-01 12:02:30.924 16811 19117 D UsbResiliantWebcam|DelCaptureSequence: undoStreaming()...
12-01 12:02:30.924 16811 19117 D UvcApiCaptureSession: stopCapture()...
12-01 12:02:30.924 16811 19117 D Uvc     : [jni_streamhandle.cpp:184] Java_org_firstinspires_ftc_robotcore_internal_camera_libuvc_nativeobject_UvcStreamHandle_nativeStopStreaming()...
12-01 12:02:30.924 16811 19117 V Uvc     : API: Java_org_firstinspires_ftc_robotcore_internal_camera_libuvc_nativeobject_UvcStreamHandle_nativeStopStreaming: enter...
12-01 12:02:30.924 16811 19117 D Uvc     : [stream.cpp:1514] uvc_stream_stop()...
12-01 12:02:30.924 16811 19117 D UvcStream: [stream.cpp:1542] cancelling extant transfers
12-01 12:02:30.932 16811 19117 D Uvc     : [stream.cpp:1471] (waitForAllTransfers(waiting for cancelled transfers))...
12-01 12:02:30.933 16811 19117 D UvcStream: [stream.cpp:1485] no extant active transfers: continuing
12-01 12:02:30.933 16811 19117 D Uvc     : [stream.cpp:1471] ...()
12-01 12:02:30.933 16811 19117 D Uvc     : [stream.cpp:1189] uvc_stream_handle::stopIsochronousStreaming()...
12-01 12:02:30.933 16811 19117 D Uvc     : [libuvc/libuvc_internal.h:825] uvc_device_handle::setInterfaceAltSetting(setInterfaceAltSetting(intf=1 alt=0))...
12-01 12:02:30.933 16811 19117 D UvcDevice: setInterfaceAltSetting(1,0)
12-01 12:02:30.938 16811 16811 D OpenCvViewport: surfaceDestroyed()
12-01 12:02:30.938 16811 16811 D OpenCvViewport: CheckState(): lifecycle mandates deactivation regardless of user
12-01 12:02:30.938 16811 16811 D OpenCvViewport: CheckState(): deactivating viewport
12-01 12:02:30.938 16811 19295 W System.err: java.lang.InterruptedException
12-01 12:02:30.939 16811 19295 W System.err: 	at java.lang.Object.wait(Native Method)
12-01 12:02:30.939 16811 19295 W System.err: 	at org.firstinspires.ftc.robotcore.internal.collections.EvictingBlockingQueue.take(EvictingBlockingQueue.java:143)
12-01 12:02:30.939 16811 19295 W System.err: 	at org.openftc.easyopencv.OpenCvViewport$RenderThread.run(OpenCvViewport.java:554)
12-01 12:02:30.939 16811 19295 D OpenCvViewportRenderThread: About to exit
12-01 12:02:30.939 16811 16811 D OpenCvViewport: ...surfaceDestroyed()
12-01 12:02:30.961 16811 19300 I RobotCore: Done running exec logcat -d -T '12-1 12:2:23.000' -f '/storage/emulated/0/FIRST/matchlogs/Match-0-PowerPlayAuto1.txt' -n4 -v threadtime UsbRequestJNI:S UsbRequest:S art:W ThreadPool:W System:W ExtendedExtractor:W OMXClient:W MediaPlayer:W dalvikvm:W  *:V
