12-01 21:26:58.187 20054 20100 I RobotCore: REV internal IMU (BNO055)                          imu                            USB DQ168BDK; module 1; bus 0; addr7=0x28
12-01 21:26:58.190 20054 20100 I RobotCore: Logitech HD Pro Webcam C920                        Webcam 1                       USB (688D709F)
12-01 21:26:58.190 20054 20100 I RobotCore: Motor                                              leftFront                      USB DQ168BDK; module 1; port 0
12-01 21:26:58.190 20054 20100 I RobotCore: Motor                                              rightFront                     USB DQ168BDK; module 1; port 2
12-01 21:26:58.190 20054 20100 I RobotCore: Motor                                              rightBack                      USB DQ168BDK; module 1; port 3
12-01 21:26:58.190 20054 20100 I RobotCore: REV Robotics USB Expansion Hub Portal              Expansion Hub Portal 1         USB DQ168BDK
12-01 21:26:58.193 20054 20100 I RobotCore: LynxFirmwareVersionManager: LynxI2cDeviceSynchV2
12-01 21:26:58.194 20054 20100 V LynxI2cDeviceSynch: initializeHardware() mod#=1
12-01 21:26:58.194 20054 20100 V BNO055  : Suppressing I2C warnings while we check for a BNO055 IMU
12-01 21:26:58.197 20054 20100 V BNO055  : Found BNO055 IMU
12-01 21:26:58.201 20054 20100 I FtcEventLoop: ======= INIT FINISH =======
12-01 21:26:58.201 20054 20100 V RobotCore: EventLoopManager state is RUNNING
12-01 21:26:58.216 20054 20100 V RobotCore: Robot Status: running, starting robot
12-01 21:26:58.216 20054 20100 V RobotCore: Robot Status: running
12-01 21:26:58.217 20054 20100 D FTCService: Detecting Wi-Fi reset
12-01 21:26:58.217 20054 20100 V RobotCore: thread: ...terminating 'RobotSetupRunnable.run()'
12-01 21:26:58.218 20054 20187 V RobotCore: thread: 'EventLoop' starting...
12-01 21:26:58.223 20054 20187 D RobotCore: system telemetry: key=$System$None$ msg=""
12-01 21:26:58.245 20054 20186 V SoundInfo: construct(0x087bce9a)
12-01 21:26:58.255 20054 20185 E WVMExtractor: Failed to open libwvm.so: dlopen failed: library "libwvm.so" not found
12-01 21:26:58.271 20054 20185 I MediaCodec: (0x7d17cb80) init name(audio/raw) isType(1) encoder(0)
12-01 21:26:58.275 20054 20194 I MediaCodec: (0x7d17cb80) Component Allocated (OMX.google.raw.decoder)
12-01 21:26:58.275 20054 20185 I MediaCodec: (0x7d17cb80) configure surface(0x0) crypto(0x0) flags(0)
12-01 21:26:58.275 20054 20185 D MediaCodec: (0x7d17cb80) configure format: AMessage(what = 0x00000000) = {
12-01 21:26:58.275 20054 20185 D MediaCodec:       string mime = "audio/raw"
12-01 21:26:58.275 20054 20185 D MediaCodec:       int64_t durationUs = 4505958
12-01 21:26:58.275 20054 20185 D MediaCodec:       int32_t track-id = 1
12-01 21:26:58.275 20054 20185 D MediaCodec:       int32_t channel-count = 1
12-01 21:26:58.275 20054 20185 D MediaCodec:       int32_t sample-rate = 48000
12-01 21:26:58.275 20054 20185 D MediaCodec:       int32_t channel-mask = 0
12-01 21:26:58.275 20054 20185 D MediaCodec:       int32_t pcm-encoding = 2
12-01 21:26:58.275 20054 20185 D MediaCodec:     }
12-01 21:26:58.277 20054 20185 I MediaCodec: (0x7d17cb80) start
12-01 21:26:58.279 20054 20194 I MediaCodec: (0x7d17cb80) input buffers allocated
12-01 21:26:58.279 20054 20194 I MediaCodec: (0x7d17cb80) numBuffers (4)
12-01 21:26:58.279 20054 20194 I MediaCodec: (0x7d17cb80) output buffers allocated
12-01 21:26:58.279 20054 20194 I MediaCodec: (0x7d17cb80) numBuffers (4)
12-01 21:26:58.282 20054 20194 D MediaCodec: (0x7d17cb80) [OMX.google.raw.decoder] output format changed to: AMessage(what = 0x00000000) = {
12-01 21:26:58.282 20054 20194 D MediaCodec:       string mime = "audio/raw"
12-01 21:26:58.282 20054 20194 D MediaCodec:       int32_t channel-count = 1
12-01 21:26:58.282 20054 20194 D MediaCodec:       int32_t sample-rate = 48000
12-01 21:26:58.282 20054 20194 D MediaCodec:       int32_t pcm-encoding = 2
12-01 21:26:58.282 20054 20194 D MediaCodec:       int32_t bit-width = 16
12-01 21:26:58.282 20054 20194 D MediaCodec:       int32_t channel-mask = 0
12-01 21:26:58.282 20054 20194 D MediaCodec:     }
12-01 21:26:58.293 20054 20185 I MediaCodec: (0x7d17cb80) stop
12-01 21:26:58.295 20054 20185 I MediaCodec: (0x7d17cb80) release
12-01 21:26:58.296 20054 20080 D SoundPlayer: onLoadComplete(samp=1|ms=4506, samp=1)=0
12-01 21:26:58.300 20054 20186 D SoundPlayer: playing volume=0.000000 samp=1|ms=4506
12-01 21:26:58.724 20054 20187 V FtcEventLoop: processedRecentlyAttachedUsbDevices(): 688D709F not in hwmap; ignoring
12-01 21:26:58.724 20054 20187 V FtcEventLoop: processedRecentlyAttachedUsbDevices(): DQ168BDK not in hwmap; ignoring
12-01 21:26:58.724 20054 20187 I RobotCore: Attempting to switch to op mode $Stop$Robot$
12-01 21:26:58.725 20054 20187 D HardwareMap: Clearing which device instances have been retrieved
12-01 21:26:58.725 20054 20187 D HardwareMap: Clearing which device instances have been retrieved
12-01 21:26:58.726 20054 20200 V RobotCore: thread: 'OpModeThread' starting...
12-01 21:26:58.929 20054 20199 E AudioTrack: did not receive expected priority boost on time
12-01 21:26:59.076 20054 20062 V UvcContext: finalize(pointer=0x7e0ff740|inst#=0)
12-01 21:26:59.076 20054 20062 V UvcContext: destroy(pointer=0x7e0ff740|inst#=0)
12-01 21:26:59.077 20054 20062 D Uvc     : [init.cpp:129] calling libusb_exit()
12-01 21:27:04.518 20054 20054 D WifiDirect: broadcast: peers changed
12-01 21:27:04.519 20054 20080 V NetDiscover_wifiDirectAgent_bcast: peers found: count=2
12-01 21:27:04.519 20054 20080 V NetDiscover_wifiDirectAgent_bcast:     peer: aa:96:75:9e:ed:5d 2845-C-DS
12-01 21:27:04.519 20054 20080 V NetDiscover_wifiDirectAgent_bcast:     peer: 48:d2:24:6c:22:99 6c:22:99
12-01 21:27:04.521 20054 20054 V WifiDirect: peers found: 2
12-01 21:27:04.521 20054 20054 V WifiDirect:     peer: aa:96:75:9e:ed:5d 2845-C-DS
12-01 21:27:04.521 20054 20054 V WifiDirect:     peer: 48:d2:24:6c:22:99 6c:22:99
12-01 21:27:04.522 20054 20054 I EventLoopManager: onNetworkConnectionEvent: PEERS_AVAILABLE
12-01 21:27:04.626 20054 20054 D WifiDirect: broadcast: peers changed
12-01 21:27:04.627 20054 20080 V NetDiscover_wifiDirectAgent_bcast: peers found: count=2
12-01 21:27:04.627 20054 20080 V NetDiscover_wifiDirectAgent_bcast:     peer: aa:96:75:9e:ed:5d 2845-C-DS
12-01 21:27:04.627 20054 20080 V NetDiscover_wifiDirectAgent_bcast:     peer: 48:d2:24:6c:22:99 6c:22:99
12-01 21:27:04.629 20054 20080 D NetDiscover_wifiDirectAgent_bcast: connection changed: networkInfo.state=CONNECTED
12-01 21:27:04.629 20054 20054 D WifiDirect: broadcast: connection changed: connectStatus=GROUP_OWNER networkInfo.state=CONNECTED
12-01 21:27:04.629 20054 20080 V NetDiscover_wifiDirectAgent_bcast: NetworkInfo: [type: WIFI_P2P[], state: CONNECTED/CONNECTED, reason: (unspecified), extra: (none), failover: false, available: true, roaming: false, metered: false]
12-01 21:27:04.629 20054 20080 V NetDiscover_wifiDirectAgent_bcast: WifiP2pInfo: groupFormed: true isGroupOwner: true groupOwnerAddress: /192.168.49.1 mccMode: true
12-01 21:27:04.630 20054 20080 V NetDiscover_wifiDirectAgent_bcast: WifiP2pGroup: network: DIRECT-TB-2845-C-RC, isGO: true, GO: Device: , deviceAddress: 82:58:f8:1b:2a:e8, primary type: null, secondary type: null, wps: 0, grpcapab: 0, devcapab: 0, status: 4, wfdInfo: WFD enabled: falseWFD DeviceInfo: 0, WFD CtrlPort: 0, WFD MaxThroughput: 0, level: 0, Client: Device: , deviceAddress: 48:d2:24:6c:22:99, primary type: null, secondary type: null, wps: 0, grpcapab: 0, devcapab: 0, status: 4, wfdInfo: null, level: 0, Client: Device: 2845-C-DS, deviceAddress: aa:96:75:9e:ed:5d, primary type: 10-0050F204-5, secondary type: null, wps: 392, grpcapab: 0, devcapab: 37, status: 0, wfdInfo: null, level: 60, interface: p2p0, networkId: 0
12-01 21:27:04.630 20054 20054 V WifiDirect: peers found: 2
12-01 21:27:04.630 20054 20054 V WifiDirect:     peer: aa:96:75:9e:ed:5d 2845-C-DS
12-01 21:27:04.630 20054 20054 V WifiDirect:     peer: 48:d2:24:6c:22:99 6c:22:99
12-01 21:27:04.630 20054 20054 I EventLoopManager: onNetworkConnectionEvent: PEERS_AVAILABLE
12-01 21:27:08.332 20054 20173 V PeerDiscovery: new remote peer discovered: 192.168.49.136
12-01 21:27:08.332 20054 20173 V NetworkConnectionHandler: starting sending loop
12-01 21:27:08.333 20054 20173 V SoundPlayer: playing running again
12-01 21:27:08.334 20054 20173 V UpdateUI: Network: active, connected
12-01 21:27:08.334 20054 20207 V Robocol : sending CMD_NOTIFY_WIFI_DIRECT_REMEMBERED_GROUPS_CHANGED(2), attempt: 0
12-01 21:27:08.335 20054 20207 V Robocol : sending CMD_SHOW_TOAST(3), attempt: 0
12-01 21:27:08.336 20054 20173 D FTCService: Sending user device types and preferences to driver station
12-01 21:27:08.336 20054 20207 V Robocol : sending CMD_NOTIFY_WIFI_DIRECT_REMEMBERED_GROUPS_CHANGED(4), attempt: 0
12-01 21:27:08.337 20054 20207 V Robocol : sending CMD_NOTIFY_WIFI_DIRECT_REMEMBERED_GROUPS_CHANGED(5), attempt: 0
12-01 21:27:08.338 20054 20207 V Robocol : sending CMD_NOTIFY_ROBOT_STATE(13), attempt: 0
12-01 21:27:08.339 20054 20207 V Robocol : sending CMD_NOTIFY_ROBOT_STATE(14), attempt: 0
12-01 21:27:08.341 20054 20207 V Robocol : sending CMD_NOTIFY_ROBOT_STATE(15), attempt: 0
12-01 21:27:08.341 20054 20186 D SoundPlayer: playing volume=0.000000 samp=1|ms=4506
12-01 21:27:08.341 20054 20207 V Robocol : sending CMD_NOTIFY_ACTIVE_CONFIGURATION(16), attempt: 0
12-01 21:27:08.342 20054 20207 V Robocol : sending CMD_NOTIFY_USER_DEVICE_LIST(18), attempt: 0
12-01 21:27:08.349 20054 20207 V Robocol : sending CMD_NOTIFY_OP_MODE_LIST(19), attempt: 0
12-01 21:27:08.354 20054 20207 V Robocol : sending CMD_NOTIFY_ROBOT_STATE(21), attempt: 0
12-01 21:27:08.354 20054 20207 V Robocol : Giving up on command CMD_PLAY_SOUND(23) after 0 attempts
12-01 21:27:08.355 20054 20207 V Robocol : sending CMD_NOTIFY_INIT_OP_MODE(30), attempt: 0
12-01 21:27:08.362 20054 20173 V NetDiscover_prefremrc: sendAllPreferences()
12-01 21:27:08.362 20054 20173 V NetDiscover_prefremrc: sending RC pref name=pref_wifip2p_remote_channel_change_works value=true
12-01 21:27:08.364 20054 20173 V NetDiscover_prefremrc: sending RC pref name=pref_device_name value=2845-C-RC
12-01 21:27:08.365 20054 20173 V NetDiscover_prefremrc: sending RC pref name=pref_warn_about_incorrect_clocks value=true
12-01 21:27:08.365 20054 20173 V NetDiscover_prefremrc: sending RC pref name=pref_warn_about_obsolete_software value=true
12-01 21:27:08.365 20054 20173 V NetDiscover_prefremrc: sending RC pref name=pref_has_speaker value=true
12-01 21:27:08.365 20054 20173 V NetDiscover_prefremrc: sending RC pref name=pref_warn_about_2_4_ghz_band value=true
12-01 21:27:08.365 20054 20173 V NetDiscover_prefremrc: sending RC pref name=pref_has_independent_phone_battery value=true
12-01 21:27:08.365 20054 20173 V NetDiscover_prefremrc: sending RC pref name=pref_app_theme value=blue
12-01 21:27:08.365 20054 20173 V NetDiscover_prefremrc: sending RC pref name=pref_warn_about_mismatched_app_versions value=true
12-01 21:27:08.365 20054 20173 V NetDiscover_prefremrc: sending RC pref name=pref_sound_on_off value=false
12-01 21:27:08.365 20054 20173 V NetDiscover_prefremrc: sending RC pref name=pref_wifip2p_channel value=0
12-01 21:27:08.366 20054 20173 V NetworkConnectionHandler: Peer connection established
12-01 21:27:08.371 20054 20175 V EventLoopManager: Setting authoritative wall clock based on connected DS.
12-01 21:27:08.372 20054 20173 V Robocol : received command: CMD_NOTIFY_WIFI_DIRECT_REMEMBERED_GROUPS_CHANGED(10000) 
12-01 21:27:08.372 20054 20173 V Robocol : received command: CMD_NOTIFY_WIFI_DIRECT_REMEMBERED_GROUPS_CHANGED(10001) 
12-01 21:27:08.372 20054 20173 V Robocol : received command: CMD_REQUEST_ACTIVE_CONFIG(10002) 
12-01 21:27:08.373 20054 20207 V Robocol : sending CMD_PLAY_SOUND(73), attempt: 0
12-01 21:27:08.373 20054 20207 V Robocol : sending CMD_NOTIFY_USER_DEVICE_LIST(74), attempt: 0
12-01 21:27:08.374 20054 20207 V Robocol : sending CMD_ROBOT_CONTROLLER_PREFERENCE(75), attempt: 0
12-01 21:27:08.375 20054 20207 V Robocol : sending CMD_ROBOT_CONTROLLER_PREFERENCE(76), attempt: 0
12-01 21:27:08.375 20054 20207 V Robocol : sending CMD_ROBOT_CONTROLLER_PREFERENCE(77), attempt: 0
12-01 21:27:08.375 20054 20207 V Robocol : sending CMD_ROBOT_CONTROLLER_PREFERENCE(78), attempt: 0
12-01 21:27:08.375 20054 20207 V Robocol : sending CMD_ROBOT_CONTROLLER_PREFERENCE(79), attempt: 0
12-01 21:27:08.376 20054 20207 V Robocol : sending CMD_ROBOT_CONTROLLER_PREFERENCE(80), attempt: 0
12-01 21:27:08.376 20054 20207 V Robocol : sending CMD_ROBOT_CONTROLLER_PREFERENCE(81), attempt: 0
12-01 21:27:08.376 20054 20207 V Robocol : sending CMD_ROBOT_CONTROLLER_PREFERENCE(82), attempt: 0
12-01 21:27:08.376 20054 20207 V Robocol : sending CMD_ROBOT_CONTROLLER_PREFERENCE(83), attempt: 0
12-01 21:27:08.377 20054 20207 V Robocol : sending CMD_ROBOT_CONTROLLER_PREFERENCE(84), attempt: 0
12-01 21:27:08.377 20054 20207 V Robocol : sending CMD_ROBOT_CONTROLLER_PREFERENCE(85), attempt: 0
12-01 21:27:08.377 20054 20173 V Robocol : received command: CMD_REQUEST_USER_DEVICE_TYPES(10003) 
12-01 21:27:08.378 20054 20173 V Robocol : received command: CMD_REQUEST_OP_MODE_LIST(10004) 
12-01 21:27:08.378 20054 20173 V Robocol : received command: CMD_REQUEST_ACTIVE_CONFIG(10007) 
12-01 21:27:08.378 20054 20173 V Robocol : received command: CMD_REQUEST_USER_DEVICE_TYPES(10008) 
12-01 21:27:08.378 20054 20173 V Robocol : received command: CMD_REQUEST_OP_MODE_LIST(10009) 
12-01 21:27:08.378 20054 20174 V Robocol : unable to process command CMD_NOTIFY_WIFI_DIRECT_REMEMBERED_GROUPS_CHANGED callbacks=EventLoopManager
12-01 21:27:08.384 20054 20174 V Robocol : unable to process command CMD_NOTIFY_WIFI_DIRECT_REMEMBERED_GROUPS_CHANGED callbacks=EventLoopManager
12-01 21:27:08.393 20054 20186 V SoundInfo: construct(0x030b2bec)
12-01 21:27:08.411 20054 20173 V Robocol : received command: CMD_ROBOT_CONTROLLER_PREFERENCE(10011) {"booleanValue":true,"prefName":"pref_ds_supports_5_ghz"}
12-01 21:27:08.413 20054 20207 V Robocol : sending CMD_NOTIFY_ACTIVE_CONFIGURATION(101), attempt: 0
12-01 21:27:08.413 20054 20207 V Robocol : sending CMD_NOTIFY_USER_DEVICE_LIST(104), attempt: 0
12-01 21:27:08.415 20054 20207 V Robocol : sending CMD_NOTIFY_OP_MODE_LIST(107), attempt: 0
12-01 21:27:08.415 20054 20207 V Robocol : sending CMD_NOTIFY_ACTIVE_CONFIGURATION(111), attempt: 0
12-01 21:27:08.433 20054 20185 I MediaCodec: (0x7d17cb80) init name(audio/raw) isType(1) encoder(0)
12-01 21:27:08.439 20054 20210 I MediaCodec: (0x7d17cb80) Component Allocated (OMX.google.raw.decoder)
12-01 21:27:08.439 20054 20185 I MediaCodec: (0x7d17cb80) configure surface(0x0) crypto(0x0) flags(0)
12-01 21:27:08.439 20054 20185 D MediaCodec: (0x7d17cb80) configure format: AMessage(what = 0x00000000) = {
12-01 21:27:08.439 20054 20185 D MediaCodec:       string mime = "audio/raw"
12-01 21:27:08.439 20054 20185 D MediaCodec:       int64_t durationUs = 757000
12-01 21:27:08.439 20054 20185 D MediaCodec:       int32_t track-id = 1
12-01 21:27:08.439 20054 20185 D MediaCodec:       int32_t channel-count = 1
12-01 21:27:08.439 20054 20185 D MediaCodec:       int32_t sample-rate = 48000
12-01 21:27:08.439 20054 20185 D MediaCodec:       int32_t channel-mask = 0
12-01 21:27:08.439 20054 20185 D MediaCodec:       int32_t pcm-encoding = 2
12-01 21:27:08.439 20054 20185 D MediaCodec:     }
12-01 21:27:08.443 20054 20185 I MediaCodec: (0x7d17cb80) start
12-01 21:27:08.452 20054 20173 V Robocol : received command: CMD_ROBOT_CONTROLLER_PREFERENCE(10056) {"intValue":0,"prefName":"pref_wifip2p_channel"}
12-01 21:27:08.452 20054 20210 I MediaCodec: (0x7d17cb80) input buffers allocated
12-01 21:27:08.452 20054 20210 I MediaCodec: (0x7d17cb80) numBuffers (4)
12-01 21:27:08.452 20054 20210 I MediaCodec: (0x7d17cb80) output buffers allocated
12-01 21:27:08.452 20054 20210 I MediaCodec: (0x7d17cb80) numBuffers (4)
12-01 21:27:08.452 20054 20207 V Robocol : sending CMD_NOTIFY_USER_DEVICE_LIST(120), attempt: 0
12-01 21:27:08.454 20054 20207 V Robocol : sending CMD_NOTIFY_OP_MODE_LIST(131), attempt: 0
12-01 21:27:08.457 20054 20210 D MediaCodec: (0x7d17cb80) [OMX.google.raw.decoder] output format changed to: AMessage(what = 0x00000000) = {
12-01 21:27:08.457 20054 20210 D MediaCodec:       string mime = "audio/raw"
12-01 21:27:08.457 20054 20210 D MediaCodec:       int32_t channel-count = 1
12-01 21:27:08.457 20054 20210 D MediaCodec:       int32_t sample-rate = 48000
12-01 21:27:08.457 20054 20210 D MediaCodec:       int32_t pcm-encoding = 2
12-01 21:27:08.457 20054 20210 D MediaCodec:       int32_t bit-width = 16
12-01 21:27:08.457 20054 20210 D MediaCodec:       int32_t channel-mask = 0
12-01 21:27:08.457 20054 20210 D MediaCodec:     }
12-01 21:27:08.458 20054 20174 V WifiDirectChannelChanger: changeToChannel() channel=0
12-01 21:27:08.458 20054 20174 V WifiDirectChannelChanger: startChannelChange() channel=0
12-01 21:27:08.461 20054 20080 V WifiDirectChannelChanger: callSetWifiP2pChannels() success
12-01 21:27:08.461 20054 20080 V WifiDirectChannelChanger: Channel 0 saved as preference "pref_wifip2p_channel".
12-01 21:27:08.461 20054 20080 V WifiDirectChannelChanger: finishChannelChange() channel=0 success=true
12-01 21:27:08.475 20054 20185 I MediaCodec: (0x7d17cb80) stop
12-01 21:27:08.481 20054 20185 I MediaCodec: (0x7d17cb80) release
12-01 21:27:08.487 20054 20080 D SoundPlayer: onLoadComplete(samp=2|ms=757, samp=2)=0
12-01 21:27:08.493 20054 20207 V Robocol : sending CMD_SHOW_TOAST(142), attempt: 0
12-01 21:27:08.573 20054 20207 V Robocol : sending CMD_NOTIFY_WIFI_DIRECT_REMEMBERED_GROUPS_CHANGED(2), attempt: 1
12-01 21:27:08.573 20054 20207 V Robocol : sending CMD_SHOW_TOAST(3), attempt: 1
12-01 21:27:08.573 20054 20207 V Robocol : sending CMD_NOTIFY_WIFI_DIRECT_REMEMBERED_GROUPS_CHANGED(4), attempt: 1
12-01 21:27:08.573 20054 20207 V Robocol : sending CMD_NOTIFY_WIFI_DIRECT_REMEMBERED_GROUPS_CHANGED(5), attempt: 1
12-01 21:27:08.574 20054 20207 V Robocol : sending CMD_NOTIFY_ROBOT_STATE(13), attempt: 1
12-01 21:27:08.574 20054 20207 V Robocol : sending CMD_NOTIFY_ROBOT_STATE(14), attempt: 1
12-01 21:27:08.574 20054 20207 V Robocol : sending CMD_NOTIFY_ROBOT_STATE(15), attempt: 1
12-01 21:27:08.574 20054 20207 V Robocol : sending CMD_NOTIFY_ACTIVE_CONFIGURATION(16), attempt: 1
12-01 21:27:08.574 20054 20207 V Robocol : sending CMD_NOTIFY_USER_DEVICE_LIST(18), attempt: 1
12-01 21:27:08.575 20054 20207 V Robocol : sending CMD_NOTIFY_OP_MODE_LIST(19), attempt: 1
12-01 21:27:08.576 20054 20207 V Robocol : sending CMD_NOTIFY_ROBOT_STATE(21), attempt: 1
12-01 21:27:08.576 20054 20207 V Robocol : sending CMD_NOTIFY_INIT_OP_MODE(30), attempt: 1
12-01 21:27:10.498 20054 20187 D RobotCore: system telemetry: key=$System$Warning$ msg="Both the Robot Controller and Driver Station support 5 GHz. You should consider selecting a specific 5 GHz Wi-Fi channel (auto generally selects a 2.4 GHz channel)."
12-01 21:27:12.848 20054 20213 D SoundPlayer: playing volume=0.000000 samp=2|ms=757
12-01 21:27:12.853 20054 20207 V Robocol : sending CMD_PLAY_SOUND(218), attempt: 0
12-01 21:27:13.480 20054 20215 E AudioTrack: did not receive expected priority boost on time
12-01 21:27:15.171 20054 20173 V Robocol : received command: CMD_INIT_OP_MODE(10168) $Stop$Robot$
12-01 21:27:15.184 20054 20200 V RobotCore: thread: ...terminating 'OpModeThread'
12-01 21:27:15.188 20054 20187 I RobotCore: Attempting to switch to op mode $Stop$Robot$
12-01 21:27:15.189 20054 20187 D HardwareMap: Clearing which device instances have been retrieved
12-01 21:27:15.189 20054 20187 D HardwareMap: Clearing which device instances have been retrieved
12-01 21:27:15.192 20054 20222 V RobotCore: thread: 'OpModeThread' starting...
12-01 21:27:15.213 20054 20207 V Robocol : sending CMD_NOTIFY_INIT_OP_MODE(260), attempt: 0
12-01 21:27:21.581 20054 20173 V Robocol : received command: CMD_SET_MATCH_NUMBER(10260) 0
12-01 21:27:21.581 20054 20173 V Robocol : received command: CMD_INIT_OP_MODE(10261) PowerPlayAuto1
12-01 21:27:21.597 20054 20174 I RobotCore: ******************** START - OPMODE PowerPlayAuto1 ********************
12-01 21:27:21.601 20054 20222 V RobotCore: thread: ...terminating 'OpModeThread'
12-01 21:27:21.605 20054 20187 I RobotCore: Attempting to switch to op mode PowerPlayAuto1
12-01 21:27:21.814 20054 20187 D HardwareMap: Clearing which device instances have been retrieved
12-01 21:27:21.814 20054 20187 D HardwareMap: Clearing which device instances have been retrieved
12-01 21:27:21.823 20054 20225 V RobotCore: thread: 'OpModeThread' starting...
12-01 21:27:21.854 20054 20207 V Robocol : sending CMD_NOTIFY_INIT_OP_MODE(364), attempt: 0
12-01 21:27:21.947 20054 20225 I I2C     : Automatically initializing I2C device LynxEmbeddedIMU (USB DQ168BDK; module 1; bus 0; addr7=0x28)
12-01 21:27:21.948 20054 20225 V BNO055  : Suppressing I2C warnings while we check for a BNO055 IMU
12-01 21:27:21.955 20054 20225 V BNO055  : Found BNO055 IMU
12-01 21:27:22.404 20054 20225 V BNO055IMU: Now polling until IMU comes out of reset. It is normal to see I2C failures below
12-01 21:27:22.411 20054 20225 V RobotCore: addr=false data=true arb=false clock=false
12-01 21:27:22.411 20054 20225 E LynxI2cDeviceSynch: readStatusQuery: cbExpected=1 cbRead=0
12-01 21:27:22.411 20054 20225 E LynxI2cDeviceSynch: placeholder: readStatusQuery
12-01 21:27:22.477 20054 20225 V RobotCore: addr=false data=true arb=false clock=false
12-01 21:27:22.478 20054 20225 E LynxI2cDeviceSynch: readStatusQuery: cbExpected=1 cbRead=0
12-01 21:27:22.645 20054 20225 V BNO055IMU: IMU has come out of reset. No more I2C failures should occur.
12-01 21:27:22.824 20054 20225 I System.out: OpenCvCameraBase ctor: EasyOpenCV version 1.5.2
12-01 21:27:22.843 20054 20225 D AprilTagDetectorJNI: Creating 36h11 tag family
12-01 21:27:22.843 20054 20225 D AprilTagDetectorJNI: Initializing april tag detector
12-01 21:27:22.853 20054 20207 V Robocol : sending CMD_STREAM_CHANGE(376), attempt: 0
12-01 21:27:22.867 20054 20054 D OpenCvViewport: surfaceCreated()
12-01 21:27:22.867 20054 20054 D OpenCvViewport: ...surfaceCreated()
12-01 21:27:22.867 20054 20054 D OpenCvViewport: surfaceChanged()
12-01 21:27:22.867 20054 20054 D OpenCvViewport: CheckState(): user requested that we deactivate
12-01 21:27:22.867 20054 20054 D OpenCvViewport: CheckState(): already deactivated
12-01 21:27:22.867 20054 20054 D OpenCvViewport: ...surfaceChanged()
12-01 21:27:23.015 20054 20225 D AprilTagDetectorJNI: Initializing april tag JNI context object
12-01 21:27:23.016 20054 20227 D CameraManager: doOpenCamera()...
12-01 21:27:23.016 20054 20227 D CameraManager: requesting permission for camera: Webcam(688D709F)
12-01 21:27:23.019 20054 20227 D WebcamNameImpl: requesting permission for /dev/bus/usb/001/004
12-01 21:27:23.020 20054 20227 V WebcamNameImpl: asyncRequestUsbPermission()...
12-01 21:27:23.021 20054 20227 D WebcamNameImpl: permission already available for /dev/bus/usb/001/004
12-01 21:27:23.022 20054 20227 V WebcamNameImpl: ...asyncRequestUsbPermission()
12-01 21:27:23.022 20054 20227 D ContinuationSynchronizer: awaiting(camera open)...
12-01 21:27:23.022 20054 20100 D WebcamNameImpl: permission for /dev/bus/usb/001/004=true
12-01 21:27:23.022 20054 20100 D CameraManager: permission granted for camera: Webcam(688D709F)
12-01 21:27:23.022 20054 20100 D CameraManager: asyncOpenCamera(Webcam(688D709F))...
12-01 21:27:23.022 20054 20100 D CameraManager: asyncOpenWebcam(Webcam(688D709F))...
12-01 21:27:23.023 20054 20100 V UsbResiliantWebcam: construct(0x0050ea08)
12-01 21:27:23.023 20054 20100 D UsbResiliantWebcam: openAssumingPermission()...
12-01 21:27:23.025 20054 20100 D UvcContext: found webcam: usbPath=/dev/bus/usb/001/004 vid=0x46D pid=0x8E5 serial=688D709F product=HD Pro Webcam C920
12-01 21:27:23.025 20054 20100 D Uvc     : [jni_context.cpp:120] Java_org_firstinspires_ftc_robotcore_internal_camera_libuvc_nativeobject_UvcContext_nativeCreateUvcDevice()...
12-01 21:27:23.025 20054 20100 V Uvc     : API: Java_org_firstinspires_ftc_robotcore_internal_camera_libuvc_nativeobject_UvcContext_nativeCreateUvcDevice: enter...
12-01 21:27:23.025 20054 20100 D libusb  : [24.846839] [00004e84] libusb: debug [op_create] op_create: szUsbPath=/dev/bus/usb/001/004 szSysfsDir=(null)
12-01 21:27:23.025 20054 20100 D libusb  : [24.846876] [00004e84] libusb: debug [initialize_device] initialize_device(szUsbPath=/dev/bus/usb/001/004 szSysfsDir=(null))
12-01 21:27:23.026 20054 20100 E libusb  : [24.846992] [00004e84] libusb: error [initialize_device] initialize_device(): fdDescriptors unavailable
12-01 21:27:23.022 20100 20100 W pRunnable.run(): type=1400 audit(0.0:206): avc: denied { search } for uid=10139 name="usb" dev="tmpfs" ino=18711 scontext=u:r:untrusted_app:s0:c512,c768 tcontext=u:object_r:usb_device:s0 tclass=dir permissive=0
12-01 21:27:23.026 20054 20100 D libusb  : [24.847031] [00004e84] libusb: debug [_originate_err] [linux_usbfs.c:796] originating err: -12(LIBUSB_ERROR_NOT_SUPPORTED)
12-01 21:27:23.026 20054 20100 D Uvc     : [device.cpp:613] uvc_create_uvc_device()...
12-01 21:27:23.026 20054 20100 D Uvc     : [libuvc/libuvc_internal.h:346] uvc_device::uvc_device()...
12-01 21:27:23.026 20054 20100 D libusb  : [24.847098] [00004e84] libusb: debug [_originate_err] [descriptor.c:543] originating err: -5(LIBUSB_ERROR_NOT_FOUND)
12-01 21:27:23.026 20054 20100 D Uvc     : [libuvc/libuvc_internal.h:346] ...uvc_device::uvc_device()
12-01 21:27:23.026 20054 20100 D Uvc     : [device.cpp:613] ...uvc_create_uvc_device() rc=0
12-01 21:27:23.026 20054 20100 V Uvc     : API: Java_org_firstinspires_ftc_robotcore_internal_camera_libuvc_nativeobject_UvcContext_nativeCreateUvcDevice: ...exit
12-01 21:27:23.026 20054 20100 D Uvc     : [jni_context.cpp:120] ...Java_org_firstinspires_ftc_robotcore_internal_camera_libuvc_nativeobject_UvcContext_nativeCreateUvcDevice()
12-01 21:27:23.026 20054 20100 V UvcDevice: construct(pointer=0x8c5d5dd0|null)
12-01 21:27:23.027 20054 20100 D Uvc     : [jni_device.cpp:108] Java_org_firstinspires_ftc_robotcore_internal_camera_libuvc_nativeobject_UvcDevice_nativeGetLibUsbDevice()...
12-01 21:27:23.027 20054 20100 D Uvc     : [jni_device.cpp:108] ...Java_org_firstinspires_ftc_robotcore_internal_camera_libuvc_nativeobject_UvcDevice_nativeGetLibUsbDevice()
12-01 21:27:23.027 20054 20100 V LibUsbDevice: construct(pointer=0x7e0dc060)
12-01 21:27:23.027 20054 20100 D UvcContext: usb device is *not* UVC compatible, /dev/bus/usb/001/003
12-01 21:27:23.028 20054 20100 D UvcDevice: open()...
12-01 21:27:23.891 20054 20100 D Uvc     : [jni_device.cpp:50] Java_org_firstinspires_ftc_robotcore_internal_camera_libuvc_nativeobject_UvcDevice_nativeSetUsbDeviceInfo()...
12-01 21:27:23.891 20054 20100 D Uvc     : [jni_device.cpp:50] ...Java_org_firstinspires_ftc_robotcore_internal_camera_libuvc_nativeobject_UvcDevice_nativeSetUsbDeviceInfo()
12-01 21:27:23.892 20054 20100 D Uvc     : [jni_device.cpp:233] Java_org_firstinspires_ftc_robotcore_internal_camera_libuvc_nativeobject_UvcDevice_nativeOpenDeviceHandle()...
12-01 21:27:23.892 20054 20100 V Uvc     : API: Java_org_firstinspires_ftc_robotcore_internal_camera_libuvc_nativeobject_UvcDevice_nativeOpenDeviceHandle: enter...
12-01 21:27:23.892 20054 20100 D Uvc     : [device.cpp:279] uvc_open()...
12-01 21:27:23.892 20054 20100 D Uvc     : [libuvc/libuvc_internal.h:356] uvc_device::open()...
12-01 21:27:23.892 20054 20100 D libusb  : [25.713246] [00004e84] libusb: debug [op_open] op_open: szUsbPath=/dev/bus/usb/001/004
12-01 21:27:23.892 20054 20100 D libusb  : [25.713292] [00004e84] libusb: debug [op_open] late acquiring descriptors for /dev/bus/usb/001/004
12-01 21:27:23.892 20054 20100 D Uvc     : [libuvc/libuvc_internal.h:375] acquired vid=1133 & pid=2277
12-01 21:27:23.892 20054 20100 D Uvc     : [libuvc/libuvc_internal.h:356] ...uvc_device::open() rc=0
12-01 21:27:23.892 20054 20100 D Uvc     : [device.cpp:295] calling libusb_reset_device()...
12-01 21:27:25.329 20054 20100 D Uvc     : [device.cpp:303] ...libusb_reset_device() called
12-01 21:27:25.329 20054 20100 D Uvc     : [device.cpp:311] libusb_open() = 0
12-01 21:27:25.329 20054 20100 D Uvc     : [libuvc/libuvc_internal.h:732] uvc_device_handle::uvc_device_handle()...
12-01 21:27:25.329 20054 20100 D Uvc     : [libuvc/libuvc_internal.h:732] ...uvc_device_handle::uvc_device_handle()
12-01 21:27:25.329 20054 20100 D Uvc     : [device.cpp:386] uvc_get_device_info()...
12-01 21:27:25.329 20054 20100 D libusb  : [27.150613] [00004e84] libusb: debug [op_get_config_descriptor] op_get_config_descriptor: config_index=0
12-01 21:27:25.329 20054 20100 D libusb  : [27.150851] [00004e84] libusb: debug [op_get_config_descriptor] op_get_config_descriptor: config_index=0
12-01 21:27:25.330 20054 20100 D Uvc     : [device.cpp:986] uvc_scan_control()...
12-01 21:27:25.330 20054 20100 D Uvc     : [device.cpp:1041] uvc_parse_vc_header()...
12-01 21:27:25.330 20054 20100 D Uvc     : [device.cpp:1284] uvc_scan_streaming()...
12-01 21:27:25.330 20054 20100 D Uvc     : [device.cpp:1340] uvc_parse_vs_input_header()...
12-01 21:27:25.330 20054 20100 D Uvc     : [device.cpp:1340] ...uvc_parse_vs_input_header() rc=0
12-01 21:27:25.330 20054 20100 D Uvc     : [device.cpp:1389] uvc_parse_vs_format_uncompressed()...
12-01 21:27:25.330 20054 20100 D Uvc     : [device.cpp:1389] ...uvc_parse_vs_format_uncompressed() rc=0
12-01 21:27:25.330 20054 20100 V Uvc     : [device.cpp:1630] unsupported descriptor subtype: 13 UVC_VS_COLORFORMAT
12-01 21:27:25.330 20054 20100 D Uvc     : [device.cpp:1449] uvc_parse_vs_format_mjpeg()...
12-01 21:27:25.330 20054 20100 D Uvc     : [device.cpp:1449] ...uvc_parse_vs_format_mjpeg() rc=0
12-01 21:27:25.331 20054 20100 V Uvc     : [device.cpp:1630] unsupported descriptor subtype: 13 UVC_VS_COLORFORMAT
12-01 21:27:25.331 20054 20100 D Uvc     : [device.cpp:1284] ...uvc_scan_streaming() rc=0
12-01 21:27:25.331 20054 20100 D Uvc     : [device.cpp:1041] ...uvc_parse_vc_header() rc=0
12-01 21:27:25.331 20054 20100 D Uvc     : [device.cpp:1083] uvc_parse_vc_input_terminal()...
12-01 21:27:25.331 20054 20100 D Uvc     : [device.cpp:1083] ...uvc_parse_vc_input_terminal() rc=0
12-01 21:27:25.331 20054 20100 D Uvc     : [device.cpp:1156] uvc_parse_vc_processing_unit()...
12-01 21:27:25.331 20054 20100 D Uvc     : [device.cpp:1156] ...uvc_parse_vc_processing_unit() rc=0
12-01 21:27:25.331 20054 20100 D Uvc     : [device.cpp:986] ...uvc_scan_control() rc=0
12-01 21:27:25.331 20054 20100 D Uvc     : [device.cpp:386] ...uvc_get_device_info() rc=0
12-01 21:27:25.331 20054 20100 D Uvc     : [device.cpp:326] claiming control interface 0
12-01 21:27:25.331 20054 20100 D Uvc     : [libuvc/libuvc_internal.h:770] uvc_device_handle::claimInterface(idx=0)...
12-01 21:27:25.332 20054 20100 D UvcDevice: claimInterface(0)
12-01 21:27:25.374 20054 20100 D UvcDevice: claimInterface(0) succeeded
12-01 21:27:25.375 20054 20100 D Uvc     : [libuvc/libuvc_internal.h:783] claimInterface(0) succeeded
12-01 21:27:25.375 20054 20100 D Uvc     : [libuvc/libuvc_internal.h:770] ...uvc_device_handle::claimInterface() rc=0
12-01 21:27:25.375 20054 20100 D Uvc     : [device.cpp:279] ...uvc_open() rc=0
12-01 21:27:25.375 20054 20100 V Uvc     : API: Java_org_firstinspires_ftc_robotcore_internal_camera_libuvc_nativeobject_UvcDevice_nativeOpenDeviceHandle: ...exit
12-01 21:27:25.375 20054 20100 D Uvc     : [jni_device.cpp:233] ...Java_org_firstinspires_ftc_robotcore_internal_camera_libuvc_nativeobject_UvcDevice_nativeOpenDeviceHandle()
12-01 21:27:25.375 20054 20100 V UvcDeviceHandle: construct(pointer=0x7c873a30)
12-01 21:27:25.376 20054 20100 V CameraImpl: construct(0x01ff7f87)
12-01 21:27:25.376 20054 20100 D UsbResiliantWebcam.InterveningStateCallback: onOpened() camera=CameraImpl(UvcDeviceHandle(pointer=0x7c873a30|UvcDevice(/dev/bus/usb/001/004)))...
12-01 21:27:25.376 20054 20100 D UsbResiliantWebcam: changeDelegatedCamera(null->CameraImpl(UvcDeviceHandle(pointer=0x7c873a30|UvcDevice(/dev/bus/usb/001/004))))...
12-01 21:27:25.377 20054 20100 D UvcApiFocusControl: isModeSupported(Auto)...
12-01 21:27:25.378 20054 20100 D UvcApiFocusControl: ...isModeSupported(Auto): false
12-01 21:27:25.378 20054 20100 D UvcApiFocusControl: isModeSupported(ContinuousAuto)...
12-01 21:27:25.378 20054 20100 D UvcApiFocusControl: ...isModeSupported(ContinuousAuto): true
12-01 21:27:25.378 20054 20100 D UvcApiFocusControl: isModeSupported(Macro)...
12-01 21:27:25.379 20054 20100 D UvcApiFocusControl: ...isModeSupported(Macro): false
12-01 21:27:25.379 20054 20100 D UvcApiFocusControl: isModeSupported(Infinity)...
12-01 21:27:25.379 20054 20100 D UvcApiFocusControl: ...isModeSupported(Infinity): false
12-01 21:27:25.379 20054 20100 D UvcApiFocusControl: isModeSupported(Fixed)...
12-01 21:27:25.379 20054 20100 D UvcApiFocusControl: ...isModeSupported(Fixed): true
12-01 21:27:25.379 20054 20100 D UvcApiFocusControl: isFocusLengthSupported...
12-01 21:27:25.379 20054 20100 D UvcApiFocusControl: ...isFocusLengthSupported: true
12-01 21:27:25.379 20054 20100 D UvcApiFocusControl: getMinFocusLength()...
12-01 21:27:25.380 20054 20100 D UvcApiFocusControl: ...getMinFocusLength(): 0.0
12-01 21:27:25.380 20054 20100 D UvcApiFocusControl: getMaxFocusLength()...
12-01 21:27:25.381 20054 20100 D UvcApiFocusControl: ...getMaxFocusLength(): 250.0
12-01 21:27:25.383 20054 20100 D UvcApiFocusControl: getFocusLength()...
12-01 21:27:25.384 20054 20100 D UvcDeviceHandle: [jni_devicehandle.cpp:1059] focusLength=0
12-01 21:27:25.384 20054 20100 D UvcApiFocusControl: ...getFocusLength(): 0.0
12-01 21:27:25.384 20054 20100 D CachingExposureControl: onCameraChanged(null->CameraImpl(UvcDeviceHandle(pointer=0x7c873a30|UvcDevice(/dev/bus/usb/001/004))))...
12-01 21:27:25.385 20054 20100 D UvcApiExposureControl: isModeSupported(Auto)...
12-01 21:27:25.386 20054 20100 D UvcApiExposureControl: ...isModeSupported(Auto): false
12-01 21:27:25.386 20054 20100 D UvcApiExposureControl: isModeSupported(ContinuousAuto)...
12-01 21:27:25.387 20054 20100 D UvcApiExposureControl: ...isModeSupported(ContinuousAuto): false
12-01 21:27:25.387 20054 20100 D UvcApiExposureControl: isModeSupported(Manual)...
12-01 21:27:25.387 20054 20100 D UvcApiExposureControl: ...isModeSupported(Manual): true
12-01 21:27:25.387 20054 20100 D UvcApiExposureControl: isModeSupported(ShutterPriority)...
12-01 21:27:25.388 20054 20100 D UvcApiExposureControl: ...isModeSupported(ShutterPriority): false
12-01 21:27:25.388 20054 20100 D UvcApiExposureControl: isModeSupported(AperturePriority)...
12-01 21:27:25.389 20054 20100 D UvcApiExposureControl: ...isModeSupported(AperturePriority): true
12-01 21:27:25.389 20054 20100 D UvcApiExposureControl: isExposureSupported()...
12-01 21:27:25.389 20054 20100 D UvcApiExposureControl: ...isExposureSupported(): true
12-01 21:27:25.389 20054 20100 D UvcApiExposureControl: getMinExposure(NANOSECONDS)...
12-01 21:27:25.389 20054 20100 D Uvc     : [jni_devicehandle.cpp:645] Java_org_firstinspires_ftc_robotcore_internal_camera_libuvc_nativeobject_UvcDeviceHandle_nativeGetMinExposure()...
12-01 21:27:25.390 20054 20100 D Uvc     : [jni_devicehandle.cpp:645] ...Java_org_firstinspires_ftc_robotcore_internal_camera_libuvc_nativeobject_UvcDeviceHandle_nativeGetMinExposure()
12-01 21:27:25.390 20054 20100 D UvcApiExposureControl: ...getMinExposure(NANOSECONDS): 300000
12-01 21:27:25.390 20054 20100 D UvcApiExposureControl: getMaxExposure(NANOSECONDS)...
12-01 21:27:25.391 20054 20100 D UvcApiExposureControl: ...getMaxExposure(NANOSECONDS): 204700000
12-01 21:27:25.391 20054 20100 D UvcApiExposureControl: setAePriority()...
12-01 21:27:25.392 20054 20100 D UvcApiExposureControl: ...setAePriority()
12-01 21:27:25.392 20054 20100 D UvcApiExposureControl: getMode()...
12-01 21:27:25.392 20054 20100 D Uvc     : [jni_devicehandle.cpp:493] Java_org_firstinspires_ftc_robotcore_internal_camera_libuvc_nativeobject_UvcDeviceHandle_nativeGetVuforiaExposureMode()...
12-01 21:27:25.393 20054 20100 D Uvc     : [jni_devicehandle.cpp:493] ...Java_org_firstinspires_ftc_robotcore_internal_camera_libuvc_nativeobject_UvcDeviceHandle_nativeGetVuforiaExposureMode()
12-01 21:27:25.393 20054 20100 D UvcApiExposureControl: ...getMode(): AperturePriority
12-01 21:27:25.394 20054 20100 D CachingExposureControl: ...onCameraChanged(null->CameraImpl(UvcDeviceHandle(pointer=0x7c873a30|UvcDevice(/dev/bus/usb/001/004))))
12-01 21:27:25.395 20054 20100 D UvcApiPtzControl: getMinZoom()...
12-01 21:27:25.395 20054 20100 D UvcApiPtzControl: ...getMinZoom(): 100
12-01 21:27:25.396 20054 20100 D UvcApiPtzControl: getMaxZoom()...
12-01 21:27:25.396 20054 20100 D UvcApiPtzControl: ...getMaxZoom(): 500
12-01 21:27:25.396 20054 20100 D UvcApiPtzControl: getMinPanTilt()...
12-01 21:27:25.397 20054 20100 D UvcApiPtzControl: ...getMinPanTilt(): org.firstinspires.ftc.robotcore.external.hardware.camera.controls.PtzControl$PanTiltHolder@aa37daa
12-01 21:27:25.397 20054 20100 D UvcApiPtzControl: getMaxPanTilt()...
12-01 21:27:25.398 20054 20100 D UvcApiPtzControl: ...getMaxPanTilt(): org.firstinspires.ftc.robotcore.external.hardware.camera.controls.PtzControl$PanTiltHolder@3627d9b
12-01 21:27:25.398 20054 20100 D UvcApiPtzControl: getZoom()...
12-01 21:27:25.399 20054 20100 D UvcApiPtzControl: ...getZoom(): 100
12-01 21:27:25.399 20054 20100 D UvcApiPtzControl: getPanTilt()...
12-01 21:27:25.400 20054 20100 D UvcApiPtzControl: ...getPanTilt(): org.firstinspires.ftc.robotcore.external.hardware.camera.controls.PtzControl$PanTiltHolder@416e538
12-01 21:27:25.400 20054 20100 D UvcApiGainControl: getMinGain()...
12-01 21:27:25.400 20054 20100 D Uvc     : [jni_devicehandle.cpp:894] Java_org_firstinspires_ftc_robotcore_internal_camera_libuvc_nativeobject_UvcDeviceHandle_nativeGetMinGain()...
12-01 21:27:25.401 20054 20100 D Uvc     : [jni_devicehandle.cpp:894] ...Java_org_firstinspires_ftc_robotcore_internal_camera_libuvc_nativeobject_UvcDeviceHandle_nativeGetMinGain()
12-01 21:27:25.401 20054 20100 D UvcApiGainControl: ...getMinGain(): 0
12-01 21:27:25.401 20054 20100 D UvcApiGainControl: getMaxGain()...
12-01 21:27:25.401 20054 20100 D Uvc     : [jni_devicehandle.cpp:917] Java_org_firstinspires_ftc_robotcore_internal_camera_libuvc_nativeobject_UvcDeviceHandle_nativeGetMaxGain()...
12-01 21:27:25.402 20054 20100 D Uvc     : [jni_devicehandle.cpp:917] ...Java_org_firstinspires_ftc_robotcore_internal_camera_libuvc_nativeobject_UvcDeviceHandle_nativeGetMaxGain()
12-01 21:27:25.402 20054 20100 D UvcApiGainControl: ...getMaxGain(): 255
12-01 21:27:25.402 20054 20100 D UvcApiGainControl: getGain()...
12-01 21:27:25.402 20054 20100 D Uvc     : [jni_devicehandle.cpp:940] Java_org_firstinspires_ftc_robotcore_internal_camera_libuvc_nativeobject_UvcDeviceHandle_nativeGetGain()...
12-01 21:27:25.403 20054 20100 D Uvc     : [jni_devicehandle.cpp:940] ...Java_org_firstinspires_ftc_robotcore_internal_camera_libuvc_nativeobject_UvcDeviceHandle_nativeGetGain()
12-01 21:27:25.403 20054 20100 D UvcApiGainControl: ...getGain(): 0
12-01 21:27:25.403 20054 20100 D UvcApiWhiteBalanceControl: getMinWhiteBalanceTemperature()...
12-01 21:27:25.403 20054 20100 D Uvc     : [jni_devicehandle.cpp:726] Java_org_firstinspires_ftc_robotcore_internal_camera_libuvc_nativeobject_UvcDeviceHandle_nativeGetMinWhiteBalanceTemperature()...
12-01 21:27:25.404 20054 20100 D Uvc     : [jni_devicehandle.cpp:726] ...Java_org_firstinspires_ftc_robotcore_internal_camera_libuvc_nativeobject_UvcDeviceHandle_nativeGetMinWhiteBalanceTemperature()
12-01 21:27:25.404 20054 20100 D UvcApiWhiteBalanceControl: ...getMinWhiteBalanceTemperature(): 2000
12-01 21:27:25.404 20054 20100 D UvcApiWhiteBalanceControl: getMaxWhiteBalanceTemperature()...
12-01 21:27:25.404 20054 20100 D Uvc     : [jni_devicehandle.cpp:748] Java_org_firstinspires_ftc_robotcore_internal_camera_libuvc_nativeobject_UvcDeviceHandle_nativeGetMaxWhiteBalanceTemperature()...
12-01 21:27:25.405 20054 20100 D Uvc     : [jni_devicehandle.cpp:748] ...Java_org_firstinspires_ftc_robotcore_internal_camera_libuvc_nativeobject_UvcDeviceHandle_nativeGetMaxWhiteBalanceTemperature()
12-01 21:27:25.405 20054 20100 D UvcApiWhiteBalanceControl: ...getMaxWhiteBalanceTemperature(): 6500
12-01 21:27:25.405 20054 20100 D UvcApiWhiteBalanceControl: getWhiteBalanceTemperature()...
12-01 21:27:25.405 20054 20100 D Uvc     : [jni_devicehandle.cpp:793] Java_org_firstinspires_ftc_robotcore_internal_camera_libuvc_nativeobject_UvcDeviceHandle_nativeGetWhiteBalanceTemperature()...
12-01 21:27:25.406 20054 20100 D Uvc     : [jni_devicehandle.cpp:793] ...Java_org_firstinspires_ftc_robotcore_internal_camera_libuvc_nativeobject_UvcDeviceHandle_nativeGetWhiteBalanceTemperature()
12-01 21:27:25.406 20054 20100 D UvcApiWhiteBalanceControl: ...getWhiteBalanceTemperature(): 4000
12-01 21:27:25.406 20054 20100 D UsbResiliantWebcam: ...changeDelegatedCamera(null->CameraImpl(UvcDeviceHandle(pointer=0x7c873a30|UvcDevice(/dev/bus/usb/001/004))))
12-01 21:27:25.406 20054 20100 D UsbResiliantWebcam: openSelfAndReport()...
12-01 21:27:25.406 20054 20100 V CameraImpl: construct(0x08e6d911)
12-01 21:27:25.406 20054 20100 D UsbResiliantWebcam: ...openSelfAndReport()
12-01 21:27:25.407 20054 20100 D UsbResiliantWebcam.InterveningStateCallback: ...onOpened() camera=CameraImpl(UvcDeviceHandle(pointer=0x7c873a30|UvcDevice(/dev/bus/usb/001/004)))
12-01 21:27:25.407 20054 20100 D UvcDevice: ...open()
12-01 21:27:25.407 20054 20100 D UsbResiliantWebcam: ...openAssumingPermission()
12-01 21:27:25.407 20054 20100 D CameraManager: ...asyncOpenWebcam(Webcam(688D709F))
12-01 21:27:25.407 20054 20100 D CameraManager: ...asyncOpenCamera(Webcam(688D709F))
12-01 21:27:25.407 20054 20228 D CameraManager: camera reports opened: CameraImpl(UsbResiliantWebcam(Webcam(688D709F)))
12-01 21:27:25.407 20054 20228 D ContinuationSynchronizer: finish("camera reports opened: Webcam(688D709F)": CameraImpl(UsbResiliantWebcam(Webcam(688D709F))))...
12-01 21:27:25.407 20054 20228 D ContinuationSynchronizer: ...finish("camera reports opened: Webcam(688D709F)": CameraImpl(UsbResiliantWebcam(Webcam(688D709F))))
12-01 21:27:25.407 20054 20227 D ContinuationSynchronizer: ...awaiting(camera open)
12-01 21:27:25.407 20054 20227 D CameraManager: ...doOpenCamera()
12-01 21:27:25.409 20054 20227 D UvcContext: found webcam: usbPath=/dev/bus/usb/001/004 vid=0x46D pid=0x8E5 serial=688D709F product=HD Pro Webcam C920
12-01 21:27:25.409 20054 20227 D Uvc     : [jni_context.cpp:120] Java_org_firstinspires_ftc_robotcore_internal_camera_libuvc_nativeobject_UvcContext_nativeCreateUvcDevice()...
12-01 21:27:25.409 20054 20227 V Uvc     : API: Java_org_firstinspires_ftc_robotcore_internal_camera_libuvc_nativeobject_UvcContext_nativeCreateUvcDevice: enter...
12-01 21:27:25.409 20054 20227 D libusb  : [27.230556] [00004f03] libusb: debug [op_create] op_create: szUsbPath=/dev/bus/usb/001/004 szSysfsDir=(null)
12-01 21:27:25.409 20054 20227 D Uvc     : [device.cpp:613] uvc_create_uvc_device()...
12-01 21:27:25.409 20054 20227 D Uvc     : [libuvc/libuvc_internal.h:346] uvc_device::uvc_device()...
12-01 21:27:25.409 20054 20227 D Uvc     : [libuvc/libuvc_internal.h:375] acquired vid=1133 & pid=2277
12-01 21:27:25.409 20054 20227 D Uvc     : [libuvc/libuvc_internal.h:346] ...uvc_device::uvc_device()
12-01 21:27:25.409 20054 20227 D Uvc     : [device.cpp:613] ...uvc_create_uvc_device() rc=0
12-01 21:27:25.409 20054 20227 V Uvc     : API: Java_org_firstinspires_ftc_robotcore_internal_camera_libuvc_nativeobject_UvcContext_nativeCreateUvcDevice: ...exit
12-01 21:27:25.409 20054 20227 D Uvc     : [jni_context.cpp:120] ...Java_org_firstinspires_ftc_robotcore_internal_camera_libuvc_nativeobject_UvcContext_nativeCreateUvcDevice()
12-01 21:27:25.409 20054 20227 V UvcDevice: construct(pointer=0x7bdfcbc0|null)
12-01 21:27:25.410 20054 20227 D Uvc     : [jni_device.cpp:108] Java_org_firstinspires_ftc_robotcore_internal_camera_libuvc_nativeobject_UvcDevice_nativeGetLibUsbDevice()...
12-01 21:27:25.410 20054 20227 D Uvc     : [jni_device.cpp:108] ...Java_org_firstinspires_ftc_robotcore_internal_camera_libuvc_nativeobject_UvcDevice_nativeGetLibUsbDevice()
12-01 21:27:25.410 20054 20227 V LibUsbDevice: construct(pointer=0x7e0dc060)
12-01 21:27:25.410 20054 20227 D UvcContext: usb device is *not* UVC compatible, /dev/bus/usb/001/003
12-01 21:27:25.410 20054 20227 V UvcApiCameraCharacteristicsBuilder: construct(0x0493ca76)
12-01 21:27:25.411 20054 20227 D Uvc     : [jni_device.cpp:289] Java_org_firstinspires_ftc_robotcore_internal_camera_libuvc_nativeobject_UvcDevice_nativeGetDeviceInfo()...
12-01 21:27:25.411 20054 20227 V Uvc     : API: Java_org_firstinspires_ftc_robotcore_internal_camera_libuvc_nativeobject_UvcDevice_nativeGetDeviceInfo: enter...
12-01 21:27:25.411 20054 20227 D Uvc     : [device.cpp:386] uvc_get_device_info()...
12-01 21:27:25.411 20054 20227 D libusb  : [27.232294] [00004f03] libusb: debug [op_get_config_descriptor] op_get_config_descriptor: config_index=0
12-01 21:27:25.411 20054 20227 D libusb  : [27.232334] [00004f03] libusb: debug [op_get_config_descriptor] op_get_config_descriptor: config_index=0
12-01 21:27:25.411 20054 20227 D Uvc     : [device.cpp:986] uvc_scan_control()...
12-01 21:27:25.411 20054 20227 D Uvc     : [device.cpp:1041] uvc_parse_vc_header()...
12-01 21:27:25.411 20054 20227 D Uvc     : [device.cpp:1284] uvc_scan_streaming()...
12-01 21:27:25.411 20054 20227 D Uvc     : [device.cpp:1340] uvc_parse_vs_input_header()...
12-01 21:27:25.411 20054 20227 D Uvc     : [device.cpp:1340] ...uvc_parse_vs_input_header() rc=0
12-01 21:27:25.411 20054 20227 D Uvc     : [device.cpp:1389] uvc_parse_vs_format_uncompressed()...
12-01 21:27:25.411 20054 20227 D Uvc     : [device.cpp:1389] ...uvc_parse_vs_format_uncompressed() rc=0
12-01 21:27:25.411 20054 20227 V Uvc     : [device.cpp:1630] unsupported descriptor subtype: 13 UVC_VS_COLORFORMAT
12-01 21:27:25.411 20054 20227 D Uvc     : [device.cpp:1449] uvc_parse_vs_format_mjpeg()...
12-01 21:27:25.411 20054 20227 D Uvc     : [device.cpp:1449] ...uvc_parse_vs_format_mjpeg() rc=0
12-01 21:27:25.411 20054 20227 V Uvc     : [device.cpp:1630] unsupported descriptor subtype: 13 UVC_VS_COLORFORMAT
12-01 21:27:25.411 20054 20227 D Uvc     : [device.cpp:1284] ...uvc_scan_streaming() rc=0
12-01 21:27:25.411 20054 20227 D Uvc     : [device.cpp:1041] ...uvc_parse_vc_header() rc=0
12-01 21:27:25.411 20054 20227 D Uvc     : [device.cpp:1083] uvc_parse_vc_input_terminal()...
12-01 21:27:25.411 20054 20227 D Uvc     : [device.cpp:1083] ...uvc_parse_vc_input_terminal() rc=0
12-01 21:27:25.412 20054 20227 D Uvc     : [device.cpp:1156] uvc_parse_vc_processing_unit()...
12-01 21:27:25.412 20054 20227 D Uvc     : [device.cpp:1156] ...uvc_parse_vc_processing_unit() rc=0
12-01 21:27:25.412 20054 20227 D Uvc     : [device.cpp:986] ...uvc_scan_control() rc=0
12-01 21:27:25.412 20054 20227 D Uvc     : [device.cpp:386] ...uvc_get_device_info() rc=0
12-01 21:27:25.412 20054 20227 V Uvc     : API: Java_org_firstinspires_ftc_robotcore_internal_camera_libuvc_nativeobject_UvcDevice_nativeGetDeviceInfo: ...exit
12-01 21:27:25.412 20054 20227 D Uvc     : [jni_device.cpp:289] ...Java_org_firstinspires_ftc_robotcore_internal_camera_libuvc_nativeobject_UvcDevice_nativeGetDeviceInfo()
12-01 21:27:25.412 20054 20227 V UvcDeviceInfo: construct(pointer=0xa0218530)
12-01 21:27:25.412 20054 20227 V UvcStreamingInterface: construct(pointer=0x81ff9de0)
12-01 21:27:25.422 20054 20227 V UvcStreamingInterface: destroy(pointer=0x81ff9de0)
12-01 21:27:25.422 20054 20227 V UvcDeviceInfo: destroy(pointer=0xa0218530)
12-01 21:27:25.422 20054 20227 D Uvc     : [jni_deviceinfo.cpp:63] Java_org_firstinspires_ftc_robotcore_internal_camera_libuvc_nativeobject_UvcDeviceInfo_nativeFreeDeviceInfo()...
12-01 21:27:25.422 20054 20227 V Uvc     : API: Java_org_firstinspires_ftc_robotcore_internal_camera_libuvc_nativeobject_UvcDeviceInfo_nativeFreeDeviceInfo: enter...
12-01 21:27:25.422 20054 20227 D Uvc     : [device.cpp:433] uvc_free_device_info()...
12-01 21:27:25.423 20054 20227 D Uvc     : [device.cpp:433] ...uvc_free_device_info()
12-01 21:27:25.423 20054 20227 V Uvc     : API: Java_org_firstinspires_ftc_robotcore_internal_camera_libuvc_nativeobject_UvcDeviceInfo_nativeFreeDeviceInfo: ...exit
12-01 21:27:25.423 20054 20227 D Uvc     : [jni_deviceinfo.cpp:63] ...Java_org_firstinspires_ftc_robotcore_internal_camera_libuvc_nativeobject_UvcDeviceInfo_nativeFreeDeviceInfo()
12-01 21:27:25.423 20054 20227 V UvcApiCameraCharacteristicsBuilder: destroy(hash=0x0493ca76)
12-01 21:27:25.423 20054 20227 V UvcDevice: destroy(pointer=0x7bdfcbc0|/dev/bus/usb/001/004)
12-01 21:27:25.423 20054 20227 D Uvc     : [jni_device.cpp:126] Java_org_firstinspires_ftc_robotcore_internal_camera_libuvc_nativeobject_UvcDevice_nativeReleaseRefDevice()...
12-01 21:27:25.423 20054 20227 V Uvc     : API: Java_org_firstinspires_ftc_robotcore_internal_camera_libuvc_nativeobject_UvcDevice_nativeReleaseRefDevice: enter...
12-01 21:27:25.423 20054 20227 D Uvc     : [device.cpp:882] uvc_unref_device()...
12-01 21:27:25.423 20054 20227 D Uvc     : [device.cpp:882] ...uvc_unref_device()
12-01 21:27:25.423 20054 20227 V Uvc     : API: Java_org_firstinspires_ftc_robotcore_internal_camera_libuvc_nativeobject_UvcDevice_nativeReleaseRefDevice: ...exit
12-01 21:27:25.423 20054 20227 D Uvc     : [jni_device.cpp:126] ...Java_org_firstinspires_ftc_robotcore_internal_camera_libuvc_nativeobject_UvcDevice_nativeReleaseRefDevice()
12-01 21:27:25.423 20054 20227 V LibUsbDevice: destroy(pointer=0x7e0dc060)
12-01 21:27:25.423 20054 20227 D Uvc     : [jni_libusb_device.cpp:64] Java_org_firstinspires_ftc_robotcore_internal_camera_libuvc_nativeobject_LibUsbDevice_nativeReleaseRefDevice()...
12-01 21:27:25.423 20054 20227 D Uvc     : [jni_libusb_device.cpp:64] ...Java_org_firstinspires_ftc_robotcore_internal_camera_libuvc_nativeobject_LibUsbDevice_nativeReleaseRefDevice()
