11-28 20:21:22.657 11646 11881 V Robocol : {3596983 19.639} received command: CMD_NOTIFY_USER_DEVICE_LIST(18) [{"builtIn":true,"classSource":"APK","compatibleControlSystems":["REV_HUB"],"description":"an Adafruit IMU","flavor":"I2C","isDeprecated":false,"isExternalLibraries":false,"isOnBotJava":false,"name":"Adafruit IMU","xmlTag":"AdafruitBNO055IMU","xmlTagAliases":[]},{"builtIn":true,"classSource":"APK","compatibleControlSystems":["REV_HUB"],"description":"a REV Color Sensor V3","flavor":"I2C","isDeprecated":false,"isExternalLibraries":false,"isOnBotJava":false,"name":"REV Color Sensor V3","xmlTag":"RevColorSensorV3","xmlTagAliases":[]},{"xmlTag":"Webcam","name":"Webcam","flavor":"BUILT_IN"},{"distributorInfo":{"distributor":"","model":"","url":""},"maxRPM":165.0,"ticksPerRev":1440.0,"builtIn":true,"classSource":"APK","compatibleControlSystems":["REV_HUB"],"description":"","flavor":"MOTOR","isDeprecated":false,"isExternalLibraries":false,"isOnBotJava":false,"name":"Unspecified Motor","xmlTag":"Motor","xmlTagAliases":[]},{"distributorInfo":{"distributor":"AndyMark","model":"am-3103","url":"http://www.andymark.com/NeveRest-60-Gearmotor-p/am-3103.htm"},"maxRPM":105.0,"ticksPerRev":1680.0,"builtIn":true,"classSource":"APK","compatibleControlSystems":["REV_HUB"],"description":"","flavor":"MOTOR","isDeprecated":false,"isExternalLibraries":false,"isOnBotJava":false,"name":"NeveRest 60 Gearmotor","xmlTag":"NeveRest60Gearmotor","xmlTagAliases":[]},{"distributorInfo":{"distributor":"AndyMark","model":"am-2964a","url":"http://www.andymark.com/NeveRest-40-Gearmotor-p/am-2964a.htm"},"maxRPM":160.0,"ticksPerRev":1120.0,"builtIn":true,"classSource":"APK","compatibleControlSystems":["REV_HUB"],"description":"","flavor":"MOTOR","isDeprecated":false,"isExternalLibraries":false,"isOnBotJava":false,"name":"NeveRest 40 Gearmotor","xmlTag":"NeveRest40Gearmotor","xmlTagAliases":[]},{"distributorInfo":{"distributor":"goBILDA_distributor","model":"goBILDA-5202","url":"https://www.gobilda.com/5202-series-yellow-jacket-planetary-gear-motors/"},"maxRPM":60.0,"ticksPerRev":2786.0,"builtIn":true,"classSource":"APK","compatibleControlSystems":["REV_HUB"],"description":"","flavor":"MOTOR","isDeprecated":false,"isExternalLibraries":false,"isOnBotJava":false,"name":"GoBILDA 5202/3/4 series","xmlTag":"goBILDA5202SeriesMotor","xmlTagAliases":[]},{"xmlTag":"Accelerometer","name":"[Unknown]","flavor":"BUILT_IN"},{"servoFlavor":"CONTINUOUS","builtIn":true,"classSource":"APK","compatibleControlSystems":["REV_HUB"],"description":"","flavor":"SERVO","isDeprecated":false,"isExternalLibraries":false,"isOnBotJava":false,"name":"Continuous Rotation Servo","xmlTag":"ContinuousRotationServo","xmlTagAliases":[]},{"distributorInfo":{"distributor":"AndyMark","model":"am-3461","url":""},"maxRPM":1784.0,"ticksPerRev":44.4,"builtIn":true,"classSource":"APK","compatibleControlSystems":["REV_HUB"],"description":"","flavor":"MOTOR","isDeprecated":false,"isExternalLibraries":false,"isOnBotJava":false,"name":"NeveRest 3.7 v1 Gearmotor","xmlTag":"NeveRest3.7v1Gearmotor","xmlTagAliases":[]},{"xmlTag":"Nothing","name":"Nothing","flavor":"BUILT_IN"},{"xmlTag":"LynxModule","name":"Expansion Hub","flavor":"BUILT_IN"},{"xmlTag":"UltrasonicSensor","name":"[Unknown]","flavor":"BUILT_IN"},{"distributorInfo":{"distributor":"goBILDA_distributor","model":"goBILDA-5201","url":"https://www.gobilda.com/5201-series-spur-gear-motors/"},"maxRPM":104.0,"ticksPerRev":1500.0,"builtIn":true,"classSource":"APK","compatibleControlSystems":["REV_HUB"],"description":"","flavor":"MOTOR","isDeprecated":false,"isExternalLibraries":false,"isOnBotJava":false,"name":"GoBILDA 5201 series","xmlTag":"goBILDA5201SeriesMotor","xmlTagAliases":[]},{"xmlTag":"\u003cunknown\u003e","name":"[Unknown]","flavor":"BUILT_IN"},{"xmlTag":"Robot","name":"[Unknown]","flavor":"BUILT_IN"},{"xmlTag":"LynxUsbDevice","name":"Expansion Hub Portal","flavor":"BUILT_IN"},{"servoFlavor":"CUSTOM","builtIn":true,"classSource":"APK","compatibleControlSystems":["REV_HUB"],"description":"a REV Blinkin LED Driver","flavor":"SERVO","isDeprecated":fa
11-28 20:21:22.658 11646 11881 V Robocol : {3596983 19.641} received command: CMD_NOTIFY_OP_MODE_LIST(19) [{"flavor":"AUTONOMOUS","group":"Linear Opmode","name":"AutoDrive","source":"ONBOTJAVA"},{"flavor":"TELEOP","group":"$$$$$$$","name":"AprilTagAutonomousInitDetectionExample","source":"ONBOTJAVA"},{"flavor":"AUTONOMOUS","group":"Linear Opmode","name":"PowerPlayAuto1","source":"ONBOTJAVA"}]
11-28 20:21:22.658 11646 11881 V Robocol : {3596983 19.641} received command: CMD_PLAY_SOUND(70) {"hashString":"f90646048adc8d2104e01c1fbafe7419","loopControl":0,"msPresentationTime":1669695679592,"rate":1.0,"volume":1.0,"waitForNonLoopingSoundsToFinish":true}
11-28 20:21:22.688 11646 11882 E RobotCore: {3596983 19.671} java.lang.ClassCastException: com.qualcomm.robotcore.hardware.configuration.typecontainers.MotorConfigurationType cannot be cast to com.qualcomm.robotcore.hardware.configuration.typecontainers.InstantiableUserConfigurationType
11-28 20:21:22.689 11646 11882 E RobotCore: {3596983 19.672} 	at com.qualcomm.robotcore.hardware.configuration.ConfigurationTypeManager.add(ConfigurationTypeManager.java:386)
11-28 20:21:22.689 11646 11882 E RobotCore: {3596983 19.672} 	at com.qualcomm.robotcore.hardware.configuration.ConfigurationTypeManager.deserializeUserDeviceTypes(ConfigurationTypeManager.java:310)
11-28 20:21:22.690 11646 11882 E RobotCore: {3596983 19.672} 	at com.qualcomm.ftcdriverstation.FtcDriverStationActivity.handleCommandNotifyUserDeviceList(FtcDriverStationActivity.java:2957)
11-28 20:21:22.690 11646 11882 E RobotCore: {3596983 19.673} 	at com.qualcomm.ftcdriverstation.FtcDriverStationActivity.commandEvent(FtcDriverStationActivity.java:2029)
11-28 20:21:22.690 11646 11882 E RobotCore: {3596983 19.673} 	at org.firstinspires.ftc.robotcore.internal.network.NetworkConnectionHandler$RecvLoopCallbackChainer.commandEvent(NetworkConnectionHandler.java:777)
11-28 20:21:22.690 11646 11882 E RobotCore: {3596983 19.673} 	at org.firstinspires.ftc.robotcore.internal.network.RecvLoopRunnable$CommandProcessor.run(RecvLoopRunnable.java:173)
11-28 20:21:22.691 11646 11882 E RobotCore: {3596983 19.674} 	at java.util.concurrent.ThreadPoolExecutor.runWorker(ThreadPoolExecutor.java:1162)
11-28 20:21:22.691 11646 11882 E RobotCore: {3596983 19.674} 	at java.util.concurrent.ThreadPoolExecutor$Worker.run(ThreadPoolExecutor.java:636)
11-28 20:21:22.691 11646 11882 E RobotCore: {3596983 19.674} 	at com.qualcomm.robotcore.util.ThreadPool$ThreadFactoryImpl$1.run(ThreadPool.java:793)
11-28 20:21:22.691 11646 11882 E RobotCore: {3596983 19.674} 	at java.lang.Thread.run(Thread.java:764)
11-28 20:21:22.692 11646 11882 V Robocol : {3596983 19.675} unable to process command CMD_NOTIFY_USER_DEVICE_LIST callbacks=FtcDriverStationActivity
11-28 20:21:22.692 11646 11882 V DriverStation: {3596983 19.675} Assuming client connected
11-28 20:21:22.695 11646 11882 V DriverStation: {3596983 19.677} Received the following op modes: [AutoDrive, AprilTagAutonomousInitDetectionExample, PowerPlayAuto1]
11-28 20:21:22.699 11646 11882 I AudioTrack: AUDIO_OUTPUT_FLAG_FAST successful; frameCount 36336 -> 36336
11-28 20:21:22.703 11646 11882 D SoundPlayer: {3596983 19.686} playing volume=0.000000 samp=4|ms=757
11-28 20:21:23.004 11646 11881 V Robocol : {3596983 19.987} received command: CMD_NOTIFY_INIT_OP_MODE(91) $Stop$Robot$
11-28 20:21:23.005 11646 11882 V DriverStation: {3596983 19.988} Robot Controller initializing op mode: $Stop$Robot$
11-28 20:21:23.007 11646 11882 V DriverStation: {3596983 19.990} ui:uiWaitingForOpModeSelection
11-28 20:21:23.403 11646 11881 V Robocol : {3596983 20.386} received command: CMD_PLAY_SOUND(98) {"hashString":"88c8e9c266de1a20bd3ca4d07d82b4e4","loopControl":0,"msPresentationTime":1669695680350,"rate":1.0,"volume":1.0,"waitForNonLoopingSoundsToFinish":true}
11-28 20:21:23.457 11646 12253 I AudioTrack: AUDIO_OUTPUT_FLAG_FAST successful; frameCount 216286 -> 216286
11-28 20:21:23.461 11646 12253 D SoundPlayer: {3596983 20.443} playing volume=0.000000 samp=8|ms=4506
11-28 20:21:24.481 11646 11881 E DriverStation: {3596983 21.464} System telemetry warning: Both the Robot Controller and Driver Station support 5 GHz. You should consider selecting a specific 5 GHz Wi-Fi channel (auto generally selects a 2.4 GHz channel).
11-28 20:21:25.158 11646 11885 V Robocol : {3596983 22.141} sending CMD_INIT_OP_MODE(10081), attempt: 0
11-28 20:21:25.202 11646 11881 V Robocol : {3596983 22.185} received command: CMD_NOTIFY_INIT_OP_MODE(134) $Stop$Robot$
11-28 20:21:25.202 11646 11882 V DriverStation: {3596983 22.185} Robot Controller initializing op mode: $Stop$Robot$
11-28 20:21:25.236 11646 11882 V DriverStation: {3596983 22.219} ui:uiWaitingForOpModeSelection
11-28 20:21:26.680 11646 11646 V DriverStation: {3596983 23.663} ui:uiWaitingForInitEvent
11-28 20:21:27.902 11646 11646 V DriverStation: {3596983 24.884} ui:uiWaitingForAck
11-28 20:21:27.918 11646 11885 V Robocol : {3596983 24.901} sending CMD_SET_MATCH_NUMBER(10125), attempt: 0
11-28 20:21:27.919 11646 11885 V Robocol : {3596983 24.902} sending CMD_INIT_OP_MODE(10126), attempt: 0
11-28 20:21:28.124 11646 11881 V Robocol : {3596983 25.106} received command: CMD_NOTIFY_INIT_OP_MODE(189) AprilTagAutonomousInitDetectionExample
11-28 20:21:28.124 11646 11882 V DriverStation: {3596983 25.107} Robot Controller initializing op mode: AprilTagAutonomousInitDetectionExample
11-28 20:21:28.126 11646 11882 V DriverStation: {3596983 25.109} timer: init w/o timer enabled
11-28 20:21:28.126 11646 11882 V DriverStation: {3596983 25.109} ui:uiWaitingForStartEvent
11-28 20:21:28.202 11646 11881 V Robocol : {3596983 25.185} received command: CMD_STREAM_CHANGE(192) true
11-28 20:21:29.482 11646 11881 E DriverStation: {3596983 26.465} System telemetry warning: Both the Robot Controller and Driver Station support 5 GHz. You should consider selecting a specific 5 GHz Wi-Fi channel (auto generally selects a 2.4 GHz channel).
11-28 20:21:30.895 11646 11881 E DriverStation: {3596983 27.878} System telemetry warning: Both the Robot Controller and Driver Station support 5 GHz. You should consider selecting a specific 5 GHz Wi-Fi channel (auto generally selects a 2.4 GHz channel).
11-28 20:21:30.895 11646 11881 E DriverStation: 
11-28 20:21:30.895 11646 11881 E DriverStation: Unable to find webcam "Webcam 1" with serial number 688D709F.
11-28 20:21:31.123 11646 11881 V Robocol : {3596983 28.106} received command: CMD_PLAY_SOUND(275) {"hashString":"fba6a9abe5b1f6238a531ceb1e3751ae","loopControl":0,"msPresentationTime":1669695688086,"rate":1.0,"volume":1.0,"waitForNonLoopingSoundsToFinish":true}
11-28 20:21:31.148 11646 11882 I AudioTrack: AUDIO_OUTPUT_FLAG_FAST successful; frameCount 120446 -> 120446
11-28 20:21:31.152 11646 11882 D SoundPlayer: {3596983 28.135} playing volume=0.000000 samp=10|ms=2509
11-28 20:21:32.323 11646 11881 E DriverStation: {3596983 29.306} System telemetry warning: Both the Robot Controller and Driver Station support 5 GHz. You should consider selecting a specific 5 GHz Wi-Fi channel (auto generally selects a 2.4 GHz channel).
11-28 20:21:36.183 11646 11646 V DriverStation: {3596984 33.167} ui:uiWaitingForAck
11-28 20:21:36.184 11646 11646 I StateMachine: {3596984 33.167} Ignoring STOPPED_OPMODE masked
11-28 20:21:36.199 11646 11885 V Robocol : {3596984 33.182} sending CMD_INIT_OP_MODE(10500), attempt: 0
11-28 20:21:36.242 11646 11881 V Robocol : {3596984 33.226} received command: CMD_STREAM_CHANGE(428) false
11-28 20:21:36.243 11646 11881 V Robocol : {3596984 33.227} received command: CMD_NOTIFY_INIT_OP_MODE(433) $Stop$Robot$
11-28 20:21:36.244 11646 11882 V DriverStation: {3596984 33.228} Robot Controller initializing op mode: $Stop$Robot$
11-28 20:21:36.245 11646 11882 V DriverStation: {3596984 33.229} ui:uiWaitingForInitEvent
11-28 20:21:36.246 11646 11882 I StateMachine: {3596984 33.230} Ignoring STOPPED_OPMODE masked
11-28 20:21:36.279 11646 11885 V Robocol : {3596984 33.263} sending CMD_RUN_OP_MODE(10509), attempt: 0
11-28 20:21:36.322 11646 11881 V Robocol : {3596983 33.305} received command: CMD_NOTIFY_RUN_OP_MODE(440) $Stop$Robot$
11-28 20:21:36.322 11646 11882 V DriverStation: {3596983 33.305} Robot Controller starting op mode: $Stop$Robot$
11-28 20:21:36.323 11646 11882 V DriverStation: {3596983 33.306} ui:uiWaitingForInitEvent
11-28 20:21:37.327 11646 11881 E DriverStation: {3596983 34.309} System telemetry warning: Both the Robot Controller and Driver Station support 5 GHz. You should consider selecting a specific 5 GHz Wi-Fi channel (auto generally selects a 2.4 GHz channel).
11-28 20:21:38.278 11646 11885 V Robocol : {3596983 35.261} sending CMD_INIT_OP_MODE(10542), attempt: 0
11-28 20:21:38.322 11646 11881 V Robocol : {3596983 35.305} received command: CMD_NOTIFY_INIT_OP_MODE(479) $Stop$Robot$
11-28 20:21:38.323 11646 11882 V DriverStation: {3596983 35.306} Robot Controller initializing op mode: $Stop$Robot$
11-28 20:21:38.336 11646 11882 V DriverStation: {3596983 35.319} ui:uiWaitingForInitEvent
11-28 20:21:38.337 11646 11882 I StateMachine: {3596983 35.320} Ignoring STOPPED_OPMODE masked
11-28 20:21:38.358 11646 11885 V Robocol : {3596983 35.341} sending CMD_RUN_OP_MODE(10549), attempt: 0
11-28 20:21:38.402 11646 11881 V Robocol : {3596983 35.385} received command: CMD_NOTIFY_RUN_OP_MODE(485) $Stop$Robot$
11-28 20:21:38.403 11646 11882 V DriverStation: {3596983 35.386} Robot Controller starting op mode: $Stop$Robot$
11-28 20:21:38.404 11646 11882 V DriverStation: {3596983 35.387} ui:uiWaitingForInitEvent
11-28 20:21:39.730 11646 11646 V DriverStation: {3596983 36.713} ui:uiWaitingForInitEvent
11-28 20:21:42.329 11646 11881 E DriverStation: {3596982 39.311} System telemetry warning: Both the Robot Controller and Driver Station support 5 GHz. You should consider selecting a specific 5 GHz Wi-Fi channel (auto generally selects a 2.4 GHz channel).
11-28 20:21:42.776 11646 11646 V DriverStation: {3596983 39.759} ui:uiWaitingForAck
11-28 20:21:42.798 11646 11885 V Robocol : {3596983 39.781} sending CMD_SET_MATCH_NUMBER(10614), attempt: 0
11-28 20:21:42.799 11646 11885 V Robocol : {3596983 39.782} sending CMD_INIT_OP_MODE(10615), attempt: 0
11-28 20:21:43.005 11646 11881 V Robocol : {3596983 39.988} received command: CMD_NOTIFY_INIT_OP_MODE(562) PowerPlayAuto1
11-28 20:21:43.006 11646 11882 V DriverStation: {3596983 39.988} Robot Controller initializing op mode: PowerPlayAuto1
11-28 20:21:43.008 11646 11882 V DriverStation: {3596983 39.990} timer: init w/ timer enabled
11-28 20:21:43.008 11646 11882 V DriverStation: {3596983 39.991} ui:uiWaitingForStartEvent
11-28 20:21:43.884 11646 11881 V Robocol : {3596983 40.867} received command: CMD_STREAM_CHANGE(573) true
11-28 20:21:47.333 11646 11881 E DriverStation: {3596983 44.316} System telemetry warning: Both the Robot Controller and Driver Station support 5 GHz. You should consider selecting a specific 5 GHz Wi-Fi channel (auto generally selects a 2.4 GHz channel).
11-28 20:21:51.175 11646 11646 V DriverStation: {3596983 48.157} ui:uiWaitingForAck
11-28 20:21:51.175 11646 11646 I StateMachine: {3596983 48.158} Ignoring STOPPED_OPMODE masked
11-28 20:21:51.199 11646 11885 V Robocol : {3596983 48.181} sending CMD_INIT_OP_MODE(10976), attempt: 0
11-28 20:21:51.241 11646 11881 V Robocol : {3596983 48.224} received command: CMD_STREAM_CHANGE(785) false
11-28 20:21:51.242 11646 11881 V Robocol : {3596983 48.225} received command: CMD_NOTIFY_INIT_OP_MODE(790) $Stop$Robot$
11-28 20:21:51.242 11646 11882 V DriverStation: {3596983 48.225} Robot Controller initializing op mode: $Stop$Robot$
11-28 20:21:51.249 11646 11882 V DriverStation: {3596983 48.232} ui:uiWaitingForInitEvent
11-28 20:21:51.250 11646 11882 I StateMachine: {3596983 48.233} Ignoring STOPPED_OPMODE masked
11-28 20:21:51.279 11646 11885 V Robocol : {3596983 48.262} sending CMD_RUN_OP_MODE(10985), attempt: 0
11-28 20:21:51.322 11646 11881 V Robocol : {3596983 48.305} received command: CMD_NOTIFY_RUN_OP_MODE(797) $Stop$Robot$
11-28 20:21:51.323 11646 11882 V DriverStation: {3596983 48.306} Robot Controller starting op mode: $Stop$Robot$
11-28 20:21:51.324 11646 11882 V DriverStation: {3596983 48.307} ui:uiWaitingForInitEvent
11-28 20:21:52.338 11646 11881 E DriverStation: {3596982 49.320} System telemetry warning: Both the Robot Controller and Driver Station support 5 GHz. You should consider selecting a specific 5 GHz Wi-Fi channel (auto generally selects a 2.4 GHz channel).
11-28 20:21:53.157 11646 11646 V DriverStation: {3596982 50.139} ui:uiWaitingForAck
11-28 20:21:53.158 11646 11885 V Robocol : {3596982 50.140} sending CMD_SET_MATCH_NUMBER(11016), attempt: 0
11-28 20:21:53.159 11646 11885 V Robocol : {3596982 50.140} sending CMD_INIT_OP_MODE(11017), attempt: 0
11-28 20:21:53.366 11646 11881 V Robocol : {3596983 50.348} received command: CMD_NOTIFY_INIT_OP_MODE(840) PowerPlayAuto1
11-28 20:21:53.366 11646 11882 V DriverStation: {3596983 50.349} Robot Controller initializing op mode: PowerPlayAuto1
11-28 20:21:53.368 11646 11882 V DriverStation: {3596983 50.351} timer: init w/ timer enabled
11-28 20:21:53.368 11646 11882 V DriverStation: {3596983 50.351} ui:uiWaitingForStartEvent
11-28 20:21:54.243 11646 11881 V Robocol : {3596982 51.225} received command: CMD_STREAM_CHANGE(850) true
11-28 20:21:57.339 11646 11881 E DriverStation: {3596983 54.322} System telemetry warning: Both the Robot Controller and Driver Station support 5 GHz. You should consider selecting a specific 5 GHz Wi-Fi channel (auto generally selects a 2.4 GHz channel).
11-28 20:22:02.341 11646 11881 E DriverStation: {3596982 59.322} System telemetry warning: Both the Robot Controller and Driver Station support 5 GHz. You should consider selecting a specific 5 GHz Wi-Fi channel (auto generally selects a 2.4 GHz channel).
11-28 20:22:07.345 11646 11881 E DriverStation: {3596983  4.327} System telemetry warning: Both the Robot Controller and Driver Station support 5 GHz. You should consider selecting a specific 5 GHz Wi-Fi channel (auto generally selects a 2.4 GHz channel).
11-28 20:22:12.346 11646 11881 E DriverStation: {3596983  9.329} System telemetry warning: Both the Robot Controller and Driver Station support 5 GHz. You should consider selecting a specific 5 GHz Wi-Fi channel (auto generally selects a 2.4 GHz channel).
11-28 20:22:17.350 11646 11881 E DriverStation: {3596982 14.332} System telemetry warning: Both the Robot Controller and Driver Station support 5 GHz. You should consider selecting a specific 5 GHz Wi-Fi channel (auto generally selects a 2.4 GHz channel).
11-28 20:22:22.354 11646 11881 E DriverStation: {3596983 19.336} System telemetry warning: Both the Robot Controller and Driver Station support 5 GHz. You should consider selecting a specific 5 GHz Wi-Fi channel (auto generally selects a 2.4 GHz channel).
11-28 20:22:24.759 11646 11646 V AppUtil : {3596983 21.742} exitApplication(0) was called. Printing stacktrace.
11-28 20:22:24.760 11646 11646 E AppUtil : {3596983 21.743} java.lang.RuntimeException
11-28 20:22:24.761 11646 11646 E AppUtil : {3596983 21.744} 	at org.firstinspires.ftc.robotcore.internal.system.AppUtil.exitApplication(AppUtil.java:686)
11-28 20:22:24.761 11646 11646 E AppUtil : {3596983 21.744} 	at org.firstinspires.ftc.robotcore.internal.system.AppUtil.exitApplication(AppUtil.java:692)
11-28 20:22:24.762 11646 11646 E AppUtil : {3596983 21.745} 	at com.qualcomm.ftcdriverstation.FtcDriverStationActivity.onOptionsItemSelected(FtcDriverStationActivity.java:1380)
11-28 20:22:24.762 11646 11646 E AppUtil : {3596983 21.745} 	at com.qualcomm.ftcdriverstation.FtcDriverStationActivity$6$1.onMenuItemClick(FtcDriverStationActivity.java:889)
11-28 20:22:24.762 11646 11646 E AppUtil : {3596983 21.745} 	at android.widget.PopupMenu$1.onMenuItemSelected(PopupMenu.java:105)
11-28 20:22:24.762 11646 11646 E AppUtil : {3596983 21.745} 	at com.android.internal.view.menu.MenuBuilder.dispatchMenuItemSelected(MenuBuilder.java:761)
11-28 20:22:24.763 11646 11646 E AppUtil : {3596983 21.746} 	at com.android.internal.view.menu.MenuItemImpl.invoke(MenuItemImpl.java:167)
11-28 20:22:24.763 11646 11646 E AppUtil : {3596983 21.746} 	at com.android.internal.view.menu.MenuBuilder.performItemAction(MenuBuilder.java:908)
11-28 20:22:24.763 11646 11646 E AppUtil : {3596983 21.746} 	at com.android.internal.view.menu.MenuBuilder.performItemAction(MenuBuilder.java:898)
11-28 20:22:24.766 11646 11646 E AppUtil : {3596983 21.749} 	at com.android.internal.view.menu.MenuPopup.onItemClick(MenuPopup.java:128)
11-28 20:22:24.766 11646 11646 E AppUtil : {3596983 21.749} 	at android.widget.AdapterView.performItemClick(AdapterView.java:318)
11-28 20:22:24.766 11646 11646 E AppUtil : {3596983 21.749} 	at android.widget.AbsListView.performItemClick(AbsListView.java:1158)
11-28 20:22:24.767 11646 11646 E AppUtil : {3596983 21.750} 	at android.widget.AbsListView$PerformClick.run(AbsListView.java:3153)
11-28 20:22:24.767 11646 11646 E AppUtil : {3596983 21.750} 	at android.widget.AbsListView$3.run(AbsListView.java:4068)
11-28 20:22:24.768 11646 11646 E AppUtil : {3596983 21.751} 	at android.os.Handler.handleCallback(Handler.java:790)
11-28 20:22:24.768 11646 11646 E AppUtil : {3596983 21.751} 	at android.os.Handler.dispatchMessage(Handler.java:99)
11-28 20:22:24.768 11646 11646 E AppUtil : {3596983 21.751} 	at android.os.Looper.loop(Looper.java:164)
11-28 20:22:24.768 11646 11646 E AppUtil : {3596983 21.751} 	at android.app.ActivityThread.main(ActivityThread.java:6626)
11-28 20:22:24.769 11646 11646 E AppUtil : {3596983 21.751} 	at java.lang.reflect.Method.invoke(Native Method)
11-28 20:22:24.769 11646 11646 E AppUtil : {3596983 21.752} 	at com.android.internal.os.RuntimeInit$MethodAndArgsCaller.run(RuntimeInit.java:438)
11-28 20:22:24.769 11646 11646 E AppUtil : {3596983 21.752} 	at com.android.internal.os.ZygoteInit.main(ZygoteInit.java:811)
11-28 20:22:24.770 11646 11646 I zygote  : System.exit called, status: 0
11-28 20:22:24.770 11646 11646 I AndroidRuntime: VM exiting with result code 0, cleanup skipped.
--------- beginning of system
11-28 20:22:25.835 12312 12312 E SchedPolicy: open of /dev/cpuctl/bg_non_interactive/tasks failed: No such file or directory
--------- beginning of main
11-28 20:22:25.913 12312 12312 D Uvc     : [jni.cpp:72] JNI_OnLoad()...
11-28 20:22:25.913 12312 12312 D Uvc     : [JniEnv.h:32] ScopedJniEnv::onJniLoad()...
11-28 20:22:25.913 12312 12312 D Uvc     : [JniEnv.h:32] ...ScopedJniEnv::onJniLoad()
11-28 20:22:25.913 12312 12312 D Uvc     : [jni.cpp:72] ...JNI_OnLoad()
11-28 20:22:25.916 12312 12312 V AppUtil : initializing: getExternalStorageDirectory()=/storage/emulated/0
11-28 20:22:25.919 12312 12312 I ActivityThread: handleStopService: token=android.os.BinderProxy@86f0a02 not found.
11-28 20:22:25.919 12312 12327 V RobotCore: saving logcat to /storage/emulated/0/driverStationLog.txt
11-28 20:22:25.920 12312 12327 V RobotCore: logging command line: exec logcat -f /storage/emulated/0/driverStationLog.txt -r4096 -n4 -v threadtime UsbRequestJNI:S UsbRequest:S art:W ThreadPool:W System:W ExtendedExtractor:W OMXClient:W MediaPlayer:W dalvikvm:W  *:V
11-28 20:22:25.920 12312 12312 V MTPMonitorService: onCreate()
11-28 20:22:25.920 12312 12312 V MTPMonitorService: onDestroy()
11-28 20:22:25.957 12312 12327 I RobotCore: Done running ps
11-28 20:22:25.968 12331 12331 W sh      : type=1400 audit(0.0:192): avc: denied { read } for uid=10137 name="/" dev="rootfs" ino=2 scontext=u:r:untrusted_app:s0:c512,c768 tcontext=u:object_r:rootfs:s0 tclass=dir permissive=0
11-28 20:22:26.018 12331 12331 E SchedPolicy: open of /dev/cpuctl/bg_non_interactive/tasks failed: No such file or directory
11-28 20:22:30.883 12312 12326 I zygote  : Waiting for a blocking GC ProfileSaver
11-28 21:33:36.572 12312 12312 V Robocol : SendOnceRunnable created
11-28 21:33:36.576 12312 12312 I DriverStation: Lifecycle onCreate() : c32896f
11-28 21:33:36.580 12312 12312 V AppUtil : rootActivity=FtcDriverStationActivity
11-28 21:33:36.580 12312 12312 V DriverStation: Redirecting to permission validator
11-28 21:33:36.624 12312 12312 I PermissionValidatorActivity: Lifecycle onCreate : b5f2914
11-28 21:33:37.082 12312 12312 I PermissionValidatorActivity: Lifecycle onStart : b5f2914
11-28 21:33:37.082 12312 12312 I PermissionValidator: Checking permission for android.permission.WRITE_EXTERNAL_STORAGE
11-28 21:33:37.085 12312 12312 I PermissionValidator:     Granted: android.permission.WRITE_EXTERNAL_STORAGE
11-28 21:33:37.085 12312 12312 I PermissionValidator: Checking permission for android.permission.READ_EXTERNAL_STORAGE
11-28 21:33:37.085 12312 12312 I PermissionValidator:     Granted: android.permission.READ_EXTERNAL_STORAGE
11-28 21:33:37.085 12312 12312 I PermissionValidator: Checking permission for android.permission.ACCESS_FINE_LOCATION
11-28 21:33:37.085 12312 12312 I PermissionValidator:     Granted: android.permission.ACCESS_FINE_LOCATION
11-28 21:33:37.087 12312 12312 V ServiceStarter: attempting to start service MediaTransferProtocolMonitorService
11-28 21:33:37.088 12312 12312 V ServiceStarter: started service MediaTransferProtocolMonitorService
11-28 21:33:37.089 12312 12312 I PermissionValidatorActivity: All permissions validated.  Starting RobotController
11-28 21:33:37.098 12312 12312 V MTPMonitorService: onCreate()
11-28 21:33:37.098 12312 12312 V MTPMonitorService: onStartCommand() intent=Intent { cmp=com.qualcomm.ftcdriverstation/org.firstinspires.ftc.robotcore.internal.files.MediaTransferProtocolMonitorService } flags=0x0 startId=1
11-28 21:33:37.100 12312 12312 V MTPMonitor: observing: /storage/emulated/0
11-28 21:33:37.130 12312 12312 I DriverStation: Lifecycle onCreate() : 8fa8e79
11-28 21:33:37.131 12312 12312 V DriverStation: Permissions validated already
11-28 21:33:37.178 12312 12598 V CallbackLooper: thread=1453
11-28 21:33:37.185 12312 12312 V NetDiscover_wifiDirectAgent: doStart()...
11-28 21:33:37.188 12312 12598 V NetDiscover_wifiDirectAgent_bcast: wifiP2pEnabled=true
11-28 21:33:37.190 12312 12598 D NetDiscover_wifiDirectAgent_bcast: connection changed: networkInfo.state=DISCONNECTED
11-28 21:33:37.190 12312 12598 V NetDiscover_wifiDirectAgent_bcast: NetworkInfo: [type: WIFI_P2P[], state: DISCONNECTED/DISCONNECTED, reason: (unspecified), extra: (none), failover: false, available: true, roaming: false]
11-28 21:33:37.190 12312 12312 V NetDiscover_wifiDirectAgent: ...doStart()
11-28 21:33:37.190 12312 12598 V NetDiscover_wifiDirectAgent_bcast: WifiP2pInfo: groupFormed: false isGroupOwner: false groupOwnerAddress: null
11-28 21:33:37.190 12312 12598 V NetDiscover_wifiDirectAgent_bcast: WifiP2pGroup: network: null, isGO: false, GO: null, interface: null, networkId: 0
11-28 21:33:37.191 12312 12312 V NetDiscover_name: doStart()...
11-28 21:33:37.191 12312 12312 V NetDiscover_name: ...doStart()
11-28 21:33:37.191 12312 12312 V NetDiscover_prefremds: ----- all preferences -----
11-28 21:33:37.192 12312 12312 V NetDiscover_prefremds: name='pref_pairing_kind' value=WifiDirect
11-28 21:33:37.192 12312 12312 V NetDiscover_prefremds: name='key_pref_automagic_preselect' value=true
11-28 21:33:37.192 12312 12312 V NetDiscover_prefremds: name='pref_wifip2p_groupowner_map_timestamp' value=1669692082530
11-28 21:33:37.192 12312 12312 V NetDiscover_prefremds: name='pref_warn_about_obsolete_software' value=true
11-28 21:33:37.192 12312 12598 V NetDiscover_wifiDirectAgent_bcast: this device changed: Device=2845-C-DS deviceAddress=aa:96:75:9e:ed:5d primary type=10-0050F204-5 secondary type=null wps=0 grpcapab=0 devcapab=0 status=3 wfdInfo=WFD enabled=falseWFD DeviceInfo=0 WFD CtrlPort=0 WFD MaxThroughput=0
11-28 21:33:37.192 12312 12312 V NetDiscover_prefremds: name='pref_warn_about_mismatched_app_versions' value=true
11-28 21:33:37.192 12312 12312 V NetDiscover_prefremds: name='pref_has_independent_phone_battery_rc' value=true
11-28 21:33:37.192 12312 12598 V NetDiscover_name: remembering wifiDirectName: 2845-C-DS...
11-28 21:33:37.192 12312 12312 V NetDiscover_prefremds: name='pref_warn_about_2_4_ghz_band' value=true
11-28 21:33:37.192 12312 12598 V NetDiscover_name: wifiDirectName=2845-C-DS
11-28 21:33:37.192 12312 12312 V NetDiscover_prefremds: name='launch_ds_on_boot' value=false
11-28 21:33:37.192 12312 12312 V NetDiscover_prefremds: name='pref_wifip2p_groupowner_connectedto' value=2845-C-RC
11-28 21:33:37.192 12312 12312 V NetDiscover_prefremds: name='pref_has_speaker_rc' value=true
11-28 21:33:37.192 12312 12312 V NetDiscover_prefremds: name='pref_rc_connected' value=true
11-28 21:33:37.193 12312 12312 V NetDiscover_prefremds: name='android.permission.WRITE_EXTERNAL_STORAGE' value=false
11-28 21:33:37.193 12312 12312 V NetDiscover_prefremds: name='android.permission.ACCESS_FINE_LOCATION' value=false
11-28 21:33:37.193 12312 12312 V NetDiscover_prefremds: name='pref_sound_on_off' value=false
11-28 21:33:37.193 12312 12312 V NetDiscover_prefremds: name='pref_device_name' value=2845-C-DS
11-28 21:33:37.193 12312 12312 V NetDiscover_prefremds: name='pref_warn_about_incorrect_clocks' value=true
11-28 21:33:37.193 12312 12598 V NetDiscover_name: ...remembering wifiDirectName
11-28 21:33:37.193 12312 12312 V NetDiscover_prefremds: name='pref_hardware_config_filename' value={"isDirty":false,"location":"LOCAL_STORAGE","name":"ebay","resourceId":0}
11-28 21:33:37.193 12312 12312 V NetDiscover_prefremds: name='pref_connection_owner_password' value=
11-28 21:33:37.193 12312 12312 V NetDiscover_prefremds: name='pref_wifip2p_channel' value=0
11-28 21:33:37.193 12312 12312 V NetDiscover_prefremds: name='pref_connection_owner_identity' value=82:58:f8:1b:2a:e8
11-28 21:33:37.193 12312 12598 V NetDiscover_wifiDirectAgent_bcast: p2p discoverPeers()=false
11-28 21:33:37.193 12312 12312 V NetDiscover_prefremds: name='pref_device_name_old' value=2845-C-DS
11-28 21:33:37.193 12312 12312 V NetDiscover_prefremds: name='pref_wifip2p_remote_channel_change_works' value=true
11-28 21:33:37.193 12312 12312 V NetDiscover_prefremds: name='pref_match_logging_on_off' value=false
11-28 21:33:37.193 12312 12312 V NetDiscover_prefremds: name='pref_app_theme_rc' value=blue
11-28 21:33:37.193 12312 12598 V NetDiscover_wifiDirectAgent_bcast: Wi-Fi Direct remembered groups cleared
11-28 21:33:37.193 12312 12312 V NetDiscover_prefremds: name='pref_device_name_rc' value=2845-C-RC
11-28 21:33:37.193 12312 12312 V NetDiscover_prefremds: name='pref_wifip2p_groupowner_lastconnectedto' value=2845-C-RC
11-28 21:33:37.193 12312 12312 V NetDiscover_prefremds: name='ds_layout' value=Portrait
11-28 21:33:37.193 12312 12312 V NetDiscover_prefremds: name='pref_debug_driver_station_logs' value=false
11-28 21:33:37.193 12312 12312 V NetDiscover_prefremds: name='pref_wifip2p_groupowner_map' value={"Moto G (5) Plus_5c5b":"2845-C-RC","2845-C-RC":"2845-C-RC"}
11-28 21:33:37.193 12312 12312 V NetDiscover_prefremds: name='pref_device_name_tracking' value=WIFIDIRECT
11-28 21:33:37.193 12312 12312 V NetDiscover_prefremds: name='pref_app_theme' value=blue
11-28 21:33:37.193 12312 12598 V NetDiscover_wifiDirectAgent_bcast: wifiState=ENABLED
11-28 21:33:37.193 12312 12312 V NetDiscover_prefremds: name='android.permission.READ_EXTERNAL_STORAGE' value=false
11-28 21:33:37.193 12312 12312 V NetDiscover_prefremds: name='pref_sound_on_off_rc' value=false
11-28 21:33:37.194 12312 12312 V NetDiscover_prefremds: name='pref_device_name_rc_display' value=2845-C-RC
11-28 21:33:37.194 12312 12598 V NetDiscover_wifiDirectAgent: found persistent group: DIRECT-wr-2845-C-RC
11-28 21:33:37.194 12312 12598 V NetDiscover_wifiDirectAgent: found persistent group: DIRECT-GH-2845-C-RC
11-28 21:33:37.194 12312 12598 V NetDiscover_wifiDirectAgent: found persistent group: DIRECT-TB-2845-C-RC
11-28 21:33:37.202 12312 12312 V NetDiscover_prefremds: doStart()...
11-28 21:33:37.202 12312 12312 V NetDiscover_prefremds: ...doStart()
11-28 21:33:37.202 12312 12312 V DriverStation: writing pref name=pref_rc_connected value=false
11-28 21:33:37.203 12312 12312 V NetDiscover_prefremds: onSharedPreferenceChanged(name=pref_rc_connected, value=false)
11-28 21:33:37.205 12312 12312 I DriverStation: Hide match logging UI
11-28 21:33:37.229 12312 12312 V SoundInfo: construct(0x0c9fdc39)
11-28 21:33:37.232 12312 12600 V NuMediaExtractor: setDataSource fd=48 (/data/app/com.qualcomm.ftcdriverstation-1Cznaps_4P3OHQYbys3oPg==/base.apk), offset=37230960, length=50896
11-28 21:33:37.242 12312 12600 V NuMediaExtractor: track of type 'audio/raw' does not publish bitrate
11-28 21:33:37.244 12312 12600 I MediaCodec: (0xa84e5780) init name(audio/raw) isType(1) encoder(0)
11-28 21:33:37.248 12312 12604 I MediaCodec: (0xa84e5780) Component Allocated (OMX.google.raw.decoder)
11-28 21:33:37.248 12312 12600 I MediaCodec: (0xa84e5780) configure surface(0x0) crypto(0x0) flags(0)
11-28 21:33:37.248 12312 12600 D MediaCodec: (0xa84e5780) configure format: AMessage(what = 0x00000000) = {
11-28 21:33:37.248 12312 12600 D MediaCodec:       string mime = "audio/raw"
11-28 21:33:37.248 12312 12600 D MediaCodec:       int64_t durationUs = 264854
11-28 21:33:37.248 12312 12600 D MediaCodec:       int32_t track-id = 1
11-28 21:33:37.248 12312 12600 D MediaCodec:       int32_t channel-count = 2
11-28 21:33:37.248 12312 12600 D MediaCodec:       int32_t sample-rate = 48000
11-28 21:33:37.248 12312 12600 D MediaCodec:       int32_t channel-mask = 0
11-28 21:33:37.248 12312 12600 D MediaCodec:       int32_t pcm-encoding = 2
11-28 21:33:37.248 12312 12600 D MediaCodec:     }
11-28 21:33:37.249 12312 12604 W ExtendedACodec: Failed to get extension for extradata parameter
11-28 21:33:37.250 12312 12600 I MediaCodec: (0xa84e5780) start
11-28 21:33:37.257 12312 12604 I MediaCodec: (0xa84e5780) kWhatStartCompleted
11-28 21:33:37.260 12312 12604 D MediaCodec: (0xa84e5780) [OMX.google.raw.decoder] output format changed to: AMessage(what = 0x00000000) = {
11-28 21:33:37.260 12312 12604 D MediaCodec:       string mime = "audio/raw"
11-28 21:33:37.260 12312 12604 D MediaCodec:       int32_t channel-count = 2
11-28 21:33:37.260 12312 12604 D MediaCodec:       int32_t sample-rate = 48000
11-28 21:33:37.260 12312 12604 D MediaCodec:       int32_t pcm-encoding = 2
11-28 21:33:37.260 12312 12604 D MediaCodec:       int32_t channel-mask = 0
11-28 21:33:37.260 12312 12604 D MediaCodec:     }
11-28 21:33:37.261 12312 12600 I MediaCodec: (0xa84e5780) stop
11-28 21:33:37.263 12312 12600 I MediaCodec: (0xa84e5780) release
11-28 21:33:37.266 12312 12598 D SoundPlayer: onLoadComplete(samp=1|ms=265, samp=1)=0
11-28 21:33:37.280 12312 12312 V SoundInfo: construct(0x0199b82c)
11-28 21:33:37.282 12312 12600 V NuMediaExtractor: setDataSource fd=52 (/data/app/com.qualcomm.ftcdriverstation-1Cznaps_4P3OHQYbys3oPg==/base.apk), offset=37049056, length=65464
11-28 21:33:37.294 12312 12600 V NuMediaExtractor: track of type 'audio/raw' does not publish bitrate
11-28 21:33:37.295 12312 12600 I MediaCodec: (0xa84e5780) init name(audio/raw) isType(1) encoder(0)
11-28 21:33:37.298 12312 12611 I MediaCodec: (0xa84e5780) Component Allocated (OMX.google.raw.decoder)
11-28 21:33:37.298 12312 12600 I MediaCodec: (0xa84e5780) configure surface(0x0) crypto(0x0) flags(0)
11-28 21:33:37.298 12312 12600 D MediaCodec: (0xa84e5780) configure format: AMessage(what = 0x00000000) = {
11-28 21:33:37.298 12312 12600 D MediaCodec:       string mime = "audio/raw"
11-28 21:33:37.298 12312 12600 D MediaCodec:       int64_t durationUs = 340729
11-28 21:33:37.298 12312 12600 D MediaCodec:       int32_t track-id = 1
11-28 21:33:37.298 12312 12600 D MediaCodec:       int32_t channel-count = 2
11-28 21:33:37.298 12312 12600 D MediaCodec:       int32_t sample-rate = 48000
11-28 21:33:37.298 12312 12600 D MediaCodec:       int32_t channel-mask = 0
11-28 21:33:37.298 12312 12600 D MediaCodec:       int32_t pcm-encoding = 2
11-28 21:33:37.298 12312 12600 D MediaCodec:     }
11-28 21:33:37.299 12312 12611 W ExtendedACodec: Failed to get extension for extradata parameter
11-28 21:33:37.300 12312 12600 I MediaCodec: (0xa84e5780) start
11-28 21:33:37.305 12312 12611 I MediaCodec: (0xa84e5780) kWhatStartCompleted
11-28 21:33:37.307 12312 12611 D MediaCodec: (0xa84e5780) [OMX.google.raw.decoder] output format changed to: AMessage(what = 0x00000000) = {
11-28 21:33:37.307 12312 12611 D MediaCodec:       string mime = "audio/raw"
11-28 21:33:37.307 12312 12611 D MediaCodec:       int32_t channel-count = 2
11-28 21:33:37.307 12312 12611 D MediaCodec:       int32_t sample-rate = 48000
11-28 21:33:37.307 12312 12611 D MediaCodec:       int32_t pcm-encoding = 2
11-28 21:33:37.307 12312 12611 D MediaCodec:       int32_t channel-mask = 0
11-28 21:33:37.307 12312 12611 D MediaCodec:     }
11-28 21:33:37.309 12312 12600 I MediaCodec: (0xa84e5780) stop
11-28 21:33:37.311 12312 12600 I MediaCodec: (0xa84e5780) release
11-28 21:33:37.314 12312 12598 D SoundPlayer: onLoadComplete(samp=2|ms=341, samp=2)=0
11-28 21:33:37.328 12312 12312 I WifiMuteStateMachine: State Machine 
11-28 21:33:37.328 12312 12312 I WifiMuteStateMachine: WifiPendingOff
11-28 21:33:37.328 12312 12312 I WifiMuteStateMachine: 	From: WifiPendingOff To: WifiOn On Event: USER_ACTIVITY
11-28 21:33:37.328 12312 12312 I WifiMuteStateMachine: 	From: WifiPendingOff To: WifiOff On Event: WATCHDOG_TIMEOUT
11-28 21:33:37.328 12312 12312 I WifiMuteStateMachine: WifiOn
11-28 21:33:37.328 12312 12312 I WifiMuteStateMachine: 	From: WifiOn To: WifiOn On Event: USER_ACTIVITY
11-28 21:33:37.328 12312 12312 I WifiMuteStateMachine: 	From: WifiOn To: WifiPendingOff On Event: WATCHDOG_WARNING
11-28 21:33:37.328 12312 12312 I WifiMuteStateMachine: 	From: WifiOn To: TimeoutSuspended On Event: RUNNING_OPMODE
11-28 21:33:37.328 12312 12312 I WifiMuteStateMachine: 	From: WifiOn To: WifiOff On Event: ACTIVITY_STOP
11-28 21:33:37.328 12312 12312 I WifiMuteStateMachine: 	From: WifiOn To: TimeoutSuspended On Event: ACTIVITY_OTHER
11-28 21:33:37.328 12312 12312 I WifiMuteStateMachine: TimeoutSuspended
11-28 21:33:37.328 12312 12312 I WifiMuteStateMachine: 	From: TimeoutSuspended To: WifiOn On Event: STOPPED_OPMODE
11-28 21:33:37.328 12312 12312 I WifiMuteStateMachine: 	From: TimeoutSuspended To: WifiOn On Event: ACTIVITY_START
11-28 21:33:37.328 12312 12312 I WifiMuteStateMachine: WifiOff
11-28 21:33:37.328 12312 12312 I WifiMuteStateMachine: 	From: WifiOff To: WifiOn On Event: USER_ACTIVITY
11-28 21:33:37.328 12312 12312 I WifiMuteStateMachine: 	From: WifiOff To: WifiOn On Event: ACTIVITY_START
11-28 21:33:37.340 12312 12312 I RobotCore: App info: version=8.1.0 appId=com.qualcomm.ftcdriverstation
11-28 21:33:37.341 12312 12312 I RobotCore: Android Device: maker=motorola model=Moto G (5) Plus sdk=27 serial=ZY2247D6S4
11-28 21:33:37.341 12312 12312 V AndroidTextToSpeech: Beginning TTS initialization
11-28 21:33:37.347 12312 12616 V SoundInfo: construct(0x0cdd52cf)
11-28 21:33:37.349 12312 12600 V NuMediaExtractor: setDataSource fd=52 (/data/app/com.qualcomm.ftcdriverstation-1Cznaps_4P3OHQYbys3oPg==/base.apk), offset=36072760, length=72716
11-28 21:33:37.365 12312 12600 V NuMediaExtractor: track of type 'audio/raw' does not publish bitrate
11-28 21:33:37.365 12312 12600 I MediaCodec: (0xa84e5780) init name(audio/raw) isType(1) encoder(0)
11-28 21:33:37.368 12312 12619 I MediaCodec: (0xa84e5780) Component Allocated (OMX.google.raw.decoder)
11-28 21:33:37.368 12312 12600 I MediaCodec: (0xa84e5780) configure surface(0x0) crypto(0x0) flags(0)
11-28 21:33:37.368 12312 12600 D MediaCodec: (0xa84e5780) configure format: AMessage(what = 0x00000000) = {
11-28 21:33:37.368 12312 12600 D MediaCodec:       string mime = "audio/raw"
11-28 21:33:37.368 12312 12600 D MediaCodec:       int64_t durationUs = 757000
11-28 21:33:37.368 12312 12600 D MediaCodec:       int32_t track-id = 1
11-28 21:33:37.368 12312 12600 D MediaCodec:       int32_t channel-count = 1
11-28 21:33:37.368 12312 12600 D MediaCodec:       int32_t sample-rate = 48000
11-28 21:33:37.368 12312 12600 D MediaCodec:       int32_t channel-mask = 0
11-28 21:33:37.368 12312 12600 D MediaCodec:       int32_t pcm-encoding = 2
11-28 21:33:37.368 12312 12600 D MediaCodec:     }
11-28 21:33:37.370 12312 12619 W ExtendedACodec: Failed to get extension for extradata parameter
11-28 21:33:37.370 12312 12600 I MediaCodec: (0xa84e5780) start
11-28 21:33:37.375 12312 12619 I MediaCodec: (0xa84e5780) kWhatStartCompleted
11-28 21:33:37.378 12312 12619 D MediaCodec: (0xa84e5780) [OMX.google.raw.decoder] output format changed to: AMessage(what = 0x00000000) = {
11-28 21:33:37.378 12312 12619 D MediaCodec:       string mime = "audio/raw"
11-28 21:33:37.378 12312 12619 D MediaCodec:       int32_t channel-count = 1
11-28 21:33:37.378 12312 12619 D MediaCodec:       int32_t sample-rate = 48000
11-28 21:33:37.378 12312 12619 D MediaCodec:       int32_t pcm-encoding = 2
11-28 21:33:37.378 12312 12619 D MediaCodec:       int32_t channel-mask = 0
11-28 21:33:37.378 12312 12619 D MediaCodec:     }
11-28 21:33:37.380 12312 12600 I MediaCodec: (0xa84e5780) stop
11-28 21:33:37.381 12312 12312 I TextToSpeech: Sucessfully bound to com.google.android.tts
11-28 21:33:37.383 12312 12600 I MediaCodec: (0xa84e5780) release
11-28 21:33:37.383 12312 12312 V DriverStation: Lifecycle onStart() : 8fa8e79
11-28 21:33:37.384 12312 12312 V DriverStation: updateRcBatteryIndependence(true)
11-28 21:33:37.384 12312 12312 V DriverStation: startOrRestartNetwork()
11-28 21:33:37.384 12312 12312 V DriverStation: Assuming client disconnected
11-28 21:33:37.384 12312 12312 V DriverStation: ui:uiRobotControllerIsDisconnected
11-28 21:33:37.385 12312 12312 I DriverStation: Hide match logging UI
11-28 21:33:37.386 12312 12598 D SoundPlayer: onLoadComplete(samp=3|ms=757, samp=3)=0
11-28 21:33:37.386 12312 12312 V RobotCore: Getting network assistant of type: WIFIDIRECT
11-28 21:33:37.388 12312 12312 V DriverStation: onSharedPreferenceChanged() pref=pref_wifip2p_groupowner_connectedto
11-28 21:33:37.388 12312 12312 I DriverStation: Hide match logging UI
11-28 21:33:37.388 12312 12312 V NetDiscover_prefremds: onSharedPreferenceChanged(name=pref_wifip2p_groupowner_connectedto, value=null)
11-28 21:33:37.388 12312 12312 V NetDiscover_prefremds: pref_wifip2p_groupowner_connectedto has been removed
11-28 21:33:37.390 12312 12312 V WifiDirect: There are 1 Wi-Fi Direct Assistant Clients (+)
11-28 21:33:37.390 12312 12312 V WifiDirect: Enabling Wi-Fi Direct Assistant
11-28 21:33:37.391 12312 12598 V NetDiscover_wifiDirectAgent_bcast: wifiP2pEnabled=true
11-28 21:33:37.392 12312 12598 D NetDiscover_wifiDirectAgent_bcast: connection changed: networkInfo.state=DISCONNECTED
11-28 21:33:37.392 12312 12598 V NetDiscover_wifiDirectAgent_bcast: NetworkInfo: [type: WIFI_P2P[], state: DISCONNECTED/DISCONNECTED, reason: (unspecified), extra: (none), failover: false, available: true, roaming: false]
11-28 21:33:37.392 12312 12598 V NetDiscover_wifiDirectAgent_bcast: WifiP2pInfo: groupFormed: false isGroupOwner: false groupOwnerAddress: null
11-28 21:33:37.392 12312 12598 V NetDiscover_wifiDirectAgent_bcast: WifiP2pGroup: network: null, isGO: false, GO: null, interface: null, networkId: 0
11-28 21:33:37.392 12312 12598 V NetDiscover_wifiDirectAgent_bcast: this device changed: Device=2845-C-DS deviceAddress=aa:96:75:9e:ed:5d primary type=10-0050F204-5 secondary type=null wps=0 grpcapab=0 devcapab=0 status=3 wfdInfo=WFD enabled=falseWFD DeviceInfo=0 WFD CtrlPort=0 WFD MaxThroughput=0
11-28 21:33:37.393 12312 12598 V NetDiscover_name: remembering wifiDirectName: 2845-C-DS...
11-28 21:33:37.393 12312 12598 V NetDiscover_name: ...remembering wifiDirectName
11-28 21:33:37.393 12312 12598 V NetDiscover_wifiDirectAgent_bcast: p2p discoverPeers()=false
11-28 21:33:37.393 12312 12598 V NetDiscover_wifiDirectAgent_bcast: Wi-Fi Direct remembered groups cleared
11-28 21:33:37.393 12312 12598 V NetDiscover_wifiDirectAgent_bcast: wifiState=ENABLED
11-28 21:33:37.394 12312 12598 V NetDiscover_wifiDirectAgent_bcast: p2p discoverPeers()=true
11-28 21:33:37.395 12312 12312 V DriverStation: Lifecycle onResume() : 8fa8e79
11-28 21:33:37.403 12312 12627 D OpenGLRenderer: HWUI GL Pipeline
11-28 21:33:37.408 12312 12616 V SoundInfo: construct(0x0f641492)
11-28 21:33:37.410 12312 12312 I TextToSpeech: Connected to ComponentInfo{com.google.android.tts/com.google.android.tts.service.GoogleTTSService}
11-28 21:33:37.411 12312 12312 D WifiDirect: broadcast: state - enabled: true
11-28 21:33:37.412 12312 12312 D WifiDirect: broadcast: connection changed: connectStatus=NOT_CONNECTED networkInfo.state=DISCONNECTED
11-28 21:33:37.412 12312 12600 V NuMediaExtractor: setDataSource fd=61 (/storage/emulated/0/FIRST/sounds/cache/f90646048adc8d2104e01c1fbafe7419.sound), offset=0, length=72716
11-28 21:33:37.412 12312 12312 D WifiDirect: broadcast: this device changed
11-28 21:33:37.413 12312 12312 V WifiDirect: device information: 2845-C-DS aa:96:75:9e:ed:5d
11-28 21:33:37.413 12312 12312 I DriverStation: Received networkConnectionEvent: DISCOVERING_PEERS
11-28 21:33:37.413 12312 12312 D WifiDirect: discovering peers
11-28 21:33:37.415 12312 12628 I TextToSpeech: Set up connection to ComponentInfo{com.google.android.tts/com.google.android.tts.service.GoogleTTSService}
11-28 21:33:37.427 12312 12600 V NuMediaExtractor: track of type 'audio/raw' does not publish bitrate
11-28 21:33:37.428 12312 12600 I MediaCodec: (0xa84e5780) init name(audio/raw) isType(1) encoder(0)
11-28 21:33:37.431 12312 12630 I MediaCodec: (0xa84e5780) Component Allocated (OMX.google.raw.decoder)
11-28 21:33:37.431 12312 12600 I MediaCodec: (0xa84e5780) configure surface(0x0) crypto(0x0) flags(0)
11-28 21:33:37.431 12312 12600 D MediaCodec: (0xa84e5780) configure format: AMessage(what = 0x00000000) = {
11-28 21:33:37.431 12312 12600 D MediaCodec:       string mime = "audio/raw"
11-28 21:33:37.431 12312 12600 D MediaCodec:       int64_t durationUs = 757000
11-28 21:33:37.431 12312 12600 D MediaCodec:       int32_t track-id = 1
11-28 21:33:37.431 12312 12600 D MediaCodec:       int32_t channel-count = 1
11-28 21:33:37.431 12312 12600 D MediaCodec:       int32_t sample-rate = 48000
11-28 21:33:37.431 12312 12600 D MediaCodec:       int32_t channel-mask = 0
11-28 21:33:37.431 12312 12600 D MediaCodec:       int32_t pcm-encoding = 2
11-28 21:33:37.431 12312 12600 D MediaCodec:     }
11-28 21:33:37.432 12312 12630 W ExtendedACodec: Failed to get extension for extradata parameter
11-28 21:33:37.432 12312 12600 I MediaCodec: (0xa84e5780) start
11-28 21:33:37.438 12312 12630 I MediaCodec: (0xa84e5780) kWhatStartCompleted
11-28 21:33:37.440 12312 12627 I Adreno  : QUALCOMM build                   : 908a5ce, I77d3059488
11-28 21:33:37.440 12312 12627 I Adreno  : Build Date                       : 06/07/18
11-28 21:33:37.440 12312 12627 I Adreno  : OpenGL ES Shader Compiler Version: EV031.22.00.01_06
11-28 21:33:37.440 12312 12627 I Adreno  : Local Branch                     : 
11-28 21:33:37.440 12312 12627 I Adreno  : Remote Branch                    : refs/tags/AU_LINUX_ANDROID_LA.UM.6.5.R1.08.01.00.312.086
11-28 21:33:37.440 12312 12627 I Adreno  : Remote Branch                    : NONE
11-28 21:33:37.440 12312 12627 I Adreno  : Reconstruct Branch               : NOTHING
11-28 21:33:37.441 12312 12627 D vndksupport: Loading /vendor/lib/hw/gralloc.msm8953.so from current namespace instead of sphal namespace.
11-28 21:33:37.441 12312 12630 D MediaCodec: (0xa84e5780) [OMX.google.raw.decoder] output format changed to: AMessage(what = 0x00000000) = {
11-28 21:33:37.441 12312 12630 D MediaCodec:       string mime = "audio/raw"
11-28 21:33:37.441 12312 12630 D MediaCodec:       int32_t channel-count = 1
11-28 21:33:37.441 12312 12630 D MediaCodec:       int32_t sample-rate = 48000
11-28 21:33:37.441 12312 12630 D MediaCodec:       int32_t pcm-encoding = 2
11-28 21:33:37.441 12312 12630 D MediaCodec:       int32_t channel-mask = 0
11-28 21:33:37.441 12312 12630 D MediaCodec:     }
11-28 21:33:37.445 12312 12600 I MediaCodec: (0xa84e5780) stop
11-28 21:33:37.446 12312 12312 D WifiDirect: discovering peers
11-28 21:33:37.446 12312 12627 I Adreno  : PFP: 0x005ff087, ME: 0x005ff063
11-28 21:33:37.446 12312 12312 V AndroidTextToSpeech: TTS initialization completed successfully
11-28 21:33:37.447 12312 12600 I MediaCodec: (0xa84e5780) release
11-28 21:33:37.450 12312 12627 I zygote  : android::hardware::configstore::V1_0::ISurfaceFlingerConfigs::hasWideColorDisplay retrieved: 0
11-28 21:33:37.450 12312 12598 D SoundPlayer: onLoadComplete(samp=4|ms=757, samp=4)=0
11-28 21:33:37.450 12312 12627 I OpenGLRenderer: Initialized EGL, version 1.4
11-28 21:33:37.451 12312 12627 D OpenGLRenderer: Swap behavior 2
11-28 21:33:37.464 12312 12627 D vndksupport: Loading /vendor/lib/hw/android.hardware.graphics.mapper@2.0-impl.so from current namespace instead of sphal namespace.
11-28 21:33:37.465 12312 12627 D vndksupport: Loading /vendor/lib/hw/gralloc.msm8953.so from current namespace instead of sphal namespace.
11-28 21:33:37.467 12312 12616 V SoundInfo: construct(0x00198c8b)
11-28 21:33:37.470 12312 12600 V NuMediaExtractor: setDataSource fd=61 (/data/app/com.qualcomm.ftcdriverstation-1Cznaps_4P3OHQYbys3oPg==/base.apk), offset=39664060, length=86562
11-28 21:33:37.486 12312 12600 V NuMediaExtractor: track of type 'audio/raw' does not publish bitrate
11-28 21:33:37.487 12312 12600 I MediaCodec: (0xa84e5780) init name(audio/raw) isType(1) encoder(0)
11-28 21:33:37.490 12312 12638 I MediaCodec: (0xa84e5780) Component Allocated (OMX.google.raw.decoder)
11-28 21:33:37.490 12312 12600 I MediaCodec: (0xa84e5780) configure surface(0x0) crypto(0x0) flags(0)
11-28 21:33:37.490 12312 12600 D MediaCodec: (0xa84e5780) configure format: AMessage(what = 0x00000000) = {
11-28 21:33:37.490 12312 12600 D MediaCodec:       string mime = "audio/raw"
11-28 21:33:37.490 12312 12600 D MediaCodec:       int64_t durationUs = 901229
