11-29 06:28:19.598 15752 15752 V NetDiscover_prefremds: name='pref_connection_owner_password' value=
11-29 06:28:19.598 15752 15752 V NetDiscover_prefremds: name='pref_wifip2p_channel' value=0
11-29 06:28:19.598 15752 15752 V NetDiscover_prefremds: name='pref_connection_owner_identity' value=82:58:f8:1b:2a:e8
11-29 06:28:19.598 15752 15752 V NetDiscover_prefremds: name='pref_device_name_old' value=2845-C-DS
11-29 06:28:19.598 15752 15752 V NetDiscover_prefremds: name='pref_wifip2p_remote_channel_change_works' value=true
11-29 06:28:19.598 15752 15752 V NetDiscover_prefremds: name='pref_match_logging_on_off' value=false
11-29 06:28:19.598 15752 15752 V NetDiscover_prefremds: name='pref_app_theme_rc' value=blue
11-29 06:28:19.598 15752 15752 V NetDiscover_prefremds: name='pref_device_name_rc' value=2845-C-RC
11-29 06:28:19.598 15752 15752 V NetDiscover_prefremds: name='pref_wifip2p_groupowner_lastconnectedto' value=2845-C-RC
11-29 06:28:19.598 15752 15752 V NetDiscover_prefremds: name='ds_layout' value=Portrait
11-29 06:28:19.598 15752 15752 V NetDiscover_prefremds: name='pref_debug_driver_station_logs' value=false
11-29 06:28:19.598 15752 15752 V NetDiscover_prefremds: name='pref_wifip2p_groupowner_map' value={"Moto G (5) Plus_5c5b":"2845-C-RC","2845-C-RC":"2845-C-RC"}
11-29 06:28:19.598 15752 15752 V NetDiscover_prefremds: name='pref_device_name_tracking' value=WIFIDIRECT
11-29 06:28:19.598 15752 15752 V NetDiscover_prefremds: name='pref_app_theme' value=blue
11-29 06:28:19.598 15752 15752 V NetDiscover_prefremds: name='android.permission.READ_EXTERNAL_STORAGE' value=false
11-29 06:28:19.598 15752 15752 V NetDiscover_prefremds: name='pref_sound_on_off_rc' value=false
11-29 06:28:19.598 15752 15752 V NetDiscover_prefremds: name='pref_device_name_rc_display' value=2845-C-RC
11-29 06:28:19.598 15752 15788 V NetDiscover_wifiDirectAgent_bcast: this device changed: Device=2845-C-DS deviceAddress=aa:96:75:9e:ed:5d primary type=10-0050F204-5 secondary type=null wps=0 grpcapab=0 devcapab=0 status=3 wfdInfo=WFD enabled=falseWFD DeviceInfo=0 WFD CtrlPort=0 WFD MaxThroughput=0
11-29 06:28:19.598 15752 15788 V NetDiscover_name: remembering wifiDirectName: 2845-C-DS...
11-29 06:28:19.598 15752 15788 V NetDiscover_name: wifiDirectName=2845-C-DS
11-29 06:28:19.599 15752 15788 V NetDiscover_name: ...remembering wifiDirectName
11-29 06:28:19.599 15752 15788 V NetDiscover_wifiDirectAgent_bcast: p2p discoverPeers()=false
11-29 06:28:19.599 15752 15788 V NetDiscover_wifiDirectAgent_bcast: Wi-Fi Direct remembered groups cleared
11-29 06:28:19.599 15752 15788 V NetDiscover_wifiDirectAgent_bcast: wifiState=ENABLED
11-29 06:28:19.599 15752 15788 V NetDiscover_wifiDirectAgent: found persistent group: DIRECT-wr-2845-C-RC
11-29 06:28:19.599 15752 15788 V NetDiscover_wifiDirectAgent: found persistent group: DIRECT-GH-2845-C-RC
11-29 06:28:19.599 15752 15788 V NetDiscover_wifiDirectAgent: found persistent group: DIRECT-TB-2845-C-RC
11-29 06:28:19.601 15752 15752 V NetDiscover_prefremds: doStart()...
11-29 06:28:19.602 15752 15752 V NetDiscover_prefremds: ...doStart()
11-29 06:28:19.602 15752 15752 V DriverStation: writing pref name=pref_rc_connected value=false
11-29 06:28:19.602 15752 15752 V NetDiscover_prefremds: onSharedPreferenceChanged(name=pref_rc_connected, value=false)
11-29 06:28:19.603 15752 15752 I DriverStation: Hide match logging UI
11-29 06:28:19.625 15752 15752 V SoundInfo: construct(0x0c9fdc39)
11-29 06:28:19.627 15752 15790 V NuMediaExtractor: setDataSource fd=48 (/data/app/com.qualcomm.ftcdriverstation-1Cznaps_4P3OHQYbys3oPg==/base.apk), offset=37230960, length=50896
11-29 06:28:19.638 15752 15790 V NuMediaExtractor: track of type 'audio/raw' does not publish bitrate
11-29 06:28:19.639 15752 15790 I MediaCodec: (0xaff92700) init name(audio/raw) isType(1) encoder(0)
11-29 06:28:19.644 15752 15794 I MediaCodec: (0xaff92700) Component Allocated (OMX.google.raw.decoder)
11-29 06:28:19.644 15752 15790 I MediaCodec: (0xaff92700) configure surface(0x0) crypto(0x0) flags(0)
11-29 06:28:19.645 15752 15790 D MediaCodec: (0xaff92700) configure format: AMessage(what = 0x00000000) = {
11-29 06:28:19.645 15752 15790 D MediaCodec:       string mime = "audio/raw"
11-29 06:28:19.645 15752 15790 D MediaCodec:       int64_t durationUs = 264854
11-29 06:28:19.645 15752 15790 D MediaCodec:       int32_t track-id = 1
11-29 06:28:19.645 15752 15790 D MediaCodec:       int32_t channel-count = 2
11-29 06:28:19.645 15752 15790 D MediaCodec:       int32_t sample-rate = 48000
11-29 06:28:19.645 15752 15790 D MediaCodec:       int32_t channel-mask = 0
11-29 06:28:19.645 15752 15790 D MediaCodec:       int32_t pcm-encoding = 2
11-29 06:28:19.645 15752 15790 D MediaCodec:     }
11-29 06:28:19.646 15752 15794 W ExtendedACodec: Failed to get extension for extradata parameter
11-29 06:28:19.646 15752 15790 I MediaCodec: (0xaff92700) start
11-29 06:28:19.654 15752 15794 I MediaCodec: (0xaff92700) kWhatStartCompleted
11-29 06:28:19.656 15752 15794 D MediaCodec: (0xaff92700) [OMX.google.raw.decoder] output format changed to: AMessage(what = 0x00000000) = {
11-29 06:28:19.656 15752 15794 D MediaCodec:       string mime = "audio/raw"
11-29 06:28:19.656 15752 15794 D MediaCodec:       int32_t channel-count = 2
11-29 06:28:19.656 15752 15794 D MediaCodec:       int32_t sample-rate = 48000
11-29 06:28:19.656 15752 15794 D MediaCodec:       int32_t pcm-encoding = 2
11-29 06:28:19.656 15752 15794 D MediaCodec:       int32_t channel-mask = 0
11-29 06:28:19.656 15752 15794 D MediaCodec:     }
11-29 06:28:19.658 15752 15790 I MediaCodec: (0xaff92700) stop
11-29 06:28:19.660 15752 15790 I MediaCodec: (0xaff92700) release
11-29 06:28:19.662 15752 15788 D SoundPlayer: onLoadComplete(samp=1|ms=265, samp=1)=0
11-29 06:28:19.676 15752 15752 V SoundInfo: construct(0x0199b82c)
11-29 06:28:19.678 15752 15790 V NuMediaExtractor: setDataSource fd=52 (/data/app/com.qualcomm.ftcdriverstation-1Cznaps_4P3OHQYbys3oPg==/base.apk), offset=37049056, length=65464
11-29 06:28:19.690 15752 15790 V NuMediaExtractor: track of type 'audio/raw' does not publish bitrate
11-29 06:28:19.691 15752 15790 I MediaCodec: (0xaff92700) init name(audio/raw) isType(1) encoder(0)
11-29 06:28:19.694 15752 15800 I MediaCodec: (0xaff92700) Component Allocated (OMX.google.raw.decoder)
11-29 06:28:19.694 15752 15790 I MediaCodec: (0xaff92700) configure surface(0x0) crypto(0x0) flags(0)
11-29 06:28:19.694 15752 15790 D MediaCodec: (0xaff92700) configure format: AMessage(what = 0x00000000) = {
11-29 06:28:19.694 15752 15790 D MediaCodec:       string mime = "audio/raw"
11-29 06:28:19.694 15752 15790 D MediaCodec:       int64_t durationUs = 340729
11-29 06:28:19.694 15752 15790 D MediaCodec:       int32_t track-id = 1
11-29 06:28:19.694 15752 15790 D MediaCodec:       int32_t channel-count = 2
11-29 06:28:19.694 15752 15790 D MediaCodec:       int32_t sample-rate = 48000
11-29 06:28:19.694 15752 15790 D MediaCodec:       int32_t channel-mask = 0
11-29 06:28:19.694 15752 15790 D MediaCodec:       int32_t pcm-encoding = 2
11-29 06:28:19.694 15752 15790 D MediaCodec:     }
11-29 06:28:19.696 15752 15800 W ExtendedACodec: Failed to get extension for extradata parameter
11-29 06:28:19.696 15752 15790 I MediaCodec: (0xaff92700) start
11-29 06:28:19.701 15752 15800 I MediaCodec: (0xaff92700) kWhatStartCompleted
11-29 06:28:19.703 15752 15800 D MediaCodec: (0xaff92700) [OMX.google.raw.decoder] output format changed to: AMessage(what = 0x00000000) = {
11-29 06:28:19.703 15752 15800 D MediaCodec:       string mime = "audio/raw"
11-29 06:28:19.703 15752 15800 D MediaCodec:       int32_t channel-count = 2
11-29 06:28:19.703 15752 15800 D MediaCodec:       int32_t sample-rate = 48000
11-29 06:28:19.703 15752 15800 D MediaCodec:       int32_t pcm-encoding = 2
11-29 06:28:19.703 15752 15800 D MediaCodec:       int32_t channel-mask = 0
11-29 06:28:19.703 15752 15800 D MediaCodec:     }
11-29 06:28:19.705 15752 15790 I MediaCodec: (0xaff92700) stop
11-29 06:28:19.706 15752 15790 I MediaCodec: (0xaff92700) release
11-29 06:28:19.709 15752 15788 D SoundPlayer: onLoadComplete(samp=2|ms=341, samp=2)=0
11-29 06:28:19.720 15752 15752 I WifiMuteStateMachine: State Machine 
11-29 06:28:19.720 15752 15752 I WifiMuteStateMachine: WifiPendingOff
11-29 06:28:19.720 15752 15752 I WifiMuteStateMachine: 	From: WifiPendingOff To: WifiOn On Event: USER_ACTIVITY
11-29 06:28:19.720 15752 15752 I WifiMuteStateMachine: 	From: WifiPendingOff To: WifiOff On Event: WATCHDOG_TIMEOUT
11-29 06:28:19.720 15752 15752 I WifiMuteStateMachine: WifiOn
11-29 06:28:19.720 15752 15752 I WifiMuteStateMachine: 	From: WifiOn To: WifiOn On Event: USER_ACTIVITY
11-29 06:28:19.720 15752 15752 I WifiMuteStateMachine: 	From: WifiOn To: WifiPendingOff On Event: WATCHDOG_WARNING
11-29 06:28:19.720 15752 15752 I WifiMuteStateMachine: 	From: WifiOn To: TimeoutSuspended On Event: RUNNING_OPMODE
11-29 06:28:19.720 15752 15752 I WifiMuteStateMachine: 	From: WifiOn To: WifiOff On Event: ACTIVITY_STOP
11-29 06:28:19.720 15752 15752 I WifiMuteStateMachine: 	From: WifiOn To: TimeoutSuspended On Event: ACTIVITY_OTHER
11-29 06:28:19.720 15752 15752 I WifiMuteStateMachine: TimeoutSuspended
11-29 06:28:19.720 15752 15752 I WifiMuteStateMachine: 	From: TimeoutSuspended To: WifiOn On Event: STOPPED_OPMODE
11-29 06:28:19.720 15752 15752 I WifiMuteStateMachine: 	From: TimeoutSuspended To: WifiOn On Event: ACTIVITY_START
11-29 06:28:19.720 15752 15752 I WifiMuteStateMachine: WifiOff
11-29 06:28:19.720 15752 15752 I WifiMuteStateMachine: 	From: WifiOff To: WifiOn On Event: USER_ACTIVITY
11-29 06:28:19.720 15752 15752 I WifiMuteStateMachine: 	From: WifiOff To: WifiOn On Event: ACTIVITY_START
11-29 06:28:19.730 15752 15752 I RobotCore: App info: version=8.1.0 appId=com.qualcomm.ftcdriverstation
11-29 06:28:19.732 15752 15752 I RobotCore: Android Device: maker=motorola model=Moto G (5) Plus sdk=27 serial=ZY2247D6S4
11-29 06:28:19.732 15752 15752 V AndroidTextToSpeech: Beginning TTS initialization
11-29 06:28:19.735 15752 15805 V SoundInfo: construct(0x0cdd52cf)
11-29 06:28:19.737 15752 15790 V NuMediaExtractor: setDataSource fd=52 (/data/app/com.qualcomm.ftcdriverstation-1Cznaps_4P3OHQYbys3oPg==/base.apk), offset=36072760, length=72716
11-29 06:28:19.750 15752 15790 V NuMediaExtractor: track of type 'audio/raw' does not publish bitrate
11-29 06:28:19.751 15752 15790 I MediaCodec: (0xaff92700) init name(audio/raw) isType(1) encoder(0)
11-29 06:28:19.754 15752 15808 I MediaCodec: (0xaff92700) Component Allocated (OMX.google.raw.decoder)
11-29 06:28:19.754 15752 15790 I MediaCodec: (0xaff92700) configure surface(0x0) crypto(0x0) flags(0)
11-29 06:28:19.754 15752 15790 D MediaCodec: (0xaff92700) configure format: AMessage(what = 0x00000000) = {
11-29 06:28:19.754 15752 15790 D MediaCodec:       string mime = "audio/raw"
11-29 06:28:19.754 15752 15790 D MediaCodec:       int64_t durationUs = 757000
11-29 06:28:19.754 15752 15790 D MediaCodec:       int32_t track-id = 1
11-29 06:28:19.754 15752 15790 D MediaCodec:       int32_t channel-count = 1
11-29 06:28:19.754 15752 15790 D MediaCodec:       int32_t sample-rate = 48000
11-29 06:28:19.754 15752 15790 D MediaCodec:       int32_t channel-mask = 0
11-29 06:28:19.754 15752 15790 D MediaCodec:       int32_t pcm-encoding = 2
11-29 06:28:19.754 15752 15790 D MediaCodec:     }
11-29 06:28:19.756 15752 15808 W ExtendedACodec: Failed to get extension for extradata parameter
11-29 06:28:19.756 15752 15790 I MediaCodec: (0xaff92700) start
11-29 06:28:19.760 15752 15808 I MediaCodec: (0xaff92700) kWhatStartCompleted
11-29 06:28:19.765 15752 15808 D MediaCodec: (0xaff92700) [OMX.google.raw.decoder] output format changed to: AMessage(what = 0x00000000) = {
11-29 06:28:19.765 15752 15808 D MediaCodec:       string mime = "audio/raw"
11-29 06:28:19.765 15752 15808 D MediaCodec:       int32_t channel-count = 1
11-29 06:28:19.765 15752 15808 D MediaCodec:       int32_t sample-rate = 48000
11-29 06:28:19.765 15752 15808 D MediaCodec:       int32_t pcm-encoding = 2
11-29 06:28:19.765 15752 15808 D MediaCodec:       int32_t channel-mask = 0
11-29 06:28:19.765 15752 15808 D MediaCodec:     }
11-29 06:28:19.768 15752 15790 I MediaCodec: (0xaff92700) stop
11-29 06:28:19.769 15752 15790 I MediaCodec: (0xaff92700) release
11-29 06:28:19.771 15752 15752 I TextToSpeech: Sucessfully bound to com.google.android.tts
11-29 06:28:19.772 15752 15788 D SoundPlayer: onLoadComplete(samp=3|ms=757, samp=3)=0
11-29 06:28:19.774 15752 15752 V DriverStation: Lifecycle onStart() : b8bef40
11-29 06:28:19.774 15752 15752 V DriverStation: updateRcBatteryIndependence(true)
11-29 06:28:19.774 15752 15752 V DriverStation: startOrRestartNetwork()
11-29 06:28:19.774 15752 15752 V DriverStation: Assuming client disconnected
11-29 06:28:19.774 15752 15752 V DriverStation: ui:uiRobotControllerIsDisconnected
11-29 06:28:19.774 15752 15752 I DriverStation: Hide match logging UI
11-29 06:28:19.775 15752 15752 V RobotCore: Getting network assistant of type: WIFIDIRECT
11-29 06:28:19.776 15752 15752 V DriverStation: onSharedPreferenceChanged() pref=pref_wifip2p_groupowner_connectedto
11-29 06:28:19.776 15752 15752 I DriverStation: Hide match logging UI
11-29 06:28:19.776 15752 15752 V NetDiscover_prefremds: onSharedPreferenceChanged(name=pref_wifip2p_groupowner_connectedto, value=null)
11-29 06:28:19.776 15752 15752 V NetDiscover_prefremds: pref_wifip2p_groupowner_connectedto has been removed
11-29 06:28:19.777 15752 15752 V WifiDirect: There are 1 Wi-Fi Direct Assistant Clients (+)
11-29 06:28:19.777 15752 15752 V WifiDirect: Enabling Wi-Fi Direct Assistant
11-29 06:28:19.778 15752 15788 V NetDiscover_wifiDirectAgent_bcast: wifiP2pEnabled=true
11-29 06:28:19.779 15752 15788 D NetDiscover_wifiDirectAgent_bcast: connection changed: networkInfo.state=DISCONNECTED
11-29 06:28:19.779 15752 15788 V NetDiscover_wifiDirectAgent_bcast: NetworkInfo: [type: WIFI_P2P[], state: DISCONNECTED/DISCONNECTED, reason: (unspecified), extra: (none), failover: false, available: true, roaming: false]
11-29 06:28:19.779 15752 15788 V NetDiscover_wifiDirectAgent_bcast: WifiP2pInfo: groupFormed: false isGroupOwner: false groupOwnerAddress: null
11-29 06:28:19.779 15752 15788 V NetDiscover_wifiDirectAgent_bcast: WifiP2pGroup: network: null, isGO: false, GO: null, interface: null, networkId: 0
11-29 06:28:19.779 15752 15788 V NetDiscover_wifiDirectAgent_bcast: this device changed: Device=2845-C-DS deviceAddress=aa:96:75:9e:ed:5d primary type=10-0050F204-5 secondary type=null wps=0 grpcapab=0 devcapab=0 status=3 wfdInfo=WFD enabled=falseWFD DeviceInfo=0 WFD CtrlPort=0 WFD MaxThroughput=0
11-29 06:28:19.780 15752 15788 V NetDiscover_name: remembering wifiDirectName: 2845-C-DS...
11-29 06:28:19.780 15752 15788 V NetDiscover_name: ...remembering wifiDirectName
11-29 06:28:19.780 15752 15788 V NetDiscover_wifiDirectAgent_bcast: p2p discoverPeers()=false
11-29 06:28:19.780 15752 15788 V NetDiscover_wifiDirectAgent_bcast: Wi-Fi Direct remembered groups cleared
11-29 06:28:19.780 15752 15788 V NetDiscover_wifiDirectAgent_bcast: wifiState=ENABLED
11-29 06:28:19.781 15752 15752 V DriverStation: Lifecycle onResume() : b8bef40
11-29 06:28:19.782 15752 15788 V NetDiscover_wifiDirectAgent_bcast: p2p discoverPeers()=true
11-29 06:28:19.789 15752 15816 D OpenGLRenderer: HWUI GL Pipeline
11-29 06:28:19.793 15752 15805 V SoundInfo: construct(0x0f641492)
11-29 06:28:19.794 15752 15752 I TextToSpeech: Connected to ComponentInfo{com.google.android.tts/com.google.android.tts.service.GoogleTTSService}
11-29 06:28:19.795 15752 15752 D WifiDirect: broadcast: state - enabled: true
11-29 06:28:19.796 15752 15752 D WifiDirect: broadcast: connection changed: connectStatus=NOT_CONNECTED networkInfo.state=DISCONNECTED
11-29 06:28:19.796 15752 15752 D WifiDirect: broadcast: this device changed
11-29 06:28:19.796 15752 15752 V WifiDirect: device information: 2845-C-DS aa:96:75:9e:ed:5d
11-29 06:28:19.797 15752 15752 I DriverStation: Received networkConnectionEvent: DISCOVERING_PEERS
11-29 06:28:19.797 15752 15790 V NuMediaExtractor: setDataSource fd=59 (/storage/emulated/0/FIRST/sounds/cache/f90646048adc8d2104e01c1fbafe7419.sound), offset=0, length=72716
11-29 06:28:19.797 15752 15752 D WifiDirect: discovering peers
11-29 06:28:19.800 15752 15817 I TextToSpeech: Set up connection to ComponentInfo{com.google.android.tts/com.google.android.tts.service.GoogleTTSService}
11-29 06:28:19.812 15752 15790 V NuMediaExtractor: track of type 'audio/raw' does not publish bitrate
11-29 06:28:19.813 15752 15790 I MediaCodec: (0xaff92700) init name(audio/raw) isType(1) encoder(0)
11-29 06:28:19.817 15752 15818 I MediaCodec: (0xaff92700) Component Allocated (OMX.google.raw.decoder)
11-29 06:28:19.817 15752 15790 I MediaCodec: (0xaff92700) configure surface(0x0) crypto(0x0) flags(0)
11-29 06:28:19.817 15752 15790 D MediaCodec: (0xaff92700) configure format: AMessage(what = 0x00000000) = {
11-29 06:28:19.817 15752 15790 D MediaCodec:       string mime = "audio/raw"
11-29 06:28:19.817 15752 15790 D MediaCodec:       int64_t durationUs = 757000
11-29 06:28:19.817 15752 15790 D MediaCodec:       int32_t track-id = 1
11-29 06:28:19.817 15752 15790 D MediaCodec:       int32_t channel-count = 1
11-29 06:28:19.817 15752 15790 D MediaCodec:       int32_t sample-rate = 48000
11-29 06:28:19.817 15752 15790 D MediaCodec:       int32_t channel-mask = 0
11-29 06:28:19.817 15752 15790 D MediaCodec:       int32_t pcm-encoding = 2
11-29 06:28:19.817 15752 15790 D MediaCodec:     }
11-29 06:28:19.819 15752 15818 W ExtendedACodec: Failed to get extension for extradata parameter
11-29 06:28:19.819 15752 15816 I Adreno  : QUALCOMM build                   : 908a5ce, I77d3059488
11-29 06:28:19.819 15752 15816 I Adreno  : Build Date                       : 06/07/18
11-29 06:28:19.819 15752 15816 I Adreno  : OpenGL ES Shader Compiler Version: EV031.22.00.01_06
11-29 06:28:19.819 15752 15816 I Adreno  : Local Branch                     : 
11-29 06:28:19.819 15752 15816 I Adreno  : Remote Branch                    : refs/tags/AU_LINUX_ANDROID_LA.UM.6.5.R1.08.01.00.312.086
11-29 06:28:19.819 15752 15816 I Adreno  : Remote Branch                    : NONE
11-29 06:28:19.819 15752 15816 I Adreno  : Reconstruct Branch               : NOTHING
11-29 06:28:19.819 15752 15790 I MediaCodec: (0xaff92700) start
11-29 06:28:19.819 15752 15816 D vndksupport: Loading /vendor/lib/hw/gralloc.msm8953.so from current namespace instead of sphal namespace.
11-29 06:28:19.823 15752 15816 I Adreno  : PFP: 0x005ff087, ME: 0x005ff063
11-29 06:28:19.824 15752 15818 I MediaCodec: (0xaff92700) kWhatStartCompleted
11-29 06:28:19.824 15752 15752 D WifiDirect: discovering peers
11-29 06:28:19.824 15752 15752 V AndroidTextToSpeech: TTS initialization completed successfully
11-29 06:28:19.827 15752 15818 D MediaCodec: (0xaff92700) [OMX.google.raw.decoder] output format changed to: AMessage(what = 0x00000000) = {
11-29 06:28:19.827 15752 15818 D MediaCodec:       string mime = "audio/raw"
11-29 06:28:19.827 15752 15818 D MediaCodec:       int32_t channel-count = 1
11-29 06:28:19.827 15752 15818 D MediaCodec:       int32_t sample-rate = 48000
11-29 06:28:19.827 15752 15818 D MediaCodec:       int32_t pcm-encoding = 2
11-29 06:28:19.827 15752 15818 D MediaCodec:       int32_t channel-mask = 0
11-29 06:28:19.827 15752 15818 D MediaCodec:     }
11-29 06:28:19.828 15752 15816 I zygote  : android::hardware::configstore::V1_0::ISurfaceFlingerConfigs::hasWideColorDisplay retrieved: 0
11-29 06:28:19.828 15752 15816 I OpenGLRenderer: Initialized EGL, version 1.4
11-29 06:28:19.828 15752 15816 D OpenGLRenderer: Swap behavior 2
11-29 06:28:19.830 15752 15790 I MediaCodec: (0xaff92700) stop
11-29 06:28:19.832 15752 15790 I MediaCodec: (0xaff92700) release
11-29 06:28:19.835 15752 15788 D SoundPlayer: onLoadComplete(samp=4|ms=757, samp=4)=0
11-29 06:28:19.842 15752 15816 D vndksupport: Loading /vendor/lib/hw/android.hardware.graphics.mapper@2.0-impl.so from current namespace instead of sphal namespace.
11-29 06:28:19.843 15752 15816 D vndksupport: Loading /vendor/lib/hw/gralloc.msm8953.so from current namespace instead of sphal namespace.
11-29 06:28:19.852 15752 15805 V SoundInfo: construct(0x020aaa49)
11-29 06:28:19.854 15752 15790 V NuMediaExtractor: setDataSource fd=67 (/data/app/com.qualcomm.ftcdriverstation-1Cznaps_4P3OHQYbys3oPg==/base.apk), offset=39664060, length=86562
11-29 06:28:19.870 15752 15790 V NuMediaExtractor: track of type 'audio/raw' does not publish bitrate
11-29 06:28:19.871 15752 15790 I MediaCodec: (0xaff92700) init name(audio/raw) isType(1) encoder(0)
11-29 06:28:19.875 15752 15826 I MediaCodec: (0xaff92700) Component Allocated (OMX.google.raw.decoder)
11-29 06:28:19.875 15752 15790 I MediaCodec: (0xaff92700) configure surface(0x0) crypto(0x0) flags(0)
11-29 06:28:19.875 15752 15790 D MediaCodec: (0xaff92700) configure format: AMessage(what = 0x00000000) = {
11-29 06:28:19.875 15752 15790 D MediaCodec:       string mime = "audio/raw"
11-29 06:28:19.875 15752 15790 D MediaCodec:       int64_t durationUs = 901229
11-29 06:28:19.875 15752 15790 D MediaCodec:       int32_t track-id = 1
11-29 06:28:19.875 15752 15790 D MediaCodec:       int32_t channel-count = 1
11-29 06:28:19.875 15752 15790 D MediaCodec:       int32_t sample-rate = 48000
11-29 06:28:19.875 15752 15790 D MediaCodec:       int32_t channel-mask = 0
11-29 06:28:19.875 15752 15790 D MediaCodec:       int32_t pcm-encoding = 2
11-29 06:28:19.875 15752 15790 D MediaCodec:     }
11-29 06:28:19.877 15752 15826 W ExtendedACodec: Failed to get extension for extradata parameter
11-29 06:28:19.877 15752 15790 I MediaCodec: (0xaff92700) start
11-29 06:28:19.885 15752 15826 I MediaCodec: (0xaff92700) kWhatStartCompleted
11-29 06:28:19.888 15752 15826 D MediaCodec: (0xaff92700) [OMX.google.raw.decoder] output format changed to: AMessage(what = 0x00000000) = {
11-29 06:28:19.888 15752 15826 D MediaCodec:       string mime = "audio/raw"
11-29 06:28:19.888 15752 15826 D MediaCodec:       int32_t channel-count = 1
11-29 06:28:19.888 15752 15826 D MediaCodec:       int32_t sample-rate = 48000
11-29 06:28:19.888 15752 15826 D MediaCodec:       int32_t pcm-encoding = 2
11-29 06:28:19.888 15752 15826 D MediaCodec:       int32_t channel-mask = 0
11-29 06:28:19.888 15752 15826 D MediaCodec:     }
11-29 06:28:19.891 15752 15790 I MediaCodec: (0xaff92700) stop
11-29 06:28:19.893 15752 15790 I MediaCodec: (0xaff92700) release
11-29 06:28:19.895 15752 15788 D SoundPlayer: onLoadComplete(samp=5|ms=901, samp=5)=0
11-29 06:28:19.917 15752 15752 I PermissionValidatorActivity: Lifecycle onDestroy : b2c3767
11-29 06:28:19.917 15752 15752 V AppUtil : rootActivity=FtcDriverStationActivity destroyed
11-29 06:28:19.917 15752 15752 V AppUtil : rootActivity=FtcDriverStationActivity
11-29 06:28:19.917 15752 15752 V DriverStation: Lifecycle onDestroy() : bd9b349
11-29 06:28:19.920 15752 15805 V SoundInfo: construct(0x0341297c)
11-29 06:28:19.924 15752 15790 V NuMediaExtractor: setDataSource fd=67 (/storage/emulated/0/FIRST/sounds/cache/21e990cd27d1ff84529b6693adc02995.sound), offset=0, length=86562
11-29 06:28:19.939 15752 15790 V NuMediaExtractor: track of type 'audio/raw' does not publish bitrate
11-29 06:28:19.940 15752 15790 I MediaCodec: (0xaff92700) init name(audio/raw) isType(1) encoder(0)
11-29 06:28:19.942 15752 15832 I MediaCodec: (0xaff92700) Component Allocated (OMX.google.raw.decoder)
11-29 06:28:19.943 15752 15790 I MediaCodec: (0xaff92700) configure surface(0x0) crypto(0x0) flags(0)
11-29 06:28:19.943 15752 15790 D MediaCodec: (0xaff92700) configure format: AMessage(what = 0x00000000) = {
11-29 06:28:19.943 15752 15790 D MediaCodec:       string mime = "audio/raw"
11-29 06:28:19.943 15752 15790 D MediaCodec:       int64_t durationUs = 901229
11-29 06:28:19.943 15752 15790 D MediaCodec:       int32_t track-id = 1
11-29 06:28:19.943 15752 15790 D MediaCodec:       int32_t channel-count = 1
11-29 06:28:19.943 15752 15790 D MediaCodec:       int32_t sample-rate = 48000
11-29 06:28:19.943 15752 15790 D MediaCodec:       int32_t channel-mask = 0
11-29 06:28:19.943 15752 15790 D MediaCodec:       int32_t pcm-encoding = 2
11-29 06:28:19.943 15752 15790 D MediaCodec:     }
11-29 06:28:19.944 15752 15832 W ExtendedACodec: Failed to get extension for extradata parameter
11-29 06:28:19.944 15752 15790 I MediaCodec: (0xaff92700) start
11-29 06:28:19.950 15752 15832 I MediaCodec: (0xaff92700) kWhatStartCompleted
11-29 06:28:19.953 15752 15832 D MediaCodec: (0xaff92700) [OMX.google.raw.decoder] output format changed to: AMessage(what = 0x00000000) = {
11-29 06:28:19.953 15752 15832 D MediaCodec:       string mime = "audio/raw"
11-29 06:28:19.953 15752 15832 D MediaCodec:       int32_t channel-count = 1
11-29 06:28:19.953 15752 15832 D MediaCodec:       int32_t sample-rate = 48000
11-29 06:28:19.953 15752 15832 D MediaCodec:       int32_t pcm-encoding = 2
11-29 06:28:19.953 15752 15832 D MediaCodec:       int32_t channel-mask = 0
11-29 06:28:19.953 15752 15832 D MediaCodec:     }
11-29 06:28:19.956 15752 15790 I MediaCodec: (0xaff92700) stop
11-29 06:28:19.960 15752 15790 I MediaCodec: (0xaff92700) release
11-29 06:28:19.962 15752 15788 D SoundPlayer: onLoadComplete(samp=6|ms=901, samp=6)=0
11-29 06:28:19.983 15752 15805 V SoundInfo: construct(0x0f4aa205)
11-29 06:28:19.991 15752 15790 V NuMediaExtractor: setDataSource fd=62 (/data/app/com.qualcomm.ftcdriverstation-1Cznaps_4P3OHQYbys3oPg==/base.apk), offset=37348100, length=432616
11-29 06:28:20.010 15752 15790 V NuMediaExtractor: track of type 'audio/raw' does not publish bitrate
11-29 06:28:20.011 15752 15790 I MediaCodec: (0xaff92700) init name(audio/raw) isType(1) encoder(0)
11-29 06:28:20.014 15752 15837 I MediaCodec: (0xaff92700) Component Allocated (OMX.google.raw.decoder)
11-29 06:28:20.014 15752 15790 I MediaCodec: (0xaff92700) configure surface(0x0) crypto(0x0) flags(0)
11-29 06:28:20.014 15752 15790 D MediaCodec: (0xaff92700) configure format: AMessage(what = 0x00000000) = {
11-29 06:28:20.014 15752 15790 D MediaCodec:       string mime = "audio/raw"
11-29 06:28:20.014 15752 15790 D MediaCodec:       int64_t durationUs = 4505958
11-29 06:28:20.014 15752 15790 D MediaCodec:       int32_t track-id = 1
11-29 06:28:20.014 15752 15790 D MediaCodec:       int32_t channel-count = 1
11-29 06:28:20.014 15752 15790 D MediaCodec:       int32_t sample-rate = 48000
11-29 06:28:20.014 15752 15790 D MediaCodec:       int32_t channel-mask = 0
11-29 06:28:20.014 15752 15790 D MediaCodec:       int32_t pcm-encoding = 2
11-29 06:28:20.014 15752 15790 D MediaCodec:     }
11-29 06:28:20.015 15752 15837 W ExtendedACodec: Failed to get extension for extradata parameter
11-29 06:28:20.016 15752 15790 I MediaCodec: (0xaff92700) start
11-29 06:28:20.020 15752 15837 I MediaCodec: (0xaff92700) kWhatStartCompleted
11-29 06:28:20.023 15752 15837 D MediaCodec: (0xaff92700) [OMX.google.raw.decoder] output format changed to: AMessage(what = 0x00000000) = {
11-29 06:28:20.023 15752 15837 D MediaCodec:       string mime = "audio/raw"
11-29 06:28:20.023 15752 15837 D MediaCodec:       int32_t channel-count = 1
11-29 06:28:20.023 15752 15837 D MediaCodec:       int32_t sample-rate = 48000
11-29 06:28:20.023 15752 15837 D MediaCodec:       int32_t pcm-encoding = 2
11-29 06:28:20.023 15752 15837 D MediaCodec:       int32_t channel-mask = 0
11-29 06:28:20.023 15752 15837 D MediaCodec:     }
11-29 06:28:20.039 15752 15790 I MediaCodec: (0xaff92700) stop
11-29 06:28:20.041 15752 15790 I MediaCodec: (0xaff92700) release
11-29 06:28:20.043 15752 15788 D SoundPlayer: onLoadComplete(samp=7|ms=4506, samp=7)=0
11-29 06:28:20.068 15752 15805 V SoundInfo: construct(0x02356168)
11-29 06:28:20.086 15752 15790 V NuMediaExtractor: setDataSource fd=68 (/storage/emulated/0/FIRST/sounds/cache/88c8e9c266de1a20bd3ca4d07d82b4e4.sound), offset=0, length=432616
11-29 06:28:20.105 15752 15790 V NuMediaExtractor: track of type 'audio/raw' does not publish bitrate
11-29 06:28:20.106 15752 15790 I MediaCodec: (0xaff92700) init name(audio/raw) isType(1) encoder(0)
11-29 06:28:20.109 15752 15842 I MediaCodec: (0xaff92700) Component Allocated (OMX.google.raw.decoder)
11-29 06:28:20.109 15752 15790 I MediaCodec: (0xaff92700) configure surface(0x0) crypto(0x0) flags(0)
11-29 06:28:20.109 15752 15790 D MediaCodec: (0xaff92700) configure format: AMessage(what = 0x00000000) = {
11-29 06:28:20.109 15752 15790 D MediaCodec:       string mime = "audio/raw"
11-29 06:28:20.109 15752 15790 D MediaCodec:       int64_t durationUs = 4505958
11-29 06:28:20.109 15752 15790 D MediaCodec:       int32_t track-id = 1
11-29 06:28:20.109 15752 15790 D MediaCodec:       int32_t channel-count = 1
11-29 06:28:20.109 15752 15790 D MediaCodec:       int32_t sample-rate = 48000
11-29 06:28:20.109 15752 15790 D MediaCodec:       int32_t channel-mask = 0
11-29 06:28:20.109 15752 15790 D MediaCodec:       int32_t pcm-encoding = 2
11-29 06:28:20.109 15752 15790 D MediaCodec:     }
11-29 06:28:20.111 15752 15842 W ExtendedACodec: Failed to get extension for extradata parameter
11-29 06:28:20.111 15752 15790 I MediaCodec: (0xaff92700) start
11-29 06:28:20.116 15752 15842 I MediaCodec: (0xaff92700) kWhatStartCompleted
11-29 06:28:20.118 15752 15842 D MediaCodec: (0xaff92700) [OMX.google.raw.decoder] output format changed to: AMessage(what = 0x00000000) = {
11-29 06:28:20.118 15752 15842 D MediaCodec:       string mime = "audio/raw"
11-29 06:28:20.118 15752 15842 D MediaCodec:       int32_t channel-count = 1
11-29 06:28:20.118 15752 15842 D MediaCodec:       int32_t sample-rate = 48000
11-29 06:28:20.118 15752 15842 D MediaCodec:       int32_t pcm-encoding = 2
11-29 06:28:20.118 15752 15842 D MediaCodec:       int32_t channel-mask = 0
11-29 06:28:20.118 15752 15842 D MediaCodec:     }
11-29 06:28:20.131 15752 15790 I MediaCodec: (0xaff92700) stop
11-29 06:28:20.133 15752 15790 I MediaCodec: (0xaff92700) release
11-29 06:28:20.135 15752 15788 D SoundPlayer: onLoadComplete(samp=8|ms=4506, samp=8)=0
11-29 06:28:20.154 15752 15805 V SoundInfo: construct(0x02d85981)
11-29 06:28:20.159 15752 15790 V NuMediaExtractor: setDataSource fd=70 (/data/app/com.qualcomm.ftcdriverstation-1Cznaps_4P3OHQYbys3oPg==/base.apk), offset=33130916, length=240936
11-29 06:28:20.179 15752 15790 V NuMediaExtractor: track of type 'audio/raw' does not publish bitrate
11-29 06:28:20.180 15752 15790 I MediaCodec: (0xaff92700) init name(audio/raw) isType(1) encoder(0)
11-29 06:28:20.184 15752 15847 I MediaCodec: (0xaff92700) Component Allocated (OMX.google.raw.decoder)
11-29 06:28:20.184 15752 15790 I MediaCodec: (0xaff92700) configure surface(0x0) crypto(0x0) flags(0)
11-29 06:28:20.184 15752 15790 D MediaCodec: (0xaff92700) configure format: AMessage(what = 0x00000000) = {
11-29 06:28:20.184 15752 15790 D MediaCodec:       string mime = "audio/raw"
11-29 06:28:20.184 15752 15790 D MediaCodec:       int64_t durationUs = 2509291
11-29 06:28:20.184 15752 15790 D MediaCodec:       int32_t track-id = 1
11-29 06:28:20.184 15752 15790 D MediaCodec:       int32_t channel-count = 1
11-29 06:28:20.184 15752 15790 D MediaCodec:       int32_t sample-rate = 48000
11-29 06:28:20.184 15752 15790 D MediaCodec:       int32_t channel-mask = 0
11-29 06:28:20.184 15752 15790 D MediaCodec:       int32_t pcm-encoding = 2
11-29 06:28:20.184 15752 15790 D MediaCodec:     }
11-29 06:28:20.185 15752 15847 W ExtendedACodec: Failed to get extension for extradata parameter
11-29 06:28:20.185 15752 15790 I MediaCodec: (0xaff92700) start
11-29 06:28:20.190 15752 15847 I MediaCodec: (0xaff92700) kWhatStartCompleted
11-29 06:28:20.192 15752 15847 D MediaCodec: (0xaff92700) [OMX.google.raw.decoder] output format changed to: AMessage(what = 0x00000000) = {
11-29 06:28:20.192 15752 15847 D MediaCodec:       string mime = "audio/raw"
11-29 06:28:20.192 15752 15847 D MediaCodec:       int32_t channel-count = 1
11-29 06:28:20.192 15752 15847 D MediaCodec:       int32_t sample-rate = 48000
11-29 06:28:20.192 15752 15847 D MediaCodec:       int32_t pcm-encoding = 2
11-29 06:28:20.192 15752 15847 D MediaCodec:       int32_t channel-mask = 0
11-29 06:28:20.192 15752 15847 D MediaCodec:     }
11-29 06:28:20.201 15752 15790 I MediaCodec: (0xaff92700) stop
11-29 06:28:20.202 15752 15790 I MediaCodec: (0xaff92700) release
11-29 06:28:20.205 15752 15788 D SoundPlayer: onLoadComplete(samp=9|ms=2509, samp=9)=0
11-29 06:28:20.232 15752 15805 V SoundInfo: construct(0x0fb32c14)
11-29 06:28:20.242 15752 15790 V NuMediaExtractor: setDataSource fd=70 (/storage/emulated/0/FIRST/sounds/cache/fba6a9abe5b1f6238a531ceb1e3751ae.sound), offset=0, length=240936
11-29 06:28:20.262 15752 15790 V NuMediaExtractor: track of type 'audio/raw' does not publish bitrate
11-29 06:28:20.263 15752 15790 I MediaCodec: (0xaff92700) init name(audio/raw) isType(1) encoder(0)
11-29 06:28:20.266 15752 15852 I MediaCodec: (0xaff92700) Component Allocated (OMX.google.raw.decoder)
11-29 06:28:20.266 15752 15790 I MediaCodec: (0xaff92700) configure surface(0x0) crypto(0x0) flags(0)
11-29 06:28:20.266 15752 15790 D MediaCodec: (0xaff92700) configure format: AMessage(what = 0x00000000) = {
11-29 06:28:20.266 15752 15790 D MediaCodec:       string mime = "audio/raw"
11-29 06:28:20.266 15752 15790 D MediaCodec:       int64_t durationUs = 2509291
11-29 06:28:20.266 15752 15790 D MediaCodec:       int32_t track-id = 1
11-29 06:28:20.266 15752 15790 D MediaCodec:       int32_t channel-count = 1
11-29 06:28:20.266 15752 15790 D MediaCodec:       int32_t sample-rate = 48000
11-29 06:28:20.266 15752 15790 D MediaCodec:       int32_t channel-mask = 0
11-29 06:28:20.266 15752 15790 D MediaCodec:       int32_t pcm-encoding = 2
11-29 06:28:20.266 15752 15790 D MediaCodec:     }
11-29 06:28:20.267 15752 15852 W ExtendedACodec: Failed to get extension for extradata parameter
11-29 06:28:20.267 15752 15790 I MediaCodec: (0xaff92700) start
11-29 06:28:20.272 15752 15852 I MediaCodec: (0xaff92700) kWhatStartCompleted
11-29 06:28:20.274 15752 15852 D MediaCodec: (0xaff92700) [OMX.google.raw.decoder] output format changed to: AMessage(what = 0x00000000) = {
11-29 06:28:20.274 15752 15852 D MediaCodec:       string mime = "audio/raw"
11-29 06:28:20.274 15752 15852 D MediaCodec:       int32_t channel-count = 1
11-29 06:28:20.274 15752 15852 D MediaCodec:       int32_t sample-rate = 48000
11-29 06:28:20.274 15752 15852 D MediaCodec:       int32_t pcm-encoding = 2
11-29 06:28:20.274 15752 15852 D MediaCodec:       int32_t channel-mask = 0
11-29 06:28:20.274 15752 15852 D MediaCodec:     }
11-29 06:28:20.282 15752 15790 I MediaCodec: (0xaff92700) stop
11-29 06:28:20.284 15752 15790 I MediaCodec: (0xaff92700) release
11-29 06:28:20.287 15752 15788 D SoundPlayer: onLoadComplete(samp=10|ms=2509, samp=10)=0
11-29 06:28:20.306 15752 15805 V SoundInfo: construct(0x02300cbd)
11-29 06:28:20.314 15752 15790 V NuMediaExtractor: setDataSource fd=70 (/data/app/com.qualcomm.ftcdriverstation-1Cznaps_4P3OHQYbys3oPg==/base.apk), offset=36145932, length=439730
11-29 06:28:20.334 15752 15790 V NuMediaExtractor: track of type 'audio/raw' does not publish bitrate
11-29 06:28:20.335 15752 15790 I MediaCodec: (0xaff92700) init name(audio/raw) isType(1) encoder(0)
11-29 06:28:20.338 15752 15857 I MediaCodec: (0xaff92700) Component Allocated (OMX.google.raw.decoder)
11-29 06:28:20.338 15752 15790 I MediaCodec: (0xaff92700) configure surface(0x0) crypto(0x0) flags(0)
11-29 06:28:20.338 15752 15790 D MediaCodec: (0xaff92700) configure format: AMessage(what = 0x00000000) = {
11-29 06:28:20.338 15752 15790 D MediaCodec:       string mime = "audio/raw"
11-29 06:28:20.338 15752 15790 D MediaCodec:       int64_t durationUs = 4580062
11-29 06:28:20.338 15752 15790 D MediaCodec:       int32_t track-id = 1
11-29 06:28:20.338 15752 15790 D MediaCodec:       int32_t channel-count = 1
11-29 06:28:20.338 15752 15790 D MediaCodec:       int32_t sample-rate = 48000
11-29 06:28:20.338 15752 15790 D MediaCodec:       int32_t channel-mask = 0
11-29 06:28:20.338 15752 15790 D MediaCodec:       int32_t pcm-encoding = 2
11-29 06:28:20.338 15752 15790 D MediaCodec:     }
11-29 06:28:20.339 15752 15857 W ExtendedACodec: Failed to get extension for extradata parameter
11-29 06:28:20.339 15752 15790 I MediaCodec: (0xaff92700) start
11-29 06:28:20.344 15752 15857 I MediaCodec: (0xaff92700) kWhatStartCompleted
11-29 06:28:20.347 15752 15857 D MediaCodec: (0xaff92700) [OMX.google.raw.decoder] output format changed to: AMessage(what = 0x00000000) = {
11-29 06:28:20.347 15752 15857 D MediaCodec:       string mime = "audio/raw"
11-29 06:28:20.347 15752 15857 D MediaCodec:       int32_t channel-count = 1
11-29 06:28:20.347 15752 15857 D MediaCodec:       int32_t sample-rate = 48000
11-29 06:28:20.347 15752 15857 D MediaCodec:       int32_t pcm-encoding = 2
11-29 06:28:20.347 15752 15857 D MediaCodec:       int32_t channel-mask = 0
11-29 06:28:20.347 15752 15857 D MediaCodec:     }
11-29 06:28:20.361 15752 15790 I MediaCodec: (0xaff92700) stop
11-29 06:28:20.362 15752 15790 I MediaCodec: (0xaff92700) release
11-29 06:28:20.365 15752 15788 D SoundPlayer: onLoadComplete(samp=11|ms=4580, samp=11)=0
11-29 06:28:20.391 15752 15805 V SoundInfo: construct(0x04a0f580)
11-29 06:28:20.408 15752 15790 V NuMediaExtractor: setDataSource fd=73 (/storage/emulated/0/FIRST/sounds/cache/9bc97f3a2ec9718059d48a9c19e64689.sound), offset=0, length=439730
11-29 06:28:20.428 15752 15790 V NuMediaExtractor: track of type 'audio/raw' does not publish bitrate
11-29 06:28:20.429 15752 15790 I MediaCodec: (0xaff92700) init name(audio/raw) isType(1) encoder(0)
11-29 06:28:20.432 15752 15862 I MediaCodec: (0xaff92700) Component Allocated (OMX.google.raw.decoder)
11-29 06:28:20.432 15752 15790 I MediaCodec: (0xaff92700) configure surface(0x0) crypto(0x0) flags(0)
11-29 06:28:20.432 15752 15790 D MediaCodec: (0xaff92700) configure format: AMessage(what = 0x00000000) = {
11-29 06:28:20.432 15752 15790 D MediaCodec:       string mime = "audio/raw"
11-29 06:28:20.432 15752 15790 D MediaCodec:       int64_t durationUs = 4580062
11-29 06:28:20.432 15752 15790 D MediaCodec:       int32_t track-id = 1
11-29 06:28:20.432 15752 15790 D MediaCodec:       int32_t channel-count = 1
11-29 06:28:20.432 15752 15790 D MediaCodec:       int32_t sample-rate = 48000
11-29 06:28:20.432 15752 15790 D MediaCodec:       int32_t channel-mask = 0
11-29 06:28:20.432 15752 15790 D MediaCodec:       int32_t pcm-encoding = 2
11-29 06:28:20.432 15752 15790 D MediaCodec:     }
11-29 06:28:20.434 15752 15862 W ExtendedACodec: Failed to get extension for extradata parameter
11-29 06:28:20.434 15752 15790 I MediaCodec: (0xaff92700) start
11-29 06:28:20.438 15752 15862 I MediaCodec: (0xaff92700) kWhatStartCompleted
11-29 06:28:20.441 15752 15862 D MediaCodec: (0xaff92700) [OMX.google.raw.decoder] output format changed to: AMessage(what = 0x00000000) = {
11-29 06:28:20.441 15752 15862 D MediaCodec:       string mime = "audio/raw"
11-29 06:28:20.441 15752 15862 D MediaCodec:       int32_t channel-count = 1
11-29 06:28:20.441 15752 15862 D MediaCodec:       int32_t sample-rate = 48000
11-29 06:28:20.441 15752 15862 D MediaCodec:       int32_t pcm-encoding = 2
11-29 06:28:20.441 15752 15862 D MediaCodec:       int32_t channel-mask = 0
11-29 06:28:20.441 15752 15862 D MediaCodec:     }
11-29 06:28:20.454 15752 15790 I MediaCodec: (0xaff92700) stop
11-29 06:28:20.456 15752 15790 I MediaCodec: (0xaff92700) release
11-29 06:28:20.459 15752 15788 D SoundPlayer: onLoadComplete(samp=12|ms=4580, samp=12)=0
11-29 06:28:20.657 15752 15752 D WifiDirect: broadcast: peers changed
11-29 06:28:20.658 15752 15788 V NetDiscover_wifiDirectAgent_bcast: peers found: count=1
11-29 06:28:20.658 15752 15788 V NetDiscover_wifiDirectAgent_bcast:     peer: 7e:d5:66:cd:52:b6 Heather's Fire TV Stick
11-29 06:28:20.658 15752 15752 D WifiDirect: broadcast: peers changed
11-29 06:28:20.658 15752 15788 V NetDiscover_wifiDirectAgent_bcast: peers found: count=2
11-29 06:28:20.658 15752 15788 V NetDiscover_wifiDirectAgent_bcast:     peer: 82:58:f8:1b:2a:e8 2845-C-RC
11-29 06:28:20.658 15752 15788 V NetDiscover_wifiDirectAgent_bcast:     peer: 7e:d5:66:cd:52:b6 Heather's Fire TV Stick
11-29 06:28:20.658 15752 15788 V NetDiscover_wifiDirectAgent_bcast: peers found: count=3
11-29 06:28:20.658 15752 15788 V NetDiscover_wifiDirectAgent_bcast:     peer: 82:58:f8:1b:2a:e8 2845-C-RC
11-29 06:28:20.658 15752 15788 V NetDiscover_wifiDirectAgent_bcast:     peer: d6:c9:4b:d3:2f:34 2845-A-DS
11-29 06:28:20.658 15752 15788 V NetDiscover_wifiDirectAgent_bcast:     peer: 7e:d5:66:cd:52:b6 Heather's Fire TV Stick
11-29 06:28:20.658 15752 15752 D WifiDirect: broadcast: peers changed
11-29 06:28:20.659 15752 15788 V NetDiscover_wifiDirectAgent_bcast: peers found: count=4
11-29 06:28:20.659 15752 15752 D WifiDirect: broadcast: peers changed
11-29 06:28:20.659 15752 15788 V NetDiscover_wifiDirectAgent_bcast:     peer: 82:58:f8:1b:2a:e8 2845-C-RC
11-29 06:28:20.659 15752 15788 V NetDiscover_wifiDirectAgent_bcast:     peer: d6:c9:4b:d1:84:fe 2845-A-RC
11-29 06:28:20.659 15752 15788 V NetDiscover_wifiDirectAgent_bcast:     peer: d6:c9:4b:d3:2f:34 2845-A-DS
11-29 06:28:20.659 15752 15788 V NetDiscover_wifiDirectAgent_bcast:     peer: 7e:d5:66:cd:52:b6 Heather's Fire TV Stick
11-29 06:28:20.660 15752 15752 V WifiDirect: peers found: 4
11-29 06:28:20.660 15752 15752 V WifiDirect:     peer: 82:58:f8:1b:2a:e8 2845-C-RC
11-29 06:28:20.660 15752 15752 V WifiDirect:     peer: d6:c9:4b:d1:84:fe 2845-A-RC
11-29 06:28:20.660 15752 15752 V WifiDirect:     peer: d6:c9:4b:d3:2f:34 2845-A-DS
11-29 06:28:20.660 15752 15752 V WifiDirect:     peer: 7e:d5:66:cd:52:b6 Heather's Fire TV Stick
11-29 06:28:20.660 15752 15752 I DriverStation: Received networkConnectionEvent: PEERS_AVAILABLE
11-29 06:28:20.660 15752 15752 D WifiDirect: connecting to 82:58:f8:1b:2a:e8
11-29 06:28:20.661 15752 15752 V WifiDirect: peers found: 4
11-29 06:28:20.661 15752 15752 V WifiDirect:     peer: 82:58:f8:1b:2a:e8 2845-C-RC
11-29 06:28:20.661 15752 15752 V WifiDirect:     peer: d6:c9:4b:d1:84:fe 2845-A-RC
11-29 06:28:20.661 15752 15752 V WifiDirect:     peer: d6:c9:4b:d3:2f:34 2845-A-DS
11-29 06:28:20.661 15752 15752 V WifiDirect:     peer: 7e:d5:66:cd:52:b6 Heather's Fire TV Stick
11-29 06:28:20.661 15752 15752 I DriverStation: Received networkConnectionEvent: PEERS_AVAILABLE
11-29 06:28:20.667 15752 15752 V WifiDirect: peers found: 4
11-29 06:28:20.668 15752 15752 V WifiDirect:     peer: 82:58:f8:1b:2a:e8 2845-C-RC
11-29 06:28:20.668 15752 15752 V WifiDirect:     peer: d6:c9:4b:d1:84:fe 2845-A-RC
11-29 06:28:20.668 15752 15752 V WifiDirect:     peer: d6:c9:4b:d3:2f:34 2845-A-DS
11-29 06:28:20.668 15752 15752 V WifiDirect:     peer: 7e:d5:66:cd:52:b6 Heather's Fire TV Stick
11-29 06:28:20.668 15752 15752 I DriverStation: Received networkConnectionEvent: PEERS_AVAILABLE
11-29 06:28:20.668 15752 15752 V WifiDirect: peers found: 4
11-29 06:28:20.668 15752 15752 V WifiDirect:     peer: 82:58:f8:1b:2a:e8 2845-C-RC
11-29 06:28:20.668 15752 15752 V WifiDirect:     peer: d6:c9:4b:d1:84:fe 2845-A-RC
11-29 06:28:20.668 15752 15752 V WifiDirect:     peer: d6:c9:4b:d3:2f:34 2845-A-DS
11-29 06:28:20.668 15752 15752 V WifiDirect:     peer: 7e:d5:66:cd:52:b6 Heather's Fire TV Stick
11-29 06:28:20.668 15752 15752 I DriverStation: Received networkConnectionEvent: PEERS_AVAILABLE
11-29 06:28:20.687 15752 15752 D WifiDirect: connect started
11-29 06:28:20.688 15752 15752 I DriverStation: Received networkConnectionEvent: CONNECTING
11-29 06:28:20.688 15752 15788 V NetDiscover_wifiDirectAgent_bcast: peers found: count=4
11-29 06:28:20.688 15752 15788 V NetDiscover_wifiDirectAgent_bcast:     peer: 82:58:f8:1b:2a:e8 2845-C-RC
11-29 06:28:20.688 15752 15788 V NetDiscover_wifiDirectAgent_bcast:     peer: d6:c9:4b:d1:84:fe 2845-A-RC
11-29 06:28:20.688 15752 15788 V NetDiscover_wifiDirectAgent_bcast:     peer: d6:c9:4b:d3:2f:34 2845-A-DS
11-29 06:28:20.688 15752 15788 V NetDiscover_wifiDirectAgent_bcast:     peer: 7e:d5:66:cd:52:b6 Heather's Fire TV Stick
11-29 06:28:20.688 15752 15752 D WifiDirect: broadcast: peers changed
11-29 06:28:20.688 15752 15788 V NetDiscover_wifiDirectAgent_bcast: p2p discoverPeers()=false
11-29 06:28:20.700 15752 15752 V WifiDirect: peers found: 4
11-29 06:28:20.701 15752 15752 V WifiDirect:     peer: 82:58:f8:1b:2a:e8 2845-C-RC
11-29 06:28:20.701 15752 15752 V WifiDirect:     peer: d6:c9:4b:d1:84:fe 2845-A-RC
11-29 06:28:20.701 15752 15752 V WifiDirect:     peer: d6:c9:4b:d3:2f:34 2845-A-DS
11-29 06:28:20.701 15752 15752 V WifiDirect:     peer: 7e:d5:66:cd:52:b6 Heather's Fire TV Stick
11-29 06:28:20.701 15752 15752 I DriverStation: Received networkConnectionEvent: PEERS_AVAILABLE
11-29 06:28:21.875 15752 15788 V NetDiscover_wifiDirectAgent_bcast: Wi-Fi Direct remembered groups cleared
11-29 06:28:21.882 15752 15788 V NetDiscover_wifiDirectAgent_bcast: peers found: count=4
11-29 06:28:21.882 15752 15788 V NetDiscover_wifiDirectAgent_bcast:     peer: 82:58:f8:1b:2a:e8 2845-C-RC
11-29 06:28:21.882 15752 15752 D WifiDirect: broadcast: peers changed
11-29 06:28:21.882 15752 15788 V NetDiscover_wifiDirectAgent_bcast:     peer: d6:c9:4b:d1:84:fe 2845-A-RC
11-29 06:28:21.882 15752 15788 V NetDiscover_wifiDirectAgent_bcast:     peer: d6:c9:4b:d3:2f:34 2845-A-DS
11-29 06:28:21.882 15752 15788 V NetDiscover_wifiDirectAgent_bcast:     peer: 7e:d5:66:cd:52:b6 Heather's Fire TV Stick
11-29 06:28:21.883 15752 15752 V WifiDirect: peers found: 4
11-29 06:28:21.883 15752 15752 V WifiDirect:     peer: 82:58:f8:1b:2a:e8 2845-C-RC
11-29 06:28:21.883 15752 15752 V WifiDirect:     peer: d6:c9:4b:d1:84:fe 2845-A-RC
11-29 06:28:21.883 15752 15752 V WifiDirect:     peer: d6:c9:4b:d3:2f:34 2845-A-DS
11-29 06:28:21.883 15752 15752 V WifiDirect:     peer: 7e:d5:66:cd:52:b6 Heather's Fire TV Stick
11-29 06:28:21.883 15752 15752 I DriverStation: Received networkConnectionEvent: PEERS_AVAILABLE
11-29 06:28:24.253 15752 15788 V NetDiscover_wifiDirectAgent_bcast: this device changed: Device=2845-C-DS deviceAddress=aa:96:75:9e:ed:5d primary type=10-0050F204-5 secondary type=null wps=0 grpcapab=0 devcapab=0 status=0 wfdInfo=WFD enabled=falseWFD DeviceInfo=0 WFD CtrlPort=0 WFD MaxThroughput=0
11-29 06:28:24.253 15752 15788 V NetDiscover_name: remembering wifiDirectName: 2845-C-DS...
11-29 06:28:24.253 15752 15788 V NetDiscover_name: ...remembering wifiDirectName
11-29 06:28:24.254 15752 15752 D WifiDirect: broadcast: this device changed
11-29 06:28:24.254 15752 15752 V WifiDirect: device information: 2845-C-DS aa:96:75:9e:ed:5d
11-29 06:28:24.256 15752 15752 D WifiDirect: broadcast: peers changed
11-29 06:28:24.260 15752 15788 V NetDiscover_wifiDirectAgent_bcast: peers found: count=4
11-29 06:28:24.260 15752 15788 V NetDiscover_wifiDirectAgent_bcast:     peer: 82:58:f8:1b:2a:e8 2845-C-RC
11-29 06:28:24.260 15752 15788 V NetDiscover_wifiDirectAgent_bcast:     peer: d6:c9:4b:d1:84:fe 2845-A-RC
11-29 06:28:24.260 15752 15788 V NetDiscover_wifiDirectAgent_bcast:     peer: d6:c9:4b:d3:2f:34 2845-A-DS
11-29 06:28:24.260 15752 15788 V NetDiscover_wifiDirectAgent_bcast:     peer: 7e:d5:66:cd:52:b6 Heather's Fire TV Stick
11-29 06:28:24.260 15752 15752 D WifiDirect: broadcast: connection changed: connectStatus=CONNECTING networkInfo.state=CONNECTED
11-29 06:28:24.261 15752 15752 V WifiDirect: writing pref name=pref_wifip2p_groupowner_connectedto value=2845-C-RC
11-29 06:28:24.261 15752 15788 D NetDiscover_wifiDirectAgent_bcast: connection changed: networkInfo.state=CONNECTED
11-29 06:28:24.261 15752 15788 V NetDiscover_wifiDirectAgent_bcast: NetworkInfo: [type: WIFI_P2P[], state: CONNECTED/CONNECTED, reason: (unspecified), extra: (none), failover: false, available: true, roaming: false]
11-29 06:28:24.261 15752 15788 V NetDiscover_wifiDirectAgent_bcast: WifiP2pInfo: groupFormed: true isGroupOwner: false groupOwnerAddress: /192.168.49.1
11-29 06:28:24.261 15752 15752 V DriverStation: onSharedPreferenceChanged() pref=pref_wifip2p_groupowner_connectedto
11-29 06:28:24.261 15752 15752 I DriverStation: Hide match logging UI
11-29 06:28:24.261 15752 15788 V NetDiscover_wifiDirectAgent_bcast: WifiP2pGroup: network: DIRECT-TB-2845-C-RC, isGO: false, GO: Device: 2845-C-RC, deviceAddress: 82:58:f8:1b:2a:e8, primary type: 10-0050F204-5, secondary type: null, wps: 392, grpcapab: 43, devcapab: 37, status: 4, wfdInfo: WFD enabled: trueWFD DeviceInfo: 0, WFD CtrlPort: 0, WFD MaxThroughput: 0, interface: p2p0, networkId: 5
11-29 06:28:24.261 15752 15752 V NetDiscover_prefremds: onSharedPreferenceChanged(name=pref_wifip2p_groupowner_connectedto, value=2845-C-RC)
11-29 06:28:24.262 15752 15752 V NetDiscover_prefremds: writing pref name=pref_wifip2p_groupowner_lastconnectedto value=2845-C-RC
11-29 06:28:24.262 15752 15752 V DriverStation: onSharedPreferenceChanged() pref=pref_wifip2p_groupowner_lastconnectedto
11-29 06:28:24.262 15752 15752 I DriverStation: Hide match logging UI
11-29 06:28:24.262 15752 15752 V NetDiscover_prefremds: onSharedPreferenceChanged(name=pref_wifip2p_groupowner_lastconnectedto, value=2845-C-RC)
11-29 06:28:24.269 15752 15752 V WifiDirect: peers found: 4
11-29 06:28:24.269 15752 15752 V WifiDirect:     peer: 82:58:f8:1b:2a:e8 2845-C-RC
11-29 06:28:24.269 15752 15752 V WifiDirect:     peer: d6:c9:4b:d1:84:fe 2845-A-RC
11-29 06:28:24.269 15752 15752 V WifiDirect:     peer: d6:c9:4b:d3:2f:34 2845-A-DS
11-29 06:28:24.269 15752 15752 V WifiDirect:     peer: 7e:d5:66:cd:52:b6 Heather's Fire TV Stick
11-29 06:28:24.269 15752 15752 I DriverStation: Received networkConnectionEvent: PEERS_AVAILABLE
11-29 06:28:24.270 15752 15752 D WifiDirect: group owners address: /192.168.49.1
11-29 06:28:24.270 15752 15752 D WifiDirect: group formed, this device is a client
11-29 06:28:24.270 15752 15752 I DriverStation: Received networkConnectionEvent: CONNECTED_AS_PEER
11-29 06:28:24.282 15752 15752 V WifiDirect: connection information available
