11-28 21:34:38.703 12312 12684 V Robocol : {3596987 35.690} received command: CMD_ROBOT_CONTROLLER_PREFERENCE(1636) {"booleanValue":true,"prefName":"pref_warn_about_mismatched_app_versions"}
11-28 21:34:38.704 12312 12684 V Robocol : {3596987 35.691} received command: CMD_ROBOT_CONTROLLER_PREFERENCE(1637) {"booleanValue":false,"prefName":"pref_sound_on_off"}
11-28 21:34:38.705 12312 12684 V Robocol : {3596987 35.692} received command: CMD_ROBOT_CONTROLLER_PREFERENCE(1638) {"intValue":0,"prefName":"pref_wifip2p_channel"}
11-28 21:34:38.705 12312 12684 V Robocol : {3596987 35.692} received command: CMD_NOTIFY_ROBOT_STATE(1639) 3
11-28 21:34:38.706 12312 12684 V Robocol : {3596987 35.693} received command: CMD_NOTIFY_ROBOT_STATE(1640) 1
11-28 21:34:38.707 12312 12684 V Robocol : {3596987 35.694} received command: CMD_NOTIFY_ACTIVE_CONFIGURATION(1641) {"isDirty":false,"location":"LOCAL_STORAGE","name":"ebay","resourceId":0}
11-28 21:34:38.734 12312 12685 E RobotCore: {3596987 35.721} java.lang.ClassCastException: com.qualcomm.robotcore.hardware.configuration.typecontainers.MotorConfigurationType cannot be cast to com.qualcomm.robotcore.hardware.configuration.typecontainers.InstantiableUserConfigurationType
11-28 21:34:38.735 12312 12685 E RobotCore: {3596987 35.722} 	at com.qualcomm.robotcore.hardware.configuration.ConfigurationTypeManager.add(ConfigurationTypeManager.java:386)
11-28 21:34:38.735 12312 12685 E RobotCore: {3596987 35.722} 	at com.qualcomm.robotcore.hardware.configuration.ConfigurationTypeManager.deserializeUserDeviceTypes(ConfigurationTypeManager.java:310)
11-28 21:34:38.735 12312 12685 E RobotCore: {3596987 35.722} 	at com.qualcomm.ftcdriverstation.FtcDriverStationActivity.handleCommandNotifyUserDeviceList(FtcDriverStationActivity.java:2957)
11-28 21:34:38.735 12312 12685 E RobotCore: {3596987 35.722} 	at com.qualcomm.ftcdriverstation.FtcDriverStationActivity.commandEvent(FtcDriverStationActivity.java:2029)
11-28 21:34:38.736 12312 12685 E RobotCore: {3596987 35.723} 	at org.firstinspires.ftc.robotcore.internal.network.NetworkConnectionHandler$RecvLoopCallbackChainer.commandEvent(NetworkConnectionHandler.java:777)
11-28 21:34:38.736 12312 12685 E RobotCore: {3596987 35.723} 	at org.firstinspires.ftc.robotcore.internal.network.RecvLoopRunnable$CommandProcessor.run(RecvLoopRunnable.java:173)
11-28 21:34:38.736 12312 12685 E RobotCore: {3596987 35.723} 	at java.util.concurrent.ThreadPoolExecutor.runWorker(ThreadPoolExecutor.java:1162)
11-28 21:34:38.737 12312 12685 E RobotCore: {3596987 35.723} 	at java.util.concurrent.ThreadPoolExecutor$Worker.run(ThreadPoolExecutor.java:636)
11-28 21:34:38.737 12312 12685 E RobotCore: {3596987 35.724} 	at com.qualcomm.robotcore.util.ThreadPool$ThreadFactoryImpl$1.run(ThreadPool.java:793)
11-28 21:34:38.737 12312 12685 E RobotCore: {3596987 35.724} 	at java.lang.Thread.run(Thread.java:764)
11-28 21:34:38.737 12312 12685 V Robocol : {3596987 35.724} unable to process command CMD_NOTIFY_USER_DEVICE_LIST callbacks=FtcDriverStationActivity
11-28 21:34:38.738 12312 12685 V NetDiscover_prefremds: {3596987 35.725} handleRobotControllerPreference() pref=pref_device_name
11-28 21:34:38.739 12312 12685 V NetDiscover_prefremds: {3596987 35.726} writing pref name=pref_wifip2p_groupowner_map_timestamp value=1669696478739
11-28 21:34:38.740 12312 12312 V DriverStation: {3596987 35.727} onSharedPreferenceChanged() pref=pref_wifip2p_groupowner_map_timestamp
11-28 21:34:38.740 12312 12685 V NetDiscover_prefremds: {3596987 35.727} handleRobotControllerPreference() pref=pref_warn_about_incorrect_clocks
11-28 21:34:38.740 12312 12312 I DriverStation: {3596987 35.727} Hide match logging UI
11-28 21:34:38.740 12312 12312 V NetDiscover_prefremds: {3596987 35.727} onSharedPreferenceChanged(name=pref_wifip2p_groupowner_map_timestamp, value=1669696478739)
11-28 21:34:38.740 12312 12685 V NetDiscover_prefremds: {3596987 35.727} handleRobotControllerPreference() pref=pref_warn_about_obsolete_software
11-28 21:34:38.741 12312 12685 V NetDiscover_prefremds: {3596987 35.728} handleRobotControllerPreference() pref=pref_has_speaker
11-28 21:34:38.741 12312 12685 V NetDiscover_prefremds: {3596987 35.728} handleRobotControllerPreference() pref=pref_warn_about_2_4_ghz_band
11-28 21:34:38.742 12312 12685 V NetDiscover_prefremds: {3596987 35.729} handleRobotControllerPreference() pref=pref_has_independent_phone_battery
11-28 21:34:38.742 12312 12685 V NetDiscover_prefremds: {3596987 35.729} handleRobotControllerPreference() pref=pref_app_theme
11-28 21:34:38.743 12312 12685 V NetDiscover_prefremds: {3596987 35.730} handleRobotControllerPreference() pref=pref_warn_about_mismatched_app_versions
11-28 21:34:38.743 12312 12685 V NetDiscover_prefremds: {3596987 35.730} handleRobotControllerPreference() pref=pref_sound_on_off
11-28 21:34:38.744 12312 12685 V NetDiscover_prefremds: {3596987 35.731} handleRobotControllerPreference() pref=pref_wifip2p_channel
11-28 21:34:38.744 12312 12685 V NetDiscover_prefremds: {3596987 35.731} pref_wifip2p_channel: prefChannel = 0
11-28 21:34:38.744 12312 12685 V DriverStation: {3596987 35.731} ui:uiRobotStopped
11-28 21:34:38.745 12312 12685 V DriverStation: {3596987 35.732} FtcDriverStationActivity.handleCommandRequestActiveConfigResp({"isDirty":false,"location":"LOCAL_STORAGE","name":"ebay","resourceId":0})
11-28 21:34:38.864 12312 12684 V Robocol : {3597047 35.911} received command: CMD_NOTIFY_OP_MODE_LIST(1643) [{"flavor":"TELEOP","group":"$$$$$$$","name":"AprilTagAutonomousInitDetectionExample","source":"ONBOTJAVA"},{"flavor":"AUTONOMOUS","group":"Linear Opmode","name":"PowerPlayAuto1","source":"ONBOTJAVA"},{"flavor":"AUTONOMOUS","group":"Linear Opmode","name":"AutoDrive","source":"ONBOTJAVA"}]
11-28 21:34:38.865 12312 12685 V DriverStation: {3597047 35.912} Assuming client connected
11-28 21:34:38.867 12312 12684 V Robocol : {3597047 35.913} received command: CMD_NOTIFY_USER_DEVICE_LIST(1642) [{"builtIn":true,"classSource":"APK","compatibleControlSystems":["REV_HUB"],"description":"an Adafruit IMU","flavor":"I2C","isDeprecated":false,"isExternalLibraries":false,"isOnBotJava":false,"name":"Adafruit IMU","xmlTag":"AdafruitBNO055IMU","xmlTagAliases":[]},{"builtIn":true,"classSource":"APK","compatibleControlSystems":["REV_HUB"],"description":"a REV Color Sensor V3","flavor":"I2C","isDeprecated":false,"isExternalLibraries":false,"isOnBotJava":false,"name":"REV Color Sensor V3","xmlTag":"RevColorSensorV3","xmlTagAliases":[]},{"xmlTag":"Webcam","name":"Webcam","flavor":"BUILT_IN"},{"distributorInfo":{"distributor":"","model":"","url":""},"maxRPM":165.0,"ticksPerRev":1440.0,"builtIn":true,"classSource":"APK","compatibleControlSystems":["REV_HUB"],"description":"","flavor":"MOTOR","isDeprecated":false,"isExternalLibraries":false,"isOnBotJava":false,"name":"Unspecified Motor","xmlTag":"Motor","xmlTagAliases":[]},{"distributorInfo":{"distributor":"AndyMark","model":"am-3103","url":"http://www.andymark.com/NeveRest-60-Gearmotor-p/am-3103.htm"},"maxRPM":105.0,"ticksPerRev":1680.0,"builtIn":true,"classSource":"APK","compatibleControlSystems":["REV_HUB"],"description":"","flavor":"MOTOR","isDeprecated":false,"isExternalLibraries":false,"isOnBotJava":false,"name":"NeveRest 60 Gearmotor","xmlTag":"NeveRest60Gearmotor","xmlTagAliases":[]},{"distributorInfo":{"distributor":"AndyMark","model":"am-2964a","url":"http://www.andymark.com/NeveRest-40-Gearmotor-p/am-2964a.htm"},"maxRPM":160.0,"ticksPerRev":1120.0,"builtIn":true,"classSource":"APK","compatibleControlSystems":["REV_HUB"],"description":"","flavor":"MOTOR","isDeprecated":false,"isExternalLibraries":false,"isOnBotJava":false,"name":"NeveRest 40 Gearmotor","xmlTag":"NeveRest40Gearmotor","xmlTagAliases":[]},{"distributorInfo":{"distributor":"goBILDA_distributor","model":"goBILDA-5202","url":"https://www.gobilda.com/5202-series-yellow-jacket-planetary-gear-motors/"},"maxRPM":60.0,"ticksPerRev":2786.0,"builtIn":true,"classSource":"APK","compatibleControlSystems":["REV_HUB"],"description":"","flavor":"MOTOR","isDeprecated":false,"isExternalLibraries":false,"isOnBotJava":false,"name":"GoBILDA 5202/3/4 series","xmlTag":"goBILDA5202SeriesMotor","xmlTagAliases":[]},{"xmlTag":"Accelerometer","name":"[Unknown]","flavor":"BUILT_IN"},{"servoFlavor":"CONTINUOUS","builtIn":true,"classSource":"APK","compatibleControlSystems":["REV_HUB"],"description":"","flavor":"SERVO","isDeprecated":false,"isExternalLibraries":false,"isOnBotJava":false,"name":"Continuous Rotation Servo","xmlTag":"ContinuousRotationServo","xmlTagAliases":[]},{"distributorInfo":{"distributor":"AndyMark","model":"am-3461","url":""},"maxRPM":1784.0,"ticksPerRev":44.4,"builtIn":true,"classSource":"APK","compatibleControlSystems":["REV_HUB"],"description":"","flavor":"MOTOR","isDeprecated":false,"isExternalLibraries":false,"isOnBotJava":false,"name":"NeveRest 3.7 v1 Gearmotor","xmlTag":"NeveRest3.7v1Gearmotor","xmlTagAliases":[]},{"xmlTag":"Nothing","name":"Nothing","flavor":"BUILT_IN"},{"xmlTag":"LynxModule","name":"Expansion Hub","flavor":"BUILT_IN"},{"xmlTag":"UltrasonicSensor","name":"[Unknown]","flavor":"BUILT_IN"},{"distributorInfo":{"distributor":"goBILDA_distributor","model":"goBILDA-5201","url":"https://www.gobilda.com/5201-series-spur-gear-motors/"},"maxRPM":104.0,"ticksPerRev":1500.0,"builtIn":true,"classSource":"APK","compatibleControlSystems":["REV_HUB"],"description":"","flavor":"MOTOR","isDeprecated":false,"isExternalLibraries":false,"isOnBotJava":false,"name":"GoBILDA 5201 series","xmlTag":"goBILDA5201SeriesMotor","xmlTagAliases":[]},{"xmlTag":"\u003cunknown\u003e","name":"[Unknown]","flavor":"BUILT_IN"},{"xmlTag":"Robot","name":"[Unknown]","flavor":"BUILT_IN"},{"xmlTag":"LynxUsbDevice","name":"Expansion Hub Portal","flavor":"BUILT_IN"},{"servoFlavor":"CUSTOM","builtIn":true,"classSource":"APK","compatibleControlSystems":["REV_HUB"],"description":"a REV Blinkin LED Driver","flavor":"SERVO","isDeprecated":
11-28 21:34:38.870 12312 12685 V DriverStation: {3596989 35.859} Received the following op modes: [AprilTagAutonomousInitDetectionExample, PowerPlayAuto1, AutoDrive]
11-28 21:34:38.892 12312 12685 E RobotCore: {3596989 35.881} java.lang.ClassCastException: com.qualcomm.robotcore.hardware.configuration.typecontainers.MotorConfigurationType cannot be cast to com.qualcomm.robotcore.hardware.configuration.typecontainers.InstantiableUserConfigurationType
11-28 21:34:38.893 12312 12685 E RobotCore: {3596989 35.881} 	at com.qualcomm.robotcore.hardware.configuration.ConfigurationTypeManager.add(ConfigurationTypeManager.java:386)
11-28 21:34:38.893 12312 12685 E RobotCore: {3596989 35.882} 	at com.qualcomm.robotcore.hardware.configuration.ConfigurationTypeManager.deserializeUserDeviceTypes(ConfigurationTypeManager.java:310)
11-28 21:34:38.893 12312 12685 E RobotCore: {3596989 35.882} 	at com.qualcomm.ftcdriverstation.FtcDriverStationActivity.handleCommandNotifyUserDeviceList(FtcDriverStationActivity.java:2957)
11-28 21:34:38.893 12312 12685 E RobotCore: {3596989 35.882} 	at com.qualcomm.ftcdriverstation.FtcDriverStationActivity.commandEvent(FtcDriverStationActivity.java:2029)
11-28 21:34:38.894 12312 12685 E RobotCore: {3596989 35.883} 	at org.firstinspires.ftc.robotcore.internal.network.NetworkConnectionHandler$RecvLoopCallbackChainer.commandEvent(NetworkConnectionHandler.java:777)
11-28 21:34:38.894 12312 12685 E RobotCore: {3596989 35.883} 	at org.firstinspires.ftc.robotcore.internal.network.RecvLoopRunnable$CommandProcessor.run(RecvLoopRunnable.java:173)
11-28 21:34:38.894 12312 12685 E RobotCore: {3596989 35.883} 	at java.util.concurrent.ThreadPoolExecutor.runWorker(ThreadPoolExecutor.java:1162)
11-28 21:34:38.894 12312 12685 E RobotCore: {3596989 35.883} 	at java.util.concurrent.ThreadPoolExecutor$Worker.run(ThreadPoolExecutor.java:636)
11-28 21:34:38.895 12312 12685 E RobotCore: {3596989 35.884} 	at com.qualcomm.robotcore.util.ThreadPool$ThreadFactoryImpl$1.run(ThreadPool.java:793)
11-28 21:34:38.895 12312 12685 E RobotCore: {3596989 35.884} 	at java.lang.Thread.run(Thread.java:764)
11-28 21:34:38.895 12312 12685 V Robocol : {3596989 35.884} unable to process command CMD_NOTIFY_USER_DEVICE_LIST callbacks=FtcDriverStationActivity
11-28 21:34:39.125 12312 12684 E DriverStation: {3596996 36.120} System telemetry warning: Error communicating with I2C device(s) 'imu'. Check your wiring and configuration.
11-28 21:34:39.125 12312 12684 E DriverStation: 
11-28 21:34:39.125 12312 12684 E DriverStation: Both the Robot Controller and Driver Station support 5 GHz. You should consider selecting a specific 5 GHz Wi-Fi channel (auto generally selects a 2.4 GHz channel).
11-28 21:34:39.449 12312 12684 V Robocol : {3597008 36.457} received command: CMD_NOTIFY_ROBOT_STATE(1670) 2
11-28 21:34:39.458 12312 12684 E DriverStation: {3597008 36.466} System telemetry warning: Both the Robot Controller and Driver Station support 5 GHz. You should consider selecting a specific 5 GHz Wi-Fi channel (auto generally selects a 2.4 GHz channel).
11-28 21:34:39.553 12312 12684 V Robocol : {3596987 36.540} received command: CMD_SHOW_TOAST(1671) {"duration":0,"message":"Restart Robot Complete"}
11-28 21:34:39.554 12312 12684 V Robocol : {3596987 36.541} received command: CMD_PLAY_SOUND(1672) {"hashString":"88c8e9c266de1a20bd3ca4d07d82b4e4","loopControl":0,"msPresentationTime":1669700076431,"rate":1.0,"volume":1.0,"waitForNonLoopingSoundsToFinish":true}
11-28 21:34:39.560 12312 12685 D SoundPlayer: {3596987 36.547} playing volume=0.000000 samp=8|ms=4506
11-28 21:34:39.969 12312 12684 V Robocol : {3596987 36.955} received command: CMD_NOTIFY_INIT_OP_MODE(1688) $Stop$Robot$
11-28 21:34:39.969 12312 12685 V DriverStation: {3596987 36.956} Robot Controller initializing op mode: $Stop$Robot$
11-28 21:34:39.971 12312 12685 V DriverStation: {3596987 36.958} ui:uiWaitingForInitEvent
11-28 21:34:39.979 12312 12689 V Robocol : {3596987 36.966} sending CMD_RUN_OP_MODE(11624), attempt: 0
11-28 21:34:40.066 12312 12684 V Robocol : {3596987 37.052} received command: CMD_NOTIFY_RUN_OP_MODE(1693) $Stop$Robot$
11-28 21:34:40.066 12312 12685 V DriverStation: {3596987 37.053} Robot Controller starting op mode: $Stop$Robot$
11-28 21:34:40.068 12312 12685 V DriverStation: {3596987 37.054} ui:uiWaitingForInitEvent
11-28 21:34:42.145 12312 12312 D WifiDirect: {3596987 39.132} broadcast: peers changed
11-28 21:34:42.145 12312 12598 V NetDiscover_wifiDirectAgent_bcast: {3596987 39.132} peers found: count=3
11-28 21:34:42.146 12312 12598 V NetDiscover_wifiDirectAgent_bcast: {3596987 39.133}     peer: 82:58:f8:1b:2a:e8 2845-C-RC
11-28 21:34:42.146 12312 12598 V NetDiscover_wifiDirectAgent_bcast: {3596987 39.133}     peer: d6:c9:4b:d1:84:fe 2845-A-RC
11-28 21:34:42.147 12312 12598 V NetDiscover_wifiDirectAgent_bcast: {3596987 39.133}     peer: 7e:d5:66:cd:52:b6 Heather's Fire TV Stick
11-28 21:34:42.147 12312 12598 V NetDiscover_wifiDirectAgent_bcast: {3596987 39.134} peers found: count=2
11-28 21:34:42.148 12312 12598 V NetDiscover_wifiDirectAgent_bcast: {3596987 39.134}     peer: 82:58:f8:1b:2a:e8 2845-C-RC
11-28 21:34:42.148 12312 12598 V NetDiscover_wifiDirectAgent_bcast: {3596987 39.135}     peer: 7e:d5:66:cd:52:b6 Heather's Fire TV Stick
11-28 21:34:42.148 12312 12598 V NetDiscover_wifiDirectAgent_bcast: {3596987 39.135} peers found: count=1
11-28 21:34:42.149 12312 12598 V NetDiscover_wifiDirectAgent_bcast: {3596987 39.136}     peer: 82:58:f8:1b:2a:e8 2845-C-RC
11-28 21:34:42.149 12312 12312 D WifiDirect: {3596987 39.135} broadcast: peers changed
11-28 21:34:42.151 12312 12312 D WifiDirect: {3596987 39.137} broadcast: peers changed
11-28 21:34:42.153 12312 12312 V WifiDirect: {3596987 39.140} peers found: 1
11-28 21:34:42.154 12312 12312 V WifiDirect: {3596987 39.140}     peer: 82:58:f8:1b:2a:e8 2845-C-RC
11-28 21:34:42.154 12312 12312 I DriverStation: {3596987 39.141} Received networkConnectionEvent: PEERS_AVAILABLE
11-28 21:34:42.155 12312 12312 V WifiDirect: {3596987 39.141} peers found: 1
11-28 21:34:42.155 12312 12312 V WifiDirect: {3596987 39.142}     peer: 82:58:f8:1b:2a:e8 2845-C-RC
11-28 21:34:42.155 12312 12312 I DriverStation: {3596987 39.142} Received networkConnectionEvent: PEERS_AVAILABLE
11-28 21:34:42.156 12312 12312 V WifiDirect: {3596987 39.142} peers found: 1
11-28 21:34:42.156 12312 12312 V WifiDirect: {3596987 39.143}     peer: 82:58:f8:1b:2a:e8 2845-C-RC
11-28 21:34:42.156 12312 12312 I DriverStation: {3596987 39.143} Received networkConnectionEvent: PEERS_AVAILABLE
11-28 21:34:44.464 12312 12684 E DriverStation: {3596986 41.450} System telemetry warning: Both the Robot Controller and Driver Station support 5 GHz. You should consider selecting a specific 5 GHz Wi-Fi channel (auto generally selects a 2.4 GHz channel).
11-28 21:34:49.465 12312 12684 E DriverStation: {3596984 46.448} System telemetry warning: Both the Robot Controller and Driver Station support 5 GHz. You should consider selecting a specific 5 GHz Wi-Fi channel (auto generally selects a 2.4 GHz channel).
11-28 21:34:50.019 12312 12312 V DriverStation: {3596987 47.005} ui:uiWaitingForAck
11-28 21:34:50.058 12312 12689 V Robocol : {3596987 47.045} sending CMD_SET_MATCH_NUMBER(11765), attempt: 0
11-28 21:34:50.059 12312 12689 V Robocol : {3596987 47.046} sending CMD_INIT_OP_MODE(11766), attempt: 0
11-28 21:34:50.250 12312 12684 V Robocol : {3596987 47.236} received command: CMD_NOTIFY_INIT_OP_MODE(1847) AprilTagAutonomousInitDetectionExample
11-28 21:34:50.250 12312 12684 V Robocol : {3596987 47.237} received command: CMD_STREAM_CHANGE(1848) true
11-28 21:34:50.251 12312 12685 V DriverStation: {3596987 47.238} Robot Controller initializing op mode: AprilTagAutonomousInitDetectionExample
11-28 21:34:50.252 12312 12685 V DriverStation: {3596987 47.239} timer: init w/o timer enabled
11-28 21:34:50.253 12312 12685 V DriverStation: {3596987 47.239} ui:uiWaitingForStartEvent
11-28 21:34:54.464 12312 12684 E DriverStation: {3596986 51.450} System telemetry warning: Both the Robot Controller and Driver Station support 5 GHz. You should consider selecting a specific 5 GHz Wi-Fi channel (auto generally selects a 2.4 GHz channel).
11-28 21:34:59.465 12312 12684 E DriverStation: {3596987 56.451} System telemetry warning: Both the Robot Controller and Driver Station support 5 GHz. You should consider selecting a specific 5 GHz Wi-Fi channel (auto generally selects a 2.4 GHz channel).
11-28 21:35:03.594 12312 12312 V DriverStation: {3596987  0.580} ui:uiWaitingForAck
11-28 21:35:03.619 12312 12689 V Robocol : {3596987  0.606} sending CMD_INIT_OP_MODE(12376), attempt: 0
11-28 21:35:03.647 12312 12684 V Robocol : {3596987  0.634} received command: CMD_STREAM_CHANGE(2233) false
11-28 21:35:03.928 12312 12684 V Robocol : {3596985  0.913} received command: CMD_NOTIFY_INIT_OP_MODE(2241) $Stop$Robot$
11-28 21:35:03.929 12312 12685 V DriverStation: {3596985  0.914} Robot Controller initializing op mode: $Stop$Robot$
11-28 21:35:03.931 12312 12685 V DriverStation: {3596985  0.916} ui:uiWaitingForInitEvent
11-28 21:35:03.940 12312 12689 V Robocol : {3596985  0.924} sending CMD_RUN_OP_MODE(12392), attempt: 0
11-28 21:35:03.968 12312 12684 V Robocol : {3596986  0.954} received command: CMD_NOTIFY_RUN_OP_MODE(2247) $Stop$Robot$
11-28 21:35:03.970 12312 12685 V DriverStation: {3596986  0.956} Robot Controller starting op mode: $Stop$Robot$
11-28 21:35:03.973 12312 12685 V DriverStation: {3596986  0.957} ui:uiWaitingForInitEvent
11-28 21:35:04.469 12312 12684 E DriverStation: {3596986  1.455} System telemetry warning: Both the Robot Controller and Driver Station support 5 GHz. You should consider selecting a specific 5 GHz Wi-Fi channel (auto generally selects a 2.4 GHz channel).
11-28 21:35:06.459 12312 12689 V Robocol : {3596987  3.446} sending CMD_INIT_OP_MODE(12431), attempt: 0
11-28 21:35:06.489 12312 12684 V Robocol : {3596986  3.475} received command: CMD_NOTIFY_INIT_OP_MODE(2294) $Stop$Robot$
11-28 21:35:06.490 12312 12685 V DriverStation: {3596986  3.476} Robot Controller initializing op mode: $Stop$Robot$
11-28 21:35:06.528 12312 12685 V DriverStation: {3596986  3.514} ui:uiWaitingForInitEvent
11-28 21:35:06.538 12312 12689 V Robocol : {3596986  3.524} sending CMD_RUN_OP_MODE(12439), attempt: 0
11-28 21:35:06.568 12312 12684 V Robocol : {3596986  3.554} received command: CMD_NOTIFY_RUN_OP_MODE(2299) $Stop$Robot$
11-28 21:35:06.568 12312 12685 V DriverStation: {3596986  3.554} Robot Controller starting op mode: $Stop$Robot$
11-28 21:35:06.569 12312 12685 V DriverStation: {3596986  3.555} ui:uiWaitingForInitEvent
11-28 21:35:08.130 12312 12312 V DriverStation: {3596986  5.116} ui:uiWaitingForInitEvent
11-28 21:35:08.150 12312 12312 W InputEventReceiver: Attempted to finish an input event but the input event receiver has already been disposed.
11-28 21:35:09.470 12312 12684 E DriverStation: {3596986  6.456} System telemetry warning: Both the Robot Controller and Driver Station support 5 GHz. You should consider selecting a specific 5 GHz Wi-Fi channel (auto generally selects a 2.4 GHz channel).
11-28 21:35:12.055 12312 12312 V DriverStation: {3596986  9.041} ui:uiWaitingForAck
11-28 21:35:12.060 12312 12689 V Robocol : {3596986  9.046} sending CMD_SET_MATCH_NUMBER(12518), attempt: 0
11-28 21:35:12.061 12312 12689 V Robocol : {3596986  9.047} sending CMD_INIT_OP_MODE(12519), attempt: 0
11-28 21:35:12.249 12312 12684 V Robocol : {3596987  9.236} received command: CMD_NOTIFY_INIT_OP_MODE(2390) PowerPlayAuto1
11-28 21:35:12.250 12312 12685 V DriverStation: {3596987  9.237} Robot Controller initializing op mode: PowerPlayAuto1
11-28 21:35:12.252 12312 12685 V DriverStation: {3596987  9.239} timer: init w/ timer enabled
11-28 21:35:12.252 12312 12685 V DriverStation: {3596987  9.239} ui:uiWaitingForStartEvent
11-28 21:35:13.089 12312 12684 V Robocol : {3596985 10.074} received command: CMD_STREAM_CHANGE(2400) true
11-28 21:35:14.473 12312 12684 E DriverStation: {3596987 11.460} System telemetry warning: Both the Robot Controller and Driver Station support 5 GHz. You should consider selecting a specific 5 GHz Wi-Fi channel (auto generally selects a 2.4 GHz channel).
11-28 21:35:15.706 12312 12684 E DriverStation: {3596987 12.693} System telemetry warning: Unable to find webcam "Webcam 1" with serial number 688D709F.
11-28 21:35:15.706 12312 12684 E DriverStation: 
11-28 21:35:15.706 12312 12684 E DriverStation: Both the Robot Controller and Driver Station support 5 GHz. You should consider selecting a specific 5 GHz Wi-Fi channel (auto generally selects a 2.4 GHz channel).
11-28 21:35:15.729 12312 12684 V Robocol : {3596987 12.715} received command: CMD_PLAY_SOUND(2477) {"hashString":"fba6a9abe5b1f6238a531ceb1e3751ae","loopControl":0,"msPresentationTime":1669700112692,"rate":1.0,"volume":1.0,"waitForNonLoopingSoundsToFinish":true}
11-28 21:35:15.735 12312 12685 D SoundPlayer: {3596987 12.722} playing volume=0.000000 samp=10|ms=2509
11-28 21:35:17.157 12312 12684 E DriverStation: {3596987 14.144} System telemetry warning: Both the Robot Controller and Driver Station support 5 GHz. You should consider selecting a specific 5 GHz Wi-Fi channel (auto generally selects a 2.4 GHz channel).
11-28 21:35:21.890 12312 12312 V DriverStation: {3596987 18.877} ui:uiWaitingForAck
11-28 21:35:21.899 12312 12689 V Robocol : {3596987 18.885} sending CMD_INIT_OP_MODE(12952), attempt: 0
11-28 21:35:21.967 12312 12684 V Robocol : {3596988 18.955} received command: CMD_STREAM_CHANGE(2661) false
11-28 21:35:21.967 12312 12684 V Robocol : {3596988 18.955} received command: CMD_NOTIFY_INIT_OP_MODE(2666) $Stop$Robot$
11-28 21:35:21.968 12312 12685 V DriverStation: {3596988 18.956} Robot Controller initializing op mode: $Stop$Robot$
11-28 21:35:21.969 12312 12685 V DriverStation: {3596988 18.957} ui:uiWaitingForInitEvent
11-28 21:35:21.979 12312 12689 V Robocol : {3596988 18.967} sending CMD_RUN_OP_MODE(12961), attempt: 0
11-28 21:35:22.007 12312 12684 V Robocol : {3596988 18.995} received command: CMD_NOTIFY_RUN_OP_MODE(2673) $Stop$Robot$
11-28 21:35:22.008 12312 12685 V DriverStation: {3596988 18.995} Robot Controller starting op mode: $Stop$Robot$
11-28 21:35:22.008 12312 12685 V DriverStation: {3596988 18.996} ui:uiWaitingForInitEvent
11-28 21:35:22.161 12312 12684 E DriverStation: {3596987 19.148} System telemetry warning: Both the Robot Controller and Driver Station support 5 GHz. You should consider selecting a specific 5 GHz Wi-Fi channel (auto generally selects a 2.4 GHz channel).
11-28 21:35:24.454 12312 12312 V DriverStation: {3596986 21.440} ui:uiWaitingForAck
11-28 21:35:24.458 12312 12689 V Robocol : {3596986 21.444} sending CMD_SET_MATCH_NUMBER(12999), attempt: 0
11-28 21:35:24.459 12312 12689 V Robocol : {3596986 21.445} sending CMD_INIT_OP_MODE(13000), attempt: 0
11-28 21:35:24.651 12312 12684 V Robocol : {3596987 21.638} received command: CMD_NOTIFY_INIT_OP_MODE(2725) PowerPlayAuto1
11-28 21:35:24.652 12312 12685 V DriverStation: {3596987 21.639} Robot Controller initializing op mode: PowerPlayAuto1
11-28 21:35:24.653 12312 12685 V DriverStation: {3596987 21.640} timer: init w/ timer enabled
11-28 21:35:24.654 12312 12685 V DriverStation: {3596987 21.641} ui:uiWaitingForStartEvent
11-28 21:35:25.528 12312 12684 V Robocol : {3596987 22.515} received command: CMD_STREAM_CHANGE(2735) true
11-28 21:35:27.164 12312 12684 E DriverStation: {3596986 24.150} System telemetry warning: Both the Robot Controller and Driver Station support 5 GHz. You should consider selecting a specific 5 GHz Wi-Fi channel (auto generally selects a 2.4 GHz channel).
11-28 21:35:32.164 12312 12684 E DriverStation: {3596987 29.150} System telemetry warning: Both the Robot Controller and Driver Station support 5 GHz. You should consider selecting a specific 5 GHz Wi-Fi channel (auto generally selects a 2.4 GHz channel).
11-28 21:35:37.165 12312 12684 E DriverStation: {3596987 34.152} System telemetry warning: Both the Robot Controller and Driver Station support 5 GHz. You should consider selecting a specific 5 GHz Wi-Fi channel (auto generally selects a 2.4 GHz channel).
11-28 21:35:42.166 12312 12684 E DriverStation: {3596987 39.152} System telemetry warning: Both the Robot Controller and Driver Station support 5 GHz. You should consider selecting a specific 5 GHz Wi-Fi channel (auto generally selects a 2.4 GHz channel).
11-28 21:35:47.170 12312 12684 E DriverStation: {3596987 44.156} System telemetry warning: Both the Robot Controller and Driver Station support 5 GHz. You should consider selecting a specific 5 GHz Wi-Fi channel (auto generally selects a 2.4 GHz channel).
11-28 21:35:52.198 12312 12684 E DriverStation: {3596987 49.185} System telemetry warning: Both the Robot Controller and Driver Station support 5 GHz. You should consider selecting a specific 5 GHz Wi-Fi channel (auto generally selects a 2.4 GHz channel).
11-28 21:35:55.469 12312 12312 V DriverStation: {3596986 52.455} ui:uiWaitingForAck
11-28 21:35:55.499 12312 12689 V Robocol : {3596986 52.485} sending CMD_INIT_OP_MODE(14363), attempt: 0
11-28 21:35:55.647 12312 12684 V Robocol : {3597027 52.674} received command: CMD_STREAM_CHANGE(3587) false
11-28 21:35:55.969 12312 12684 V Robocol : {3596986 52.955} received command: CMD_NOTIFY_INIT_OP_MODE(3596) $Stop$Robot$
11-28 21:35:55.970 12312 12685 V DriverStation: {3596986 52.956} Robot Controller initializing op mode: $Stop$Robot$
11-28 21:35:55.972 12312 12685 V DriverStation: {3596986 52.958} ui:uiWaitingForInitEvent
11-28 21:35:55.979 12312 12689 V Robocol : {3596986 52.965} sending CMD_RUN_OP_MODE(14385), attempt: 0
11-28 21:35:56.168 12312 12684 V Robocol : {3596988 53.156} received command: CMD_NOTIFY_RUN_OP_MODE(3603) $Stop$Robot$
11-28 21:35:56.169 12312 12685 V DriverStation: {3596988 53.157} Robot Controller starting op mode: $Stop$Robot$
11-28 21:35:56.171 12312 12685 V DriverStation: {3596988 53.159} ui:uiWaitingForInitEvent
11-28 21:35:57.181 12312 12684 E DriverStation: {3597025 54.206} System telemetry warning: Both the Robot Controller and Driver Station support 5 GHz. You should consider selecting a specific 5 GHz Wi-Fi channel (auto generally selects a 2.4 GHz channel).
11-28 21:35:59.668 12312 12312 V DriverStation: {3596994 56.662} ui:uiWaitingForAck
11-28 21:35:59.698 12312 12689 V Robocol : {3596994 56.692} sending CMD_SET_MATCH_NUMBER(14441), attempt: 0
11-28 21:35:59.699 12312 12689 V Robocol : {3596994 56.693} sending CMD_INIT_OP_MODE(14442), attempt: 0
11-28 21:35:59.890 12312 12684 V Robocol : {3596986 56.876} received command: CMD_NOTIFY_INIT_OP_MODE(3670) PowerPlayAuto1
11-28 21:35:59.891 12312 12685 V DriverStation: {3596986 56.877} Robot Controller initializing op mode: PowerPlayAuto1
11-28 21:35:59.895 12312 12685 V DriverStation: {3596986 56.880} timer: init w/ timer enabled
11-28 21:35:59.895 12312 12685 V DriverStation: {3596986 56.881} ui:uiWaitingForStartEvent
11-28 21:36:00.731 12312 12684 V Robocol : {3596986 57.717} received command: CMD_STREAM_CHANGE(3680) true
11-28 21:36:02.178 12312 12684 E DriverStation: {3596987 59.164} System telemetry warning: Both the Robot Controller and Driver Station support 5 GHz. You should consider selecting a specific 5 GHz Wi-Fi channel (auto generally selects a 2.4 GHz channel).
11-28 21:36:05.212 12312 12312 V DriverStation: {3596987  2.199} ui:uiWaitingForAck
11-28 21:36:05.219 12312 12689 V Robocol : {3596987  2.206} sending CMD_INIT_OP_MODE(14675), attempt: 0
11-28 21:36:05.247 12312 12684 V Robocol : {3596987  2.234} received command: CMD_STREAM_CHANGE(3811) false
11-28 21:36:05.531 12312 12684 V Robocol : {3596986  2.517} received command: CMD_NOTIFY_INIT_OP_MODE(3821) $Stop$Robot$
11-28 21:36:05.532 12312 12685 V DriverStation: {3596986  2.518} Robot Controller initializing op mode: $Stop$Robot$
11-28 21:36:05.535 12312 12685 V DriverStation: {3596986  2.520} ui:uiWaitingForInitEvent
11-28 21:36:05.539 12312 12689 V Robocol : {3596986  2.525} sending CMD_RUN_OP_MODE(14691), attempt: 0
11-28 21:36:05.568 12312 12684 V Robocol : {3596986  2.554} received command: CMD_NOTIFY_RUN_OP_MODE(3826) $Stop$Robot$
11-28 21:36:05.569 12312 12685 V DriverStation: {3596986  2.554} Robot Controller starting op mode: $Stop$Robot$
11-28 21:36:05.570 12312 12685 V DriverStation: {3596986  2.556} ui:uiWaitingForInitEvent
11-28 21:36:07.184 12312 12684 E DriverStation: {3596987  4.170} System telemetry warning: Both the Robot Controller and Driver Station support 5 GHz. You should consider selecting a specific 5 GHz Wi-Fi channel (auto generally selects a 2.4 GHz channel).
11-28 21:36:10.979 12312 12312 V DriverStation: {3596986  7.965} ui:uiWaitingForAck
11-28 21:36:11.019 12312 12689 V Robocol : {3596986  8.005} sending CMD_SET_MATCH_NUMBER(14768), attempt: 0
11-28 21:36:11.020 12312 12689 V Robocol : {3596986  8.006} sending CMD_INIT_OP_MODE(14769), attempt: 0
11-28 21:36:11.213 12312 12684 V Robocol : {3596987  8.200} received command: CMD_NOTIFY_INIT_OP_MODE(3916) PowerPlayAuto1
11-28 21:36:11.214 12312 12685 V DriverStation: {3596987  8.201} Robot Controller initializing op mode: PowerPlayAuto1
11-28 21:36:11.215 12312 12685 V DriverStation: {3596987  8.202} timer: init w/ timer enabled
11-28 21:36:11.215 12312 12685 V DriverStation: {3596987  8.202} ui:uiWaitingForStartEvent
11-28 21:36:12.091 12312 12684 V Robocol : {3596987  9.078} received command: CMD_STREAM_CHANGE(3926) true
11-28 21:36:12.186 12312 12684 E DriverStation: {3596987  9.173} System telemetry warning: Both the Robot Controller and Driver Station support 5 GHz. You should consider selecting a specific 5 GHz Wi-Fi channel (auto generally selects a 2.4 GHz channel).
11-28 21:36:14.719 12312 12684 E DriverStation: {3596987 11.705} System telemetry warning: Unable to find webcam "Webcam 1" with serial number 688D709F.
11-28 21:36:14.719 12312 12684 E DriverStation: 
11-28 21:36:14.719 12312 12684 E DriverStation: Both the Robot Controller and Driver Station support 5 GHz. You should consider selecting a specific 5 GHz Wi-Fi channel (auto generally selects a 2.4 GHz channel).
11-28 21:36:14.769 12312 12684 V Robocol : {3596987 11.755} received command: CMD_PLAY_SOUND(4002) {"hashString":"fba6a9abe5b1f6238a531ceb1e3751ae","loopControl":0,"msPresentationTime":1669700171705,"rate":1.0,"volume":1.0,"waitForNonLoopingSoundsToFinish":true}
11-28 21:36:14.777 12312 12685 D SoundPlayer: {3596987 11.764} playing volume=0.000000 samp=10|ms=2509
11-28 21:36:16.164 12312 12684 E DriverStation: {3596987 13.150} System telemetry warning: Both the Robot Controller and Driver Station support 5 GHz. You should consider selecting a specific 5 GHz Wi-Fi channel (auto generally selects a 2.4 GHz channel).
11-28 21:36:18.116 12312 12312 V DriverStation: {3596986 15.102} ui:uiWaitingForAck
11-28 21:36:18.139 12312 12689 V Robocol : {3596986 15.125} sending CMD_INIT_OP_MODE(15078), attempt: 0
11-28 21:36:18.167 12312 12684 V Robocol : {3596986 15.153} received command: CMD_STREAM_CHANGE(4108) false
11-28 21:36:18.168 12312 12684 V Robocol : {3596986 15.154} received command: CMD_NOTIFY_INIT_OP_MODE(4113) $Stop$Robot$
11-28 21:36:18.168 12312 12685 V DriverStation: {3596986 15.154} Robot Controller initializing op mode: $Stop$Robot$
11-28 21:36:18.184 12312 12685 V DriverStation: {3596986 15.170} ui:uiWaitingForInitEvent
11-28 21:36:18.219 12312 12689 V Robocol : {3596986 15.205} sending CMD_RUN_OP_MODE(15087), attempt: 0
11-28 21:36:18.247 12312 12684 V Robocol : {3596986 15.233} received command: CMD_NOTIFY_RUN_OP_MODE(4120) $Stop$Robot$
11-28 21:36:18.248 12312 12685 V DriverStation: {3596986 15.233} Robot Controller starting op mode: $Stop$Robot$
11-28 21:36:18.250 12312 12685 V DriverStation: {3596986 15.234} ui:uiWaitingForInitEvent
11-28 21:36:20.521 12312 12312 V DriverStation: {3596986 17.506} ui:uiWaitingForAck
11-28 21:36:20.538 12312 12689 V Robocol : {3596986 17.524} sending CMD_SET_MATCH_NUMBER(15124), attempt: 0
11-28 21:36:20.539 12312 12689 V Robocol : {3596986 17.525} sending CMD_INIT_OP_MODE(15125), attempt: 0
11-28 21:36:20.732 12312 12684 V Robocol : {3596987 17.718} received command: CMD_NOTIFY_INIT_OP_MODE(4168) PowerPlayAuto1
11-28 21:36:20.732 12312 12685 V DriverStation: {3596987 17.719} Robot Controller initializing op mode: PowerPlayAuto1
11-28 21:36:20.734 12312 12685 V DriverStation: {3596987 17.721} timer: init w/ timer enabled
11-28 21:36:20.734 12312 12685 V DriverStation: {3596987 17.721} ui:uiWaitingForStartEvent
11-28 21:36:21.171 12312 12684 E DriverStation: {3596986 18.157} System telemetry warning: Both the Robot Controller and Driver Station support 5 GHz. You should consider selecting a specific 5 GHz Wi-Fi channel (auto generally selects a 2.4 GHz channel).
11-28 21:36:21.609 12312 12684 V Robocol : {3596987 18.596} received command: CMD_STREAM_CHANGE(4180) true
11-28 21:36:25.515 12312 12312 V DriverStation: {3596986 22.501} ui:uiWaitingForAck
11-28 21:36:25.539 12312 12689 V Robocol : {3596986 22.525} sending CMD_INIT_OP_MODE(15334), attempt: 0
11-28 21:36:25.567 12312 12684 V Robocol : {3596987 22.554} received command: CMD_STREAM_CHANGE(4297) false
11-28 21:36:25.850 12312 12684 V Robocol : {3596986 22.836} received command: CMD_NOTIFY_INIT_OP_MODE(4305) $Stop$Robot$
11-28 21:36:25.850 12312 12685 V DriverStation: {3596986 22.836} Robot Controller initializing op mode: $Stop$Robot$
11-28 21:36:25.853 12312 12685 V DriverStation: {3596986 22.839} ui:uiWaitingForInitEvent
11-28 21:36:25.860 12312 12689 V Robocol : {3596986 22.846} sending CMD_RUN_OP_MODE(15350), attempt: 0
11-28 21:36:25.888 12312 12684 V Robocol : {3596986 22.874} received command: CMD_NOTIFY_RUN_OP_MODE(4310) $Stop$Robot$
11-28 21:36:25.889 12312 12685 V DriverStation: {3596986 22.875} Robot Controller starting op mode: $Stop$Robot$
11-28 21:36:25.891 12312 12685 V DriverStation: {3596986 22.877} ui:uiWaitingForInitEvent
11-28 21:36:26.172 12312 12684 E DriverStation: {3596987 23.159} System telemetry warning: Both the Robot Controller and Driver Station support 5 GHz. You should consider selecting a specific 5 GHz Wi-Fi channel (auto generally selects a 2.4 GHz channel).
11-28 21:36:27.626 12312 12312 V DriverStation: {3596987 24.613} ui:uiWaitingForAck
11-28 21:36:27.659 12312 12689 V Robocol : {3596987 24.645} sending CMD_SET_MATCH_NUMBER(15380), attempt: 0
11-28 21:36:27.659 12312 12689 V Robocol : {3596987 24.646} sending CMD_INIT_OP_MODE(15381), attempt: 0
11-28 21:36:27.851 12312 12684 V Robocol : {3596987 24.838} received command: CMD_NOTIFY_INIT_OP_MODE(4353) PowerPlayAuto1
11-28 21:36:27.852 12312 12685 V DriverStation: {3596987 24.839} Robot Controller initializing op mode: PowerPlayAuto1
11-28 21:36:27.854 12312 12685 V DriverStation: {3596987 24.840} timer: init w/ timer enabled
11-28 21:36:27.854 12312 12685 V DriverStation: {3596987 24.841} ui:uiWaitingForStartEvent
11-28 21:36:28.729 12312 12684 V Robocol : {3596986 25.714} received command: CMD_STREAM_CHANGE(4363) true
11-28 21:36:32.221 12312 12689 V DriverStation: {3597029 29.249} robot controller disconnected
11-28 21:36:32.221 12312 12689 V DriverStation: {3597029 29.250} Assuming client disconnected
11-28 21:36:32.222 12312 12689 V DriverStation: {3597029 29.251} writing pref name=pref_rc_connected value=false
11-28 21:36:32.223 12312 12689 V DriverStation: {3597029 29.252} ui:uiRobotControllerIsDisconnected
11-28 21:36:32.223 12312 12312 V DriverStation: {3597029 29.252} onSharedPreferenceChanged() pref=pref_rc_connected
11-28 21:36:32.223 12312 12312 I DriverStation: {3597029 29.252} Hide match logging UI
11-28 21:36:32.224 12312 12689 V NetworkConnectionHandler: {3597029 29.253} Peer connection lost
11-28 21:36:32.224 12312 12312 V NetDiscover_prefremds: {3597029 29.253} onSharedPreferenceChanged(name=pref_rc_connected, value=false)
11-28 21:36:41.371 12312 12684 V PeerDiscovery: {3597029 38.399} new remote peer discovered: 192.168.49.1
11-28 21:36:41.371 12312 12684 V DriverStation: {3597029 38.400} robot controller connected
11-28 21:36:41.372 12312 12684 V DriverStation: {3597029 38.400} Assuming client connected
11-28 21:36:41.372 12312 12684 V DriverStation: {3597029 38.401} writing pref name=pref_rc_connected value=true
11-28 21:36:41.373 12312 12684 V DriverStation: {3597029 38.402} ui:uiRobotControllerIsConnected
11-28 21:36:41.373 12312 12312 V DriverStation: {3597029 38.402} onSharedPreferenceChanged() pref=pref_rc_connected
11-28 21:36:41.374 12312 12312 I DriverStation: {3597029 38.403} Hide match logging UI
11-28 21:36:41.375 12312 12312 V NetDiscover_prefremds: {3597029 38.403} onSharedPreferenceChanged(name=pref_rc_connected, value=true)
11-28 21:36:41.376 12312 12684 V NetDiscover_prefremds: {3597029 38.405} sending RC pref name=pref_ds_supports_5_ghz value=true
11-28 21:36:41.378 12312 12684 V NetworkConnectionHandler: {3597029 38.406} Peer connection established
11-28 21:36:41.379 12312 12689 V Robocol : {3597029 38.408} sending CMD_REQUEST_ACTIVE_CONFIG(10001), attempt: 0
11-28 21:36:41.380 12312 12312 V DriverStation: {3597029 38.409} pref_wifip2p_channel: showWifiChannel prefChannel = 0
11-28 21:36:41.380 12312 12689 V Robocol : {3597029 38.409} sending CMD_REQUEST_USER_DEVICE_TYPES(10002), attempt: 0
11-28 21:36:41.381 12312 12689 V Robocol : {3597029 38.410} sending CMD_REQUEST_OP_MODE_LIST(10003), attempt: 0
11-28 21:36:41.382 12312 12689 V Robocol : {3597029 38.411} sending CMD_ROBOT_CONTROLLER_PREFERENCE(10004), attempt: 0
11-28 21:36:41.405 12312 12684 V Robocol : {3596987 38.392} received command: CMD_ROBOT_CONTROLLER_PREFERENCE(24) {"booleanValue":true,"prefName":"pref_wifip2p_remote_channel_change_works"}
11-28 21:36:41.406 12312 12684 V Robocol : {3596987 38.393} received command: CMD_ROBOT_CONTROLLER_PREFERENCE(25) {"prefName":"pref_device_name","stringValue":"2845-C-RC"}
11-28 21:36:41.407 12312 12685 V NetDiscover_prefremds: {3596987 38.394} handleRobotControllerPreference() pref=pref_wifip2p_remote_channel_change_works
11-28 21:36:41.409 12312 12685 V NetDiscover_prefremds: {3596987 38.396} handleRobotControllerPreference() pref=pref_device_name
11-28 21:36:41.411 12312 12684 V Robocol : {3596987 38.397} received command: CMD_NOTIFY_USER_DEVICE_LIST(23) [{"builtIn":true,"classSource":"APK","compatibleControlSystems":["REV_HUB"],"description":"an Adafruit IMU","flavor":"I2C","isDeprecated":false,"isExternalLibraries":false,"isOnBotJava":false,"name":"Adafruit IMU","xmlTag":"AdafruitBNO055IMU","xmlTagAliases":[]},{"builtIn":true,"classSource":"APK","compatibleControlSystems":["REV_HUB"],"description":"a REV Color Sensor V3","flavor":"I2C","isDeprecated":false,"isExternalLibraries":false,"isOnBotJava":false,"name":"REV Color Sensor V3","xmlTag":"RevColorSensorV3","xmlTagAliases":[]},{"xmlTag":"Webcam","name":"Webcam","flavor":"BUILT_IN"},{"distributorInfo":{"distributor":"","model":"","url":""},"maxRPM":165.0,"ticksPerRev":1440.0,"builtIn":true,"classSource":"APK","compatibleControlSystems":["REV_HUB"],"description":"","flavor":"MOTOR","isDeprecated":false,"isExternalLibraries":false,"isOnBotJava":false,"name":"Unspecified Motor","xmlTag":"Motor","xmlTagAliases":[]},{"distributorInfo":{"distributor":"AndyMark","model":"am-3103","url":"http://www.andymark.com/NeveRest-60-Gearmotor-p/am-3103.htm"},"maxRPM":105.0,"ticksPerRev":1680.0,"builtIn":true,"classSource":"APK","compatibleControlSystems":["REV_HUB"],"description":"","flavor":"MOTOR","isDeprecated":false,"isExternalLibraries":false,"isOnBotJava":false,"name":"NeveRest 60 Gearmotor","xmlTag":"NeveRest60Gearmotor","xmlTagAliases":[]},{"distributorInfo":{"distributor":"AndyMark","model":"am-2964a","url":"http://www.andymark.com/NeveRest-40-Gearmotor-p/am-2964a.htm"},"maxRPM":160.0,"ticksPerRev":1120.0,"builtIn":true,"classSource":"APK","compatibleControlSystems":["REV_HUB"],"description":"","flavor":"MOTOR","isDeprecated":false,"isExternalLibraries":false,"isOnBotJava":false,"name":"NeveRest 40 Gearmotor","xmlTag":"NeveRest40Gearmotor","xmlTagAliases":[]},{"distributorInfo":{"distributor":"goBILDA_distributor","model":"goBILDA-5202","url":"https://www.gobilda.com/5202-series-yellow-jacket-planetary-gear-motors/"},"maxRPM":60.0,"ticksPerRev":2786.0,"builtIn":true,"classSource":"APK","compatibleControlSystems":["REV_HUB"],"description":"","flavor":"MOTOR","isDeprecated":false,"isExternalLibraries":false,"isOnBotJava":false,"name":"GoBILDA 5202/3/4 series","xmlTag":"goBILDA5202SeriesMotor","xmlTagAliases":[]},{"xmlTag":"Accelerometer","name":"[Unknown]","flavor":"BUILT_IN"},{"servoFlavor":"CONTINUOUS","builtIn":true,"classSource":"APK","compatibleControlSystems":["REV_HUB"],"description":"","flavor":"SERVO","isDeprecated":false,"isExternalLibraries":false,"isOnBotJava":false,"name":"Continuous Rotation Servo","xmlTag":"ContinuousRotationServo","xmlTagAliases":[]},{"distributorInfo":{"distributor":"AndyMark","model":"am-3461","url":""},"maxRPM":1784.0,"ticksPerRev":44.4,"builtIn":true,"classSource":"APK","compatibleControlSystems":["REV_HUB"],"description":"","flavor":"MOTOR","isDeprecated":false,"isExternalLibraries":false,"isOnBotJava":false,"name":"NeveRest 3.7 v1 Gearmotor","xmlTag":"NeveRest3.7v1Gearmotor","xmlTagAliases":[]},{"xmlTag":"Nothing","name":"Nothing","flavor":"BUILT_IN"},{"xmlTag":"LynxModule","name":"Expansion Hub","flavor":"BUILT_IN"},{"xmlTag":"UltrasonicSensor","name":"[Unknown]","flavor":"BUILT_IN"},{"distributorInfo":{"distributor":"goBILDA_distributor","model":"goBILDA-5201","url":"https://www.gobilda.com/5201-series-spur-gear-motors/"},"maxRPM":104.0,"ticksPerRev":1500.0,"builtIn":true,"classSource":"APK","compatibleControlSystems":["REV_HUB"],"description":"","flavor":"MOTOR","isDeprecated":false,"isExternalLibraries":false,"isOnBotJava":false,"name":"GoBILDA 5201 series","xmlTag":"goBILDA5201SeriesMotor","xmlTagAliases":[]},{"xmlTag":"\u003cunknown\u003e","name":"[Unknown]","flavor":"BUILT_IN"},{"xmlTag":"Robot","name":"[Unknown]","flavor":"BUILT_IN"},{"xmlTag":"LynxUsbDevice","name":"Expansion Hub Portal","flavor":"BUILT_IN"},{"servoFlavor":"CUSTOM","builtIn":true,"classSource":"APK","compatibleControlSystems":["REV_HUB"],"description":"a REV Blinkin LED Driver","flavor":"SERVO","isDeprecated":fa
11-28 21:36:41.414 12312 12684 V Robocol : {3596987 38.399} received command: CMD_ROBOT_CONTROLLER_PREFERENCE(26) {"booleanValue":true,"prefName":"pref_warn_about_incorrect_clocks"}
11-28 21:36:41.414 12312 12684 V Robocol : {3596987 38.401} received command: CMD_ROBOT_CONTROLLER_PREFERENCE(27) {"booleanValue":true,"prefName":"pref_warn_about_obsolete_software"}
11-28 21:36:41.415 12312 12684 V Robocol : {3596987 38.402} received command: CMD_ROBOT_CONTROLLER_PREFERENCE(28) {"booleanValue":true,"prefName":"pref_has_speaker"}
11-28 21:36:41.416 12312 12685 V NetDiscover_prefremds: {3596987 38.402} writing pref name=pref_wifip2p_groupowner_map_timestamp value=1669696601414
11-28 21:36:41.417 12312 12684 V Robocol : {3596987 38.403} received command: CMD_ROBOT_CONTROLLER_PREFERENCE(29) {"booleanValue":true,"prefName":"pref_warn_about_2_4_ghz_band"}
11-28 21:36:41.417 12312 12312 V DriverStation: {3596987 38.404} onSharedPreferenceChanged() pref=pref_wifip2p_groupowner_map_timestamp
11-28 21:36:41.418 12312 12684 V Robocol : {3596987 38.405} received command: CMD_ROBOT_CONTROLLER_PREFERENCE(30) {"booleanValue":true,"prefName":"pref_has_independent_phone_battery"}
11-28 21:36:41.418 12312 12312 I DriverStation: {3596987 38.405} Hide match logging UI
11-28 21:36:41.418 12312 12684 V Robocol : {3596987 38.405} received command: CMD_ROBOT_CONTROLLER_PREFERENCE(31) {"prefName":"pref_app_theme","stringValue":"blue"}
11-28 21:36:41.419 12312 12312 V NetDiscover_prefremds: {3596987 38.405} onSharedPreferenceChanged(name=pref_wifip2p_groupowner_map_timestamp, value=1669696601414)
11-28 21:36:41.419 12312 12684 V Robocol : {3596987 38.406} received command: CMD_ROBOT_CONTROLLER_PREFERENCE(32) {"booleanValue":true,"prefName":"pref_warn_about_mismatched_app_versions"}
11-28 21:36:41.420 12312 12684 V Robocol : {3596987 38.406} received command: CMD_ROBOT_CONTROLLER_PREFERENCE(33) {"booleanValue":false,"prefName":"pref_sound_on_off"}
11-28 21:36:41.420 12312 12684 V Robocol : {3596987 38.407} received command: CMD_ROBOT_CONTROLLER_PREFERENCE(34) {"intValue":0,"prefName":"pref_wifip2p_channel"}
11-28 21:36:41.441 12312 12684 V Robocol : {3596987 38.428} received command: CMD_NOTIFY_ROBOT_STATE(40) 2
11-28 21:36:41.442 12312 12684 V Robocol : {3596987 38.429} received command: CMD_NOTIFY_ACTIVE_CONFIGURATION(44) {"isDirty":false,"location":"LOCAL_STORAGE","name":"ebay","resourceId":0}
11-28 21:36:41.444 12312 12685 E RobotCore: {3596987 38.431} java.lang.ClassCastException: com.qualcomm.robotcore.hardware.configuration.typecontainers.MotorConfigurationType cannot be cast to com.qualcomm.robotcore.hardware.configuration.typecontainers.InstantiableUserConfigurationType
11-28 21:36:41.445 12312 12685 E RobotCore: {3596987 38.432} 	at com.qualcomm.robotcore.hardware.configuration.ConfigurationTypeManager.add(ConfigurationTypeManager.java:386)
11-28 21:36:41.445 12312 12685 E RobotCore: {3596987 38.432} 	at com.qualcomm.robotcore.hardware.configuration.ConfigurationTypeManager.deserializeUserDeviceTypes(ConfigurationTypeManager.java:310)
11-28 21:36:41.445 12312 12685 E RobotCore: {3596987 38.432} 	at com.qualcomm.ftcdriverstation.FtcDriverStationActivity.handleCommandNotifyUserDeviceList(FtcDriverStationActivity.java:2957)
11-28 21:36:41.446 12312 12685 E RobotCore: {3596987 38.432} 	at com.qualcomm.ftcdriverstation.FtcDriverStationActivity.commandEvent(FtcDriverStationActivity.java:2029)
11-28 21:36:41.447 12312 12685 E RobotCore: {3596987 38.434} 	at org.firstinspires.ftc.robotcore.internal.network.NetworkConnectionHandler$RecvLoopCallbackChainer.commandEvent(NetworkConnectionHandler.java:777)
11-28 21:36:41.447 12312 12685 E RobotCore: {3596987 38.434} 	at org.firstinspires.ftc.robotcore.internal.network.RecvLoopRunnable$CommandProcessor.run(RecvLoopRunnable.java:173)
11-28 21:36:41.448 12312 12685 E RobotCore: {3596987 38.435} 	at java.util.concurrent.ThreadPoolExecutor.runWorker(ThreadPoolExecutor.java:1162)
11-28 21:36:41.448 12312 12685 E RobotCore: {3596987 38.435} 	at java.util.concurrent.ThreadPoolExecutor$Worker.run(ThreadPoolExecutor.java:636)
11-28 21:36:41.448 12312 12685 E RobotCore: {3596987 38.435} 	at com.qualcomm.robotcore.util.ThreadPool$ThreadFactoryImpl$1.run(ThreadPool.java:793)
11-28 21:36:41.448 12312 12685 E RobotCore: {3596987 38.435} 	at java.lang.Thread.run(Thread.java:764)
11-28 21:36:41.449 12312 12685 V Robocol : {3596987 38.436} unable to process command CMD_NOTIFY_USER_DEVICE_LIST callbacks=FtcDriverStationActivity
11-28 21:36:41.449 12312 12685 V NetDiscover_prefremds: {3596987 38.436} handleRobotControllerPreference() pref=pref_warn_about_incorrect_clocks
11-28 21:36:41.450 12312 12685 V NetDiscover_prefremds: {3596987 38.437} handleRobotControllerPreference() pref=pref_warn_about_obsolete_software
11-28 21:36:41.451 12312 12685 V NetDiscover_prefremds: {3596987 38.438} handleRobotControllerPreference() pref=pref_has_speaker
11-28 21:36:41.452 12312 12685 V NetDiscover_prefremds: {3596987 38.438} handleRobotControllerPreference() pref=pref_warn_about_2_4_ghz_band
11-28 21:36:41.453 12312 12685 V NetDiscover_prefremds: {3596987 38.440} handleRobotControllerPreference() pref=pref_has_independent_phone_battery
11-28 21:36:41.454 12312 12685 V NetDiscover_prefremds: {3596987 38.441} handleRobotControllerPreference() pref=pref_app_theme
11-28 21:36:41.454 12312 12685 V NetDiscover_prefremds: {3596987 38.441} handleRobotControllerPreference() pref=pref_warn_about_mismatched_app_versions
11-28 21:36:41.456 12312 12685 V NetDiscover_prefremds: {3596987 38.442} handleRobotControllerPreference() pref=pref_sound_on_off
11-28 21:36:41.456 12312 12685 V NetDiscover_prefremds: {3596987 38.443} handleRobotControllerPreference() pref=pref_wifip2p_channel
