12-01 21:27:25.425 20054 20227 D OpenCvViewport: CheckState(): user requested that we activate
12-01 21:27:25.425 20054 20227 D OpenCvViewport: CheckState(): activating viewport
12-01 21:27:25.428 20054 20227 D UsbResiliantWebcam: createCaptureSession()...
12-01 21:27:25.428 20054 20227 V DelCaptureSession: construct(0x07e15877)
12-01 21:27:25.429 20054 20227 D UsbResiliantWebcam|DelCaptureSession: onCameraChange(null->CameraImpl(UvcDeviceHandle(pointer=0x7c873a30|UvcDevice(/dev/bus/usb/001/004))))...
12-01 21:27:25.429 20054 20227 D UsbResiliantWebcam|DelCaptureSession: ...onCameraChange(null->CameraImpl(UvcDeviceHandle(pointer=0x7c873a30|UvcDevice(/dev/bus/usb/001/004))))
12-01 21:27:25.429 20054 20227 D CachingExposureControl: onCameraChanged(CameraImpl(UvcDeviceHandle(pointer=0x7c873a30|UvcDevice(/dev/bus/usb/001/004)))->CameraImpl(UvcDeviceHandle(pointer=0x7c873a30|UvcDevice(/dev/bus/usb/001/004))))...
12-01 21:27:25.429 20054 20227 D CachingExposureControl: ...onCameraChanged(CameraImpl(UvcDeviceHandle(pointer=0x7c873a30|UvcDevice(/dev/bus/usb/001/004)))->CameraImpl(UvcDeviceHandle(pointer=0x7c873a30|UvcDevice(/dev/bus/usb/001/004))))
12-01 21:27:25.429 20054 20227 D UsbResiliantWebcam: ...createCaptureSession()
12-01 21:27:25.430 20054 20229 D OpenCvViewportRenderThread: Render thread is up!
12-01 21:27:25.430 20054 20230 D UsbResiliantWebcam|DelCaptureSession: startCapture()...
12-01 21:27:25.430 20054 20230 V DelCaptureSequence: construct(0x07cef54d)
12-01 21:27:25.431 20054 20230 D UsbResiliantWebcam|DelCaptureSequence: onCameraChange(null->CameraImpl(UvcDeviceHandle(pointer=0x7c873a30|UvcDevice(/dev/bus/usb/001/004))))...
12-01 21:27:25.431 20054 20230 D UsbResiliantWebcam|DelCaptureSequence: pauseStreaming(Stopped)...
12-01 21:27:25.431 20054 20230 D UsbResiliantWebcam|DelCaptureSequence: ...pauseStreaming(Stopped)
12-01 21:27:25.431 20054 20230 D UsbResiliantWebcam|DelCaptureSequence: resumeStreaming(Stopped)...
12-01 21:27:25.431 20054 20230 D UsbResiliantWebcam|DelCaptureSequence: ...resumeStreaming(Stopped)
12-01 21:27:25.431 20054 20230 D UsbResiliantWebcam|DelCaptureSequence: ...onCameraChange(null->CameraImpl(UvcDeviceHandle(pointer=0x7c873a30|UvcDevice(/dev/bus/usb/001/004))))
12-01 21:27:25.432 20054 20230 D UsbResiliantWebcam|DelCaptureSequence: startStreaming(Stopped)...
12-01 21:27:25.432 20054 20230 D UsbResiliantWebcam|DelCaptureSequence: doStreaming()...
12-01 21:27:25.432 20054 20230 V UvcApiCaptureSession: construct(0x086a1802)
12-01 21:27:25.435 20054 20228 D UsbResiliantWebcam|DelCaptureSession: camera session is configured: Webcam(688D709F)
12-01 21:27:25.436 20054 20230 V UvcApiCameraCaptureSequence: construct(0x0c090513)
12-01 21:27:25.436 20054 20230 D UvcDeviceHandle: getStreamControl(800x448 30)...
12-01 21:27:25.437 20054 20230 V UvcStreamCtrl: construct(0x0f152350)
12-01 21:27:25.437 20054 20230 D Uvc     : [jni_devicehandle.cpp:115] Java_org_firstinspires_ftc_robotcore_internal_camera_libuvc_nativeobject_UvcDeviceHandle_nativeGetStreamControlFormatSize()...
12-01 21:27:25.437 20054 20230 V Uvc     : API: Java_org_firstinspires_ftc_robotcore_internal_camera_libuvc_nativeobject_UvcDeviceHandle_nativeGetStreamControlFormatSize: enter...
12-01 21:27:25.437 20054 20230 D Uvc     : [stream.cpp:373] uvc_get_stream_ctrl_format_size()...
12-01 21:27:25.437 20054 20230 D Uvc     : [libuvc/libuvc_internal.h:770] uvc_device_handle::claimInterface(idx=1)...
12-01 21:27:25.437 20054 20230 D UvcDevice: claimInterface(1)
12-01 21:27:25.437 20054 20230 D UvcDevice: claimInterface(1) succeeded
12-01 21:27:25.437 20054 20230 D Uvc     : [libuvc/libuvc_internal.h:783] claimInterface(1) succeeded
12-01 21:27:25.437 20054 20230 D Uvc     : [libuvc/libuvc_internal.h:770] ...uvc_device_handle::claimInterface() rc=0
12-01 21:27:25.437 20054 20230 D UvcStream: [stream.cpp:412] 800x448 30fps
12-01 21:27:25.437 20054 20230 D Uvc     : [stream.cpp:162] uvc_query_stream_ctrl()...
12-01 21:27:25.440 20054 20230 D Uvc     : [stream.cpp:162] ...uvc_query_stream_ctrl() rc=0
12-01 21:27:25.440 20054 20230 D Uvc     : [libuvc/libuvc_internal.h:793] uvc_device_handle::releaseInterface()...
12-01 21:27:25.440 20054 20230 D UvcDevice: releaseInterface(1)
12-01 21:27:25.440 20054 20230 D UvcDevice: releaseInterface(1) succeeded
12-01 21:27:25.440 20054 20230 D Uvc     : [libuvc/libuvc_internal.h:793] ...uvc_device_handle::releaseInterface() rc=0
12-01 21:27:25.440 20054 20230 D Uvc     : [stream.cpp:523] uvc_probe_stream_ctrl()...
12-01 21:27:25.440 20054 20230 D Uvc     : [libuvc/libuvc_internal.h:770] uvc_device_handle::claimInterface(idx=1)...
12-01 21:27:25.440 20054 20230 D UvcDevice: claimInterface(1)
12-01 21:27:25.441 20054 20230 D UvcDevice: claimInterface(1) succeeded
12-01 21:27:25.441 20054 20230 D Uvc     : [libuvc/libuvc_internal.h:783] claimInterface(1) succeeded
12-01 21:27:25.441 20054 20230 D Uvc     : [libuvc/libuvc_internal.h:770] ...uvc_device_handle::claimInterface() rc=0
12-01 21:27:25.441 20054 20230 D Uvc     : [stream.cpp:162] uvc_query_stream_ctrl()...
12-01 21:27:25.441 20054 20230 D Uvc     : [stream.cpp:162] ...uvc_query_stream_ctrl() rc=0
12-01 21:27:25.441 20054 20230 D Uvc     : [stream.cpp:162] uvc_query_stream_ctrl()...
12-01 21:27:25.441 20054 20230 D Uvc     : [stream.cpp:162] ...uvc_query_stream_ctrl() rc=0
12-01 21:27:25.441 20054 20230 D Uvc     : [stream.cpp:523] ...uvc_probe_stream_ctrl() rc=0
12-01 21:27:25.442 20054 20230 D Uvc     : [stream.cpp:373] ...uvc_get_stream_ctrl_format_size() rc=0
12-01 21:27:25.442 20054 20230 V Uvc     : API: Java_org_firstinspires_ftc_robotcore_internal_camera_libuvc_nativeobject_UvcDeviceHandle_nativeGetStreamControlFormatSize: ...exit
12-01 21:27:25.442 20054 20230 D Uvc     : [jni_devicehandle.cpp:115] ...Java_org_firstinspires_ftc_robotcore_internal_camera_libuvc_nativeobject_UvcDeviceHandle_nativeGetStreamControlFormatSize()
12-01 21:27:25.442 20054 20230 D UvcDeviceHandle: ...getStreamControl(800x448 30)
12-01 21:27:25.442 20054 20230 D Uvc     : [jni_streamcontrol.cpp:101] Java_org_firstinspires_ftc_robotcore_internal_camera_libuvc_nativeobject_UvcStreamCtrl_nativeOpen()...
12-01 21:27:25.442 20054 20230 V Uvc     : API: Java_org_firstinspires_ftc_robotcore_internal_camera_libuvc_nativeobject_UvcStreamCtrl_nativeOpen: enter...
12-01 21:27:25.442 20054 20230 D Uvc     : [devicehandle.cpp:46] uvc_device_handle::openStreamControl()...
12-01 21:27:25.442 20054 20230 D Uvc     : [streamhandle.cpp:58] uvc_stream_handle::claimInterface()...
12-01 21:27:25.442 20054 20230 D Uvc     : [libuvc/libuvc_internal.h:770] uvc_device_handle::claimInterface(idx=1)...
12-01 21:27:25.442 20054 20230 D UvcDevice: claimInterface(1)
12-01 21:27:25.442 20054 20230 D UvcDevice: claimInterface(1) succeeded
12-01 21:27:25.442 20054 20230 D Uvc     : [libuvc/libuvc_internal.h:783] claimInterface(1) succeeded
12-01 21:27:25.442 20054 20230 D Uvc     : [libuvc/libuvc_internal.h:770] ...uvc_device_handle::claimInterface() rc=0
12-01 21:27:25.442 20054 20230 D Uvc     : [streamhandle.cpp:58] ...uvc_stream_handle::claimInterface() rc=0
12-01 21:27:25.442 20054 20230 D Uvc     : [stream.cpp:162] uvc_query_stream_ctrl()...
12-01 21:27:25.442 20054 20230 D Uvc     : [stream.cpp:162] ...uvc_query_stream_ctrl() rc=0
12-01 21:27:25.443 20054 20230 D Uvc     : [devicehandle.cpp:46] ...uvc_device_handle::openStreamControl() rc=0
12-01 21:27:25.443 20054 20230 V Uvc     : API: Java_org_firstinspires_ftc_robotcore_internal_camera_libuvc_nativeobject_UvcStreamCtrl_nativeOpen: ...exit
12-01 21:27:25.443 20054 20230 D Uvc     : [jni_streamcontrol.cpp:101] ...Java_org_firstinspires_ftc_robotcore_internal_camera_libuvc_nativeobject_UvcStreamCtrl_nativeOpen()
12-01 21:27:25.443 20054 20230 V UvcStreamHandle: construct(pointer=0xa0231720)
12-01 21:27:25.443 20054 20230 D Uvc     : [jni_streamhandle.cpp:184] Java_org_firstinspires_ftc_robotcore_internal_camera_libuvc_nativeobject_UvcStreamHandle_nativeStopStreaming()...
12-01 21:27:25.443 20054 20230 V Uvc     : API: Java_org_firstinspires_ftc_robotcore_internal_camera_libuvc_nativeobject_UvcStreamHandle_nativeStopStreaming: enter...
12-01 21:27:25.443 20054 20230 D Uvc     : [stream.cpp:1514] uvc_stream_stop()...
12-01 21:27:25.443 20054 20230 D Uvc     : [stream.cpp:1514] ...uvc_stream_stop() rc=0
12-01 21:27:25.443 20054 20230 V Uvc     : API: Java_org_firstinspires_ftc_robotcore_internal_camera_libuvc_nativeobject_UvcStreamHandle_nativeStopStreaming: ...exit
12-01 21:27:25.443 20054 20230 D Uvc     : [jni_streamhandle.cpp:184] ...Java_org_firstinspires_ftc_robotcore_internal_camera_libuvc_nativeobject_UvcStreamHandle_nativeStopStreaming()
12-01 21:27:25.443 20054 20230 V UvcFrameCallback: construct(0x0ca29949)
12-01 21:27:25.443 20054 20230 V UvcFrameCallbackData: construct(pointer=0x8c6a2a88)
12-01 21:27:25.444 20054 20230 V Uvc     : API: Java_org_firstinspires_ftc_robotcore_internal_camera_libuvc_nativeobject_UvcStreamHandle_nativeStartStreaming: enter...
12-01 21:27:25.444 20054 20230 D Uvc     : [stream.cpp:970] uvc_stream_start_bandwidth()...
12-01 21:27:25.444 20054 20230 D Uvc     : [stream.cpp:1173] uvc_stream_handle::startIsochronousStreaming()...
12-01 21:27:25.444 20054 20230 D Uvc     : [libuvc/libuvc_internal.h:825] uvc_device_handle::setInterfaceAltSetting(setInterfaceAltSetting(intf=1 alt=11))...
12-01 21:27:25.444 20054 20230 D UvcDevice: setInterfaceAltSetting(1,11)
12-01 21:27:25.829 20054 20230 D UvcDevice: setInterfaceAltSetting(1,11) succeeded
12-01 21:27:25.829 20054 20230 D Uvc     : [libuvc/libuvc_internal.h:825] ...uvc_device_handle::setInterfaceAltSetting() rc=0
12-01 21:27:25.829 20054 20230 D Uvc     : [stream.cpp:1173] ...uvc_stream_handle::startIsochronousStreaming() rc=0
12-01 21:27:25.829 20054 20230 D Uvc     : [stream.cpp:1201] uvc_stream_handle::startUserCallbackThread()...
12-01 21:27:25.830 20054 20232 D UvcStream: [stream.cpp:1265] User Callback thread started
12-01 21:27:25.830 20054 20230 D Uvc     : [stream.cpp:1201] ...uvc_stream_handle::startUserCallbackThread() rc=0
12-01 21:27:25.830 20054 20230 D Uvc     : [stream.cpp:1221] uvc_stream_handle::submitTransfers()...
12-01 21:27:25.833 20054 20230 D Uvc     : [stream.cpp:1221] ...uvc_stream_handle::submitTransfers() rc=0
12-01 21:27:25.833 20054 20230 D Uvc     : [stream.cpp:970] ...uvc_stream_start_bandwidth() rc=0
12-01 21:27:25.833 20054 20230 D UvcStreamHandle: [jni_streamhandle.cpp:150] successfully started streaming
12-01 21:27:25.833 20054 20230 V Uvc     : API: Java_org_firstinspires_ftc_robotcore_internal_camera_libuvc_nativeobject_UvcStreamHandle_nativeStartStreaming: ...exit
12-01 21:27:25.833 20054 20230 V UvcStreamCtrl: destroy(pointer=0x81ffdac0)
12-01 21:27:25.834 20054 20230 D UsbResiliantWebcam|DelCaptureSequence: ...doStreaming()
12-01 21:27:25.834 20054 20230 D UsbResiliantWebcam|DelCaptureSequence: ...startStreaming(Stopped)
12-01 21:27:25.834 20054 20230 D UsbResiliantWebcam|DelCaptureSession: ...startCapture()
12-01 21:27:25.834 20054 20230 I System.out: OpenCvWebcam: onConfigured
12-01 21:27:25.835 20054 20227 I System.out: OpenCvWebcam: streaming started
12-01 21:27:25.835 20054 20183 D UvcStream: [stream.cpp:729] this is the UVC processTransfer() stream processing thread
12-01 21:27:28.731 20054 20173 V Robocol : received command: CMD_INIT_OP_MODE(10564) $Stop$Robot$
12-01 21:27:28.738 20054 20174 I RobotCore: ******************** STOP - OPMODE /storage/emulated/0/FIRST/matchlogs/Match-0-PowerPlayAuto1.txt ********************
12-01 21:27:28.740 20054 20246 I RobotCore: saving match logcat to /storage/emulated/0/FIRST/matchlogs/Match-0-PowerPlayAuto1.txt
12-01 21:27:28.740 20054 20246 I RobotCore: logging command line: exec logcat -d -T '12-1 21:27:21.000' -f '/storage/emulated/0/FIRST/matchlogs/Match-0-PowerPlayAuto1.txt' -n4 -v threadtime UsbRequestJNI:S UsbRequest:S art:W ThreadPool:W System:W ExtendedExtractor:W OMXClient:W MediaPlayer:W dalvikvm:W  *:V
12-01 21:27:28.743 20054 20225 D RobotCore: User runOpModeMethod exited
12-01 21:27:28.744 20054 20225 V RobotCore: thread: ...terminating 'OpModeThread'
12-01 21:27:28.752 20247 20247 W sh      : type=1400 audit(0.0:207): avc: denied { read } for uid=10139 name="/" dev="rootfs" ino=2 scontext=u:r:untrusted_app:s0:c512,c768 tcontext=u:object_r:rootfs:s0 tclass=dir permissive=0
12-01 21:27:28.765 20054 20187 D UsbResiliantWebcam|DelCaptureSession: stopCapture()...
12-01 21:27:28.765 20054 20187 D UsbResiliantWebcam|DelCaptureSequence: undoStreaming()...
12-01 21:27:28.766 20054 20187 D UvcApiCaptureSession: stopCapture()...
12-01 21:27:28.766 20054 20187 D Uvc     : [jni_streamhandle.cpp:184] Java_org_firstinspires_ftc_robotcore_internal_camera_libuvc_nativeobject_UvcStreamHandle_nativeStopStreaming()...
12-01 21:27:28.766 20054 20187 V Uvc     : API: Java_org_firstinspires_ftc_robotcore_internal_camera_libuvc_nativeobject_UvcStreamHandle_nativeStopStreaming: enter...
12-01 21:27:28.766 20054 20187 D Uvc     : [stream.cpp:1514] uvc_stream_stop()...
12-01 21:27:28.766 20054 20187 D UvcStream: [stream.cpp:1542] cancelling extant transfers
12-01 21:27:28.773 20054 20207 V Robocol : sending CMD_STREAM_CHANGE(550), attempt: 0
12-01 21:27:28.778 20054 20187 D Uvc     : [stream.cpp:1471] (waitForAllTransfers(waiting for cancelled transfers))...
12-01 21:27:28.779 20054 20054 D OpenCvViewport: surfaceDestroyed()
12-01 21:27:28.779 20054 20054 D OpenCvViewport: CheckState(): lifecycle mandates deactivation regardless of user
12-01 21:27:28.779 20054 20054 D OpenCvViewport: CheckState(): deactivating viewport
12-01 21:27:28.779 20054 20229 W System.err: java.lang.InterruptedException
12-01 21:27:28.779 20054 20229 W System.err: 	at java.lang.Object.wait(Native Method)
12-01 21:27:28.779 20054 20229 W System.err: 	at org.firstinspires.ftc.robotcore.internal.collections.EvictingBlockingQueue.take(EvictingBlockingQueue.java:143)
12-01 21:27:28.779 20054 20229 W System.err: 	at org.openftc.easyopencv.OpenCvViewport$RenderThread.run(OpenCvViewport.java:554)
12-01 21:27:28.779 20054 20229 D OpenCvViewportRenderThread: About to exit
12-01 21:27:28.779 20054 20054 D OpenCvViewport: ...surfaceDestroyed()
12-01 21:27:28.780 20054 20187 D UvcStream: [stream.cpp:1485] no extant active transfers: continuing
12-01 21:27:28.780 20054 20187 D Uvc     : [stream.cpp:1471] ...()
12-01 21:27:28.780 20054 20187 D Uvc     : [stream.cpp:1189] uvc_stream_handle::stopIsochronousStreaming()...
12-01 21:27:28.780 20054 20187 D Uvc     : [libuvc/libuvc_internal.h:825] uvc_device_handle::setInterfaceAltSetting(setInterfaceAltSetting(intf=1 alt=0))...
12-01 21:27:28.780 20054 20187 D UvcDevice: setInterfaceAltSetting(1,0)
12-01 21:27:28.797 20054 20246 I RobotCore: Done running exec logcat -d -T '12-1 21:27:21.000' -f '/storage/emulated/0/FIRST/matchlogs/Match-0-PowerPlayAuto1.txt' -n4 -v threadtime UsbRequestJNI:S UsbRequest:S art:W ThreadPool:W System:W ExtendedExtractor:W OMXClient:W MediaPlayer:W dalvikvm:W  *:V
12-01 21:27:28.797 20054 20246 I RobotCore: exiting match logcat for /storage/emulated/0/FIRST/matchlogs/Match-0-PowerPlayAuto1.txt
12-01 21:27:29.001 20054 20187 D UvcDevice: setInterfaceAltSetting(1,0) succeeded
12-01 21:27:29.001 20054 20187 D Uvc     : [libuvc/libuvc_internal.h:825] ...uvc_device_handle::setInterfaceAltSetting() rc=0
12-01 21:27:29.001 20054 20187 D Uvc     : [stream.cpp:1189] ...uvc_stream_handle::stopIsochronousStreaming() rc=0
12-01 21:27:29.001 20054 20187 D UvcStream: [stream.cpp:1558] awakening user thread
12-01 21:27:29.001 20054 20187 D UvcStream: [stream.cpp:1567] waiting for user callback thread to finish
12-01 21:27:29.002 20054 20232 D UvcStream: [stream.cpp:1329] user callback thread stopped
12-01 21:27:29.002 20054 20187 D Uvc     : [stream.cpp:1514] ...uvc_stream_stop() rc=0
12-01 21:27:29.002 20054 20187 V Uvc     : API: Java_org_firstinspires_ftc_robotcore_internal_camera_libuvc_nativeobject_UvcStreamHandle_nativeStopStreaming: ...exit
12-01 21:27:29.002 20054 20187 D Uvc     : [jni_streamhandle.cpp:184] ...Java_org_firstinspires_ftc_robotcore_internal_camera_libuvc_nativeobject_UvcStreamHandle_nativeStopStreaming()
12-01 21:27:29.002 20054 20187 V UvcFrameCallback: destroy(hash=0x0ca29949)
12-01 21:27:29.002 20054 20187 V UvcFrameCallbackData: destroy(pointer=0x8c6a2a88)
12-01 21:27:29.003 20054 20187 V Uvc     : API: Java_org_firstinspires_ftc_robotcore_internal_camera_libuvc_nativeobject_UvcFrameCallback_nativeReleaseCallbackState: enter...
12-01 21:27:29.003 20054 20187 V Uvc     : API: Java_org_firstinspires_ftc_robotcore_internal_camera_libuvc_nativeobject_UvcFrameCallback_nativeReleaseCallbackState: ...exit
12-01 21:27:29.003 20054 20187 V UvcStreamHandle: destroy(pointer=0xa0231720)
12-01 21:27:29.003 20054 20187 D Uvc     : [jni_streamhandle.cpp:184] Java_org_firstinspires_ftc_robotcore_internal_camera_libuvc_nativeobject_UvcStreamHandle_nativeStopStreaming()...
12-01 21:27:29.003 20054 20187 V Uvc     : API: Java_org_firstinspires_ftc_robotcore_internal_camera_libuvc_nativeobject_UvcStreamHandle_nativeStopStreaming: enter...
12-01 21:27:29.003 20054 20187 D Uvc     : [stream.cpp:1514] uvc_stream_stop()...
12-01 21:27:29.003 20054 20187 D Uvc     : [stream.cpp:1514] ...uvc_stream_stop() rc=0
12-01 21:27:29.003 20054 20187 V Uvc     : API: Java_org_firstinspires_ftc_robotcore_internal_camera_libuvc_nativeobject_UvcStreamHandle_nativeStopStreaming: ...exit
12-01 21:27:29.003 20054 20187 D Uvc     : [jni_streamhandle.cpp:184] ...Java_org_firstinspires_ftc_robotcore_internal_camera_libuvc_nativeobject_UvcStreamHandle_nativeStopStreaming()
12-01 21:27:29.004 20054 20187 D Uvc     : [jni_streamhandle.cpp:200] Java_org_firstinspires_ftc_robotcore_internal_camera_libuvc_nativeobject_UvcStreamHandle_nativeCloseStreamHandle()...
12-01 21:27:29.004 20054 20187 V Uvc     : API: Java_org_firstinspires_ftc_robotcore_internal_camera_libuvc_nativeobject_UvcStreamHandle_nativeCloseStreamHandle: enter...
12-01 21:27:29.004 20054 20187 D Uvc     : [stream.cpp:1584] uvc_stream_close()...
12-01 21:27:29.004 20054 20187 D Uvc     : [streamhandle.cpp:45] uvc_stream_handle::~uvc_stream_handle()...
12-01 21:27:29.004 20054 20187 D Uvc     : [streamhandle.cpp:66] uvc_stream_handle::releaseInterface()...
12-01 21:27:29.004 20054 20187 D Uvc     : [libuvc/libuvc_internal.h:793] uvc_device_handle::releaseInterface()...
12-01 21:27:29.004 20054 20187 D UvcDevice: releaseInterface(1)
12-01 21:27:29.004 20054 20187 D UvcDevice: releaseInterface(1) succeeded
12-01 21:27:29.005 20054 20187 D Uvc     : [libuvc/libuvc_internal.h:793] ...uvc_device_handle::releaseInterface() rc=0
12-01 21:27:29.005 20054 20187 D Uvc     : [streamhandle.cpp:66] ...uvc_stream_handle::releaseInterface()
12-01 21:27:29.005 20054 20187 D Uvc     : [streamhandle.cpp:45] ...uvc_stream_handle::~uvc_stream_handle()
12-01 21:27:29.006 20054 20187 D Uvc     : [stream.cpp:1584] ...uvc_stream_close()
12-01 21:27:29.006 20054 20187 V Uvc     : API: Java_org_firstinspires_ftc_robotcore_internal_camera_libuvc_nativeobject_UvcStreamHandle_nativeCloseStreamHandle: ...exit
12-01 21:27:29.006 20054 20187 D Uvc     : [jni_streamhandle.cpp:200] ...Java_org_firstinspires_ftc_robotcore_internal_camera_libuvc_nativeobject_UvcStreamHandle_nativeCloseStreamHandle()
12-01 21:27:29.006 20054 20187 V UvcApiCameraCaptureSequence: destroy(hash=0x0c090513)
12-01 21:27:29.007 20054 20187 D UvcApiCaptureSession: ...stopCapture()
12-01 21:27:29.007 20054 20230 D RobotCore: capture sequence DelegatingCaptureSequenceId(1) reports completed: lastFrame=78
12-01 21:27:29.007 20054 20187 D UvcApiCaptureSession: doClose()...
12-01 21:27:29.007 20054 20187 D UvcApiCaptureSession: ...doClose()
12-01 21:27:29.007 20054 20228 D UsbResiliantWebcam|DelCaptureSession: camera session is closed: Webcam(688D709F)
12-01 21:27:29.007 20054 20187 D UsbResiliantWebcam|DelCaptureSequence: ...undoStreaming()
12-01 21:27:29.008 20054 20228 V UvcApiCaptureSession: destroy(hash=0x086a1802)
12-01 21:27:29.008 20054 20187 V UsbResiliantWebcam|DelCaptureSequence: destroy(hash=0x07cef54d)
12-01 21:27:29.008 20054 20228 D UvcApiCaptureSession: destructor...
12-01 21:27:29.008 20054 20187 D UsbResiliantWebcam|DelCaptureSession: ...stopCapture()
12-01 21:27:29.008 20054 20228 D UvcApiCaptureSession: ...destructor
12-01 21:27:29.008 20054 20230 D RobotCore: capture sequence DelegatingCaptureSequenceId(1) reports completed: lastFrame=78
12-01 21:27:29.008 20054 20187 D UsbResiliantWebcam|DelCaptureSession: doClose()...
12-01 21:27:29.009 20054 20187 D UsbResiliantWebcam|DelCaptureSession: ...doClose()
12-01 21:27:29.009 20054 20187 V CameraImpl: destroy(hash=0x08e6d911)
12-01 21:27:29.009 20054 20230 V UsbResiliantWebcam|DelCaptureSession: destroy(hash=0x07e15877)
12-01 21:27:29.009 20054 20230 D UsbResiliantWebcam|DelCaptureSession: destructor()...
12-01 21:27:29.009 20054 20187 D UsbResiliantWebcam: CameraImpl.destructor()...
12-01 21:27:29.009 20054 20230 D UsbResiliantWebcam|DelCaptureSession: ...destructor()
12-01 21:27:29.009 20054 20187 D UsbResiliantWebcam: externalDestructor()...
12-01 21:27:29.010 20054 20187 V CameraImpl: destroy(hash=0x01ff7f87)
12-01 21:27:29.010 20054 20228 D CameraManager: camera reports closed: CameraImpl(UsbResiliantWebcam(Webcam(688D709F)))
12-01 21:27:29.010 20054 20187 D UvcDeviceHandle: CameraImpl.destructor()...
12-01 21:27:29.010 20054 20187 D UvcDeviceHandle: externalDestructor()...
12-01 21:27:29.011 20054 20187 D UsbResiliantWebcam: changeDelegatedCamera(CameraImpl(UvcDeviceHandle(pointer=0x7c873a30|UvcDevice(/dev/bus/usb/001/004)))->null)...
12-01 21:27:29.012 20054 20187 D CachingExposureControl: onCameraChanged(CameraImpl(UvcDeviceHandle(pointer=0x7c873a30|UvcDevice(/dev/bus/usb/001/004)))->null)...
12-01 21:27:29.012 20054 20187 D CachingExposureControl: ...onCameraChanged(CameraImpl(UvcDeviceHandle(pointer=0x7c873a30|UvcDevice(/dev/bus/usb/001/004)))->null)
12-01 21:27:29.012 20054 20187 D UsbResiliantWebcam: ...changeDelegatedCamera(CameraImpl(UvcDeviceHandle(pointer=0x7c873a30|UvcDevice(/dev/bus/usb/001/004)))->null)
12-01 21:27:29.012 20054 20187 D UvcDeviceHandle: ...externalDestructor()
12-01 21:27:29.012 20054 20187 V UvcDeviceHandle: destroy(pointer=0x7c873a30)
12-01 21:27:29.013 20054 20187 D UvcDeviceHandle: destructor...
12-01 21:27:29.013 20054 20187 D Uvc     : [jni_devicehandle.cpp:87] Java_org_firstinspires_ftc_robotcore_internal_camera_libuvc_nativeobject_UvcDeviceHandle_nativeReleaseRefDeviceHandle()...
12-01 21:27:29.013 20054 20187 V Uvc     : API: Java_org_firstinspires_ftc_robotcore_internal_camera_libuvc_nativeobject_UvcDeviceHandle_nativeReleaseRefDeviceHandle: enter...
12-01 21:27:29.013 20054 20187 D Uvc     : [libuvc/libuvc_internal.h:872] uvc_device_handle::~uvc_device_handle()...
12-01 21:27:29.013 20054 20187 D Uvc     : [libuvc/libuvc_internal.h:840] uvc_device_handle::deconstruct()...
12-01 21:27:29.013 20054 20187 D Uvc     : [libuvc/libuvc_internal.h:751] uvc_device_handle::stop()...
12-01 21:27:29.013 20054 20187 D Uvc     : [libuvc/libuvc_internal.h:751] ...uvc_device_handle::stop()
12-01 21:27:29.013 20054 20187 D Uvc     : [libuvc/libuvc_internal.h:865] uvc_device_handle::close()...
12-01 21:27:29.014 20054 20187 E libusb  : [30.835000] [00004edb] libusb: error [do_close] Device handle closed while transfer was still being processed, but the device is still connected as far as we know
12-01 21:27:29.014 20054 20187 E libusb  : [30.835130] [00004edb] libusb: error [do_close] A cancellation hasn't even been scheduled on the transfer for which the device is closing
12-01 21:27:29.014 20054 20187 D Uvc     : [libuvc/libuvc_internal.h:865] ...uvc_device_handle::close()
12-01 21:27:29.014 20054 20187 D Uvc     : [libuvc/libuvc_internal.h:840] ...uvc_device_handle::deconstruct()
12-01 21:27:29.014 20054 20187 D Uvc     : [device.cpp:433] uvc_free_device_info()...
12-01 21:27:29.014 20054 20187 D Uvc     : [device.cpp:433] ...uvc_free_device_info()
12-01 21:27:29.014 20054 20187 D Uvc     : [libuvc/libuvc_internal.h:872] ...uvc_device_handle::~uvc_device_handle()
12-01 21:27:29.014 20054 20187 V Uvc     : API: Java_org_firstinspires_ftc_robotcore_internal_camera_libuvc_nativeobject_UvcDeviceHandle_nativeReleaseRefDeviceHandle: ...exit
12-01 21:27:29.014 20054 20187 D Uvc     : [jni_devicehandle.cpp:87] ...Java_org_firstinspires_ftc_robotcore_internal_camera_libuvc_nativeobject_UvcDeviceHandle_nativeReleaseRefDeviceHandle()
12-01 21:27:29.015 20054 20187 V UvcDevice: destroy(pointer=0x8c5d5dd0|/dev/bus/usb/001/004)
12-01 21:27:29.015 20054 20187 D UsbDeviceConnectionJNI: close
12-01 21:27:29.015 20054 20187 D Uvc     : [jni_device.cpp:126] Java_org_firstinspires_ftc_robotcore_internal_camera_libuvc_nativeobject_UvcDevice_nativeReleaseRefDevice()...
12-01 21:27:29.015 20054 20187 V Uvc     : API: Java_org_firstinspires_ftc_robotcore_internal_camera_libuvc_nativeobject_UvcDevice_nativeReleaseRefDevice: enter...
12-01 21:27:29.015 20054 20187 D Uvc     : [device.cpp:882] uvc_unref_device()...
12-01 21:27:29.015 20054 20187 D Uvc     : [device.cpp:882] ...uvc_unref_device()
12-01 21:27:29.015 20054 20187 V Uvc     : API: Java_org_firstinspires_ftc_robotcore_internal_camera_libuvc_nativeobject_UvcDevice_nativeReleaseRefDevice: ...exit
12-01 21:27:29.015 20054 20187 D Uvc     : [jni_device.cpp:126] ...Java_org_firstinspires_ftc_robotcore_internal_camera_libuvc_nativeobject_UvcDevice_nativeReleaseRefDevice()
12-01 21:27:29.016 20054 20187 V LibUsbDevice: destroy(pointer=0x7e0dc060)
12-01 21:27:29.016 20054 20187 D Uvc     : [jni_libusb_device.cpp:64] Java_org_firstinspires_ftc_robotcore_internal_camera_libuvc_nativeobject_LibUsbDevice_nativeReleaseRefDevice()...
12-01 21:27:29.016 20054 20187 D Uvc     : [jni_libusb_device.cpp:64] ...Java_org_firstinspires_ftc_robotcore_internal_camera_libuvc_nativeobject_LibUsbDevice_nativeReleaseRefDevice()
12-01 21:27:29.016 20054 20187 D UvcDeviceHandle: ...destructor
12-01 21:27:29.016 20054 20187 D UvcDeviceHandle: ...CameraImpl.destructor()
12-01 21:27:29.016 20054 20187 D UsbResiliantWebcam: ...externalDestructor()
12-01 21:27:29.017 20054 20187 V UsbResiliantWebcam: destroy(hash=0x0050ea08)
12-01 21:27:29.017 20054 20187 D UsbResiliantWebcam: destructor()...
12-01 21:27:29.017 20054 20187 D UsbResiliantWebcam: ...destructor()
12-01 21:27:29.017 20054 20187 D UsbResiliantWebcam: ...CameraImpl.destructor()
12-01 21:27:29.018 20054 20187 I RobotCore: Attempting to switch to op mode $Stop$Robot$
12-01 21:27:29.018 20054 20187 D HardwareMap: Clearing which device instances have been retrieved
12-01 21:27:29.018 20054 20187 D HardwareMap: Clearing which device instances have been retrieved
12-01 21:27:29.022 20054 20250 V RobotCore: thread: 'OpModeThread' starting...
12-01 21:27:29.053 20054 20207 V Robocol : sending CMD_NOTIFY_INIT_OP_MODE(559), attempt: 0
12-01 21:27:29.096 20054 20173 V Robocol : received command: CMD_RUN_OP_MODE(10580) $Stop$Robot$
12-01 21:27:29.133 20054 20207 V Robocol : sending CMD_NOTIFY_RUN_OP_MODE(564), attempt: 0
12-01 21:27:30.347 20054 20062 D AprilTagDetectorJNI: Freeing april tag detector
12-01 21:27:30.360 20054 20062 D AprilTagDetectorJNI: Freeing tag family
12-01 21:27:30.360 20054 20062 D AprilTagDetectorJNI: Freeing tag type
12-01 21:27:30.360 20054 20062 D AprilTagDetectorJNI: Freeing april tag JNI context object
12-01 21:27:34.492 20054 20173 V Robocol : received command: CMD_SET_MATCH_NUMBER(10658) 0
12-01 21:27:34.493 20054 20173 V Robocol : received command: CMD_INIT_OP_MODE(10659) PowerPlayAuto1
12-01 21:27:34.506 20054 20174 I RobotCore: ******************** START - OPMODE PowerPlayAuto1 ********************
12-01 21:27:34.514 20054 20250 V RobotCore: thread: ...terminating 'OpModeThread'
12-01 21:27:34.519 20054 20187 I RobotCore: Attempting to switch to op mode PowerPlayAuto1
12-01 21:27:34.649 20054 20187 D HardwareMap: Clearing which device instances have been retrieved
12-01 21:27:34.649 20054 20187 D HardwareMap: Clearing which device instances have been retrieved
12-01 21:27:34.652 20054 20253 V RobotCore: thread: 'OpModeThread' starting...
12-01 21:27:34.654 20054 20207 V Robocol : sending CMD_NOTIFY_INIT_OP_MODE(654), attempt: 0
12-01 21:27:34.738 20054 20253 V BNO055  : Suppressing I2C warnings while we check for a BNO055 IMU
12-01 21:27:34.744 20054 20253 V BNO055  : Found BNO055 IMU
12-01 21:27:35.189 20054 20253 V BNO055IMU: Now polling until IMU comes out of reset. It is normal to see I2C failures below
12-01 21:27:35.194 20054 20253 V RobotCore: addr=false data=true arb=false clock=false
12-01 21:27:35.194 20054 20253 E LynxI2cDeviceSynch: readStatusQuery: cbExpected=1 cbRead=0
12-01 21:27:35.194 20054 20253 E LynxI2cDeviceSynch: placeholder: readStatusQuery
12-01 21:27:35.261 20054 20253 V RobotCore: addr=false data=true arb=false clock=false
12-01 21:27:35.262 20054 20253 E LynxI2cDeviceSynch: readStatusQuery: cbExpected=1 cbRead=0
12-01 21:27:35.430 20054 20253 V BNO055IMU: IMU has come out of reset. No more I2C failures should occur.
12-01 21:27:35.501 20054 20253 I System.out: OpenCvCameraBase ctor: EasyOpenCV version 1.5.2
12-01 21:27:35.505 20054 20253 D AprilTagDetectorJNI: Creating 36h11 tag family
12-01 21:27:35.505 20054 20253 D AprilTagDetectorJNI: Initializing april tag detector
12-01 21:27:35.533 20054 20207 V Robocol : sending CMD_STREAM_CHANGE(665), attempt: 0
12-01 21:27:35.541 20054 20054 D OpenCvViewport: surfaceCreated()
12-01 21:27:35.541 20054 20054 D OpenCvViewport: ...surfaceCreated()
12-01 21:27:35.541 20054 20054 D OpenCvViewport: surfaceChanged()
12-01 21:27:35.541 20054 20054 D OpenCvViewport: CheckState(): user requested that we deactivate
12-01 21:27:35.541 20054 20054 D OpenCvViewport: CheckState(): already deactivated
12-01 21:27:35.541 20054 20054 D OpenCvViewport: ...surfaceChanged()
12-01 21:27:35.703 20054 20253 D AprilTagDetectorJNI: Initializing april tag JNI context object
12-01 21:27:35.705 20054 20255 D CameraManager: doOpenCamera()...
12-01 21:27:35.705 20054 20255 D CameraManager: requesting permission for camera: Webcam(688D709F)
12-01 21:27:35.709 20054 20255 D WebcamNameImpl: requesting permission for /dev/bus/usb/001/004
12-01 21:27:35.709 20054 20255 V WebcamNameImpl: asyncRequestUsbPermission()...
12-01 21:27:35.710 20054 20255 D WebcamNameImpl: permission already available for /dev/bus/usb/001/004
12-01 21:27:35.711 20054 20255 V WebcamNameImpl: ...asyncRequestUsbPermission()
12-01 21:27:35.711 20054 20255 D ContinuationSynchronizer: awaiting(camera open)...
12-01 21:27:35.711 20054 20228 D WebcamNameImpl: permission for /dev/bus/usb/001/004=true
12-01 21:27:35.711 20054 20228 D CameraManager: permission granted for camera: Webcam(688D709F)
12-01 21:27:35.711 20054 20228 D CameraManager: asyncOpenCamera(Webcam(688D709F))...
12-01 21:27:35.711 20054 20228 D CameraManager: asyncOpenWebcam(Webcam(688D709F))...
12-01 21:27:35.711 20054 20228 V UsbResiliantWebcam: construct(0x05a00080)
12-01 21:27:35.712 20054 20228 D UsbResiliantWebcam: openAssumingPermission()...
12-01 21:27:35.713 20054 20228 D UvcContext: found webcam: usbPath=/dev/bus/usb/001/004 vid=0x46D pid=0x8E5 serial=688D709F product=HD Pro Webcam C920
12-01 21:27:35.713 20054 20228 D Uvc     : [jni_context.cpp:120] Java_org_firstinspires_ftc_robotcore_internal_camera_libuvc_nativeobject_UvcContext_nativeCreateUvcDevice()...
12-01 21:27:35.713 20054 20228 V Uvc     : API: Java_org_firstinspires_ftc_robotcore_internal_camera_libuvc_nativeobject_UvcContext_nativeCreateUvcDevice: enter...
12-01 21:27:35.713 20054 20228 D libusb  : [37.534571] [00004f04] libusb: debug [op_create] op_create: szUsbPath=/dev/bus/usb/001/004 szSysfsDir=(null)
12-01 21:27:35.713 20054 20228 D Uvc     : [device.cpp:613] uvc_create_uvc_device()...
12-01 21:27:35.713 20054 20228 D Uvc     : [libuvc/libuvc_internal.h:346] uvc_device::uvc_device()...
12-01 21:27:35.713 20054 20228 D Uvc     : [libuvc/libuvc_internal.h:375] acquired vid=1133 & pid=2277
12-01 21:27:35.713 20054 20228 D Uvc     : [libuvc/libuvc_internal.h:346] ...uvc_device::uvc_device()
12-01 21:27:35.713 20054 20228 D Uvc     : [device.cpp:613] ...uvc_create_uvc_device() rc=0
12-01 21:27:35.713 20054 20228 V Uvc     : API: Java_org_firstinspires_ftc_robotcore_internal_camera_libuvc_nativeobject_UvcContext_nativeCreateUvcDevice: ...exit
12-01 21:27:35.713 20054 20228 D Uvc     : [jni_context.cpp:120] ...Java_org_firstinspires_ftc_robotcore_internal_camera_libuvc_nativeobject_UvcContext_nativeCreateUvcDevice()
12-01 21:27:35.713 20054 20228 V UvcDevice: construct(pointer=0x7c8269d0|null)
12-01 21:27:35.713 20054 20228 D Uvc     : [jni_device.cpp:108] Java_org_firstinspires_ftc_robotcore_internal_camera_libuvc_nativeobject_UvcDevice_nativeGetLibUsbDevice()...
12-01 21:27:35.713 20054 20228 D Uvc     : [jni_device.cpp:108] ...Java_org_firstinspires_ftc_robotcore_internal_camera_libuvc_nativeobject_UvcDevice_nativeGetLibUsbDevice()
12-01 21:27:35.713 20054 20228 V LibUsbDevice: construct(pointer=0x7e0dc060)
12-01 21:27:35.714 20054 20228 D UvcContext: usb device is *not* UVC compatible, /dev/bus/usb/001/003
12-01 21:27:35.715 20054 20228 D UvcDevice: open()...
12-01 21:27:36.595 20054 20228 D Uvc     : [jni_device.cpp:50] Java_org_firstinspires_ftc_robotcore_internal_camera_libuvc_nativeobject_UvcDevice_nativeSetUsbDeviceInfo()...
12-01 21:27:36.595 20054 20228 D Uvc     : [jni_device.cpp:50] ...Java_org_firstinspires_ftc_robotcore_internal_camera_libuvc_nativeobject_UvcDevice_nativeSetUsbDeviceInfo()
12-01 21:27:36.596 20054 20228 D Uvc     : [jni_device.cpp:233] Java_org_firstinspires_ftc_robotcore_internal_camera_libuvc_nativeobject_UvcDevice_nativeOpenDeviceHandle()...
12-01 21:27:36.596 20054 20228 V Uvc     : API: Java_org_firstinspires_ftc_robotcore_internal_camera_libuvc_nativeobject_UvcDevice_nativeOpenDeviceHandle: enter...
12-01 21:27:36.596 20054 20228 D Uvc     : [device.cpp:279] uvc_open()...
12-01 21:27:36.596 20054 20228 D Uvc     : [libuvc/libuvc_internal.h:356] uvc_device::open()...
12-01 21:27:36.596 20054 20228 D libusb  : [38.417227] [00004f04] libusb: debug [op_open] op_open: szUsbPath=/dev/bus/usb/001/004
12-01 21:27:36.596 20054 20228 D Uvc     : [libuvc/libuvc_internal.h:356] ...uvc_device::open() rc=0
12-01 21:27:36.596 20054 20228 D Uvc     : [device.cpp:295] calling libusb_reset_device()...
12-01 21:27:37.997 20054 20228 D Uvc     : [device.cpp:303] ...libusb_reset_device() called
12-01 21:27:37.997 20054 20228 D Uvc     : [device.cpp:311] libusb_open() = 0
12-01 21:27:37.997 20054 20228 D Uvc     : [libuvc/libuvc_internal.h:732] uvc_device_handle::uvc_device_handle()...
12-01 21:27:37.997 20054 20228 D Uvc     : [libuvc/libuvc_internal.h:732] ...uvc_device_handle::uvc_device_handle()
12-01 21:27:37.997 20054 20228 D Uvc     : [device.cpp:386] uvc_get_device_info()...
12-01 21:27:37.998 20054 20228 D libusb  : [39.818969] [00004f04] libusb: debug [op_get_config_descriptor] op_get_config_descriptor: config_index=0
12-01 21:27:37.998 20054 20228 D libusb  : [39.819028] [00004f04] libusb: debug [op_get_config_descriptor] op_get_config_descriptor: config_index=0
12-01 21:27:37.998 20054 20228 D Uvc     : [device.cpp:986] uvc_scan_control()...
12-01 21:27:37.998 20054 20228 D Uvc     : [device.cpp:1041] uvc_parse_vc_header()...
12-01 21:27:37.998 20054 20228 D Uvc     : [device.cpp:1284] uvc_scan_streaming()...
12-01 21:27:37.998 20054 20228 D Uvc     : [device.cpp:1340] uvc_parse_vs_input_header()...
12-01 21:27:37.998 20054 20228 D Uvc     : [device.cpp:1340] ...uvc_parse_vs_input_header() rc=0
12-01 21:27:37.998 20054 20228 D Uvc     : [device.cpp:1389] uvc_parse_vs_format_uncompressed()...
12-01 21:27:37.998 20054 20228 D Uvc     : [device.cpp:1389] ...uvc_parse_vs_format_uncompressed() rc=0
12-01 21:27:37.998 20054 20228 V Uvc     : [device.cpp:1630] unsupported descriptor subtype: 13 UVC_VS_COLORFORMAT
12-01 21:27:37.998 20054 20228 D Uvc     : [device.cpp:1449] uvc_parse_vs_format_mjpeg()...
12-01 21:27:37.998 20054 20228 D Uvc     : [device.cpp:1449] ...uvc_parse_vs_format_mjpeg() rc=0
12-01 21:27:37.998 20054 20228 V Uvc     : [device.cpp:1630] unsupported descriptor subtype: 13 UVC_VS_COLORFORMAT
12-01 21:27:37.998 20054 20228 D Uvc     : [device.cpp:1284] ...uvc_scan_streaming() rc=0
12-01 21:27:37.998 20054 20228 D Uvc     : [device.cpp:1041] ...uvc_parse_vc_header() rc=0
12-01 21:27:37.998 20054 20228 D Uvc     : [device.cpp:1083] uvc_parse_vc_input_terminal()...
12-01 21:27:37.999 20054 20228 D Uvc     : [device.cpp:1083] ...uvc_parse_vc_input_terminal() rc=0
12-01 21:27:37.999 20054 20228 D Uvc     : [device.cpp:1156] uvc_parse_vc_processing_unit()...
12-01 21:27:37.999 20054 20228 D Uvc     : [device.cpp:1156] ...uvc_parse_vc_processing_unit() rc=0
12-01 21:27:37.999 20054 20228 D Uvc     : [device.cpp:986] ...uvc_scan_control() rc=0
12-01 21:27:37.999 20054 20228 D Uvc     : [device.cpp:386] ...uvc_get_device_info() rc=0
12-01 21:27:37.999 20054 20228 D Uvc     : [device.cpp:326] claiming control interface 0
12-01 21:27:37.999 20054 20228 D Uvc     : [libuvc/libuvc_internal.h:770] uvc_device_handle::claimInterface(idx=0)...
12-01 21:27:37.999 20054 20228 D UvcDevice: claimInterface(0)
12-01 21:27:37.999 20054 20228 D UvcDevice: claimInterface(0) succeeded
12-01 21:27:37.999 20054 20228 D Uvc     : [libuvc/libuvc_internal.h:783] claimInterface(0) succeeded
12-01 21:27:37.999 20054 20228 D Uvc     : [libuvc/libuvc_internal.h:770] ...uvc_device_handle::claimInterface() rc=0
12-01 21:27:37.999 20054 20228 D Uvc     : [device.cpp:279] ...uvc_open() rc=0
12-01 21:27:37.999 20054 20228 V Uvc     : API: Java_org_firstinspires_ftc_robotcore_internal_camera_libuvc_nativeobject_UvcDevice_nativeOpenDeviceHandle: ...exit
12-01 21:27:37.999 20054 20228 D Uvc     : [jni_device.cpp:233] ...Java_org_firstinspires_ftc_robotcore_internal_camera_libuvc_nativeobject_UvcDevice_nativeOpenDeviceHandle()
12-01 21:27:38.000 20054 20228 V UvcDeviceHandle: construct(pointer=0x7c874210)
12-01 21:27:38.000 20054 20228 V CameraImpl: construct(0x03c94afe)
12-01 21:27:38.000 20054 20228 D UsbResiliantWebcam.InterveningStateCallback: onOpened() camera=CameraImpl(UvcDeviceHandle(pointer=0x7c874210|UvcDevice(/dev/bus/usb/001/004)))...
12-01 21:27:38.001 20054 20228 D UsbResiliantWebcam: changeDelegatedCamera(null->CameraImpl(UvcDeviceHandle(pointer=0x7c874210|UvcDevice(/dev/bus/usb/001/004))))...
12-01 21:27:38.001 20054 20228 D UvcApiFocusControl: isModeSupported(Auto)...
12-01 21:27:38.001 20054 20228 D UvcApiFocusControl: ...isModeSupported(Auto): false
12-01 21:27:38.001 20054 20228 D UvcApiFocusControl: isModeSupported(ContinuousAuto)...
12-01 21:27:38.002 20054 20228 D UvcApiFocusControl: ...isModeSupported(ContinuousAuto): true
12-01 21:27:38.002 20054 20228 D UvcApiFocusControl: isModeSupported(Macro)...
12-01 21:27:38.002 20054 20228 D UvcApiFocusControl: ...isModeSupported(Macro): false
12-01 21:27:38.002 20054 20228 D UvcApiFocusControl: isModeSupported(Infinity)...
12-01 21:27:38.002 20054 20228 D UvcApiFocusControl: ...isModeSupported(Infinity): false
12-01 21:27:38.002 20054 20228 D UvcApiFocusControl: isModeSupported(Fixed)...
12-01 21:27:38.002 20054 20228 D UvcApiFocusControl: ...isModeSupported(Fixed): true
12-01 21:27:38.002 20054 20228 D UvcApiFocusControl: isFocusLengthSupported...
12-01 21:27:38.002 20054 20228 D UvcApiFocusControl: ...isFocusLengthSupported: true
12-01 21:27:38.002 20054 20228 D UvcApiFocusControl: getMinFocusLength()...
12-01 21:27:38.004 20054 20228 D UvcApiFocusControl: ...getMinFocusLength(): 0.0
12-01 21:27:38.004 20054 20228 D UvcApiFocusControl: getMaxFocusLength()...
12-01 21:27:38.005 20054 20228 D UvcApiFocusControl: ...getMaxFocusLength(): 250.0
12-01 21:27:38.006 20054 20228 D UvcApiFocusControl: getFocusLength()...
12-01 21:27:38.006 20054 20228 D UvcDeviceHandle: [jni_devicehandle.cpp:1059] focusLength=0
12-01 21:27:38.007 20054 20228 D UvcApiFocusControl: ...getFocusLength(): 0.0
12-01 21:27:38.007 20054 20228 D CachingExposureControl: onCameraChanged(null->CameraImpl(UvcDeviceHandle(pointer=0x7c874210|UvcDevice(/dev/bus/usb/001/004))))...
12-01 21:27:38.008 20054 20228 D UvcApiExposureControl: isModeSupported(Auto)...
12-01 21:27:38.009 20054 20228 D UvcApiExposureControl: ...isModeSupported(Auto): false
12-01 21:27:38.009 20054 20228 D UvcApiExposureControl: isModeSupported(ContinuousAuto)...
12-01 21:27:38.010 20054 20228 D UvcApiExposureControl: ...isModeSupported(ContinuousAuto): false
12-01 21:27:38.010 20054 20228 D UvcApiExposureControl: isModeSupported(Manual)...
12-01 21:27:38.011 20054 20228 D UvcApiExposureControl: ...isModeSupported(Manual): true
12-01 21:27:38.012 20054 20228 D UvcApiExposureControl: isModeSupported(ShutterPriority)...
12-01 21:27:38.013 20054 20228 D UvcApiExposureControl: ...isModeSupported(ShutterPriority): false
12-01 21:27:38.013 20054 20228 D UvcApiExposureControl: isModeSupported(AperturePriority)...
12-01 21:27:38.014 20054 20228 D UvcApiExposureControl: ...isModeSupported(AperturePriority): true
12-01 21:27:38.014 20054 20228 D UvcApiExposureControl: isExposureSupported()...
12-01 21:27:38.014 20054 20228 D UvcApiExposureControl: ...isExposureSupported(): true
12-01 21:27:38.014 20054 20228 D UvcApiExposureControl: getMinExposure(NANOSECONDS)...
12-01 21:27:38.014 20054 20228 D Uvc     : [jni_devicehandle.cpp:645] Java_org_firstinspires_ftc_robotcore_internal_camera_libuvc_nativeobject_UvcDeviceHandle_nativeGetMinExposure()...
12-01 21:27:38.015 20054 20228 D Uvc     : [jni_devicehandle.cpp:645] ...Java_org_firstinspires_ftc_robotcore_internal_camera_libuvc_nativeobject_UvcDeviceHandle_nativeGetMinExposure()
12-01 21:27:38.015 20054 20228 D UvcApiExposureControl: ...getMinExposure(NANOSECONDS): 300000
12-01 21:27:38.016 20054 20228 D UvcApiExposureControl: getMaxExposure(NANOSECONDS)...
12-01 21:27:38.017 20054 20228 D UvcApiExposureControl: ...getMaxExposure(NANOSECONDS): 204700000
12-01 21:27:38.017 20054 20228 D UvcApiExposureControl: setAePriority()...
12-01 21:27:38.018 20054 20228 D UvcApiExposureControl: ...setAePriority()
12-01 21:27:38.018 20054 20228 D UvcApiExposureControl: getMode()...
12-01 21:27:38.018 20054 20228 D Uvc     : [jni_devicehandle.cpp:493] Java_org_firstinspires_ftc_robotcore_internal_camera_libuvc_nativeobject_UvcDeviceHandle_nativeGetVuforiaExposureMode()...
12-01 21:27:38.019 20054 20228 D Uvc     : [jni_devicehandle.cpp:493] ...Java_org_firstinspires_ftc_robotcore_internal_camera_libuvc_nativeobject_UvcDeviceHandle_nativeGetVuforiaExposureMode()
12-01 21:27:38.019 20054 20228 D UvcApiExposureControl: ...getMode(): AperturePriority
12-01 21:27:38.020 20054 20228 D CachingExposureControl: ...onCameraChanged(null->CameraImpl(UvcDeviceHandle(pointer=0x7c874210|UvcDevice(/dev/bus/usb/001/004))))
12-01 21:27:38.020 20054 20228 D UvcApiPtzControl: getMinZoom()...
12-01 21:27:38.021 20054 20228 D UvcApiPtzControl: ...getMinZoom(): 100
12-01 21:27:38.021 20054 20228 D UvcApiPtzControl: getMaxZoom()...
12-01 21:27:38.022 20054 20228 D UvcApiPtzControl: ...getMaxZoom(): 500
12-01 21:27:38.022 20054 20228 D UvcApiPtzControl: getMinPanTilt()...
12-01 21:27:38.023 20054 20228 D UvcApiPtzControl: ...getMinPanTilt(): org.firstinspires.ftc.robotcore.external.hardware.camera.controls.PtzControl$PanTiltHolder@2825f
12-01 21:27:38.023 20054 20228 D UvcApiPtzControl: getMaxPanTilt()...
12-01 21:27:38.024 20054 20228 D UvcApiPtzControl: ...getMaxPanTilt(): org.firstinspires.ftc.robotcore.external.hardware.camera.controls.PtzControl$PanTiltHolder@944a4ac
12-01 21:27:38.024 20054 20228 D UvcApiPtzControl: getZoom()...
12-01 21:27:38.024 20054 20228 D UvcApiPtzControl: ...getZoom(): 100
12-01 21:27:38.024 20054 20228 D UvcApiPtzControl: getPanTilt()...
12-01 21:27:38.025 20054 20228 D UvcApiPtzControl: ...getPanTilt(): org.firstinspires.ftc.robotcore.external.hardware.camera.controls.PtzControl$PanTiltHolder@56eb575
12-01 21:27:38.025 20054 20228 D UvcApiGainControl: getMinGain()...
12-01 21:27:38.025 20054 20228 D Uvc     : [jni_devicehandle.cpp:894] Java_org_firstinspires_ftc_robotcore_internal_camera_libuvc_nativeobject_UvcDeviceHandle_nativeGetMinGain()...
12-01 21:27:38.026 20054 20228 D Uvc     : [jni_devicehandle.cpp:894] ...Java_org_firstinspires_ftc_robotcore_internal_camera_libuvc_nativeobject_UvcDeviceHandle_nativeGetMinGain()
12-01 21:27:38.026 20054 20228 D UvcApiGainControl: ...getMinGain(): 0
12-01 21:27:38.026 20054 20228 D UvcApiGainControl: getMaxGain()...
12-01 21:27:38.026 20054 20228 D Uvc     : [jni_devicehandle.cpp:917] Java_org_firstinspires_ftc_robotcore_internal_camera_libuvc_nativeobject_UvcDeviceHandle_nativeGetMaxGain()...
12-01 21:27:38.027 20054 20228 D Uvc     : [jni_devicehandle.cpp:917] ...Java_org_firstinspires_ftc_robotcore_internal_camera_libuvc_nativeobject_UvcDeviceHandle_nativeGetMaxGain()
12-01 21:27:38.027 20054 20228 D UvcApiGainControl: ...getMaxGain(): 255
12-01 21:27:38.027 20054 20228 D UvcApiGainControl: getGain()...
12-01 21:27:38.027 20054 20228 D Uvc     : [jni_devicehandle.cpp:940] Java_org_firstinspires_ftc_robotcore_internal_camera_libuvc_nativeobject_UvcDeviceHandle_nativeGetGain()...
12-01 21:27:38.027 20054 20228 D Uvc     : [jni_devicehandle.cpp:940] ...Java_org_firstinspires_ftc_robotcore_internal_camera_libuvc_nativeobject_UvcDeviceHandle_nativeGetGain()
12-01 21:27:38.028 20054 20228 D UvcApiGainControl: ...getGain(): 0
12-01 21:27:38.028 20054 20228 D UvcApiWhiteBalanceControl: getMinWhiteBalanceTemperature()...
12-01 21:27:38.028 20054 20228 D Uvc     : [jni_devicehandle.cpp:726] Java_org_firstinspires_ftc_robotcore_internal_camera_libuvc_nativeobject_UvcDeviceHandle_nativeGetMinWhiteBalanceTemperature()...
12-01 21:27:38.028 20054 20228 D Uvc     : [jni_devicehandle.cpp:726] ...Java_org_firstinspires_ftc_robotcore_internal_camera_libuvc_nativeobject_UvcDeviceHandle_nativeGetMinWhiteBalanceTemperature()
12-01 21:27:38.028 20054 20228 D UvcApiWhiteBalanceControl: ...getMinWhiteBalanceTemperature(): 2000
12-01 21:27:38.029 20054 20228 D UvcApiWhiteBalanceControl: getMaxWhiteBalanceTemperature()...
12-01 21:27:38.029 20054 20228 D Uvc     : [jni_devicehandle.cpp:748] Java_org_firstinspires_ftc_robotcore_internal_camera_libuvc_nativeobject_UvcDeviceHandle_nativeGetMaxWhiteBalanceTemperature()...
12-01 21:27:38.029 20054 20228 D Uvc     : [jni_devicehandle.cpp:748] ...Java_org_firstinspires_ftc_robotcore_internal_camera_libuvc_nativeobject_UvcDeviceHandle_nativeGetMaxWhiteBalanceTemperature()
12-01 21:27:38.029 20054 20228 D UvcApiWhiteBalanceControl: ...getMaxWhiteBalanceTemperature(): 6500
12-01 21:27:38.029 20054 20228 D UvcApiWhiteBalanceControl: getWhiteBalanceTemperature()...
12-01 21:27:38.029 20054 20228 D Uvc     : [jni_devicehandle.cpp:793] Java_org_firstinspires_ftc_robotcore_internal_camera_libuvc_nativeobject_UvcDeviceHandle_nativeGetWhiteBalanceTemperature()...
12-01 21:27:38.030 20054 20228 D Uvc     : [jni_devicehandle.cpp:793] ...Java_org_firstinspires_ftc_robotcore_internal_camera_libuvc_nativeobject_UvcDeviceHandle_nativeGetWhiteBalanceTemperature()
12-01 21:27:38.030 20054 20228 D UvcApiWhiteBalanceControl: ...getWhiteBalanceTemperature(): 4000
12-01 21:27:38.030 20054 20228 D UsbResiliantWebcam: ...changeDelegatedCamera(null->CameraImpl(UvcDeviceHandle(pointer=0x7c874210|UvcDevice(/dev/bus/usb/001/004))))
12-01 21:27:38.030 20054 20228 D UsbResiliantWebcam: openSelfAndReport()...
12-01 21:27:38.031 20054 20228 V CameraImpl: construct(0x08eb190a)
12-01 21:27:38.031 20054 20228 D UsbResiliantWebcam: ...openSelfAndReport()
12-01 21:27:38.031 20054 20228 D UsbResiliantWebcam.InterveningStateCallback: ...onOpened() camera=CameraImpl(UvcDeviceHandle(pointer=0x7c874210|UvcDevice(/dev/bus/usb/001/004)))
12-01 21:27:38.031 20054 20228 D UvcDevice: ...open()
12-01 21:27:38.031 20054 20228 D UsbResiliantWebcam: ...openAssumingPermission()
12-01 21:27:38.031 20054 20228 D CameraManager: ...asyncOpenWebcam(Webcam(688D709F))
12-01 21:27:38.031 20054 20228 D CameraManager: ...asyncOpenCamera(Webcam(688D709F))
12-01 21:27:38.031 20054 20100 D CameraManager: camera reports opened: CameraImpl(UsbResiliantWebcam(Webcam(688D709F)))
12-01 21:27:38.031 20054 20100 D ContinuationSynchronizer: finish("camera reports opened: Webcam(688D709F)": CameraImpl(UsbResiliantWebcam(Webcam(688D709F))))...
12-01 21:27:38.031 20054 20100 D ContinuationSynchronizer: ...finish("camera reports opened: Webcam(688D709F)": CameraImpl(UsbResiliantWebcam(Webcam(688D709F))))
12-01 21:27:38.031 20054 20255 D ContinuationSynchronizer: ...awaiting(camera open)
12-01 21:27:38.032 20054 20255 D CameraManager: ...doOpenCamera()
12-01 21:27:38.033 20054 20255 D UvcContext: found webcam: usbPath=/dev/bus/usb/001/004 vid=0x46D pid=0x8E5 serial=688D709F product=HD Pro Webcam C920
12-01 21:27:38.033 20054 20255 D Uvc     : [jni_context.cpp:120] Java_org_firstinspires_ftc_robotcore_internal_camera_libuvc_nativeobject_UvcContext_nativeCreateUvcDevice()...
12-01 21:27:38.033 20054 20255 V Uvc     : API: Java_org_firstinspires_ftc_robotcore_internal_camera_libuvc_nativeobject_UvcContext_nativeCreateUvcDevice: enter...
12-01 21:27:38.033 20054 20255 D libusb  : [39.854894] [00004f1f] libusb: debug [op_create] op_create: szUsbPath=/dev/bus/usb/001/004 szSysfsDir=(null)
12-01 21:27:38.033 20054 20255 D Uvc     : [device.cpp:613] uvc_create_uvc_device()...
12-01 21:27:38.033 20054 20255 D Uvc     : [libuvc/libuvc_internal.h:346] uvc_device::uvc_device()...
12-01 21:27:38.033 20054 20255 D Uvc     : [libuvc/libuvc_internal.h:375] acquired vid=1133 & pid=2277
12-01 21:27:38.034 20054 20255 D Uvc     : [libuvc/libuvc_internal.h:346] ...uvc_device::uvc_device()
12-01 21:27:38.034 20054 20255 D Uvc     : [device.cpp:613] ...uvc_create_uvc_device() rc=0
