12-01 22:31:08.511 31927 32497 V RobotCore: thread: 'EventLoop' starting...
12-01 22:31:08.512 31927 32069 D SoundPlayer: playing volume=1.000000 samp=1|ms=4506
12-01 22:31:08.516 31927 32497 I zygote  : Deoptimizing java.lang.String com.qualcomm.robotcore.util.RobotLog.combineGlobalWarnings(java.util.List) due to JIT inline cache
12-01 22:31:09.018 31927 32497 I RobotCore: Attempting to switch to op mode $Stop$Robot$
12-01 22:31:09.018 31927 32497 D HardwareMap: Clearing which device instances have been retrieved
12-01 22:31:09.018 31927 32497 D HardwareMap: Clearing which device instances have been retrieved
12-01 22:31:09.019 31927 32498 V RobotCore: thread: 'OpModeThread' starting...
12-01 22:32:28.009 31927 31927 V AppUtil : exitApplication(0) was called. Printing stacktrace.
12-01 22:32:28.011 31927 31927 E AppUtil : java.lang.RuntimeException
12-01 22:32:28.014 31927 31927 E AppUtil : 	at org.firstinspires.ftc.robotcore.internal.system.AppUtil.exitApplication(AppUtil.java:686)
12-01 22:32:28.016 31927 31927 E AppUtil : 	at org.firstinspires.ftc.robotcore.internal.system.AppUtil.exitApplication(AppUtil.java:692)
12-01 22:32:28.020 31927 31927 E AppUtil : 	at org.firstinspires.ftc.robotcontroller.internal.FtcRobotControllerActivity.onOptionsItemSelected(FtcRobotControllerActivity.java:612)
12-01 22:32:28.021 31927 31927 E AppUtil : 	at org.firstinspires.ftc.robotcontroller.internal.FtcRobotControllerActivity$2$1.onMenuItemClick(FtcRobotControllerActivity.java:330)
12-01 22:32:28.021 31927 31927 E AppUtil : 	at android.widget.PopupMenu$1.onMenuItemSelected(PopupMenu.java:105)
12-01 22:32:28.022 31927 31927 E AppUtil : 	at com.android.internal.view.menu.MenuBuilder.dispatchMenuItemSelected(MenuBuilder.java:761)
12-01 22:32:28.022 31927 31927 E AppUtil : 	at com.android.internal.view.menu.MenuItemImpl.invoke(MenuItemImpl.java:167)
12-01 22:32:28.022 31927 31927 E AppUtil : 	at com.android.internal.view.menu.MenuBuilder.performItemAction(MenuBuilder.java:908)
12-01 22:32:28.023 31927 31927 E AppUtil : 	at com.android.internal.view.menu.MenuBuilder.performItemAction(MenuBuilder.java:898)
12-01 22:32:28.023 31927 31927 E AppUtil : 	at com.android.internal.view.menu.MenuPopup.onItemClick(MenuPopup.java:128)
12-01 22:32:28.023 31927 31927 E AppUtil : 	at android.widget.AdapterView.performItemClick(AdapterView.java:318)
12-01 22:32:28.023 31927 31927 E AppUtil : 	at android.widget.AbsListView.performItemClick(AbsListView.java:1158)
12-01 22:32:28.024 31927 31927 E AppUtil : 	at android.widget.AbsListView$PerformClick.run(AbsListView.java:3153)
12-01 22:32:28.024 31927 31927 E AppUtil : 	at android.widget.AbsListView$3.run(AbsListView.java:4068)
12-01 22:32:28.024 31927 31927 E AppUtil : 	at android.os.Handler.handleCallback(Handler.java:790)
12-01 22:32:28.024 31927 31927 E AppUtil : 	at android.os.Handler.dispatchMessage(Handler.java:99)
12-01 22:32:28.024 31927 31927 E AppUtil : 	at android.os.Looper.loop(Looper.java:164)
12-01 22:32:28.024 31927 31927 E AppUtil : 	at android.app.ActivityThread.main(ActivityThread.java:6626)
12-01 22:32:28.025 31927 31927 E AppUtil : 	at java.lang.reflect.Method.invoke(Native Method)
12-01 22:32:28.025 31927 31927 E AppUtil : 	at com.android.internal.os.RuntimeInit$MethodAndArgsCaller.run(RuntimeInit.java:438)
12-01 22:32:28.025 31927 31927 E AppUtil : 	at com.android.internal.os.ZygoteInit.main(ZygoteInit.java:811)
12-01 22:32:28.027 31927 31927 I zygote  : System.exit called, status: 0
12-01 22:32:28.027 31927 31927 I AndroidRuntime: VM exiting with result code 0, cleanup skipped.
--------- beginning of system
12-01 22:32:29.126 32542 32542 E SchedPolicy: open of /dev/cpuctl/bg_non_interactive/tasks failed: No such file or directory
--------- beginning of main
12-01 22:32:29.226 32542 32542 D Uvc     : [jni.cpp:72] JNI_OnLoad()...
12-01 22:32:29.226 32542 32542 D Uvc     : [JniEnv.h:32] ScopedJniEnv::onJniLoad()...
12-01 22:32:29.226 32542 32542 D Uvc     : [JniEnv.h:32] ...ScopedJniEnv::onJniLoad()
12-01 22:32:29.226 32542 32542 D Uvc     : [jni.cpp:72] ...JNI_OnLoad()
12-01 22:32:29.229 32542 32542 V AppUtil : initializing: getExternalStorageDirectory()=/storage/emulated/0
12-01 22:32:29.233 32542 32542 I ActivityThread: handleStopService: token=android.os.BinderProxy@86f0a02 not found.
12-01 22:32:29.233 32542 32557 V RobotCore: saving logcat to /storage/emulated/0/robotControllerLog.txt
12-01 22:32:29.233 32542 32557 V RobotCore: logging command line: exec logcat -f /storage/emulated/0/robotControllerLog.txt -r4096 -n4 -v threadtime UsbRequestJNI:S UsbRequest:S art:W ThreadPool:W System:W ExtendedExtractor:W OMXClient:W MediaPlayer:W dalvikvm:W  *:V
12-01 22:32:29.233 32542 32542 V OnBotJavaService: onCreate()
12-01 22:32:29.234 32542 32542 V OnBotJavaService: onDestroy()
12-01 22:32:29.276 32542 32557 I RobotCore: Done running ps
12-01 22:32:29.285 32561 32561 W sh      : type=1400 audit(0.0:288): avc: denied { read } for uid=10138 name="/" dev="rootfs" ino=2 scontext=u:r:untrusted_app:s0:c512,c768 tcontext=u:object_r:rootfs:s0 tclass=dir permissive=0
12-01 22:32:29.315 32561 32561 E SchedPolicy: open of /dev/cpuctl/bg_non_interactive/tasks failed: No such file or directory
12-01 22:33:10.456 32542 32542 V AppUtil : rootActivity=PermissionValidatorWrapper
12-01 22:33:10.456 32542 32542 I PermissionValidatorActivity: Lifecycle onCreate : c32896f
12-01 22:33:10.923 32542 32542 I PermissionValidatorActivity: Lifecycle onStart : c32896f
12-01 22:33:10.926 32542 32542 I PermissionValidator: Checking permission for android.permission.WRITE_EXTERNAL_STORAGE
12-01 22:33:10.929 32542 32542 I PermissionValidator:     Granted: android.permission.WRITE_EXTERNAL_STORAGE
12-01 22:33:10.929 32542 32542 I PermissionValidator: Checking permission for android.permission.READ_EXTERNAL_STORAGE
12-01 22:33:10.929 32542 32542 I PermissionValidator:     Granted: android.permission.READ_EXTERNAL_STORAGE
12-01 22:33:10.929 32542 32542 I PermissionValidator: Checking permission for android.permission.CAMERA
12-01 22:33:10.929 32542 32542 I PermissionValidator:     Granted: android.permission.CAMERA
12-01 22:33:10.929 32542 32542 I PermissionValidator: Checking permission for android.permission.ACCESS_COARSE_LOCATION
12-01 22:33:10.930 32542 32542 I PermissionValidator:     Granted: android.permission.ACCESS_COARSE_LOCATION
12-01 22:33:10.930 32542 32542 I PermissionValidator: Checking permission for android.permission.ACCESS_FINE_LOCATION
12-01 22:33:10.930 32542 32542 I PermissionValidator:     Granted: android.permission.ACCESS_FINE_LOCATION
12-01 22:33:10.930 32542 32542 I PermissionValidator: Checking permission for android.permission.READ_PHONE_STATE
12-01 22:33:10.930 32542 32542 I PermissionValidator:     Granted: android.permission.READ_PHONE_STATE
12-01 22:33:10.932 32542 32542 V ServiceStarter: attempting to start service MediaTransferProtocolMonitorService
12-01 22:33:10.934 32542 32542 V ServiceStarter: started service MediaTransferProtocolMonitorService
12-01 22:33:10.934 32542 32542 V ServiceStarter: attempting to start service OnBotJavaService
12-01 22:33:10.935 32542 32542 V ServiceStarter: started service OnBotJavaService
12-01 22:33:10.935 32542 32542 I PermissionValidatorActivity: All permissions validated.  Starting RobotController
12-01 22:33:10.950 32542 32542 V MTPMonitorService: onCreate()
12-01 22:33:10.950 32542 32542 V MTPMonitorService: onStartCommand() intent=Intent { cmp=com.qualcomm.ftcrobotcontroller/org.firstinspires.ftc.robotcore.internal.files.MediaTransferProtocolMonitorService } flags=0x0 startId=1
12-01 22:33:10.952 32542 32542 V MTPMonitor: observing: /storage/emulated/0
12-01 22:33:10.974 32542 32542 V OnBotJavaService: onCreate()
12-01 22:33:10.974 32542 32542 V OnBotJavaService: onStartCommand() intent=Intent { cmp=com.qualcomm.ftcrobotcontroller/org.firstinspires.ftc.onbotjava.OnBotJavaService } flags=0x0 startId=1
12-01 22:33:10.975 32542 32542 V OnBotJava: OnBotJavaManager::static
12-01 22:33:11.133 32542 32542 V OnBotJava: ctor()...
12-01 22:33:11.134 32542 32542 V OnBotJava: ...ctor()
12-01 22:33:11.143 32542 32542 V RCActivity: Permissions validated already
12-01 22:33:11.143 32542 32542 V RCActivity: onCreate()
12-01 22:33:11.145 32542 32542 V RCActivity: rootActivity is of class PermissionValidatorWrapper
12-01 22:33:11.146 32542 32542 V RCActivity: launchActivity is of class class org.firstinspires.ftc.robotcontroller.internal.PermissionValidatorWrapper
12-01 22:33:11.149 32542   465 V CallbackLooper: thread=1970
12-01 22:33:11.152 32542 32542 V NetDiscover_wifiDirectAgent: doStart()...
12-01 22:33:11.153 32542   465 V NetDiscover_wifiDirectAgent_bcast: wifiP2pEnabled=true
12-01 22:33:11.154 32542   465 D NetDiscover_wifiDirectAgent_bcast: connection changed: networkInfo.state=DISCONNECTED
12-01 22:33:11.155 32542   465 V NetDiscover_wifiDirectAgent_bcast: NetworkInfo: [type: WIFI_P2P[], state: DISCONNECTED/DISCONNECTED, reason: (unspecified), extra: (none), failover: false, available: true, roaming: false]
12-01 22:33:11.155 32542 32542 V NetDiscover_wifiDirectAgent: ...doStart()
12-01 22:33:11.155 32542   465 V NetDiscover_wifiDirectAgent_bcast: WifiP2pInfo: groupFormed: false isGroupOwner: false groupOwnerAddress: null
12-01 22:33:11.155 32542   465 V NetDiscover_wifiDirectAgent_bcast: WifiP2pGroup: network: null, isGO: false, GO: null, interface: null, networkId: 0
12-01 22:33:11.155 32542 32542 V NetDiscover_name: doStart()...
12-01 22:33:11.155 32542 32542 V NetDiscover_name: ...doStart()
12-01 22:33:11.156 32542 32542 V NetDiscover_prefremrc: ----- all preferences -----
12-01 22:33:11.156 32542 32542 V NetDiscover_prefremrc: name='pref_pairing_kind' value=WIFIDIRECT
12-01 22:33:11.156 32542 32542 V NetDiscover_prefremrc: name='pref_warn_about_obsolete_software' value=true
12-01 22:33:11.156 32542 32542 V NetDiscover_prefremrc: name='pref_has_independent_phone_battery' value=true
12-01 22:33:11.156 32542 32542 V NetDiscover_prefremrc: name='pref_warn_about_mismatched_app_versions' value=true
12-01 22:33:11.156 32542 32542 V NetDiscover_prefremrc: name='pref_has_speaker' value=true
12-01 22:33:11.156 32542 32542 V NetDiscover_prefremrc: name='pref_wifip2p_channel' value=0
12-01 22:33:11.156 32542 32542 V NetDiscover_prefremrc: name='pref_warn_about_2_4_ghz_band' value=true
12-01 22:33:11.156 32542   465 V NetDiscover_wifiDirectAgent_bcast: this device changed: Device=2845-C-RC deviceAddress=aa:96:75:9e:ed:5d primary type=10-0050F204-5 secondary type=null wps=0 grpcapab=0 devcapab=0 status=3 wfdInfo=WFD enabled=falseWFD DeviceInfo=0 WFD CtrlPort=0 WFD MaxThroughput=0
12-01 22:33:11.156 32542 32542 V NetDiscover_prefremrc: name='pref_wifip2p_groupowner_connectedto' value=
12-01 22:33:11.156 32542 32542 V NetDiscover_prefremrc: name='pref_rc_connected' value=true
12-01 22:33:11.156 32542 32542 V NetDiscover_prefremrc: name='android.permission.WRITE_EXTERNAL_STORAGE' value=false
12-01 22:33:11.156 32542   465 V NetDiscover_name: remembering wifiDirectName: 2845-C-RC...
12-01 22:33:11.156 32542 32542 V NetDiscover_prefremrc: name='pref_device_name_old' value=2845-C-RC
12-01 22:33:11.156 32542   465 V NetDiscover_name: wifiDirectName=2845-C-RC
12-01 22:33:11.156 32542 32542 V NetDiscover_prefremrc: name='pref_wifip2p_remote_channel_change_works' value=true
12-01 22:33:11.156 32542 32542 V NetDiscover_prefremrc: name='android.permission.ACCESS_FINE_LOCATION' value=false
12-01 22:33:11.156 32542 32542 V NetDiscover_prefremrc: name='android.permission.ACCESS_COARSE_LOCATION' value=false
12-01 22:33:11.156 32542 32542 V NetDiscover_prefremrc: name='pref_sound_on_off' value=true
12-01 22:33:11.156 32542 32542 V NetDiscover_prefremrc: name='pref_device_name' value=2845-C-RC
12-01 22:33:11.156 32542 32542 V NetDiscover_prefremrc: name='pref_ftc_season_year_of_current_rc_new' value=2022
12-01 22:33:11.156 32542 32542 V NetDiscover_prefremrc: name='pref_device_name_tracking' value=WIFIDIRECT
12-01 22:33:11.156 32542 32542 V NetDiscover_prefremrc: name='android.permission.CAMERA' value=false
12-01 22:33:11.156 32542   465 V NetDiscover_name: ...remembering wifiDirectName
12-01 22:33:11.156 32542 32542 V NetDiscover_prefremrc: name='android.permission.READ_EXTERNAL_STORAGE' value=false
12-01 22:33:11.156 32542 32542 V NetDiscover_prefremrc: name='pref_app_theme' value=red
12-01 22:33:11.157 32542 32542 V NetDiscover_prefremrc: name='pref_warn_about_incorrect_clocks' value=true
12-01 22:33:11.157 32542 32542 V NetDiscover_prefremrc: name='android.permission.READ_PHONE_STATE' value=false
12-01 22:33:11.157 32542   465 V NetDiscover_wifiDirectAgent_bcast: p2p discoverPeers()=false
12-01 22:33:11.157 32542   465 V NetDiscover_wifiDirectAgent_bcast: Wi-Fi Direct remembered groups cleared
12-01 22:33:11.159 32542   465 V Robocol : SendOnceRunnable created
12-01 22:33:11.159 32542   465 V NetDiscover_wifiDirectAgent_bcast: wifiState=ENABLED
12-01 22:33:11.160 32542 32542 V NetDiscover_prefremrc: doStart()...
12-01 22:33:11.160 32542 32542 V NetDiscover_prefremrc: ...doStart()
12-01 22:33:11.179 32542 32542 I WebViewFactory: Loading com.android.chrome version 66.0.3359.158 (code 335915802)
12-01 22:33:11.221 32542 32542 I cr_LibraryLoader: Time to load native libraries: 3 ms (timestamps 5231-5234)
12-01 22:33:11.234 32542 32542 I chromium: [INFO:library_loader_hooks.cc(36)] Chromium logging enabled: level = 0, default verbosity = 0
12-01 22:33:11.234 32542 32542 I cr_LibraryLoader: Expected native library version number "66.0.3359.158", actual native library version number "66.0.3359.158"
12-01 22:33:11.243 32542   472 W cr_ChildProcLH: Create a new ChildConnectionAllocator with package name = com.android.chrome, sandboxed = true
12-01 22:33:11.252 32542 32542 I cr_BrowserStartup: Initializing chromium process, singleProcess=false
12-01 22:33:11.253 32542 32542 I cr_base : Android Locale: en_US requires .pak files: [en-GB.pak, en-US.pak]
12-01 22:33:11.265 32542 32542 W robotcontroller: type=1400 audit(0.0:289): avc: denied { read } for uid=10138 name="vmstat" dev="proc" ino=4026532378 scontext=u:r:untrusted_app:s0:c512,c768 tcontext=u:object_r:proc:s0 tclass=file permissive=0
12-01 22:33:11.347 32542 32542 W zygote  : Opening an oat file without a class loader. Are you using the deprecated DexFile APIs?
12-01 22:33:12.301 32542 32542 V OnBotJava: getCurrentOutputDir() unavailable
12-01 22:33:12.301 32542 32542 V OnBotJava: getCurrentOutputDir() unavailable
12-01 22:33:12.302 32542 32542 W System  : ClassLoader referenced unknown path: 
12-01 22:33:12.638 32542 32542 I zygote  : Deoptimizing void com.qualcomm.robotcore.hardware.configuration.ConfigurationTypeManager.filterClass(java.lang.Class, com.qualcomm.robotcore.hardware.configuration.ConfigurationTypeManager$ClassSource) due to JIT inline cache
12-01 22:33:12.788 32542 32542 I zygote  : Deoptimizing void com.qualcomm.robotcore.hardware.configuration.ConfigurationTypeManager.filterClass(java.lang.Class, com.qualcomm.robotcore.hardware.configuration.ConfigurationTypeManager$ClassSource) due to JIT inline cache
12-01 22:33:12.795 32542 32547 I zygote  : Do partial code cache collection, code=29KB, data=24KB
12-01 22:33:12.796 32542 32547 I zygote  : After code cache collection, code=23KB, data=20KB
12-01 22:33:12.796 32542 32547 I zygote  : Increasing code cache capacity to 128KB
12-01 22:33:12.972 32542 32542 V UpdateUI: Network: inactive, disconnected
12-01 22:33:12.972 32542 32542 V ServiceStarter: attempting to start service FtcRobotControllerWatchdogService
12-01 22:33:12.973 32542 32542 V ServiceStarter: started service FtcRobotControllerWatchdogService
12-01 22:33:12.985 32542 32542 I RobotCore: App info: version=8.1.0 appId=com.qualcomm.ftcrobotcontroller
12-01 22:33:12.986 32542 32542 I RobotCore: Android Device: maker=motorola model=Moto G (5) Plus sdk=27 serial=ZY2247D6S4
12-01 22:33:12.986 32542 32542 V RCActivity: pref_wifip2p_channel: Found existing preferred channel (0).
12-01 22:33:12.986 32542 32542 V RCActivity: pref_wifip2p_channel: attempting to set preferred channel...
12-01 22:33:12.987 32542 32542 V WifiDirectChannelChanger: changeToChannel() channel=0
12-01 22:33:12.987 32542 32542 V WifiDirectChannelChanger: startChannelChange() channel=0
12-01 22:33:12.988 32542 32542 V RCActivity: onStart()
12-01 22:33:12.988 32542   465 V WifiDirectChannelChanger: callSetWifiP2pChannels() success
12-01 22:33:12.988 32542   465 V WifiDirectChannelChanger: Channel 0 saved as preference "pref_wifip2p_channel".
12-01 22:33:12.989 32542   465 V WifiDirectChannelChanger: finishChannelChange() channel=0 success=true
12-01 22:33:12.989 32542 32542 V RCActivity: onResume()
12-01 22:33:13.041 32542   521 D OpenGLRenderer: HWUI GL Pipeline
12-01 22:33:13.055 32542 32542 V FtcRobotControllerWatchdogService: onCreate()
12-01 22:33:13.055 32542 32542 V FtcRobotControllerWatchdogService: onStartCommand() intent=Intent { cmp=com.qualcomm.ftcrobotcontroller/org.firstinspires.ftc.ftccommon.internal.FtcRobotControllerWatchdogService } flags=0x0 startId=1
12-01 22:33:13.055 32542 32542 V FtcRobotControllerWatchdogService: shouldAutoLauchRobotController() result=false
12-01 22:33:13.056 32542 32542 V FTCService: onCreate()
12-01 22:33:13.058 32542 32542 V FTCService: onBind()
12-01 22:33:13.064 32542 32542 V CoreRobotWebServer: creating NanoHTTPD(8080)
12-01 22:33:13.068 32542 32542 V WebSocketManager: Registered broadcast-only namespace progress
12-01 22:33:13.071 32542 32542 V WebSocketManager: Registered broadcast-only namespace ControlHubUpdater
12-01 22:33:13.072 32542 32542 V RobotCore: Getting network assistant of type: WIFIDIRECT
12-01 22:33:13.073 32542 32542 V NetDiscover_prefremrc: onSharedPreferenceChanged(name=pref_wifip2p_groupowner_connectedto, value=null)
12-01 22:33:13.074 32542 32542 V WifiDirect: There are 1 Wi-Fi Direct Assistant Clients (+)
12-01 22:33:13.074 32542 32542 V WifiDirect: Enabling Wi-Fi Direct Assistant
12-01 22:33:13.075 32542   465 V NetDiscover_wifiDirectAgent_bcast: wifiP2pEnabled=true
12-01 22:33:13.075 32542   465 D NetDiscover_wifiDirectAgent_bcast: connection changed: networkInfo.state=DISCONNECTED
12-01 22:33:13.075 32542   465 V NetDiscover_wifiDirectAgent_bcast: NetworkInfo: [type: WIFI_P2P[], state: DISCONNECTED/DISCONNECTED, reason: (unspecified), extra: (none), failover: false, available: true, roaming: false]
12-01 22:33:13.076 32542   465 V NetDiscover_wifiDirectAgent_bcast: WifiP2pInfo: groupFormed: false isGroupOwner: false groupOwnerAddress: null
12-01 22:33:13.076 32542   465 V NetDiscover_wifiDirectAgent_bcast: WifiP2pGroup: network: null, isGO: false, GO: null, interface: null, networkId: 0
12-01 22:33:13.076 32542   465 V NetDiscover_wifiDirectAgent_bcast: this device changed: Device=2845-C-RC deviceAddress=aa:96:75:9e:ed:5d primary type=10-0050F204-5 secondary type=null wps=0 grpcapab=0 devcapab=0 status=3 wfdInfo=WFD enabled=falseWFD DeviceInfo=0 WFD CtrlPort=0 WFD MaxThroughput=0
12-01 22:33:13.076 32542   465 V NetDiscover_name: remembering wifiDirectName: 2845-C-RC...
12-01 22:33:13.076 32542   465 V NetDiscover_name: ...remembering wifiDirectName
12-01 22:33:13.076 32542   465 V NetDiscover_wifiDirectAgent_bcast: p2p discoverPeers()=false
12-01 22:33:13.076 32542   465 V NetDiscover_wifiDirectAgent_bcast: Wi-Fi Direct remembered groups cleared
12-01 22:33:13.076 32542   465 V NetDiscover_wifiDirectAgent_bcast: wifiState=ENABLED
12-01 22:33:13.099 32542   521 I Adreno  : QUALCOMM build                   : 908a5ce, I77d3059488
12-01 22:33:13.099 32542   521 I Adreno  : Build Date                       : 06/07/18
12-01 22:33:13.099 32542   521 I Adreno  : OpenGL ES Shader Compiler Version: EV031.22.00.01_06
12-01 22:33:13.099 32542   521 I Adreno  : Local Branch                     : 
12-01 22:33:13.099 32542   521 I Adreno  : Remote Branch                    : refs/tags/AU_LINUX_ANDROID_LA.UM.6.5.R1.08.01.00.312.086
12-01 22:33:13.099 32542   521 I Adreno  : Remote Branch                    : NONE
12-01 22:33:13.099 32542   521 I Adreno  : Reconstruct Branch               : NOTHING
12-01 22:33:13.099 32542   521 D vndksupport: Loading /vendor/lib/hw/gralloc.msm8953.so from current namespace instead of sphal namespace.
12-01 22:33:13.103 32542 32542 D WifiDirect: broadcast: state - enabled: true
12-01 22:33:13.103 32542 32542 D WifiDirect: broadcast: connection changed: connectStatus=NOT_CONNECTED networkInfo.state=DISCONNECTED
12-01 22:33:13.104 32542   521 I Adreno  : PFP: 0x005ff087, ME: 0x005ff063
12-01 22:33:13.104 32542 32542 D WifiDirect: broadcast: this device changed
12-01 22:33:13.104 32542 32542 V WifiDirect: device information: 2845-C-RC aa:96:75:9e:ed:5d
12-01 22:33:13.104 32542 32542 V FTCService: RCActivity.controllerService=bound
12-01 22:33:13.104 32542 32542 V UpdateUI: Network: unknown, disconnected
12-01 22:33:13.105 32542 32542 V RobotCore: Robot Status: stopped
12-01 22:33:13.110 32542   521 I zygote  : android::hardware::configstore::V1_0::ISurfaceFlingerConfigs::hasWideColorDisplay retrieved: 0
12-01 22:33:13.111 32542   523 V RobotCore: thread: 'RobotSetupRunnable.run()' starting...
12-01 22:33:13.111 32542   523 V FTCService: Processing robot setup
12-01 22:33:13.111 32542   523 V RobotCore: Robot Status: stopped, scanning for USB devices
12-01 22:33:13.111 32542   521 I OpenGLRenderer: Initialized EGL, version 1.4
12-01 22:33:13.111 32542   521 D OpenGLRenderer: Swap behavior 2
12-01 22:33:13.120 32542 32542 V WebSocketManager: Registered handler for namespace ONBOTJAVA
12-01 22:33:13.124 32542 32542 I FTCService: onNetworkConnectionEvent: GROUP_CREATED
12-01 22:33:13.124 32542 32542 D WifiDirect: created group
12-01 22:33:13.147 32542   521 D vndksupport: Loading /vendor/lib/hw/android.hardware.graphics.mapper@2.0-impl.so from current namespace instead of sphal namespace.
12-01 22:33:13.148 32542   521 D vndksupport: Loading /vendor/lib/hw/gralloc.msm8953.so from current namespace instead of sphal namespace.
12-01 22:33:13.178 32542   465 V NetDiscover_wifiDirectAgent_bcast: Wi-Fi Direct remembered groups cleared
12-01 22:33:13.196 32542 32542 W WifiDirect: Wi-Fi Direct failure while trying to discover peers - reason: BUSY
12-01 22:33:13.196 32542 32542 I FTCService: onNetworkConnectionEvent: ERROR
12-01 22:33:13.196 32542 32542 E FTCService: Network Connection Error: BUSY
12-01 22:33:13.197 32542   465 V NetDiscover_wifiDirectAgent_bcast: this device changed: Device=2845-C-RC deviceAddress=aa:96:75:9e:ed:5d primary type=10-0050F204-5 secondary type=null wps=0 grpcapab=0 devcapab=0 status=0 wfdInfo=WFD enabled=falseWFD DeviceInfo=0 WFD CtrlPort=0 WFD MaxThroughput=0
12-01 22:33:13.197 32542   465 V NetDiscover_name: remembering wifiDirectName: 2845-C-RC...
12-01 22:33:13.197 32542 32542 V UpdateUI: Network: error, disconnected
12-01 22:33:13.197 32542   465 V NetDiscover_name: ...remembering wifiDirectName
12-01 22:33:13.197 32542   465 D NetDiscover_wifiDirectAgent_bcast: connection changed: networkInfo.state=CONNECTED
12-01 22:33:13.197 32542   465 V NetDiscover_wifiDirectAgent_bcast: NetworkInfo: [type: WIFI_P2P[], state: CONNECTED/CONNECTED, reason: (unspecified), extra: (none), failover: false, available: true, roaming: false]
12-01 22:33:13.198 32542   465 V NetDiscover_wifiDirectAgent_bcast: WifiP2pInfo: groupFormed: true isGroupOwner: true groupOwnerAddress: /192.168.49.1
12-01 22:33:13.198 32542   465 V NetDiscover_wifiDirectAgent_bcast: WifiP2pGroup: network: DIRECT-fd-2845-C-RC, isGO: true, GO: Device: , deviceAddress: aa:96:75:9e:ed:5d, primary type: null, secondary type: null, wps: 0, grpcapab: 0, devcapab: 0, status: 4, wfdInfo: WFD enabled: falseWFD DeviceInfo: 0, WFD CtrlPort: 0, WFD MaxThroughput: 0, interface: p2p0, networkId: 1
12-01 22:33:13.251 32542 32542 D WifiDirect: broadcast: this device changed
12-01 22:33:13.251 32542 32542 V WifiDirect: device information: 2845-C-RC aa:96:75:9e:ed:5d
12-01 22:33:13.251 32542 32542 D WifiDirect: broadcast: connection changed: connectStatus=NOT_CONNECTED networkInfo.state=CONNECTED
12-01 22:33:13.251 32542 32542 V WifiDirect: writing pref name=pref_wifip2p_groupowner_connectedto value=
12-01 22:33:13.252 32542 32542 V NetDiscover_prefremrc: onSharedPreferenceChanged(name=pref_wifip2p_groupowner_connectedto, value=)
12-01 22:33:13.252 32542   530 W cr_CrashFileManager: /data/user/0/com.qualcomm.ftcrobotcontroller/cache/WebView/Crash Reports does not exist or is not a directory
12-01 22:33:13.253 32542 32542 D WifiDirect: group owners address: /192.168.49.1
12-01 22:33:13.253 32542 32542 D WifiDirect: group formed, this device is the group owner (GO)
12-01 22:33:13.253 32542 32542 I FTCService: onNetworkConnectionEvent: CONNECTED_AS_GROUP_OWNER
12-01 22:33:13.253 32542 32542 I FTCService: Wi-Fi Direct - connected as group owner
12-01 22:33:13.257 32542 32542 V UpdateUI: Network: enabled, disconnected
12-01 22:33:13.258 32542 32542 V WifiDirect: connection information available
12-01 22:33:13.258 32542 32542 V WifiDirect: connection information - groupOwnerName = 2845-C-RC
12-01 22:33:13.258 32542 32542 V WifiDirect: connection information - groupOwnerMacAddress = aa:96:75:9e:ed:5d
12-01 22:33:13.258 32542 32542 V WifiDirect: connection information - groupInterface = p2p0
12-01 22:33:13.258 32542 32542 V WifiDirect: connection information - groupNetworkName = DIRECT-fd-2845-C-RC
12-01 22:33:13.258 32542 32542 I FTCService: onNetworkConnectionEvent: CONNECTION_INFO_AVAILABLE
12-01 22:33:13.258 32542 32542 I FTCService: Network Connection Passphrase: XbMcYrrx
12-01 22:33:13.258 32542 32542 V CoreRobotWebServer: starting port=8080
12-01 22:33:13.270 32542 32542 V RobotCore: Getting network assistant of type: WIFIDIRECT
12-01 22:33:13.270 32542 32542 V WifiDirect: There are 2 Wi-Fi Direct Assistant Clients (+)
12-01 22:33:13.271 32542 32542 V CoreRobotWebServer: started port=8080
12-01 22:33:13.271 32542   465 V NetDiscover_wifiDirectAgent_bcast: wifiP2pEnabled=true
12-01 22:33:13.271 32542 32542 V UpdateUI: Network: active, disconnected
12-01 22:33:13.271 32542   465 D NetDiscover_wifiDirectAgent_bcast: connection changed: networkInfo.state=CONNECTED
12-01 22:33:13.271 32542   465 V NetDiscover_wifiDirectAgent_bcast: NetworkInfo: [type: WIFI_P2P[], state: CONNECTED/CONNECTED, reason: (unspecified), extra: (none), failover: false, available: true, roaming: false]
12-01 22:33:13.271 32542   465 V NetDiscover_wifiDirectAgent_bcast: WifiP2pInfo: groupFormed: true isGroupOwner: true groupOwnerAddress: /192.168.49.1
12-01 22:33:13.271 32542   465 V NetDiscover_wifiDirectAgent_bcast: WifiP2pGroup: network: DIRECT-fd-2845-C-RC, isGO: true, GO: Device: , deviceAddress: aa:96:75:9e:ed:5d, primary type: null, secondary type: null, wps: 0, grpcapab: 0, devcapab: 0, status: 4, wfdInfo: WFD enabled: falseWFD DeviceInfo: 0, WFD CtrlPort: 0, WFD MaxThroughput: 0, interface: p2p0, networkId: 1
12-01 22:33:13.272 32542   465 V NetDiscover_wifiDirectAgent_bcast: this device changed: Device=2845-C-RC deviceAddress=aa:96:75:9e:ed:5d primary type=10-0050F204-5 secondary type=null wps=0 grpcapab=0 devcapab=0 status=0 wfdInfo=WFD enabled=falseWFD DeviceInfo=0 WFD CtrlPort=0 WFD MaxThroughput=0
12-01 22:33:13.272 32542 32542 V AppUtil : rootActivity=PermissionValidatorWrapper destroyed
12-01 22:33:13.272 32542   465 V NetDiscover_name: remembering wifiDirectName: 2845-C-RC...
12-01 22:33:13.272 32542   465 V NetDiscover_name: ...remembering wifiDirectName
12-01 22:33:13.272 32542 32542 V AppUtil : rootActivity=FtcRobotControllerActivity
12-01 22:33:13.272 32542 32542 I PermissionValidatorActivity: Lifecycle onDestroy : c32896f
12-01 22:33:13.272 32542   465 V NetDiscover_wifiDirectAgent_bcast: p2p discoverPeers()=false
12-01 22:33:13.272 32542   465 V NetDiscover_wifiDirectAgent_bcast: Wi-Fi Direct remembered groups cleared
12-01 22:33:13.273 32542   465 V NetDiscover_wifiDirectAgent_bcast: wifiState=ENABLED
12-01 22:33:13.275 32542   532 V TooTallWebSocketServer: Started WebSocket server on port 8081
12-01 22:33:13.630 32542 32547 I zygote  : Do partial code cache collection, code=61KB, data=49KB
12-01 22:33:13.631 32542 32547 I zygote  : After code cache collection, code=60KB, data=49KB
12-01 22:33:13.631 32542 32547 I zygote  : Increasing code cache capacity to 256KB
12-01 22:33:18.122 32542   523 V RobotCore: EventLoopManager state is NOT_STARTED
12-01 22:33:18.124 32542   523 V RobotCore: Robot Status: stopped, waiting for Wi-Fi to enable
12-01 22:33:18.126 32542   523 I RobotCore: state = 3
12-01 22:33:18.128 32542   523 V RobotCore: Robot Status: stopped, waiting for Wi-Fi Direct to enable
12-01 22:33:18.130 32542   523 V FTCService: Waiting for a connection to a Wi-Fi service
12-01 22:33:18.131 32542   523 V RobotCore: Robot Status: stopped, waiting for network to become active
12-01 22:33:18.131 32542   523 V CoreRobotWebServer: Asked an already running WebServer to start
12-01 22:33:18.131 32542   523 V RobotCore: Robot Status: stopped, starting robot
12-01 22:33:18.132 32542   523 V Robocol : EventLoopManager.start()
12-01 22:33:18.132 32542   523 V RobotCore: Getting network assistant of type: WIFIDIRECT
12-01 22:33:18.133 32542   523 V Robocol : Spoofing a Network Connection event...
12-01 22:33:18.133 32542   523 I EventLoopManager: onNetworkConnectionEvent: CONNECTION_INFO_AVAILABLE
12-01 22:33:18.133 32542   523 I Robocol : Received network connection event
12-01 22:33:18.133 32542   523 I NetworkConnectionHandler: Handling new network connection infomation, connected: true setup needed: true
12-01 22:33:18.136 32542   523 V RobotCore: EventLoopManager state is STOPPED
12-01 22:33:18.138 32542   523 V Robocol : eventLoop=FtcEventLoop
12-01 22:33:18.138 32542   523 V RobotCore: EventLoopManager state is INIT
12-01 22:33:18.138 32542   523 V RobotCore: Robot Status: initializing, starting robot
12-01 22:33:18.138 32542   547 V RobotCore: thread: 'SetupRunnable.run()' starting...
12-01 22:33:18.138 32542   523 I FtcEventLoop: ======= INIT START =======
12-01 22:33:18.141 32542   523 V OpmodeRegistration: registered {DefaultOpMode} as {$Stop$Robot$}
12-01 22:33:18.142 32542 32542 D WifiDirect: cannot create group, does group already exist?
12-01 22:33:18.146 32542   523 I zygote  : Deoptimizing void com.google.gson.reflect.TypeToken.<init>(java.lang.reflect.Type) due to JIT inline cache
12-01 22:33:18.146 32542   523 I zygote  : Deoptimizing void com.google.gson.internal.bind.CollectionTypeAdapterFactory$Adapter.write(com.google.gson.stream.JsonWriter, java.util.Collection) due to JIT inline cache
12-01 22:33:18.147 32542   547 D Robocol : RobocolDatagramSocket listening addr=/192.168.49.1:20884 cbRec=65520 cbSend=163840 msRecTO=300
12-01 22:33:18.147 32542   547 V Robocol : RecvLoopRunnable created
12-01 22:33:18.149 32542   548 V Robocol : PacketProcessor started
12-01 22:33:18.149 32542   549 V Robocol : CommandProcessor started
12-01 22:33:18.150 32542   550 V RobotCore: thread: 'RecvLoopRunnable.run()' starting...
12-01 22:33:18.151 32542   547 V PeerDiscovery: Starting peer discovery remote: /192.168.49.1 local: /192.168.49.1
12-01 22:33:18.151 32542   547 V PeerDiscovery: No need for initiating peer discovery, we are the Robot Controller
12-01 22:33:18.151 32542   547 V RobotCore: Setup complete
12-01 22:33:18.151 32542   547 V RobotCore: thread: ...terminating 'SetupRunnable.run()'
12-01 22:33:18.174 32542   523 V HardwareFactory: createHardwareMap()
12-01 22:33:18.174 32542   523 V EmbeddedControlHubModule: clearing embedded module
12-01 22:33:18.177 32542   523 I RobotCore: ========= Device Information ===================================================
12-01 22:33:18.177 32542   523 I RobotCore: Type                                               Name                           Connection
12-01 22:33:18.177 32542   523 I FtcEventLoop: ======= INIT FINISH =======
12-01 22:33:18.178 32542   523 V RobotCore: EventLoopManager state is RUNNING
12-01 22:33:18.185 32542   523 V RobotCore: Robot Status: running, starting robot
12-01 22:33:18.186 32542   523 V RobotCore: Robot Status: running
12-01 22:33:18.186 32542   523 D FTCService: Detecting Wi-Fi reset
12-01 22:33:18.186 32542   523 V RobotCore: thread: ...terminating 'RobotSetupRunnable.run()'
12-01 22:33:18.187 32542   555 V RobotCore: thread: 'EventLoop' starting...
12-01 22:33:18.192 32542   555 D RobotCore: system telemetry: key=$System$None$ msg=""
12-01 22:33:18.218 32542   554 V SoundInfo: construct(0x0d875b2f)
12-01 22:33:18.234 32542   553 V NuMediaExtractor: setDataSource fd=94 (/data/app/com.qualcomm.ftcrobotcontroller-ueKCjsdBoDBSf3TuTrshdg==/base.apk), offset=47369624, length=432616
12-01 22:33:18.265 32542   553 V NuMediaExtractor: track of type 'audio/raw' does not publish bitrate
12-01 22:33:18.268 32542   553 I MediaCodec: (0x8afabdc0) init name(audio/raw) isType(1) encoder(0)
12-01 22:33:18.274 32542   560 I MediaCodec: (0x8afabdc0) Component Allocated (OMX.google.raw.decoder)
12-01 22:33:18.274 32542   553 I MediaCodec: (0x8afabdc0) configure surface(0x0) crypto(0x0) flags(0)
12-01 22:33:18.275 32542   553 D MediaCodec: (0x8afabdc0) configure format: AMessage(what = 0x00000000) = {
12-01 22:33:18.275 32542   553 D MediaCodec:       string mime = "audio/raw"
12-01 22:33:18.275 32542   553 D MediaCodec:       int64_t durationUs = 4505958
12-01 22:33:18.275 32542   553 D MediaCodec:       int32_t track-id = 1
12-01 22:33:18.275 32542   553 D MediaCodec:       int32_t channel-count = 1
12-01 22:33:18.275 32542   553 D MediaCodec:       int32_t sample-rate = 48000
12-01 22:33:18.275 32542   553 D MediaCodec:       int32_t channel-mask = 0
12-01 22:33:18.275 32542   553 D MediaCodec:       int32_t pcm-encoding = 2
12-01 22:33:18.275 32542   553 D MediaCodec:     }
12-01 22:33:18.279 32542   560 W ExtendedACodec: Failed to get extension for extradata parameter
12-01 22:33:18.280 32542   553 I MediaCodec: (0x8afabdc0) start
12-01 22:33:18.294 32542   560 I MediaCodec: (0x8afabdc0) kWhatStartCompleted
12-01 22:33:18.301 32542   560 D MediaCodec: (0x8afabdc0) [OMX.google.raw.decoder] output format changed to: AMessage(what = 0x00000000) = {
12-01 22:33:18.301 32542   560 D MediaCodec:       string mime = "audio/raw"
12-01 22:33:18.301 32542   560 D MediaCodec:       int32_t channel-count = 1
12-01 22:33:18.301 32542   560 D MediaCodec:       int32_t sample-rate = 48000
12-01 22:33:18.301 32542   560 D MediaCodec:       int32_t pcm-encoding = 2
12-01 22:33:18.301 32542   560 D MediaCodec:       int32_t channel-mask = 0
12-01 22:33:18.301 32542   560 D MediaCodec:     }
12-01 22:33:18.336 32542   553 I MediaCodec: (0x8afabdc0) stop
12-01 22:33:18.341 32542   553 I MediaCodec: (0x8afabdc0) release
12-01 22:33:18.346 32542   465 D SoundPlayer: onLoadComplete(samp=1|ms=4506, samp=1)=0
12-01 22:33:18.350 32542   554 I AudioTrack: AUDIO_OUTPUT_FLAG_FAST successful; frameCount 216286 -> 216286
12-01 22:33:18.353 32542   554 D SoundPlayer: playing volume=1.000000 samp=1|ms=4506
12-01 22:33:18.451 32542   550 E Robocol : exception SocketTimeoutException(Poll timed out): no packet received [libcore.io.IoBridge.poll(IoBridge.java:691)]
12-01 22:33:18.696 32542   555 I RobotCore: Attempting to switch to op mode $Stop$Robot$
12-01 22:33:18.698 32542   555 D HardwareMap: Clearing which device instances have been retrieved
12-01 22:33:18.699 32542   555 D HardwareMap: Clearing which device instances have been retrieved
12-01 22:33:18.702 32542   565 V RobotCore: thread: 'OpModeThread' starting...
12-01 22:33:33.824 32542 32547 I zygote  : Do full code cache collection, code=124KB, data=90KB
12-01 22:33:33.826 32542 32547 I zygote  : After code cache collection, code=70KB, data=45KB
12-01 22:34:19.626 32542 32542 V AppUtil : exitApplication(0) was called. Printing stacktrace.
12-01 22:34:19.628 32542 32542 E AppUtil : java.lang.RuntimeException
12-01 22:34:19.633 32542 32542 E AppUtil : 	at org.firstinspires.ftc.robotcore.internal.system.AppUtil.exitApplication(AppUtil.java:686)
12-01 22:34:19.636 32542 32542 E AppUtil : 	at org.firstinspires.ftc.robotcore.internal.system.AppUtil.exitApplication(AppUtil.java:692)
12-01 22:34:19.640 32542 32542 E AppUtil : 	at org.firstinspires.ftc.robotcontroller.internal.FtcRobotControllerActivity.onOptionsItemSelected(FtcRobotControllerActivity.java:612)
12-01 22:34:19.643 32542 32542 E AppUtil : 	at org.firstinspires.ftc.robotcontroller.internal.FtcRobotControllerActivity$2$1.onMenuItemClick(FtcRobotControllerActivity.java:330)
12-01 22:34:19.644 32542 32542 E AppUtil : 	at android.widget.PopupMenu$1.onMenuItemSelected(PopupMenu.java:105)
12-01 22:34:19.644 32542 32542 E AppUtil : 	at com.android.internal.view.menu.MenuBuilder.dispatchMenuItemSelected(MenuBuilder.java:761)
12-01 22:34:19.645 32542 32542 E AppUtil : 	at com.android.internal.view.menu.MenuItemImpl.invoke(MenuItemImpl.java:167)
12-01 22:34:19.645 32542 32542 E AppUtil : 	at com.android.internal.view.menu.MenuBuilder.performItemAction(MenuBuilder.java:908)
12-01 22:34:19.645 32542 32542 E AppUtil : 	at com.android.internal.view.menu.MenuBuilder.performItemAction(MenuBuilder.java:898)
12-01 22:34:19.646 32542 32542 E AppUtil : 	at com.android.internal.view.menu.MenuPopup.onItemClick(MenuPopup.java:128)
12-01 22:34:19.646 32542 32542 E AppUtil : 	at android.widget.AdapterView.performItemClick(AdapterView.java:318)
12-01 22:34:19.646 32542 32542 E AppUtil : 	at android.widget.AbsListView.performItemClick(AbsListView.java:1158)
12-01 22:34:19.646 32542 32542 E AppUtil : 	at android.widget.AbsListView$PerformClick.run(AbsListView.java:3153)
12-01 22:34:19.646 32542 32542 E AppUtil : 	at android.widget.AbsListView.onTouchUp(AbsListView.java:4080)
12-01 22:34:19.648 32542 32542 E AppUtil : 	at android.widget.AbsListView.onTouchEvent(AbsListView.java:3839)
12-01 22:34:19.648 32542 32542 E AppUtil : 	at android.widget.DropDownListView.onTouchEvent(DropDownListView.java:116)
12-01 22:34:19.648 32542 32542 E AppUtil : 	at android.view.View.dispatchTouchEvent(View.java:11779)
12-01 22:34:19.648 32542 32542 E AppUtil : 	at android.view.ViewGroup.dispatchTransformedTouchEvent(ViewGroup.java:2965)
12-01 22:34:19.648 32542 32542 E AppUtil : 	at android.view.ViewGroup.dispatchTouchEvent(ViewGroup.java:2643)
12-01 22:34:19.649 32542 32542 E AppUtil : 	at android.view.ViewGroup.dispatchTransformedTouchEvent(ViewGroup.java:2971)
12-01 22:34:19.649 32542 32542 E AppUtil : 	at android.view.ViewGroup.dispatchTouchEvent(ViewGroup.java:2657)
12-01 22:34:19.649 32542 32542 E AppUtil : 	at android.view.ViewGroup.dispatchTransformedTouchEvent(ViewGroup.java:2971)
12-01 22:34:19.649 32542 32542 E AppUtil : 	at android.view.ViewGroup.dispatchTouchEvent(ViewGroup.java:2657)
12-01 22:34:19.649 32542 32542 E AppUtil : 	at android.widget.PopupWindow$PopupDecorView.dispatchTouchEvent(PopupWindow.java:2425)
12-01 22:34:19.649 32542 32542 E AppUtil : 	at android.view.View.dispatchPointerEvent(View.java:12018)
12-01 22:34:19.650 32542 32542 E AppUtil : 	at android.view.ViewRootImpl$ViewPostImeInputStage.processPointerEvent(ViewRootImpl.java:4829)
12-01 22:34:19.650 32542 32542 E AppUtil : 	at android.view.ViewRootImpl$ViewPostImeInputStage.onProcess(ViewRootImpl.java:4643)
12-01 22:34:19.650 32542 32542 E AppUtil : 	at android.view.ViewRootImpl$InputStage.deliver(ViewRootImpl.java:4181)
12-01 22:34:19.650 32542 32542 E AppUtil : 	at android.view.ViewRootImpl$InputStage.onDeliverToNext(ViewRootImpl.java:4234)
12-01 22:34:19.650 32542 32542 E AppUtil : 	at android.view.ViewRootImpl$InputStage.forward(ViewRootImpl.java:4200)
12-01 22:34:19.650 32542 32542 E AppUtil : 	at android.view.ViewRootImpl$AsyncInputStage.forward(ViewRootImpl.java:4327)
12-01 22:34:19.651 32542 32542 E AppUtil : 	at android.view.ViewRootImpl$InputStage.apply(ViewRootImpl.java:4208)
12-01 22:34:19.651 32542 32542 E AppUtil : 	at android.view.ViewRootImpl$AsyncInputStage.apply(ViewRootImpl.java:4384)
12-01 22:34:19.651 32542 32542 E AppUtil : 	at android.view.ViewRootImpl$InputStage.deliver(ViewRootImpl.java:4181)
12-01 22:34:19.651 32542 32542 E AppUtil : 	at android.view.ViewRootImpl$InputStage.onDeliverToNext(ViewRootImpl.java:4234)
12-01 22:34:19.651 32542 32542 E AppUtil : 	at android.view.ViewRootImpl$InputStage.forward(ViewRootImpl.java:4200)
12-01 22:34:19.652 32542 32542 E AppUtil : 	at android.view.ViewRootImpl$InputStage.apply(ViewRootImpl.java:4208)
12-01 22:34:19.652 32542 32542 E AppUtil : 	at android.view.ViewRootImpl$InputStage.deliver(ViewRootImpl.java:4181)
12-01 22:34:19.652 32542 32542 E AppUtil : 	at android.view.ViewRootImpl.deliverInputEvent(ViewRootImpl.java:6744)
12-01 22:34:19.652 32542 32542 E AppUtil : 	at android.view.ViewRootImpl.doProcessInputEvents(ViewRootImpl.java:6683)
12-01 22:34:19.652 32542 32542 E AppUtil : 	at android.view.ViewRootImpl.enqueueInputEvent(ViewRootImpl.java:6644)
12-01 22:34:19.652 32542 32542 E AppUtil : 	at android.view.ViewRootImpl$WindowInputEventReceiver.onInputEvent(ViewRootImpl.java:6847)
12-01 22:34:19.653 32542 32542 E AppUtil : 	at android.view.InputEventReceiver.dispatchInputEvent(InputEventReceiver.java:193)
12-01 22:34:19.653 32542 32542 E AppUtil : 	at android.os.MessageQueue.nativePollOnce(Native Method)
12-01 22:34:19.653 32542 32542 E AppUtil : 	at android.os.MessageQueue.next(MessageQueue.java:325)
12-01 22:34:19.653 32542 32542 E AppUtil : 	at android.os.Looper.loop(Looper.java:142)
12-01 22:34:19.653 32542 32542 E AppUtil : 	at android.app.ActivityThread.main(ActivityThread.java:6626)
12-01 22:34:19.653 32542 32542 E AppUtil : 	at java.lang.reflect.Method.invoke(Native Method)
12-01 22:34:19.654 32542 32542 E AppUtil : 	at com.android.internal.os.RuntimeInit$MethodAndArgsCaller.run(RuntimeInit.java:438)
12-01 22:34:19.654 32542 32542 E AppUtil : 	at com.android.internal.os.ZygoteInit.main(ZygoteInit.java:811)
12-01 22:34:19.656 32542 32542 I zygote  : System.exit called, status: 0
12-01 22:34:19.656 32542 32542 I AndroidRuntime: VM exiting with result code 0, cleanup skipped.
--------- beginning of system
12-01 22:34:20.719   662   662 E SchedPolicy: open of /dev/cpuctl/bg_non_interactive/tasks failed: No such file or directory
--------- beginning of main
12-01 22:34:20.776   662   662 D Uvc     : [jni.cpp:72] JNI_OnLoad()...
12-01 22:34:20.776   662   662 D Uvc     : [JniEnv.h:32] ScopedJniEnv::onJniLoad()...
12-01 22:34:20.776   662   662 D Uvc     : [JniEnv.h:32] ...ScopedJniEnv::onJniLoad()
12-01 22:34:20.776   662   662 D Uvc     : [jni.cpp:72] ...JNI_OnLoad()
12-01 22:34:20.779   662   662 V AppUtil : initializing: getExternalStorageDirectory()=/storage/emulated/0
12-01 22:34:20.782   662   677 V RobotCore: saving logcat to /storage/emulated/0/robotControllerLog.txt
12-01 22:34:20.782   662   677 V RobotCore: logging command line: exec logcat -f /storage/emulated/0/robotControllerLog.txt -r4096 -n4 -v threadtime UsbRequestJNI:S UsbRequest:S art:W ThreadPool:W System:W ExtendedExtractor:W OMXClient:W MediaPlayer:W dalvikvm:W  *:V
12-01 22:34:20.782   662   662 I ActivityThread: handleStopService: token=android.os.BinderProxy@86f0a02 not found.
12-01 22:34:20.783   662   662 V FtcRobotControllerWatchdogService: onCreate()
12-01 22:34:20.783   662   662 V FtcRobotControllerWatchdogService: onDestroy()
12-01 22:34:20.815   662   677 I RobotCore: Done running ps
12-01 22:34:20.825   683   683 W sh      : type=1400 audit(0.0:290): avc: denied { read } for uid=10138 name="/" dev="rootfs" ino=2 scontext=u:r:untrusted_app:s0:c512,c768 tcontext=u:object_r:rootfs:s0 tclass=dir permissive=0
12-01 22:34:20.864   683   683 E SchedPolicy: open of /dev/cpuctl/bg_non_interactive/tasks failed: No such file or directory
12-01 22:34:25.746   662   676 I zygote  : Waiting for a blocking GC ProfileSaver
12-01 22:34:25.756   662   676 I zygote  : WaitForGcToComplete blocked ProfileSaver on HeapTrim for 9.798ms
12-01 22:35:12.892   662   662 V AppUtil : rootActivity=PermissionValidatorWrapper
12-01 22:35:12.892   662   662 I PermissionValidatorActivity: Lifecycle onCreate : c32896f
12-01 22:35:13.367   662   662 I PermissionValidatorActivity: Lifecycle onStart : c32896f
12-01 22:35:13.370   662   662 I PermissionValidator: Checking permission for android.permission.WRITE_EXTERNAL_STORAGE
12-01 22:35:13.373   662   662 I PermissionValidator:     Granted: android.permission.WRITE_EXTERNAL_STORAGE
12-01 22:35:13.373   662   662 I PermissionValidator: Checking permission for android.permission.READ_EXTERNAL_STORAGE
12-01 22:35:13.373   662   662 I PermissionValidator:     Granted: android.permission.READ_EXTERNAL_STORAGE
12-01 22:35:13.373   662   662 I PermissionValidator: Checking permission for android.permission.CAMERA
12-01 22:35:13.373   662   662 I PermissionValidator:     Granted: android.permission.CAMERA
12-01 22:35:13.373   662   662 I PermissionValidator: Checking permission for android.permission.ACCESS_COARSE_LOCATION
12-01 22:35:13.373   662   662 I PermissionValidator:     Granted: android.permission.ACCESS_COARSE_LOCATION
12-01 22:35:13.374   662   662 I PermissionValidator: Checking permission for android.permission.ACCESS_FINE_LOCATION
12-01 22:35:13.374   662   662 I PermissionValidator:     Granted: android.permission.ACCESS_FINE_LOCATION
12-01 22:35:13.374   662   662 I PermissionValidator: Checking permission for android.permission.READ_PHONE_STATE
12-01 22:35:13.374   662   662 I PermissionValidator:     Granted: android.permission.READ_PHONE_STATE
12-01 22:35:13.375   662   662 V ServiceStarter: attempting to start service MediaTransferProtocolMonitorService
12-01 22:35:13.377   662   662 V ServiceStarter: started service MediaTransferProtocolMonitorService
12-01 22:35:13.377   662   662 V ServiceStarter: attempting to start service OnBotJavaService
12-01 22:35:13.378   662   662 V ServiceStarter: started service OnBotJavaService
12-01 22:35:13.378   662   662 I PermissionValidatorActivity: All permissions validated.  Starting RobotController
12-01 22:35:13.392   662   662 V MTPMonitorService: onCreate()
12-01 22:35:13.392   662   662 V MTPMonitorService: onStartCommand() intent=Intent { cmp=com.qualcomm.ftcrobotcontroller/org.firstinspires.ftc.robotcore.internal.files.MediaTransferProtocolMonitorService } flags=0x0 startId=1
12-01 22:35:13.394   662   662 V MTPMonitor: observing: /storage/emulated/0
12-01 22:35:13.416   662   662 V OnBotJavaService: onCreate()
12-01 22:35:13.416   662   662 V OnBotJavaService: onStartCommand() intent=Intent { cmp=com.qualcomm.ftcrobotcontroller/org.firstinspires.ftc.onbotjava.OnBotJavaService } flags=0x0 startId=1
12-01 22:35:13.417   662   662 V OnBotJava: OnBotJavaManager::static
12-01 22:35:13.578   662   662 V OnBotJava: ctor()...
12-01 22:35:13.579   662   662 V OnBotJava: ...ctor()
12-01 22:35:13.591   662   662 V RCActivity: Permissions validated already
12-01 22:35:13.591   662   662 V RCActivity: onCreate()
12-01 22:35:13.592   662   662 V RCActivity: rootActivity is of class PermissionValidatorWrapper
12-01 22:35:13.593   662   662 V RCActivity: launchActivity is of class class org.firstinspires.ftc.robotcontroller.internal.PermissionValidatorWrapper
12-01 22:35:13.596   662   781 V CallbackLooper: thread=1990
12-01 22:35:13.603   662   662 V NetDiscover_wifiDirectAgent: doStart()...
12-01 22:35:13.605   662   781 V NetDiscover_wifiDirectAgent_bcast: wifiP2pEnabled=true
12-01 22:35:13.606   662   781 D NetDiscover_wifiDirectAgent_bcast: connection changed: networkInfo.state=DISCONNECTED
12-01 22:35:13.606   662   781 V NetDiscover_wifiDirectAgent_bcast: NetworkInfo: [type: WIFI_P2P[], state: DISCONNECTED/DISCONNECTED, reason: (unspecified), extra: (none), failover: false, available: true, roaming: false]
12-01 22:35:13.606   662   781 V NetDiscover_wifiDirectAgent_bcast: WifiP2pInfo: groupFormed: false isGroupOwner: false groupOwnerAddress: null
12-01 22:35:13.606   662   781 V NetDiscover_wifiDirectAgent_bcast: WifiP2pGroup: network: null, isGO: false, GO: null, interface: null, networkId: 0
12-01 22:35:13.606   662   662 V NetDiscover_wifiDirectAgent: ...doStart()
12-01 22:35:13.607   662   662 V NetDiscover_name: doStart()...
12-01 22:35:13.607   662   662 V NetDiscover_name: ...doStart()
12-01 22:35:13.607   662   662 V NetDiscover_prefremrc: ----- all preferences -----
12-01 22:35:13.607   662   662 V NetDiscover_prefremrc: name='pref_pairing_kind' value=WIFIDIRECT
12-01 22:35:13.607   662   781 V NetDiscover_wifiDirectAgent_bcast: this device changed: Device=2845-C-RC deviceAddress=aa:96:75:9e:ed:5d primary type=10-0050F204-5 secondary type=null wps=0 grpcapab=0 devcapab=0 status=3 wfdInfo=WFD enabled=falseWFD DeviceInfo=0 WFD CtrlPort=0 WFD MaxThroughput=0
12-01 22:35:13.607   662   662 V NetDiscover_prefremrc: name='pref_warn_about_obsolete_software' value=true
12-01 22:35:13.608   662   662 V NetDiscover_prefremrc: name='pref_has_independent_phone_battery' value=true
12-01 22:35:13.608   662   781 V NetDiscover_name: remembering wifiDirectName: 2845-C-RC...
12-01 22:35:13.608   662   662 V NetDiscover_prefremrc: name='pref_warn_about_mismatched_app_versions' value=true
12-01 22:35:13.608   662   781 V NetDiscover_name: wifiDirectName=2845-C-RC
12-01 22:35:13.608   662   662 V NetDiscover_prefremrc: name='pref_has_speaker' value=true
12-01 22:35:13.608   662   662 V NetDiscover_prefremrc: name='pref_wifip2p_channel' value=0
12-01 22:35:13.608   662   662 V NetDiscover_prefremrc: name='pref_warn_about_2_4_ghz_band' value=true
12-01 22:35:13.608   662   662 V NetDiscover_prefremrc: name='pref_wifip2p_groupowner_connectedto' value=
12-01 22:35:13.608   662   662 V NetDiscover_prefremrc: name='pref_rc_connected' value=true
12-01 22:35:13.608   662   662 V NetDiscover_prefremrc: name='android.permission.WRITE_EXTERNAL_STORAGE' value=false
12-01 22:35:13.608   662   662 V NetDiscover_prefremrc: name='pref_device_name_old' value=2845-C-RC
