--------- beginning of system
12-01 22:27:56.500 31927 31927 E SchedPolicy: open of /dev/cpuctl/bg_non_interactive/tasks failed: No such file or directory
--------- beginning of main
12-01 22:27:56.639 31927 31927 D Uvc     : [jni.cpp:72] JNI_OnLoad()...
12-01 22:27:56.639 31927 31927 D Uvc     : [JniEnv.h:32] ScopedJniEnv::onJniLoad()...
12-01 22:27:56.639 31927 31927 D Uvc     : [JniEnv.h:32] ...ScopedJniEnv::onJniLoad()
12-01 22:27:56.639 31927 31927 D Uvc     : [jni.cpp:72] ...JNI_OnLoad()
12-01 22:27:56.642 31927 31927 V AppUtil : initializing: getExternalStorageDirectory()=/storage/emulated/0
12-01 22:27:56.645 31927 31960 V RobotCore: saving logcat to /storage/emulated/0/robotControllerLog.txt
12-01 22:27:56.645 31927 31960 V RobotCore: logging command line: exec logcat -f /storage/emulated/0/robotControllerLog.txt -r4096 -n4 -v threadtime UsbRequestJNI:S UsbRequest:S art:W ThreadPool:W System:W ExtendedExtractor:W OMXClient:W MediaPlayer:W dalvikvm:W  *:V
12-01 22:27:56.660 31927 31927 V AppUtil : rootActivity=PermissionValidatorWrapper
12-01 22:27:56.661 31927 31927 I PermissionValidatorActivity: Lifecycle onCreate : 3c7c44e
12-01 22:27:56.683 31927 31960 I RobotCore: Done running ps
12-01 22:27:56.693 31967 31967 W sh      : type=1400 audit(0.0:285): avc: denied { read } for uid=10138 name="/" dev="rootfs" ino=2 scontext=u:r:untrusted_app:s0:c512,c768 tcontext=u:object_r:rootfs:s0 tclass=dir permissive=0
12-01 22:27:56.712 31967 31967 E SchedPolicy: open of /dev/cpuctl/bg_non_interactive/tasks failed: No such file or directory
12-01 22:27:57.130 31927 31927 I PermissionValidatorActivity: Lifecycle onStart : 3c7c44e
12-01 22:27:57.132 31927 31927 I PermissionValidator: Checking permission for android.permission.WRITE_EXTERNAL_STORAGE
12-01 22:27:57.135 31927 31927 V PermissionValidator: writing pref name=android.permission.WRITE_EXTERNAL_STORAGE value=false
12-01 22:27:57.136 31927 31927 I PermissionValidator:     Granted: android.permission.WRITE_EXTERNAL_STORAGE
12-01 22:27:57.136 31927 31927 I PermissionValidator: Checking permission for android.permission.READ_EXTERNAL_STORAGE
12-01 22:27:57.136 31927 31927 V PermissionValidator: writing pref name=android.permission.READ_EXTERNAL_STORAGE value=false
12-01 22:27:57.136 31927 31927 I PermissionValidator:     Granted: android.permission.READ_EXTERNAL_STORAGE
12-01 22:27:57.136 31927 31927 I PermissionValidator: Checking permission for android.permission.CAMERA
12-01 22:27:57.137 31927 31927 V PermissionValidator: writing pref name=android.permission.CAMERA value=false
12-01 22:27:57.137 31927 31927 I PermissionValidator:     Granted: android.permission.CAMERA
12-01 22:27:57.137 31927 31927 I PermissionValidator: Checking permission for android.permission.ACCESS_COARSE_LOCATION
12-01 22:27:57.137 31927 31927 V PermissionValidator: writing pref name=android.permission.ACCESS_COARSE_LOCATION value=false
12-01 22:27:57.137 31927 31927 I PermissionValidator:     Granted: android.permission.ACCESS_COARSE_LOCATION
12-01 22:27:57.137 31927 31927 I PermissionValidator: Checking permission for android.permission.ACCESS_FINE_LOCATION
12-01 22:27:57.137 31927 31927 V PermissionValidator: writing pref name=android.permission.ACCESS_FINE_LOCATION value=false
12-01 22:27:57.137 31927 31927 I PermissionValidator:     Granted: android.permission.ACCESS_FINE_LOCATION
12-01 22:27:57.137 31927 31927 I PermissionValidator: Checking permission for android.permission.READ_PHONE_STATE
12-01 22:27:57.138 31927 31927 V PermissionValidator: writing pref name=android.permission.READ_PHONE_STATE value=false
12-01 22:27:57.138 31927 31927 I PermissionValidator:     Granted: android.permission.READ_PHONE_STATE
12-01 22:27:57.139 31927 31927 V ServiceStarter: attempting to start service MediaTransferProtocolMonitorService
12-01 22:27:57.141 31927 31927 V ServiceStarter: started service MediaTransferProtocolMonitorService
12-01 22:27:57.142 31927 31927 V ServiceStarter: attempting to start service OnBotJavaService
12-01 22:27:57.143 31927 31927 V ServiceStarter: started service OnBotJavaService
12-01 22:27:57.143 31927 31927 I PermissionValidatorActivity: All permissions validated.  Starting RobotController
12-01 22:27:57.179 31927 31927 V MTPMonitorService: onCreate()
12-01 22:27:57.179 31927 31927 V MTPMonitorService: onStartCommand() intent=Intent { cmp=com.qualcomm.ftcrobotcontroller/org.firstinspires.ftc.robotcore.internal.files.MediaTransferProtocolMonitorService } flags=0x0 startId=1
12-01 22:27:57.181 31927 31927 V MTPMonitor: observing: /storage/emulated/0
12-01 22:27:57.200 31927 31927 V OnBotJavaService: onCreate()
12-01 22:27:57.200 31927 31927 V OnBotJavaService: onStartCommand() intent=Intent { cmp=com.qualcomm.ftcrobotcontroller/org.firstinspires.ftc.onbotjava.OnBotJavaService } flags=0x0 startId=1
12-01 22:27:57.201 31927 31927 V OnBotJava: OnBotJavaManager::static
12-01 22:27:57.394 31927 31927 V OnBotJava: ctor()...
12-01 22:27:57.395 31927 31927 V OnBotJava: ...ctor()
12-01 22:27:57.398 31927 31927 V RCActivity: Permissions validated already
12-01 22:27:57.398 31927 31927 V RCActivity: onCreate()
12-01 22:27:57.399 31927 31927 V RCActivity: writing pref name=pref_app_theme value=red
12-01 22:27:57.399 31927 31927 V RCActivity: rootActivity is of class PermissionValidatorWrapper
12-01 22:27:57.400 31927 31927 V RCActivity: launchActivity is of class class org.firstinspires.ftc.robotcontroller.internal.PermissionValidatorWrapper
12-01 22:27:57.403 31927 31988 V CallbackLooper: thread=1946
12-01 22:27:57.410 31927 31927 V NetDiscover_wifiDirectAgent: doStart()...
12-01 22:27:57.411 31927 31988 V NetDiscover_wifiDirectAgent_bcast: wifiP2pEnabled=true
12-01 22:27:57.412 31927 31988 D NetDiscover_wifiDirectAgent_bcast: connection changed: networkInfo.state=DISCONNECTED
12-01 22:27:57.412 31927 31988 V NetDiscover_wifiDirectAgent_bcast: NetworkInfo: [type: WIFI_P2P[], state: DISCONNECTED/DISCONNECTED, reason: (unspecified), extra: (none), failover: false, available: true, roaming: false]
12-01 22:27:57.412 31927 31988 V NetDiscover_wifiDirectAgent_bcast: WifiP2pInfo: groupFormed: false isGroupOwner: false groupOwnerAddress: null
12-01 22:27:57.413 31927 31927 V NetDiscover_wifiDirectAgent: ...doStart()
12-01 22:27:57.413 31927 31988 V NetDiscover_wifiDirectAgent_bcast: WifiP2pGroup: network: null, isGO: false, GO: null, interface: null, networkId: 0
12-01 22:27:57.413 31927 31927 V NetDiscover_name: doStart()...
12-01 22:27:57.413 31927 31927 V NetDiscover_name: ...doStart()
12-01 22:27:57.413 31927 31927 V NetDiscover_prefremrc: ----- all preferences -----
12-01 22:27:57.414 31927 31927 V NetDiscover_prefremrc: name='android.permission.ACCESS_FINE_LOCATION' value=false
12-01 22:27:57.414 31927 31927 V NetDiscover_prefremrc: name='android.permission.ACCESS_COARSE_LOCATION' value=false
12-01 22:27:57.414 31927 31927 V NetDiscover_prefremrc: name='android.permission.CAMERA' value=false
12-01 22:27:57.414 31927 31927 V NetDiscover_prefremrc: name='android.permission.READ_EXTERNAL_STORAGE' value=false
12-01 22:27:57.414 31927 31927 V NetDiscover_prefremrc: name='pref_app_theme' value=red
12-01 22:27:57.414 31927 31988 V NetDiscover_wifiDirectAgent_bcast: this device changed: Device=2845-C-DS deviceAddress=aa:96:75:9e:ed:5d primary type=10-0050F204-5 secondary type=null wps=0 grpcapab=0 devcapab=0 status=3 wfdInfo=WFD enabled=falseWFD DeviceInfo=0 WFD CtrlPort=0 WFD MaxThroughput=0
12-01 22:27:57.414 31927 31927 V NetDiscover_prefremrc: name='android.permission.WRITE_EXTERNAL_STORAGE' value=false
12-01 22:27:57.414 31927 31927 V NetDiscover_prefremrc: name='android.permission.READ_PHONE_STATE' value=false
12-01 22:27:57.414 31927 31988 V NetDiscover_name: remembering wifiDirectName: 2845-C-DS...
12-01 22:27:57.414 31927 31988 V NetDiscover_name: wifiDirectName=2845-C-DS
12-01 22:27:57.414 31927 31988 V NetDiscover_name: ...remembering wifiDirectName
12-01 22:27:57.414 31927 31988 V NetDiscover_wifiDirectAgent_bcast: p2p discoverPeers()=false
12-01 22:27:57.414 31927 31988 V NetDiscover_wifiDirectAgent_bcast: Wi-Fi Direct remembered groups cleared
12-01 22:27:57.416 31927 31927 V Robocol : SendOnceRunnable created
12-01 22:27:57.417 31927 31988 V NetDiscover_wifiDirectAgent_bcast: wifiState=ENABLED
12-01 22:27:57.417 31927 31988 V NetDiscover_wifiDirectAgent: found persistent group: DIRECT-wr-2845-C-RC
12-01 22:27:57.417 31927 31988 V NetDiscover_wifiDirectAgent: found persistent group: DIRECT-GH-2845-C-RC
12-01 22:27:57.417 31927 31988 V NetDiscover_wifiDirectAgent: found persistent group: DIRECT-TB-2845-C-RC
12-01 22:27:57.417 31927 31927 V NetDiscover_prefremrc: doStart()...
12-01 22:27:57.417 31927 31927 V NetDiscover_prefremrc: ...doStart()
12-01 22:27:57.436 31927 31927 I WebViewFactory: Loading com.android.chrome version 66.0.3359.158 (code 335915802)
12-01 22:27:57.477 31927 31927 I cr_LibraryLoader: Time to load native libraries: 3 ms (timestamps 4627-4630)
12-01 22:27:57.490 31927 31927 I chromium: [INFO:library_loader_hooks.cc(36)] Chromium logging enabled: level = 0, default verbosity = 0
12-01 22:27:57.490 31927 31927 I cr_LibraryLoader: Expected native library version number "66.0.3359.158", actual native library version number "66.0.3359.158"
12-01 22:27:57.498 31927 31996 W cr_ChildProcLH: Create a new ChildConnectionAllocator with package name = com.android.chrome, sandboxed = true
12-01 22:27:57.507 31927 31927 I cr_BrowserStartup: Initializing chromium process, singleProcess=false
12-01 22:27:57.508 31927 31927 I cr_base : Android Locale: en_US requires .pak files: [en-GB.pak, en-US.pak]
12-01 22:27:57.523 31927 31927 W robotcontroller: type=1400 audit(0.0:286): avc: denied { read } for uid=10138 name="vmstat" dev="proc" ino=4026532378 scontext=u:r:untrusted_app:s0:c512,c768 tcontext=u:object_r:proc:s0 tclass=file permissive=0
12-01 22:27:57.587 31927 31927 V RCActivity: writing pref name=pref_rc_connected value=true
12-01 22:27:57.587 31927 31927 V NetDiscover_prefremrc: onSharedPreferenceChanged(name=pref_rc_connected, value=true)
12-01 22:27:57.603 31927 31927 V RCActivity: writing pref name=pref_ftc_season_year_of_current_rc_new value=2022
12-01 22:27:57.603 31927 31927 V NetDiscover_prefremrc: onSharedPreferenceChanged(name=pref_ftc_season_year_of_current_rc_new, value=2022)
12-01 22:27:57.603 31927 31927 V RCActivity: writing pref name=pref_warn_about_2_4_ghz_band value=true
12-01 22:27:57.604 31927 31927 V NetDiscover_prefremrc: onSharedPreferenceChanged(name=pref_warn_about_2_4_ghz_band, value=true)
12-01 22:27:57.604 31927 31927 V NetDiscover_prefremrc: sending RC pref name=pref_warn_about_2_4_ghz_band value=true
12-01 22:27:57.614 31927 31927 V RCActivity: writing pref name=pref_warn_about_obsolete_software value=true
12-01 22:27:57.614 31927 31927 V NetDiscover_prefremrc: onSharedPreferenceChanged(name=pref_warn_about_obsolete_software, value=true)
12-01 22:27:57.614 31927 31927 V NetDiscover_prefremrc: sending RC pref name=pref_warn_about_obsolete_software value=true
12-01 22:27:57.614 31927 31927 V RCActivity: writing pref name=pref_warn_about_mismatched_app_versions value=true
12-01 22:27:57.615 31927 31927 V NetDiscover_prefremrc: onSharedPreferenceChanged(name=pref_warn_about_mismatched_app_versions, value=true)
12-01 22:27:57.615 31927 31927 V NetDiscover_prefremrc: sending RC pref name=pref_warn_about_mismatched_app_versions value=true
12-01 22:27:57.615 31927 31927 V RCActivity: writing pref name=pref_warn_about_incorrect_clocks value=true
12-01 22:27:57.615 31927 31927 V NetDiscover_prefremrc: onSharedPreferenceChanged(name=pref_warn_about_incorrect_clocks, value=true)
12-01 22:27:57.615 31927 31927 V NetDiscover_prefremrc: sending RC pref name=pref_warn_about_incorrect_clocks value=true
12-01 22:27:57.624 31927 31927 W zygote  : Opening an oat file without a class loader. Are you using the deprecated DexFile APIs?
12-01 22:27:58.574 31927 31927 V OnBotJava: getCurrentOutputDir() unavailable
12-01 22:27:58.575 31927 31927 V OnBotJava: getCurrentOutputDir() unavailable
12-01 22:27:58.575 31927 31927 W System  : ClassLoader referenced unknown path: 
12-01 22:27:58.884 31927 31933 I zygote  : Do partial code cache collection, code=30KB, data=24KB
12-01 22:27:58.885 31927 31933 I zygote  : After code cache collection, code=27KB, data=23KB
12-01 22:27:58.885 31927 31933 I zygote  : Increasing code cache capacity to 128KB
12-01 22:27:58.927 31927 31927 I zygote  : Deoptimizing void com.qualcomm.robotcore.hardware.configuration.ConfigurationTypeManager.filterClass(java.lang.Class, com.qualcomm.robotcore.hardware.configuration.ConfigurationTypeManager$ClassSource) due to JIT inline cache
12-01 22:27:59.076 31927 31927 I zygote  : Deoptimizing void com.qualcomm.robotcore.hardware.configuration.ConfigurationTypeManager.filterClass(java.lang.Class, com.qualcomm.robotcore.hardware.configuration.ConfigurationTypeManager$ClassSource) due to JIT inline cache
12-01 22:27:59.229 31927 31927 V NetDiscover_name: initializeDeviceNameFromWifiDirect()...
12-01 22:27:59.229 31927 31927 V NetDiscover_name: waitForWifiDirectName() thread=2...
12-01 22:27:59.229 31927 31927 V NetDiscover_name: ...waitForWifiDirectName()
12-01 22:27:59.229 31927 31927 V NetDiscover_name: initializeDeviceNameFromWifiDirect(): name=2845-C-DS
12-01 22:27:59.229 31927 31927 V NetDiscover_name: writing pref name=pref_device_name_tracking value=WIFIDIRECT
12-01 22:27:59.230 31927 31927 V NetDiscover_prefremrc: onSharedPreferenceChanged(name=pref_device_name_tracking, value=WIFIDIRECT)
12-01 22:27:59.230 31927 31927 V NetDiscover_name: writing pref name=pref_device_name value=2845-C-DS
12-01 22:27:59.230 31927 31927 V NetDiscover_name: writing pref name=pref_device_name_old value=2845-C-DS
12-01 22:27:59.230 31927 31927 V NetDiscover_prefremrc: onSharedPreferenceChanged(name=pref_device_name_old, value=2845-C-DS)
12-01 22:27:59.230 31927 31927 V NetDiscover_name: deviceName pref changed: now=2845-C-DS
12-01 22:27:59.230 31927 31927 V NetDiscover_name: setWifiDirectDeviceName(2845-C-DS)...
12-01 22:27:59.230 31927 31927 V NetDiscover_name: ...setWifiDirectDeviceName(2845-C-DS)
12-01 22:27:59.230 31927 31927 V NetDiscover_prefremrc: onSharedPreferenceChanged(name=pref_device_name, value=2845-C-DS)
12-01 22:27:59.230 31927 31927 V NetDiscover_prefremrc: sending RC pref name=pref_device_name value=2845-C-DS
12-01 22:27:59.231 31927 31927 V NetDiscover_name: ...initializeDeviceNameFromWifiDirect()
12-01 22:27:59.243 31927 31927 V NetDiscover_prefremrc: onSharedPreferenceChanged(name=pref_sound_on_off, value=true)
12-01 22:27:59.243 31927 31927 V NetDiscover_prefremrc: sending RC pref name=pref_sound_on_off value=true
12-01 22:27:59.245 31927 31927 V UpdateUI: Network: inactive, disconnected
12-01 22:27:59.246 31927 31927 V RCActivity: writing pref name=pref_pairing_kind value=WIFIDIRECT
12-01 22:27:59.246 31927 31927 V NetDiscover_prefremrc: onSharedPreferenceChanged(name=pref_pairing_kind, value=WIFIDIRECT)
12-01 22:27:59.246 31927 31927 V ServiceStarter: attempting to start service FtcRobotControllerWatchdogService
12-01 22:27:59.247 31927 31927 V ServiceStarter: started service FtcRobotControllerWatchdogService
12-01 22:27:59.259 31927 31927 I RobotCore: App info: version=8.1.0 appId=com.qualcomm.ftcrobotcontroller
12-01 22:27:59.260 31927 31927 I RobotCore: Android Device: maker=motorola model=Moto G (5) Plus sdk=27 serial=ZY2247D6S4
12-01 22:27:59.261 31927 31927 V RCActivity: pref_wifip2p_channel: No preferred channel defined. Will use a default value of 0
12-01 22:27:59.261 31927 31927 V RCActivity: pref_wifip2p_channel: attempting to set preferred channel...
12-01 22:27:59.261 31927 31927 V WifiDirectChannelChanger: changeToChannel() channel=0
12-01 22:27:59.261 31927 31927 V WifiDirectChannelChanger: startChannelChange() channel=0
12-01 22:27:59.262 31927 31927 V RCActivity: onStart()
12-01 22:27:59.263 31927 31988 V WifiDirectChannelChanger: callSetWifiP2pChannels() success
12-01 22:27:59.263 31927 31927 V RCActivity: onResume()
12-01 22:27:59.263 31927 31988 V WifiDirectChannelChanger: writing pref name=pref_wifip2p_channel value=0
12-01 22:27:59.263 31927 31988 V WifiDirectChannelChanger: Channel 0 saved as preference "pref_wifip2p_channel".
12-01 22:27:59.263 31927 31988 V WifiDirectChannelChanger: finishChannelChange() channel=0 success=true
12-01 22:27:59.310 31927 32034 D OpenGLRenderer: HWUI GL Pipeline
12-01 22:27:59.316 31927 31927 V RCActivity: onPause()
12-01 22:27:59.317 31927 31927 V AppUtil : rootActivity=PermissionValidatorWrapper destroyed
12-01 22:27:59.317 31927 31927 V AppUtil : rootActivity=FtcRobotControllerActivity
12-01 22:27:59.317 31927 31927 I PermissionValidatorActivity: Lifecycle onDestroy : 3c7c44e
12-01 22:27:59.327 31927 31927 V RCActivity: onStop()
12-01 22:27:59.330 31927 31927 V FtcRobotControllerWatchdogService: onCreate()
12-01 22:27:59.331 31927 31927 V FtcRobotControllerWatchdogService: onStartCommand() intent=Intent { cmp=com.qualcomm.ftcrobotcontroller/org.firstinspires.ftc.ftccommon.internal.FtcRobotControllerWatchdogService } flags=0x0 startId=1
12-01 22:27:59.331 31927 31927 V FtcRobotControllerWatchdogService: shouldAutoLauchRobotController() result=false
12-01 22:27:59.331 31927 31927 V FTCService: onCreate()
12-01 22:27:59.333 31927 31927 V FTCService: onBind()
12-01 22:27:59.333 31927 31927 V FTCService: writing pref name=pref_wifip2p_remote_channel_change_works value=true
12-01 22:27:59.334 31927 31927 V NetDiscover_prefremrc: onSharedPreferenceChanged(name=pref_wifip2p_remote_channel_change_works, value=true)
12-01 22:27:59.334 31927 31927 V NetDiscover_prefremrc: sending RC pref name=pref_wifip2p_remote_channel_change_works value=true
12-01 22:27:59.334 31927 31927 V FTCService: writing pref name=pref_has_independent_phone_battery value=true
12-01 22:27:59.334 31927 31927 V NetDiscover_prefremrc: onSharedPreferenceChanged(name=pref_has_independent_phone_battery, value=true)
12-01 22:27:59.334 31927 31927 V NetDiscover_prefremrc: sending RC pref name=pref_has_independent_phone_battery value=true
12-01 22:27:59.335 31927 31927 V FTCService: writing pref name=pref_has_speaker value=true
12-01 22:27:59.335 31927 31927 V NetDiscover_prefremrc: onSharedPreferenceChanged(name=pref_has_speaker, value=true)
12-01 22:27:59.335 31927 31927 V NetDiscover_prefremrc: sending RC pref name=pref_has_speaker value=true
12-01 22:27:59.356 31927 31927 V CoreRobotWebServer: creating NanoHTTPD(8080)
12-01 22:27:59.360 31927 31927 V WebSocketManager: Registered broadcast-only namespace progress
12-01 22:27:59.363 31927 31927 V WebSocketManager: Registered broadcast-only namespace ControlHubUpdater
12-01 22:27:59.364 31927 31927 V RobotCore: Getting network assistant of type: WIFIDIRECT
12-01 22:27:59.366 31927 31927 V WifiDirect: There are 1 Wi-Fi Direct Assistant Clients (+)
12-01 22:27:59.366 31927 31927 V WifiDirect: Enabling Wi-Fi Direct Assistant
12-01 22:27:59.367 31927 31988 V NetDiscover_wifiDirectAgent_bcast: wifiP2pEnabled=true
12-01 22:27:59.367 31927 31988 D NetDiscover_wifiDirectAgent_bcast: connection changed: networkInfo.state=DISCONNECTED
12-01 22:27:59.368 31927 31988 V NetDiscover_wifiDirectAgent_bcast: NetworkInfo: [type: WIFI_P2P[], state: DISCONNECTED/DISCONNECTED, reason: (unspecified), extra: (none), failover: false, available: true, roaming: false]
12-01 22:27:59.368 31927 31988 V NetDiscover_wifiDirectAgent_bcast: WifiP2pInfo: groupFormed: false isGroupOwner: false groupOwnerAddress: null
12-01 22:27:59.368 31927 31988 V NetDiscover_wifiDirectAgent_bcast: WifiP2pGroup: network: null, isGO: false, GO: null, interface: null, networkId: 0
12-01 22:27:59.368 31927 31988 V NetDiscover_wifiDirectAgent_bcast: this device changed: Device=2845-C-DS deviceAddress=aa:96:75:9e:ed:5d primary type=10-0050F204-5 secondary type=null wps=0 grpcapab=0 devcapab=0 status=3 wfdInfo=WFD enabled=falseWFD DeviceInfo=0 WFD CtrlPort=0 WFD MaxThroughput=0
12-01 22:27:59.368 31927 31988 V NetDiscover_name: remembering wifiDirectName: 2845-C-DS...
12-01 22:27:59.368 31927 31988 V NetDiscover_name: ...remembering wifiDirectName
12-01 22:27:59.368 31927 31988 V NetDiscover_wifiDirectAgent_bcast: p2p discoverPeers()=false
12-01 22:27:59.368 31927 31988 V NetDiscover_wifiDirectAgent_bcast: Wi-Fi Direct remembered groups cleared
12-01 22:27:59.369 31927 31988 V NetDiscover_wifiDirectAgent_bcast: wifiState=ENABLED
12-01 22:27:59.369 31927 31927 V NetDiscover_prefremrc: onSharedPreferenceChanged(name=pref_wifip2p_channel, value=0)
12-01 22:27:59.369 31927 31927 V NetDiscover_prefremrc: sending RC pref name=pref_wifip2p_channel value=0
12-01 22:27:59.390 31927 31927 D WifiDirect: broadcast: state - enabled: true
12-01 22:27:59.391 31927 31927 D WifiDirect: broadcast: connection changed: connectStatus=NOT_CONNECTED networkInfo.state=DISCONNECTED
12-01 22:27:59.391 31927 31927 D WifiDirect: broadcast: this device changed
12-01 22:27:59.391 31927 31927 V WifiDirect: device information: 2845-C-DS aa:96:75:9e:ed:5d
12-01 22:27:59.392 31927 31927 V FTCService: RCActivity.controllerService=bound
12-01 22:27:59.392 31927 31927 V UpdateUI: Network: unknown, disconnected
12-01 22:27:59.392 31927 31927 V RobotCore: Robot Status: stopped
12-01 22:27:59.395 31927 32036 V RobotCore: thread: 'RobotSetupRunnable.run()' starting...
12-01 22:27:59.395 31927 32036 V FTCService: Processing robot setup
12-01 22:27:59.395 31927 32036 V RobotCore: Robot Status: stopped, scanning for USB devices
12-01 22:27:59.404 31927 31927 V WebSocketManager: Registered handler for namespace ONBOTJAVA
12-01 22:27:59.409 31927 31927 I FTCService: onNetworkConnectionEvent: GROUP_CREATED
12-01 22:27:59.409 31927 31927 D WifiDirect: created group
12-01 22:27:59.420 31927 32034 I Adreno  : QUALCOMM build                   : 908a5ce, I77d3059488
12-01 22:27:59.420 31927 32034 I Adreno  : Build Date                       : 06/07/18
12-01 22:27:59.420 31927 32034 I Adreno  : OpenGL ES Shader Compiler Version: EV031.22.00.01_06
12-01 22:27:59.420 31927 32034 I Adreno  : Local Branch                     : 
12-01 22:27:59.420 31927 32034 I Adreno  : Remote Branch                    : refs/tags/AU_LINUX_ANDROID_LA.UM.6.5.R1.08.01.00.312.086
12-01 22:27:59.420 31927 32034 I Adreno  : Remote Branch                    : NONE
12-01 22:27:59.420 31927 32034 I Adreno  : Reconstruct Branch               : NOTHING
12-01 22:27:59.421 31927 32034 D vndksupport: Loading /vendor/lib/hw/gralloc.msm8953.so from current namespace instead of sphal namespace.
12-01 22:27:59.425 31927 31927 W WifiDirect: Wi-Fi Direct failure while trying to discover peers - reason: BUSY
12-01 22:27:59.425 31927 31927 I FTCService: onNetworkConnectionEvent: ERROR
12-01 22:27:59.425 31927 31927 E FTCService: Network Connection Error: BUSY
12-01 22:27:59.425 31927 31927 V UpdateUI: Network: error, disconnected
12-01 22:27:59.427 31927 32034 I Adreno  : PFP: 0x005ff087, ME: 0x005ff063
12-01 22:27:59.433 31927 32034 I zygote  : android::hardware::configstore::V1_0::ISurfaceFlingerConfigs::hasWideColorDisplay retrieved: 0
12-01 22:27:59.434 31927 32034 I OpenGLRenderer: Initialized EGL, version 1.4
12-01 22:27:59.434 31927 32034 D OpenGLRenderer: Swap behavior 2
12-01 22:27:59.435 31927 31933 I zygote  : Do partial code cache collection, code=60KB, data=52KB
12-01 22:27:59.436 31927 31933 I zygote  : After code cache collection, code=54KB, data=48KB
12-01 22:27:59.436 31927 31933 I zygote  : Increasing code cache capacity to 256KB
12-01 22:27:59.445 31927 32034 D vndksupport: Loading /vendor/lib/hw/android.hardware.graphics.mapper@2.0-impl.so from current namespace instead of sphal namespace.
12-01 22:27:59.446 31927 32034 D vndksupport: Loading /vendor/lib/hw/gralloc.msm8953.so from current namespace instead of sphal namespace.
12-01 22:27:59.477 31927 31988 V NetDiscover_wifiDirectAgent_bcast: Wi-Fi Direct remembered groups cleared
12-01 22:27:59.515 31927 32042 W cr_CrashFileManager: /data/user/0/com.qualcomm.ftcrobotcontroller/cache/WebView/Crash Reports does not exist or is not a directory
12-01 22:27:59.571 31927 31927 D WifiDirect: broadcast: this device changed
12-01 22:27:59.571 31927 31927 V WifiDirect: device information: 2845-C-DS aa:96:75:9e:ed:5d
12-01 22:27:59.571 31927 31988 V NetDiscover_wifiDirectAgent_bcast: this device changed: Device=2845-C-DS deviceAddress=aa:96:75:9e:ed:5d primary type=10-0050F204-5 secondary type=null wps=0 grpcapab=0 devcapab=0 status=0 wfdInfo=WFD enabled=falseWFD DeviceInfo=0 WFD CtrlPort=0 WFD MaxThroughput=0
12-01 22:27:59.571 31927 31988 V NetDiscover_name: remembering wifiDirectName: 2845-C-DS...
12-01 22:27:59.571 31927 31988 V NetDiscover_name: ...remembering wifiDirectName
12-01 22:27:59.571 31927 31988 D NetDiscover_wifiDirectAgent_bcast: connection changed: networkInfo.state=CONNECTED
12-01 22:27:59.571 31927 31927 D WifiDirect: broadcast: connection changed: connectStatus=NOT_CONNECTED networkInfo.state=CONNECTED
12-01 22:27:59.571 31927 31988 V NetDiscover_wifiDirectAgent_bcast: NetworkInfo: [type: WIFI_P2P[], state: CONNECTED/CONNECTED, reason: (unspecified), extra: (none), failover: false, available: true, roaming: false]
12-01 22:27:59.572 31927 31988 V NetDiscover_wifiDirectAgent_bcast: WifiP2pInfo: groupFormed: true isGroupOwner: true groupOwnerAddress: /192.168.49.1
12-01 22:27:59.572 31927 31927 V WifiDirect: writing pref name=pref_wifip2p_groupowner_connectedto value=
12-01 22:27:59.572 31927 31988 V NetDiscover_wifiDirectAgent_bcast: WifiP2pGroup: network: DIRECT-Vt-2845-C-DS, isGO: true, GO: Device: , deviceAddress: aa:96:75:9e:ed:5d, primary type: null, secondary type: null, wps: 0, grpcapab: 0, devcapab: 0, status: 4, wfdInfo: WFD enabled: falseWFD DeviceInfo: 0, WFD CtrlPort: 0, WFD MaxThroughput: 0, interface: p2p0, networkId: 7
12-01 22:27:59.572 31927 31927 V NetDiscover_prefremrc: onSharedPreferenceChanged(name=pref_wifip2p_groupowner_connectedto, value=)
12-01 22:27:59.573 31927 31927 D WifiDirect: group owners address: /192.168.49.1
12-01 22:27:59.573 31927 31927 D WifiDirect: group formed, this device is the group owner (GO)
12-01 22:27:59.573 31927 31927 I FTCService: onNetworkConnectionEvent: CONNECTED_AS_GROUP_OWNER
12-01 22:27:59.573 31927 31927 I FTCService: Wi-Fi Direct - connected as group owner
12-01 22:27:59.578 31927 31927 V UpdateUI: Network: enabled, disconnected
12-01 22:27:59.578 31927 31927 V WifiDirect: connection information available
12-01 22:27:59.578 31927 31927 V WifiDirect: connection information - groupOwnerName = 2845-C-DS
12-01 22:27:59.578 31927 31927 V WifiDirect: connection information - groupOwnerMacAddress = aa:96:75:9e:ed:5d
12-01 22:27:59.578 31927 31927 V WifiDirect: connection information - groupInterface = p2p0
12-01 22:27:59.578 31927 31927 V WifiDirect: connection information - groupNetworkName = DIRECT-Vt-2845-C-DS
12-01 22:27:59.578 31927 31927 I FTCService: onNetworkConnectionEvent: CONNECTION_INFO_AVAILABLE
12-01 22:27:59.578 31927 31927 I FTCService: Network Connection Passphrase: RBMAaTor
12-01 22:27:59.578 31927 31927 V CoreRobotWebServer: starting port=8080
12-01 22:27:59.590 31927 31927 V RobotCore: Getting network assistant of type: WIFIDIRECT
12-01 22:27:59.590 31927 31927 V WifiDirect: There are 2 Wi-Fi Direct Assistant Clients (+)
12-01 22:27:59.592 31927 31927 V CoreRobotWebServer: started port=8080
12-01 22:27:59.592 31927 31988 V NetDiscover_wifiDirectAgent_bcast: wifiP2pEnabled=true
12-01 22:27:59.592 31927 31927 V UpdateUI: Network: active, disconnected
12-01 22:27:59.592 31927 31988 D NetDiscover_wifiDirectAgent_bcast: connection changed: networkInfo.state=CONNECTED
12-01 22:27:59.592 31927 31988 V NetDiscover_wifiDirectAgent_bcast: NetworkInfo: [type: WIFI_P2P[], state: CONNECTED/CONNECTED, reason: (unspecified), extra: (none), failover: false, available: true, roaming: false]
12-01 22:27:59.592 31927 31988 V NetDiscover_wifiDirectAgent_bcast: WifiP2pInfo: groupFormed: true isGroupOwner: true groupOwnerAddress: /192.168.49.1
12-01 22:27:59.592 31927 31988 V NetDiscover_wifiDirectAgent_bcast: WifiP2pGroup: network: DIRECT-Vt-2845-C-DS, isGO: true, GO: Device: , deviceAddress: aa:96:75:9e:ed:5d, primary type: null, secondary type: null, wps: 0, grpcapab: 0, devcapab: 0, status: 4, wfdInfo: WFD enabled: falseWFD DeviceInfo: 0, WFD CtrlPort: 0, WFD MaxThroughput: 0, interface: p2p0, networkId: 7
12-01 22:27:59.593 31927 31988 V NetDiscover_wifiDirectAgent_bcast: this device changed: Device=2845-C-DS deviceAddress=aa:96:75:9e:ed:5d primary type=10-0050F204-5 secondary type=null wps=0 grpcapab=0 devcapab=0 status=0 wfdInfo=WFD enabled=falseWFD DeviceInfo=0 WFD CtrlPort=0 WFD MaxThroughput=0
12-01 22:27:59.593 31927 31988 V NetDiscover_name: remembering wifiDirectName: 2845-C-DS...
12-01 22:27:59.593 31927 31988 V NetDiscover_name: ...remembering wifiDirectName
12-01 22:27:59.593 31927 31988 V NetDiscover_wifiDirectAgent_bcast: p2p discoverPeers()=false
12-01 22:27:59.593 31927 31988 V NetDiscover_wifiDirectAgent_bcast: Wi-Fi Direct remembered groups cleared
12-01 22:27:59.593 31927 31988 V NetDiscover_wifiDirectAgent_bcast: wifiState=ENABLED
12-01 22:27:59.596 31927 32045 V TooTallWebSocketServer: Started WebSocket server on port 8081
12-01 22:28:01.594 31927 31949 I zygote  : Waiting for a blocking GC ProfileSaver
12-01 22:28:01.628 31927 31949 I zygote  : WaitForGcToComplete blocked ProfileSaver on HeapTrim for 33.442ms
12-01 22:28:04.405 31927 32036 V RobotCore: EventLoopManager state is NOT_STARTED
12-01 22:28:04.406 31927 32036 V RobotCore: Robot Status: stopped, waiting for Wi-Fi to enable
12-01 22:28:04.408 31927 32036 I RobotCore: state = 3
12-01 22:28:04.409 31927 32036 V RobotCore: Robot Status: stopped, waiting for Wi-Fi Direct to enable
12-01 22:28:04.411 31927 32036 V FTCService: Waiting for a connection to a Wi-Fi service
12-01 22:28:04.411 31927 32036 V RobotCore: Robot Status: stopped, waiting for network to become active
12-01 22:28:04.412 31927 32036 V CoreRobotWebServer: Asked an already running WebServer to start
12-01 22:28:04.412 31927 32036 V RobotCore: Robot Status: stopped, starting robot
12-01 22:28:04.412 31927 31927 D WifiDirect: cannot create group, does group already exist?
12-01 22:28:04.412 31927 32036 V Robocol : EventLoopManager.start()
12-01 22:28:04.413 31927 32036 V RobotCore: Getting network assistant of type: WIFIDIRECT
12-01 22:28:04.413 31927 32036 V Robocol : Spoofing a Network Connection event...
12-01 22:28:04.413 31927 32036 I EventLoopManager: onNetworkConnectionEvent: CONNECTION_INFO_AVAILABLE
12-01 22:28:04.414 31927 32036 I Robocol : Received network connection event
12-01 22:28:04.414 31927 32036 I NetworkConnectionHandler: Handling new network connection infomation, connected: true setup needed: true
12-01 22:28:04.416 31927 32062 V RobotCore: thread: 'SetupRunnable.run()' starting...
12-01 22:28:04.417 31927 32036 V RobotCore: EventLoopManager state is STOPPED
12-01 22:28:04.418 31927 32036 V Robocol : eventLoop=FtcEventLoop
12-01 22:28:04.418 31927 32036 V RobotCore: EventLoopManager state is INIT
12-01 22:28:04.418 31927 32036 V RobotCore: Robot Status: initializing, starting robot
12-01 22:28:04.419 31927 32036 I FtcEventLoop: ======= INIT START =======
12-01 22:28:04.420 31927 32036 V OpmodeRegistration: registered {DefaultOpMode} as {$Stop$Robot$}
12-01 22:28:04.431 31927 32036 I zygote  : Deoptimizing void com.google.gson.reflect.TypeToken.<init>(java.lang.reflect.Type) due to JIT inline cache
12-01 22:28:04.432 31927 32036 I zygote  : Deoptimizing void com.google.gson.internal.bind.CollectionTypeAdapterFactory$Adapter.write(com.google.gson.stream.JsonWriter, java.util.Collection) due to JIT inline cache
12-01 22:28:04.433 31927 32062 D Robocol : RobocolDatagramSocket listening addr=/192.168.49.1:20884 cbRec=65520 cbSend=163840 msRecTO=300
12-01 22:28:04.434 31927 32062 V Robocol : RecvLoopRunnable created
12-01 22:28:04.438 31927 32063 V Robocol : PacketProcessor started
12-01 22:28:04.439 31927 32064 V Robocol : CommandProcessor started
12-01 22:28:04.442 31927 32065 V RobotCore: thread: 'RecvLoopRunnable.run()' starting...
12-01 22:28:04.444 31927 32062 V PeerDiscovery: Starting peer discovery remote: /192.168.49.1 local: /192.168.49.1
12-01 22:28:04.444 31927 32062 V PeerDiscovery: No need for initiating peer discovery, we are the Robot Controller
12-01 22:28:04.444 31927 32062 V RobotCore: Setup complete
12-01 22:28:04.444 31927 32062 V RobotCore: thread: ...terminating 'SetupRunnable.run()'
12-01 22:28:04.475 31927 32036 V HardwareFactory: createHardwareMap()
12-01 22:28:04.475 31927 32036 V EmbeddedControlHubModule: clearing embedded module
12-01 22:28:04.478 31927 32036 I RobotCore: ========= Device Information ===================================================
12-01 22:28:04.478 31927 32036 I RobotCore: Type                                               Name                           Connection
12-01 22:28:04.479 31927 32036 I FtcEventLoop: ======= INIT FINISH =======
12-01 22:28:04.479 31927 32036 V RobotCore: EventLoopManager state is RUNNING
12-01 22:28:04.489 31927 32036 V RobotCore: Robot Status: running, starting robot
12-01 22:28:04.492 31927 32036 V RobotCore: Robot Status: running
12-01 22:28:04.493 31927 32036 D FTCService: Detecting Wi-Fi reset
12-01 22:28:04.493 31927 32036 V RobotCore: thread: ...terminating 'RobotSetupRunnable.run()'
12-01 22:28:04.493 31927 32071 V RobotCore: thread: 'EventLoop' starting...
12-01 22:28:04.499 31927 32071 D RobotCore: system telemetry: key=$System$None$ msg=""
12-01 22:28:04.520 31927 32069 V SoundInfo: construct(0x01a9f5e9)
12-01 22:28:04.536 31927 32068 V NuMediaExtractor: setDataSource fd=92 (/data/app/com.qualcomm.ftcrobotcontroller-ueKCjsdBoDBSf3TuTrshdg==/base.apk), offset=47369624, length=432616
12-01 22:28:04.580 31927 32068 V NuMediaExtractor: track of type 'audio/raw' does not publish bitrate
12-01 22:28:04.584 31927 32068 I MediaCodec: (0xa818ccc0) init name(audio/raw) isType(1) encoder(0)
12-01 22:28:04.593 31927 32074 I MediaCodec: (0xa818ccc0) Component Allocated (OMX.google.raw.decoder)
12-01 22:28:04.593 31927 32068 I MediaCodec: (0xa818ccc0) configure surface(0x0) crypto(0x0) flags(0)
12-01 22:28:04.594 31927 32068 D MediaCodec: (0xa818ccc0) configure format: AMessage(what = 0x00000000) = {
12-01 22:28:04.594 31927 32068 D MediaCodec:       string mime = "audio/raw"
12-01 22:28:04.594 31927 32068 D MediaCodec:       int64_t durationUs = 4505958
12-01 22:28:04.594 31927 32068 D MediaCodec:       int32_t track-id = 1
12-01 22:28:04.594 31927 32068 D MediaCodec:       int32_t channel-count = 1
12-01 22:28:04.594 31927 32068 D MediaCodec:       int32_t sample-rate = 48000
12-01 22:28:04.594 31927 32068 D MediaCodec:       int32_t channel-mask = 0
12-01 22:28:04.594 31927 32068 D MediaCodec:       int32_t pcm-encoding = 2
12-01 22:28:04.594 31927 32068 D MediaCodec:     }
12-01 22:28:04.599 31927 32074 W ExtendedACodec: Failed to get extension for extradata parameter
12-01 22:28:04.599 31927 32068 I MediaCodec: (0xa818ccc0) start
12-01 22:28:04.620 31927 32074 I MediaCodec: (0xa818ccc0) kWhatStartCompleted
12-01 22:28:04.634 31927 32074 D MediaCodec: (0xa818ccc0) [OMX.google.raw.decoder] output format changed to: AMessage(what = 0x00000000) = {
12-01 22:28:04.634 31927 32074 D MediaCodec:       string mime = "audio/raw"
12-01 22:28:04.634 31927 32074 D MediaCodec:       int32_t channel-count = 1
12-01 22:28:04.634 31927 32074 D MediaCodec:       int32_t sample-rate = 48000
12-01 22:28:04.634 31927 32074 D MediaCodec:       int32_t pcm-encoding = 2
12-01 22:28:04.634 31927 32074 D MediaCodec:       int32_t channel-mask = 0
12-01 22:28:04.634 31927 32074 D MediaCodec:     }
12-01 22:28:04.706 31927 32068 I MediaCodec: (0xa818ccc0) stop
12-01 22:28:04.716 31927 32068 I MediaCodec: (0xa818ccc0) release
12-01 22:28:04.730 31927 31988 D SoundPlayer: onLoadComplete(samp=1|ms=4506, samp=1)=0
12-01 22:28:04.741 31927 32069 I AudioTrack: AUDIO_OUTPUT_FLAG_FAST successful; frameCount 216286 -> 216286
12-01 22:28:04.745 31927 32065 E Robocol : exception SocketTimeoutException(Poll timed out): no packet received [libcore.io.IoBridge.poll(IoBridge.java:691)]
12-01 22:28:04.748 31927 32069 D SoundPlayer: playing volume=1.000000 samp=1|ms=4506
12-01 22:28:05.003 31927 32071 I RobotCore: Attempting to switch to op mode $Stop$Robot$
12-01 22:28:05.004 31927 32071 D HardwareMap: Clearing which device instances have been retrieved
12-01 22:28:05.005 31927 32071 D HardwareMap: Clearing which device instances have been retrieved
12-01 22:28:05.008 31927 32079 V RobotCore: thread: 'OpModeThread' starting...
12-01 22:28:06.263 31927 31933 I zygote  : Do full code cache collection, code=126KB, data=91KB
12-01 22:28:06.267 31927 31933 I zygote  : After code cache collection, code=74KB, data=48KB
12-01 22:29:16.371 31927 31927 V RCActivity: onStart()
12-01 22:29:16.371 31927 31927 V RCActivity: onResume()
12-01 22:29:20.618 31927 31927 V RCActivity: onPause()
12-01 22:29:21.096 31927 31927 V RCActivity: onStop()
12-01 22:29:22.439 31927 31927 I AssistStructure: Flattened final assist data: 6980 bytes, containing 2 windows, 26 views
12-01 22:29:28.934 31927 31927 V NetDiscover_name: writing pref name=pref_device_name_old value=2845-C-RC
12-01 22:29:28.934 31927 31927 V NetDiscover_prefremrc: onSharedPreferenceChanged(name=pref_device_name_old, value=2845-C-RC)
12-01 22:29:28.934 31927 31927 V NetDiscover_name: deviceName pref changed: now=2845-C-RC
12-01 22:29:28.935 31927 31927 V NetDiscover_name: setWifiDirectDeviceName(2845-C-RC)...
12-01 22:29:28.935 31927 31927 V NetDiscover_name: setWifiDirectDeviceName(2845-C-RC): changing
12-01 22:29:28.935 31927 31927 V NetDiscover_name: remembering wifiDirectName: 2845-C-RC...
12-01 22:29:28.935 31927 31927 V NetDiscover_name: wifiDirectName=2845-C-RC
12-01 22:29:28.936 31927 31927 V NetDiscover_name: ...remembering wifiDirectName
12-01 22:29:28.936 31927 31927 V NetDiscover_name: ...setWifiDirectDeviceName(2845-C-RC)
12-01 22:29:28.936 31927 31927 V NetDiscover_prefremrc: onSharedPreferenceChanged(name=pref_device_name, value=2845-C-RC)
12-01 22:29:28.936 31927 31927 V NetDiscover_prefremrc: sending RC pref name=pref_device_name value=2845-C-RC
12-01 22:29:28.940 31927 31988 V NetDiscover_wifiDirectAgent_bcast: this device changed: Device=2845-C-RC deviceAddress=aa:96:75:9e:ed:5d primary type=10-0050F204-5 secondary type=null wps=0 grpcapab=0 devcapab=0 status=0 wfdInfo=WFD enabled=falseWFD DeviceInfo=0 WFD CtrlPort=0 WFD MaxThroughput=0
12-01 22:29:28.941 31927 31988 V NetDiscover_name: remembering wifiDirectName: 2845-C-RC...
12-01 22:29:28.941 31927 31988 V NetDiscover_name: ...remembering wifiDirectName
12-01 22:29:28.941 31927 31988 V NetDiscover_name: setWifiDirectDeviceName(2845-C-RC): success
12-01 22:29:28.956 31927 31927 D WifiDirect: broadcast: this device changed
12-01 22:29:28.956 31927 31927 V WifiDirect: device information: 2845-C-RC aa:96:75:9e:ed:5d
12-01 22:29:31.664 31927 31938 E SpellCheckerSession: ignoring processOrEnqueueTask due to unexpected mState=TASK_CLOSE scp.mWhat=TASK_CLOSE
12-01 22:29:35.882 31927 31927 V OnBotJavaService: onTrimMemory()
12-01 22:29:35.882 31927 31927 V MTPMonitorService: onTrimMemory()
12-01 22:30:35.870 31927 31927 V MTPMonitorService: onDestroy()
12-01 22:30:35.875 31927 31927 V FtcRobotControllerWatchdogService: onDestroy()
12-01 22:30:35.875 31927 31927 V OnBotJavaService: onDestroy()
12-01 22:30:35.875 31927 31927 V OnBotJava: close()
12-01 22:31:02.937 31927 31927 I PermissionValidatorActivity: Lifecycle onCreate : fc699e0
12-01 22:31:03.395 31927 31927 I PermissionValidatorActivity: Lifecycle onStart : fc699e0
12-01 22:31:03.396 31927 31927 I PermissionValidator: Checking permission for android.permission.WRITE_EXTERNAL_STORAGE
12-01 22:31:03.396 31927 31927 I PermissionValidator:     Granted: android.permission.WRITE_EXTERNAL_STORAGE
12-01 22:31:03.396 31927 31927 I PermissionValidator: Checking permission for android.permission.READ_EXTERNAL_STORAGE
12-01 22:31:03.396 31927 31927 I PermissionValidator:     Granted: android.permission.READ_EXTERNAL_STORAGE
12-01 22:31:03.396 31927 31927 I PermissionValidator: Checking permission for android.permission.CAMERA
12-01 22:31:03.397 31927 31927 I PermissionValidator:     Granted: android.permission.CAMERA
12-01 22:31:03.397 31927 31927 I PermissionValidator: Checking permission for android.permission.ACCESS_COARSE_LOCATION
12-01 22:31:03.397 31927 31927 I PermissionValidator:     Granted: android.permission.ACCESS_COARSE_LOCATION
12-01 22:31:03.397 31927 31927 I PermissionValidator: Checking permission for android.permission.ACCESS_FINE_LOCATION
12-01 22:31:03.397 31927 31927 I PermissionValidator:     Granted: android.permission.ACCESS_FINE_LOCATION
12-01 22:31:03.397 31927 31927 I PermissionValidator: Checking permission for android.permission.READ_PHONE_STATE
12-01 22:31:03.397 31927 31927 I PermissionValidator:     Granted: android.permission.READ_PHONE_STATE
12-01 22:31:03.402 31927 31927 V ServiceStarter: attempting to start service MediaTransferProtocolMonitorService
12-01 22:31:03.403 31927 31927 V ServiceStarter: started service MediaTransferProtocolMonitorService
12-01 22:31:03.403 31927 31927 V ServiceStarter: attempting to start service OnBotJavaService
12-01 22:31:03.405 31927 31927 V ServiceStarter: started service OnBotJavaService
12-01 22:31:03.405 31927 31927 I PermissionValidatorActivity: All permissions validated.  Starting RobotController
12-01 22:31:03.413 31927 31927 V MTPMonitorService: onCreate()
12-01 22:31:03.414 31927 31927 V MTPMonitorService: onStartCommand() intent=Intent { cmp=com.qualcomm.ftcrobotcontroller/org.firstinspires.ftc.robotcore.internal.files.MediaTransferProtocolMonitorService } flags=0x0 startId=1
12-01 22:31:03.414 31927 31927 V MTPMonitor: observing: /storage/emulated/0
12-01 22:31:03.418 31927 31927 W FileObserverManager: upgrading mask: path=/storage/emulated/0/FIRST/java/status old=0x00000ffc new=0x00004ffc: might possibly miss event
12-01 22:31:03.432 31927 31933 I zygote  : Do partial code cache collection, code=124KB, data=83KB
12-01 22:31:03.433 31927 31933 I zygote  : After code cache collection, code=124KB, data=83KB
12-01 22:31:03.433 31927 31933 I zygote  : Increasing code cache capacity to 512KB
12-01 22:31:03.439 31927 31927 V OnBotJavaService: onCreate()
12-01 22:31:03.440 31927 31927 V OnBotJavaService: onStartCommand() intent=Intent { cmp=com.qualcomm.ftcrobotcontroller/org.firstinspires.ftc.onbotjava.OnBotJavaService } flags=0x0 startId=1
12-01 22:31:03.440 31927 31927 V OnBotJava: ctor()...
12-01 22:31:03.440 31927 31927 V OnBotJava: ...ctor()
12-01 22:31:03.449 31927 31927 V Robocol : EventLoopManager.shutdown()
12-01 22:31:03.452 31927 32079 V RobotCore: thread: ...terminating 'OpModeThread'
12-01 22:31:03.456 31927 32071 V EventLoopManager: EventLoopRunnable interrupted
12-01 22:31:03.457 31927 32071 E EventLoopManager: java.lang.InterruptedException
12-01 22:31:03.458 31927 32071 E EventLoopManager: 	at java.lang.Thread.sleep(Native Method)
12-01 22:31:03.459 31927 32071 E EventLoopManager: 	at java.lang.Thread.sleep(Thread.java:373)
12-01 22:31:03.460 31927 32071 E EventLoopManager: 	at java.lang.Thread.sleep(Thread.java:314)
12-01 22:31:03.462 31927 32071 E EventLoopManager: 	at com.qualcomm.robotcore.eventloop.EventLoopManager$EventLoopRunnable$1.run(EventLoopManager.java:288)
12-01 22:31:03.464 31927 32071 E EventLoopManager: 	at com.qualcomm.robotcore.util.ThreadPool.logThreadLifeCycle(ThreadPool.java:737)
12-01 22:31:03.465 31927 32071 E EventLoopManager: 	at com.qualcomm.robotcore.eventloop.EventLoopManager$EventLoopRunnable.run(EventLoopManager.java:267)
12-01 22:31:03.467 31927 32071 E EventLoopManager: 	at com.qualcomm.robotcore.eventloop.EventLoopManager$1.run(EventLoopManager.java:606)
12-01 22:31:03.469 31927 32071 E EventLoopManager: 	at java.util.concurrent.ThreadPoolExecutor.runWorker(ThreadPoolExecutor.java:1162)
12-01 22:31:03.470 31927 32071 E EventLoopManager: 	at java.util.concurrent.ThreadPoolExecutor$Worker.run(ThreadPoolExecutor.java:636)
12-01 22:31:03.472 31927 32071 E EventLoopManager: 	at com.qualcomm.robotcore.util.ThreadPool$ThreadFactoryImpl$1.run(ThreadPool.java:793)
12-01 22:31:03.473 31927 32071 E EventLoopManager: 	at java.lang.Thread.run(Thread.java:764)
12-01 22:31:03.473 31927 32071 V RobotCore: EventLoopManager state is STOPPED
12-01 22:31:03.473 31927 32071 V RobotCore: Robot Status: stopped
12-01 22:31:03.473 31927 32071 I FtcEventLoop: ======= TEARDOWN =======
12-01 22:31:03.474 31927 32071 W System.err: java.lang.InterruptedException
12-01 22:31:03.475 31927 32071 W System.err: 	at java.util.concurrent.locks.AbstractQueuedSynchronizer.acquireSharedInterruptibly(AbstractQueuedSynchronizer.java:1326)
12-01 22:31:03.475 31927 32071 W System.err: 	at java.util.concurrent.CountDownLatch.await(CountDownLatch.java:232)
12-01 22:31:03.475 31927 32071 W System.err: 	at com.qualcomm.robotcore.eventloop.opmode.OpModeManagerImpl.detectStuck(OpModeManagerImpl.java:483)
12-01 22:31:03.475 31927 32071 W System.err: 	at com.qualcomm.robotcore.eventloop.opmode.OpModeManagerImpl.detectStuck(OpModeManagerImpl.java:468)
12-01 22:31:03.475 31927 32071 W System.err: 	at com.qualcomm.robotcore.eventloop.opmode.OpModeManagerImpl.callActiveOpModeStop(OpModeManagerImpl.java:447)
12-01 22:31:03.475 31927 32071 W System.err: 	at com.qualcomm.robotcore.eventloop.opmode.OpModeManagerImpl.stopActiveOpMode(OpModeManagerImpl.java:300)
12-01 22:31:03.475 31927 32071 W System.err: 	at com.qualcomm.ftccommon.FtcEventLoop.teardown(FtcEventLoop.java:288)
12-01 22:31:03.475 31927 32071 W System.err: 	at com.qualcomm.robotcore.eventloop.EventLoopManager$EventLoopRunnable$1.run(EventLoopManager.java:371)
12-01 22:31:03.475 31927 32071 W System.err: 	at com.qualcomm.robotcore.util.ThreadPool.logThreadLifeCycle(ThreadPool.java:737)
12-01 22:31:03.475 31927 32071 W System.err: 	at com.qualcomm.robotcore.eventloop.EventLoopManager$EventLoopRunnable.run(EventLoopManager.java:267)
12-01 22:31:03.475 31927 32071 W System.err: 	at com.qualcomm.robotcore.eventloop.EventLoopManager$1.run(EventLoopManager.java:606)
12-01 22:31:03.475 31927 32071 W System.err: 	at java.util.concurrent.ThreadPoolExecutor.runWorker(ThreadPoolExecutor.java:1162)
12-01 22:31:03.475 31927 32071 W System.err: 	at java.util.concurrent.ThreadPoolExecutor$Worker.run(ThreadPoolExecutor.java:636)
12-01 22:31:03.475 31927 32071 W System.err: 	at com.qualcomm.robotcore.util.ThreadPool$ThreadFactoryImpl$1.run(ThreadPool.java:793)
12-01 22:31:03.475 31927 32071 W System.err: 	at java.lang.Thread.run(Thread.java:764)
12-01 22:31:03.475 31927 32071 I FtcEventLoop: ======= TEARDOWN COMPLETE =======
12-01 22:31:03.475 31927 32071 V RobotCore: thread: ...terminating 'EventLoop'
12-01 22:31:03.475 31927 31927 V RobotCore: EventLoopManager state is STOPPED
12-01 22:31:03.479 31927 32496 V RobotCore: thread: 'RobotSetupRunnable.run()' starting...
12-01 22:31:03.479 31927 32496 V FTCService: Processing robot setup
12-01 22:31:03.479 31927 32496 V RobotCore: Robot Status: stopped, scanning for USB devices
12-01 22:31:03.479 31927 31927 V RCActivity: onStart()
12-01 22:31:03.480 31927 31927 V RCActivity: onResume()
12-01 22:31:03.892 31927 31927 I PermissionValidatorActivity: Lifecycle onDestroy : fc699e0
12-01 22:31:08.482 31927 32496 V RobotCore: Robot Status: stopped, waiting for Wi-Fi to enable
12-01 22:31:08.484 31927 32496 I RobotCore: state = 3
12-01 22:31:08.486 31927 32496 V RobotCore: Robot Status: stopped, waiting for Wi-Fi Direct to enable
12-01 22:31:08.488 31927 32496 V FTCService: Waiting for a connection to a Wi-Fi service
12-01 22:31:08.488 31927 32496 V RobotCore: Robot Status: stopped, waiting for network to become active
12-01 22:31:08.488 31927 32496 V CoreRobotWebServer: Asked an already running WebServer to start
12-01 22:31:08.489 31927 32496 V RobotCore: Robot Status: stopped, starting robot
12-01 22:31:08.489 31927 32496 V Robocol : EventLoopManager.start()
12-01 22:31:08.490 31927 32496 V Robocol : Spoofing a Network Connection event...
12-01 22:31:08.490 31927 32496 I EventLoopManager: onNetworkConnectionEvent: CONNECTION_INFO_AVAILABLE
12-01 22:31:08.490 31927 32496 I Robocol : Received network connection event
12-01 22:31:08.490 31927 32496 I NetworkConnectionHandler: Handling new network connection infomation, connected: true setup needed: false
12-01 22:31:08.491 31927 32496 V RobotCore: EventLoopManager state is STOPPED
12-01 22:31:08.492 31927 32496 V Robocol : eventLoop=FtcEventLoop
12-01 22:31:08.492 31927 32496 V RobotCore: EventLoopManager state is INIT
12-01 22:31:08.492 31927 32496 V RobotCore: Robot Status: initializing, starting robot
12-01 22:31:08.492 31927 32496 I FtcEventLoop: ======= INIT START =======
12-01 22:31:08.493 31927 32496 V OpmodeRegistration: registered {DefaultOpMode} as {$Stop$Robot$}
12-01 22:31:08.504 31927 31927 D WifiDirect: cannot create group, does group already exist?
12-01 22:31:08.508 31927 32496 V HardwareFactory: createHardwareMap()
12-01 22:31:08.508 31927 32496 V EmbeddedControlHubModule: clearing embedded module
12-01 22:31:08.509 31927 32496 I RobotCore: ========= Device Information ===================================================
12-01 22:31:08.509 31927 32496 I RobotCore: Type                                               Name                           Connection
12-01 22:31:08.509 31927 32496 I FtcEventLoop: ======= INIT FINISH =======
12-01 22:31:08.509 31927 32496 V RobotCore: EventLoopManager state is RUNNING
12-01 22:31:08.509 31927 32496 V RobotCore: Robot Status: running, starting robot
12-01 22:31:08.509 31927 32496 V RobotCore: Robot Status: running
12-01 22:31:08.511 31927 32496 V RobotCore: thread: ...terminating 'RobotSetupRunnable.run()'
