12-01 22:57:51.026  6016  7906 V Robocol : sending CMD_ROBOT_CONTROLLER_PREFERENCE(4916), attempt: 0
12-01 22:57:51.026  6016  7906 V Robocol : sending CMD_ROBOT_CONTROLLER_PREFERENCE(4917), attempt: 0
12-01 22:57:51.026  6016  7906 V Robocol : sending CMD_ROBOT_CONTROLLER_PREFERENCE(4918), attempt: 0
12-01 22:57:51.027  6016  7906 V Robocol : sending CMD_ROBOT_CONTROLLER_PREFERENCE(4919), attempt: 0
12-01 22:57:51.027  6016  7906 V Robocol : sending CMD_ROBOT_CONTROLLER_PREFERENCE(4920), attempt: 0
12-01 22:57:51.027  6016  7906 V Robocol : sending CMD_ROBOT_CONTROLLER_PREFERENCE(4921), attempt: 0
12-01 22:57:51.027  6016  7906 V Robocol : sending CMD_ROBOT_CONTROLLER_PREFERENCE(4922), attempt: 0
12-01 22:57:51.027  6016  7906 V Robocol : sending CMD_ROBOT_CONTROLLER_PREFERENCE(4923), attempt: 0
12-01 22:57:51.027  6016  7906 V Robocol : sending CMD_ROBOT_CONTROLLER_PREFERENCE(4924), attempt: 0
12-01 22:57:51.027  6016  7906 V Robocol : sending CMD_ROBOT_CONTROLLER_PREFERENCE(4925), attempt: 0
12-01 22:57:51.028  6016  7906 V Robocol : sending CMD_NOTIFY_ROBOT_STATE(4926), attempt: 0
12-01 22:57:51.028  6016  7906 V Robocol : sending CMD_NOTIFY_ROBOT_STATE(4927), attempt: 0
12-01 22:57:51.028  6016  7906 V Robocol : sending CMD_NOTIFY_ACTIVE_CONFIGURATION(4928), attempt: 0
12-01 22:57:51.028  6016  7906 V Robocol : sending CMD_NOTIFY_USER_DEVICE_LIST(4929), attempt: 0
12-01 22:57:51.029  6016  7906 V Robocol : sending CMD_NOTIFY_OP_MODE_LIST(4930), attempt: 0
12-01 22:57:51.029  6016  8286 V FtDeviceManager: createDeviceInfoList(): 1 USB devices
12-01 22:57:51.033  6016  8286 V FtDevice: vv********************DQ168BDK opening********************vv 0x020320ba
12-01 22:57:51.035  6016  8286 V FtDevice: ^^********************DQ168BDK opened ********************^^
12-01 22:57:51.035  6016  8286 V FtDevice: resetting DQ168BDK
12-01 22:57:51.048  6016  8286 V LynxUsb : armDevice() serial=DQ168BDK...
12-01 22:57:51.048  6016  8286 V LynxUsb : resetDevice() serial=DQ168BDK
12-01 22:57:51.405  6016  8286 V LynxUsb : ...done armDevice()
12-01 22:57:51.405  6016  8286 V LynxUsb : 0x0fa0b975 on 0x00b87d03: new delegate to [DQ168BDK]
12-01 22:57:51.405  6016  8286 V RobotCore: Creating Lynx Module - mod=1 parent=true
12-01 22:57:51.406  6016  8296 V RobotCore: thread: 'lynx incoming datagrams' starting...
12-01 22:57:51.407  6016  8286 V LynxUsb : addConfiguredModule() module#=1
12-01 22:57:51.407  6016  8286 V LynxModule: pingAndQueryKnownInterfaces mod=1
12-01 22:57:51.412  6016  8296 V LynxUsb : synchronization gained: serial=DQ168BDK
12-01 22:57:51.425  6016  8286 V LynxModule: mod#=1 queryInterface(DEKA)=54 commands starting at 4096
12-01 22:57:51.430  6016  8286 V LynxModule: sending LynxFtdiResetControlCommand(true) wasInterrupted=false
12-01 22:57:51.438  6016  8286 V LynxModule: sendLEDPatternSteps(): steps=[Step(color=65280, msDuration=4500), Step(color=0, msDuration=500), Step(color=255, msDuration=500), Step(color=0, msDuration=500)]
12-01 22:57:51.442  6016  8297 V LynxModule: received status: LynxGetModuleStatusResponse(status=0x02 alerts=0x00: Reset)
12-01 22:57:51.442  6016  8297 W HubPowerCycle: Expansion Hub 1 regained power after a complete power loss. No user Op Mode was running.
12-01 22:57:51.442  6016  8297 V LynxModule: resendCurrentPattern()
12-01 22:57:51.443  6016  8297 V LynxModule: sendLEDPatternSteps(): steps=[Step(color=65280, msDuration=4500), Step(color=0, msDuration=500), Step(color=255, msDuration=500), Step(color=0, msDuration=500)]
12-01 22:57:51.462  6016  8286 V LynxMotor: initializeHardware() mod#=1
12-01 22:57:51.560  6016  8286 V RobotCore: DcMotorImpl(type=goBILDA5202SeriesMotor)
12-01 22:57:51.561  6016  8286 I chatty  : uid=10138(com.qualcomm.ftcrobotcontroller) pRunnable.run() identical 2 lines
12-01 22:57:51.561  6016  8286 V RobotCore: DcMotorImpl(type=goBILDA5202SeriesMotor)
12-01 22:57:51.562  6016  8286 V LynxServoController: initializeHardware() mod#=1
12-01 22:57:51.623  6016  8286 V LynxVoltageSensor: initializeHardware() mod#=1
12-01 22:57:51.624  6016  8286 V LynxAnalogInputController: initializeHardware() mod#=1
12-01 22:57:51.625  6016  8286 V LynxDigitalChannelController: initializeHardware() mod#=1
12-01 22:57:51.665  6016  8286 V RobotCore: Creating user sensor REV internal IMU (BNO055) - on Lynx module=1 bus=0
12-01 22:57:51.666  6016  8286 I RobotCore: LynxFirmwareVersionManager: LynxI2cDeviceSynchV2
12-01 22:57:51.666  6016  8286 V LynxI2cDeviceSynch: initializeHardware() mod#=1
12-01 22:57:51.668  6016  8286 V BNO055  : Suppressing I2C warnings while we check for a BNO055 IMU
12-01 22:57:51.676  6016  8286 V BNO055  : Found BNO055 IMU
12-01 22:57:51.676  6016  8286 V BNO055  : Suppressing I2C warnings while we check for a BNO055 IMU
12-01 22:57:51.685  6016  8286 V BNO055  : Found BNO055 IMU
12-01 22:57:51.843  6016  8286 I RobotCore: LynxFirmwareVersionManager: LynxI2cDeviceSynchV2
12-01 22:57:51.844  6016  8286 V LynxI2cDeviceSynch: initializeHardware() mod#=1
12-01 22:57:51.847  6016  8286 V RobotCore: Creating Webcam [688D709F]
12-01 22:57:51.853  6016  8286 I RobotCore: ========= Device Information ===================================================
12-01 22:57:51.853  6016  8286 I RobotCore: Type                                               Name                           Connection
12-01 22:57:51.854  6016  8286 I RobotCore: REV internal IMU (BNO055)                          imu                            USB DQ168BDK; module 1; bus 0; addr7=0x28
12-01 22:57:51.854  6016  8286 I RobotCore: REV internal IMU (BNO055)                          imu                            USB DQ168BDK; module 1; bus 0; addr7=0x28
12-01 22:57:51.855  6016  8286 I RobotCore: Motor                                              leftFront                      USB DQ168BDK; module 1; port 0
12-01 22:57:51.855  6016  8286 I RobotCore: Motor                                              rightBack                      USB DQ168BDK; module 1; port 3
12-01 22:57:51.855  6016  8286 I RobotCore: Motor                                              rightFront                     USB DQ168BDK; module 1; port 2
12-01 22:57:51.856  6016  8286 I RobotCore: REV Robotics USB Expansion Hub Portal              Expansion Hub Portal 1         USB DQ168BDK
12-01 22:57:51.856  6016  8286 I RobotCore: Motor                                              leftBack                       USB DQ168BDK; module 1; port 1
12-01 22:57:51.864  6016  8286 I RobotCore: Logitech HD Pro Webcam C920                        Webcam 1                       USB (688D709F)
12-01 22:57:51.864  6016  8286 I RobotCore: Expansion Hub DC Motor Controller                  Expansion Hub 1                USB DQ168BDK; module 1
12-01 22:57:51.865  6016  8286 I RobotCore: Expansion Hub Servo Controller                     Expansion Hub 1                USB DQ168BDK; module 1
12-01 22:57:51.865  6016  8286 I RobotCore: Expansion Hub Voltage Sensor                       Expansion Hub 1                USB DQ168BDK; module 1
12-01 22:57:51.865  6016  8286 I RobotCore: Expansion Hub Analog Input Controller              Expansion Hub 1                USB DQ168BDK; module 1
12-01 22:57:51.866  6016  8286 I RobotCore: Expansion Hub Digital Channel Controller           Expansion Hub 1                USB DQ168BDK; module 1
12-01 22:57:51.871  6016  8286 I RobotCore: Expansion Hub (HW: 20, Maj: 1, Min: 8, Eng: 2)     Expansion Hub 1                USB DQ168BDK; module 1
12-01 22:57:51.876  6016  8286 I RobotCore: LynxFirmwareVersionManager: LynxI2cDeviceSynchV2
12-01 22:57:51.876  6016  8286 V LynxI2cDeviceSynch: initializeHardware() mod#=1
12-01 22:57:51.877  6016  8286 V BNO055  : Suppressing I2C warnings while we check for a BNO055 IMU
12-01 22:57:51.886  6016  8286 V BNO055  : Found BNO055 IMU
12-01 22:57:51.893  6016  8286 I FtcEventLoop: ======= INIT FINISH =======
12-01 22:57:51.894  6016  8286 V RobotCore: EventLoopManager state is RUNNING
12-01 22:57:51.894  6016  8286 V RobotCore: Robot Status: running, starting robot
12-01 22:57:51.895  6016  8286 V RobotCore: Robot Status: running
12-01 22:57:51.898  6016  8286 V RobotCore: thread: ...terminating 'RobotSetupRunnable.run()'
12-01 22:57:51.898  6016  8298 V RobotCore: thread: 'EventLoop' starting...
12-01 22:57:51.903  6016  6118 D SoundPlayer: playing volume=0.000000 samp=1|ms=4506
12-01 22:57:51.904  6016  7906 V Robocol : sending CMD_NOTIFY_ROBOT_STATE(4957), attempt: 0
12-01 22:57:51.905  6016  7906 V Robocol : sending CMD_PLAY_SOUND(4959), attempt: 0
12-01 22:57:51.907  6016  8298 I RobotCore: Attempting to switch to op mode $Stop$Robot$
12-01 22:57:51.908  6016  8298 D HardwareMap: Clearing which device instances have been retrieved
12-01 22:57:51.909  6016  8298 D HardwareMap: Clearing which device instances have been retrieved
12-01 22:57:51.915  6016  8299 V RobotCore: thread: 'OpModeThread' starting...
12-01 22:57:51.943  6016  7906 V Robocol : sending CMD_NOTIFY_INIT_OP_MODE(4966), attempt: 0
12-01 22:57:54.582  6016  6026 I zygote  : Background concurrent copying GC freed 119596(5MB) AllocSpace objects, 119(6MB) LOS objects, 49% free, 11MB/22MB, paused 664us total 118.336ms
12-01 22:58:07.656  6016  6111 V Robocol : received command: CMD_INIT_OP_MODE(12383) $Stop$Robot$
12-01 22:58:07.668  6016  8299 V RobotCore: thread: ...terminating 'OpModeThread'
12-01 22:58:07.672  6016  8298 I RobotCore: Attempting to switch to op mode $Stop$Robot$
12-01 22:58:07.673  6016  8298 D HardwareMap: Clearing which device instances have been retrieved
12-01 22:58:07.673  6016  8298 D HardwareMap: Clearing which device instances have been retrieved
12-01 22:58:07.677  6016  8313 V RobotCore: thread: 'OpModeThread' starting...
12-01 22:58:07.703  6016  7906 V Robocol : sending CMD_NOTIFY_INIT_OP_MODE(5194), attempt: 0
12-01 22:58:12.975  6016  6111 V Robocol : received command: CMD_SET_MATCH_NUMBER(12459) 0
12-01 22:58:12.976  6016  6111 V Robocol : received command: CMD_INIT_OP_MODE(12460) PowerPlayAuto1
12-01 22:58:12.995  6016  6112 I RobotCore: ******************** START - OPMODE PowerPlayAuto1 ********************
12-01 22:58:12.998  6016  8313 V RobotCore: thread: ...terminating 'OpModeThread'
12-01 22:58:13.003  6016  8298 I RobotCore: Attempting to switch to op mode PowerPlayAuto1
12-01 22:58:13.160  6016  8298 D HardwareMap: Clearing which device instances have been retrieved
12-01 22:58:13.160  6016  8298 D HardwareMap: Clearing which device instances have been retrieved
12-01 22:58:13.163  6016  8314 V RobotCore: thread: 'OpModeThread' starting...
12-01 22:58:13.164  6016  8298 I zygote  : Deoptimizing void com.qualcomm.robotcore.eventloop.opmode.OpModeManagerImpl.checkOnActiveOpMode() due to JIT inline cache
12-01 22:58:13.183  6016  7906 V Robocol : sending CMD_NOTIFY_INIT_OP_MODE(5283), attempt: 0
12-01 22:58:13.249  6016  8314 I I2C     : Automatically initializing I2C device LynxEmbeddedIMU (USB DQ168BDK; module 1; bus 0; addr7=0x28)
12-01 22:58:13.250  6016  8314 V BNO055  : Suppressing I2C warnings while we check for a BNO055 IMU
12-01 22:58:13.260  6016  8314 V BNO055  : Found BNO055 IMU
12-01 22:58:13.702  6016  8314 V BNO055IMU: Now polling until IMU comes out of reset. It is normal to see I2C failures below
12-01 22:58:13.709  6016  8314 V RobotCore: addr=false data=true arb=false clock=false
12-01 22:58:13.709  6016  8314 E LynxI2cDeviceSynch: readStatusQuery: cbExpected=1 cbRead=0
12-01 22:58:13.709  6016  8314 E LynxI2cDeviceSynch: placeholder: readStatusQuery
12-01 22:58:13.777  6016  8314 V RobotCore: addr=false data=true arb=false clock=false
12-01 22:58:13.778  6016  8314 E LynxI2cDeviceSynch: readStatusQuery: cbExpected=1 cbRead=0
12-01 22:58:13.947  6016  8314 V BNO055IMU: IMU has come out of reset. No more I2C failures should occur.
12-01 22:58:14.156  6016  8314 I System.out: OpenCvCameraBase ctor: EasyOpenCV version 1.5.2
12-01 22:58:14.181  6016  8314 V RobotCore: thread: ...terminating 'OpModeThread'
12-01 22:58:14.181  6016  8314 E ThreadPool: exception thrown in thread pool; ignored
12-01 22:58:14.182  6016  8314 E ThreadPool: java.lang.UnsatisfiedLinkError: dlopen failed: library "libopencv_java4.so" not found
12-01 22:58:14.182  6016  6016 D OpenCvViewport: surfaceCreated()
12-01 22:58:14.182  6016  6016 D OpenCvViewport: ...surfaceCreated()
12-01 22:58:14.182  6016  6016 D OpenCvViewport: surfaceChanged()
12-01 22:58:14.182  6016  8314 E ThreadPool: 	at java.lang.Runtime.loadLibrary0(Runtime.java:1016)
12-01 22:58:14.182  6016  6016 D OpenCvViewport: CheckState(): user requested that we deactivate
12-01 22:58:14.182  6016  6016 D OpenCvViewport: CheckState(): already deactivated
12-01 22:58:14.182  6016  6016 D OpenCvViewport: ...surfaceChanged()
12-01 22:58:14.182  6016  8314 E ThreadPool: 	at java.lang.System.loadLibrary(System.java:1657)
12-01 22:58:14.182  6016  8314 E ThreadPool: 	at org.openftc.apriltag.AprilTagDetectorJNI.<clinit>(AprilTagDetectorJNI.java:102)
12-01 22:58:14.182  6016  8314 E ThreadPool: 	at org.openftc.apriltag.AprilTagDetectorJNI.createApriltagDetector(Native Method)
12-01 22:58:14.182  6016  8314 E ThreadPool: 	at org.firstinspires.ftc.teamcode.auton.AprilTagDetectionPipeline.<init>(AprilTagDetectionPipeline.java:83)
12-01 22:58:14.183  6016  8314 E ThreadPool: 	at org.firstinspires.ftc.teamcode.auton.PowerPlayAuto1.runOpMode(PowerPlayAuto1.java:1082)
12-01 22:58:14.183  6016  8314 E ThreadPool: 	at com.qualcomm.robotcore.eventloop.opmode.LinearOpMode.internalRunOpMode(LinearOpMode.java:169)
12-01 22:58:14.183  6016  8314 E ThreadPool: 	at com.qualcomm.robotcore.eventloop.opmode.OpModeInternal.lambda$internalInit$1$com-qualcomm-robotcore-eventloop-opmode-OpModeInternal(OpModeInternal.java:180)
12-01 22:58:14.183  6016  8314 E ThreadPool: 	at com.qualcomm.robotcore.eventloop.opmode.OpModeInternal$$ExternalSyntheticLambda1.run(Unknown Source:2)
12-01 22:58:14.183  6016  8314 E ThreadPool: 	at com.qualcomm.robotcore.util.ThreadPool.logThreadLifeCycle(ThreadPool.java:737)
12-01 22:58:14.183  6016  7906 V Robocol : sending CMD_STREAM_CHANGE(5294), attempt: 0
12-01 22:58:14.183  6016  8314 E ThreadPool: 	at com.qualcomm.robotcore.eventloop.opmode.OpModeInternal.lambda$internalInit$2$com-qualcomm-robotcore-eventloop-opmode-OpModeInternal(OpModeInternal.java:178)
12-01 22:58:14.184  6016  8314 E ThreadPool: 	at com.qualcomm.robotcore.eventloop.opmode.OpModeInternal$$ExternalSyntheticLambda2.run(Unknown Source:2)
12-01 22:58:14.184  6016  8314 E ThreadPool: 	at java.util.concurrent.ThreadPoolExecutor.runWorker(ThreadPoolExecutor.java:1162)
12-01 22:58:14.184  6016  8314 E ThreadPool: 	at java.util.concurrent.ThreadPoolExecutor$Worker.run(ThreadPoolExecutor.java:636)
12-01 22:58:14.184  6016  8314 E ThreadPool: 	at com.qualcomm.robotcore.util.ThreadPool$ThreadFactoryImpl$1.run(ThreadPool.java:793)
12-01 22:58:14.184  6016  8314 E ThreadPool: 	at java.lang.Thread.run(Thread.java:764)
--------- beginning of crash
12-01 22:58:14.185  6016  8314 E AndroidRuntime: FATAL EXCEPTION: OpModeThread
12-01 22:58:14.185  6016  8314 E AndroidRuntime: Process: com.qualcomm.ftcrobotcontroller, PID: 6016
12-01 22:58:14.185  6016  8314 E AndroidRuntime: java.lang.UnsatisfiedLinkError: dlopen failed: library "libopencv_java4.so" not found
12-01 22:58:14.185  6016  8314 E AndroidRuntime: 	at java.lang.Runtime.loadLibrary0(Runtime.java:1016)
12-01 22:58:14.185  6016  8314 E AndroidRuntime: 	at java.lang.System.loadLibrary(System.java:1657)
12-01 22:58:14.185  6016  8314 E AndroidRuntime: 	at org.openftc.apriltag.AprilTagDetectorJNI.<clinit>(AprilTagDetectorJNI.java:102)
12-01 22:58:14.185  6016  8314 E AndroidRuntime: 	at org.openftc.apriltag.AprilTagDetectorJNI.createApriltagDetector(Native Method)
12-01 22:58:14.185  6016  8314 E AndroidRuntime: 	at org.firstinspires.ftc.teamcode.auton.AprilTagDetectionPipeline.<init>(AprilTagDetectionPipeline.java:83)
12-01 22:58:14.185  6016  8314 E AndroidRuntime: 	at org.firstinspires.ftc.teamcode.auton.PowerPlayAuto1.runOpMode(PowerPlayAuto1.java:1082)
12-01 22:58:14.185  6016  8314 E AndroidRuntime: 	at com.qualcomm.robotcore.eventloop.opmode.LinearOpMode.internalRunOpMode(LinearOpMode.java:169)
12-01 22:58:14.185  6016  8314 E AndroidRuntime: 	at com.qualcomm.robotcore.eventloop.opmode.OpModeInternal.lambda$internalInit$1$com-qualcomm-robotcore-eventloop-opmode-OpModeInternal(OpModeInternal.java:180)
12-01 22:58:14.185  6016  8314 E AndroidRuntime: 	at com.qualcomm.robotcore.eventloop.opmode.OpModeInternal$$ExternalSyntheticLambda1.run(Unknown Source:2)
12-01 22:58:14.185  6016  8314 E AndroidRuntime: 	at com.qualcomm.robotcore.util.ThreadPool.logThreadLifeCycle(ThreadPool.java:737)
12-01 22:58:14.185  6016  8314 E AndroidRuntime: 	at com.qualcomm.robotcore.eventloop.opmode.OpModeInternal.lambda$internalInit$2$com-qualcomm-robotcore-eventloop-opmode-OpModeInternal(OpModeInternal.java:178)
12-01 22:58:14.185  6016  8314 E AndroidRuntime: 	at com.qualcomm.robotcore.eventloop.opmode.OpModeInternal$$ExternalSyntheticLambda2.run(Unknown Source:2)
12-01 22:58:14.185  6016  8314 E AndroidRuntime: 	at java.util.concurrent.ThreadPoolExecutor.runWorker(ThreadPoolExecutor.java:1162)
12-01 22:58:14.185  6016  8314 E AndroidRuntime: 	at java.util.concurrent.ThreadPoolExecutor$Worker.run(ThreadPoolExecutor.java:636)
12-01 22:58:14.185  6016  8314 E AndroidRuntime: 	at com.qualcomm.robotcore.util.ThreadPool$ThreadFactoryImpl$1.run(ThreadPool.java:793)
12-01 22:58:14.185  6016  8314 E AndroidRuntime: 	at java.lang.Thread.run(Thread.java:764)
12-01 22:58:14.205  6016  6016 V RCActivity: onPause()
12-01 22:58:14.332  6016  6016 D OpenCvViewport: surfaceDestroyed()
12-01 22:58:14.332  6016  6016 D OpenCvViewport: CheckState(): lifecycle mandates deactivation regardless of user
12-01 22:58:14.332  6016  6016 D OpenCvViewport: CheckState(): already deactivated
12-01 22:58:14.332  6016  6016 D OpenCvViewport: ...surfaceDestroyed()
12-01 22:58:14.591  6016  6016 V OnBotJavaService: onTrimMemory()
12-01 22:58:14.591  6016  6016 V MTPMonitorService: onTrimMemory()
12-01 22:58:14.592  6016  6016 V RCActivity: onStop()
12-01 22:58:14.592  6016  6016 V AppUtil : rootActivity=FtcRobotControllerActivity destroyed
12-01 22:58:14.592  6016  6016 V AppUtil : rootActivity=FtcRobotControllerActivity
12-01 22:58:14.592  6016  6016 V RCActivity: onDestroy()
12-01 22:58:14.592  6016  6016 V Robocol : EventLoopManager.shutdown()
12-01 22:58:14.594  6016  6016 I RobotCore: ******************** STOP - OPMODE /storage/emulated/0/FIRST/matchlogs/Match-0-PowerPlayAuto1.txt ********************
12-01 22:58:14.596  6016  8326 I RobotCore: saving match logcat to /storage/emulated/0/FIRST/matchlogs/Match-0-PowerPlayAuto1.txt
12-01 22:58:14.596  6016  8326 I RobotCore: logging command line: exec logcat -d -T '12-1 22:58:12.000' -f '/storage/emulated/0/FIRST/matchlogs/Match-0-PowerPlayAuto1.txt' -n4 -v threadtime UsbRequestJNI:S UsbRequest:S art:W ThreadPool:W System:W ExtendedExtractor:W OMXClient:W MediaPlayer:W dalvikvm:W  *:V
12-01 22:58:14.596  6016  8298 W System.err: java.lang.InterruptedException
12-01 22:58:14.596  6016  8298 W System.err: 	at java.util.concurrent.locks.AbstractQueuedSynchronizer.acquireSharedInterruptibly(AbstractQueuedSynchronizer.java:1326)
12-01 22:58:14.596  6016  8298 W System.err: 	at java.util.concurrent.CountDownLatch.await(CountDownLatch.java:232)
12-01 22:58:14.596  6016  8298 W System.err: 	at com.qualcomm.robotcore.eventloop.opmode.OpModeManagerImpl.detectStuck(OpModeManagerImpl.java:483)
12-01 22:58:14.597  6016  8298 W System.err: 	at com.qualcomm.robotcore.eventloop.opmode.OpModeManagerImpl.detectStuck(OpModeManagerImpl.java:468)
12-01 22:58:14.597  6016  8298 W System.err: 	at com.qualcomm.robotcore.eventloop.opmode.OpModeManagerImpl.callActiveOpModeStop(OpModeManagerImpl.java:447)
12-01 22:58:14.597  6016  8298 W System.err: 	at com.qualcomm.robotcore.eventloop.opmode.OpModeManagerImpl.runActiveOpMode(OpModeManagerImpl.java:363)
12-01 22:58:14.597  6016  8298 W System.err: 	at com.qualcomm.ftccommon.FtcEventLoop.loop(FtcEventLoop.java:261)
12-01 22:58:14.597  6016  8298 W System.err: 	at com.qualcomm.robotcore.eventloop.EventLoopManager$EventLoopRunnable$1.run(EventLoopManager.java:324)
12-01 22:58:14.597  6016  8298 W System.err: 	at com.qualcomm.robotcore.util.ThreadPool.logThreadLifeCycle(ThreadPool.java:737)
12-01 22:58:14.597  6016  8298 W System.err: 	at com.qualcomm.robotcore.eventloop.EventLoopManager$EventLoopRunnable.run(EventLoopManager.java:267)
12-01 22:58:14.597  6016  8298 W System.err: 	at com.qualcomm.robotcore.eventloop.EventLoopManager$1.run(EventLoopManager.java:606)
12-01 22:58:14.597  6016  8298 W System.err: 	at java.util.concurrent.ThreadPoolExecutor.runWorker(ThreadPoolExecutor.java:1162)
12-01 22:58:14.597  6016  8298 W System.err: 	at java.util.concurrent.ThreadPoolExecutor$Worker.run(ThreadPoolExecutor.java:636)
12-01 22:58:14.597  6016  8298 W System.err: 	at com.qualcomm.robotcore.util.ThreadPool$ThreadFactoryImpl$1.run(ThreadPool.java:793)
12-01 22:58:14.597  6016  8298 W System.err: 	at java.lang.Thread.run(Thread.java:764)
12-01 22:58:14.597  6016  8298 I RobotCore: Attempting to switch to op mode $Stop$Robot$
12-01 22:58:14.601  6016  8298 D HardwareMap: Clearing which device instances have been retrieved
12-01 22:58:14.601  6016  8298 D HardwareMap: Clearing which device instances have been retrieved
12-01 22:58:14.607  6016  8298 I FtcEventLoop: ======= TEARDOWN =======
12-01 22:58:14.608  6016  8329 V RobotCore: thread: 'OpModeThread' starting...
12-01 22:58:14.611  6016  8298 V LynxUsb : 0x0fa0b975 on 0x00b87d03: releasing delegate to [DQ168BDK]
12-01 22:58:14.612  6016  8298 V LynxModule: sending LynxFtdiResetControlCommand(false) wasInterrupted=true
12-01 22:58:14.614  6016  8298 V LynxModule: close(#1)
12-01 22:58:14.616  6016  8329 W LynxModule: Attempted use of a closed LynxModule instance
12-01 22:58:14.619  6016  8329 E LynxModule: java.lang.RuntimeException
12-01 22:58:14.619  6016  6111 W LynxModule: Attempted use of a closed LynxModule instance
12-01 22:58:14.620  6016  6111 E LynxModule: java.lang.RuntimeException
12-01 22:58:14.620  6016  8329 E LynxModule: 	at com.qualcomm.hardware.lynx.LynxModule.warnIfClosed(LynxModule.java:509)
12-01 22:58:14.620  6016  8329 E LynxModule: 	at com.qualcomm.hardware.lynx.LynxModule.sendCommand(LynxModule.java:1876)
12-01 22:58:14.620  6016  6111 E LynxModule: 	at com.qualcomm.hardware.lynx.LynxModule.warnIfClosed(LynxModule.java:509)
12-01 22:58:14.620  6016  8329 E LynxModule: 	at com.qualcomm.hardware.lynx.commands.LynxRespondable.sendReceive(LynxRespondable.java:264)
12-01 22:58:14.621  6016  6111 E LynxModule: 	at com.qualcomm.hardware.lynx.LynxModule.getGlobalWarnings(LynxModule.java:635)
12-01 22:58:14.621  6016  8329 E LynxModule: 	at com.qualcomm.hardware.lynx.LynxDcMotorController.internalGetPublicMotorMode(LynxDcMotorController.java:427)
12-01 22:58:14.621  6016  6111 E LynxModule: 	at com.qualcomm.hardware.lynx.LynxUsbDeviceImpl.composeGlobalWarning(LynxUsbDeviceImpl.java:535)
12-01 22:58:14.621  6016  8329 E LynxModule: 	at com.qualcomm.hardware.lynx.LynxDcMotorController.getMotorMode(LynxDcMotorController.java:405)
12-01 22:58:14.621  6016  6111 E LynxModule: 	at org.firstinspires.ftc.robotcore.internal.hardware.usb.ArmableUsbDevice.getGlobalWarning(ArmableUsbDevice.java:178)
12-01 22:58:14.621  6016  8329 E LynxModule: 	at com.qualcomm.robotcore.hardware.DcMotorImpl.getMode(DcMotorImpl.java:331)
12-01 22:58:14.621  6016  6111 E LynxModule: 	at com.qualcomm.robotcore.util.RobotLog.getGlobalWarningMessage(RobotLog.java:454)
12-01 22:58:14.621  6016  8329 E LynxModule: 	at com.qualcomm.robotcore.hardware.DcMotorImpl.getPower(DcMotorImpl.java:215)
12-01 22:58:14.621  6016  6111 E LynxModule: 	at com.qualcomm.robotcore.eventloop.EventLoopManager.refreshSystemTelemetry(EventLoopManager.java:409)
12-01 22:58:14.621  6016  8329 E LynxModule: 	at com.qualcomm.robotcore.eventloop.opmode.OpModeManagerImpl$DefaultOpMode.startSafe(OpModeManagerImpl.java:855)
12-01 22:58:14.621  6016  6111 E LynxModule: 	at com.qualcomm.robotcore.eventloop.EventLoopManager.packetReceived(EventLoopManager.java:257)
12-01 22:58:14.622  6016  8329 E LynxModule: 	at com.qualcomm.robotcore.eventloop.opmode.OpModeManagerImpl$DefaultOpMode.init(OpModeManagerImpl.java:819)
12-01 22:58:14.622  6016  8329 E LynxModule: 	at com.qualcomm.robotcore.eventloop.opmode.OpMode.internalRunOpMode(OpMode.java:181)
12-01 22:58:14.622  6016  6111 E LynxModule: 	at org.firstinspires.ftc.robotcore.internal.network.NetworkConnectionHandler$RecvLoopCallbackChainer.packetReceived(NetworkConnectionHandler.java:746)
12-01 22:58:14.622  6016  8329 E LynxModule: 	at com.qualcomm.robotcore.eventloop.opmode.OpModeInternal.lambda$internalInit$1$com-qualcomm-robotcore-eventloop-opmode-OpModeInternal(OpModeInternal.java:180)
12-01 22:58:14.622  6016  6111 E LynxModule: 	at org.firstinspires.ftc.robotcore.internal.network.RecvLoopRunnable$PacketProcessor.run(RecvLoopRunnable.java:106)
12-01 22:58:14.622  6016  8329 E LynxModule: 	at com.qualcomm.robotcore.eventloop.opmode.OpModeInternal$$ExternalSyntheticLambda1.run(Unknown Source:2)
12-01 22:58:14.622  6016  6111 E LynxModule: 	at java.util.concurrent.ThreadPoolExecutor.runWorker(ThreadPoolExecutor.java:1162)
12-01 22:58:14.622  6016  8329 E LynxModule: 	at com.qualcomm.robotcore.util.ThreadPool.logThreadLifeCycle(ThreadPool.java:737)
12-01 22:58:14.622  6016  6111 E LynxModule: 	at java.util.concurrent.ThreadPoolExecutor$Worker.run(ThreadPoolExecutor.java:636)
12-01 22:58:14.622  6016  8329 E LynxModule: 	at com.qualcomm.robotcore.eventloop.opmode.OpModeInternal.lambda$internalInit$2$com-qualcomm-robotcore-eventloop-opmode-OpModeInternal(OpModeInternal.java:178)
12-01 22:58:14.622  6016  6111 E LynxModule: 	at com.qualcomm.robotcore.util.ThreadPool$ThreadFactoryImpl$1.run(ThreadPool.java:793)
12-01 22:58:14.623  6016  8329 E LynxModule: 	at com.qualcomm.robotcore.eventloop.opmode.OpModeInternal$$ExternalSyntheticLambda2.run(Unknown Source:2)
12-01 22:58:14.623  6016  6111 E LynxModule: 	at java.lang.Thread.run(Thread.java:764)
12-01 22:58:14.623  6016  8329 E LynxModule: 	at java.util.concurrent.ThreadPoolExecutor.runWorker(ThreadPoolExecutor.java:1162)
12-01 22:58:14.623  6016  8329 E LynxModule: 	at java.util.concurrent.ThreadPoolExecutor$Worker.run(ThreadPoolExecutor.java:636)
12-01 22:58:14.623  6016  8329 E LynxModule: 	at com.qualcomm.robotcore.util.ThreadPool$ThreadFactoryImpl$1.run(ThreadPool.java:793)
12-01 22:58:14.623  6016  8329 E LynxModule: 	at java.lang.Thread.run(Thread.java:764)
12-01 22:58:14.623  6016  7906 V Robocol : sending CMD_STREAM_CHANGE(5301), attempt: 0
12-01 22:58:14.623  6016  8329 W LynxModule: Attempted use of a closed LynxModule instance
12-01 22:58:14.624  6016  7906 V Robocol : sending CMD_NOTIFY_INIT_OP_MODE(5308), attempt: 0
12-01 22:58:14.624  6016  8329 E LynxModule: java.lang.RuntimeException
12-01 22:58:14.624  6016  8329 E LynxModule: 	at com.qualcomm.hardware.lynx.LynxModule.warnIfClosed(LynxModule.java:509)
12-01 22:58:14.624  6016  8329 E LynxModule: 	at com.qualcomm.hardware.lynx.LynxModule.getInterface(LynxModule.java:1199)
12-01 22:58:14.625  6016  8329 E LynxModule: 	at com.qualcomm.hardware.lynx.commands.core.LynxDekaInterfaceCommand.getInterface(LynxDekaInterfaceCommand.java:141)
12-01 22:58:14.625  6016  8329 E LynxModule: 	at com.qualcomm.hardware.lynx.commands.LynxInterfaceCommand.getCommandNumber(LynxInterfaceCommand.java:77)
12-01 22:58:14.625  6016  8329 E LynxModule: 	at com.qualcomm.hardware.lynx.commands.LynxDatagram.<init>(LynxDatagram.java:156)
12-01 22:58:14.625  6016  8329 E LynxModule: 	at com.qualcomm.hardware.lynx.LynxModule.sendCommand(LynxModule.java:1881)
12-01 22:58:14.625  6016  8329 E LynxModule: 	at com.qualcomm.hardware.lynx.commands.LynxRespondable.sendReceive(LynxRespondable.java:264)
12-01 22:58:14.625  6016  8329 E LynxModule: 	at com.qualcomm.hardware.lynx.LynxDcMotorController.internalGetPublicMotorMode(LynxDcMotorController.java:427)
12-01 22:58:14.626  6016  8329 E LynxModule: 	at com.qualcomm.hardware.lynx.LynxDcMotorController.getMotorMode(LynxDcMotorController.java:405)
12-01 22:58:14.626  6016  8329 E LynxModule: 	at com.qualcomm.robotcore.hardware.DcMotorImpl.getMode(DcMotorImpl.java:331)
12-01 22:58:14.626  6016  8329 E LynxModule: 	at com.qualcomm.robotcore.hardware.DcMotorImpl.getPower(DcMotorImpl.java:215)
12-01 22:58:14.626  6016  8329 E LynxModule: 	at com.qualcomm.robotcore.eventloop.opmode.OpModeManagerImpl$DefaultOpMode.startSafe(OpModeManagerImpl.java:855)
12-01 22:58:14.626  6016  8329 E LynxModule: 	at com.qualcomm.robotcore.eventloop.opmode.OpModeManagerImpl$DefaultOpMode.init(OpModeManagerImpl.java:819)
12-01 22:58:14.626  6016  8329 E LynxModule: 	at com.qualcomm.robotcore.eventloop.opmode.OpMode.internalRunOpMode(OpMode.java:181)
12-01 22:58:14.623  8327  8327 W sh      : type=1400 audit(0.0:49): avc: denied { read } for uid=10138 name="/" dev="rootfs" ino=2 scontext=u:r:untrusted_app:s0:c512,c768 tcontext=u:object_r:rootfs:s0 tclass=dir permissive=0
12-01 22:58:14.627  6016  8329 E LynxModule: 	at com.qualcomm.robotcore.eventloop.opmode.OpModeInternal.lambda$internalInit$1$com-qualcomm-robotcore-eventloop-opmode-OpModeInternal(OpModeInternal.java:180)
12-01 22:58:14.627  6016  8329 E LynxModule: 	at com.qualcomm.robotcore.eventloop.opmode.OpModeInternal$$ExternalSyntheticLambda1.run(Unknown Source:2)
12-01 22:58:14.627  6016  8329 E LynxModule: 	at com.qualcomm.robotcore.util.ThreadPool.logThreadLifeCycle(ThreadPool.java:737)
12-01 22:58:14.627  6016  8329 E LynxModule: 	at com.qualcomm.robotcore.eventloop.opmode.OpModeInternal.lambda$internalInit$2$com-qualcomm-robotcore-eventloop-opmode-OpModeInternal(OpModeInternal.java:178)
12-01 22:58:14.627  6016  8329 E LynxModule: 	at com.qualcomm.robotcore.eventloop.opmode.OpModeInternal$$ExternalSyntheticLambda2.run(Unknown Source:2)
12-01 22:58:14.628  6016  8329 E LynxModule: 	at java.util.concurrent.ThreadPoolExecutor.runWorker(ThreadPoolExecutor.java:1162)
12-01 22:58:14.629  6016  8329 E LynxModule: 	at java.util.concurrent.ThreadPoolExecutor$Worker.run(ThreadPoolExecutor.java:636)
12-01 22:58:14.630  6016  8329 E LynxModule: 	at com.qualcomm.robotcore.util.ThreadPool$ThreadFactoryImpl$1.run(ThreadPool.java:793)
12-01 22:58:14.630  6016  8329 E LynxModule: 	at java.lang.Thread.run(Thread.java:764)
12-01 22:58:14.630  6016  8329 W LynxModule: Attempted use of a closed LynxModule instance
12-01 22:58:14.630  6016  8329 E LynxModule: java.lang.RuntimeException
12-01 22:58:14.631  6016  8329 E LynxModule: 	at com.qualcomm.hardware.lynx.LynxModule.warnIfClosed(LynxModule.java:509)
12-01 22:58:14.631  6016  8329 E LynxModule: 	at com.qualcomm.hardware.lynx.LynxModule.validateCommand(LynxModule.java:1072)
12-01 22:58:14.631  6016  8329 E LynxModule: 	at com.qualcomm.hardware.lynx.commands.LynxDatagram.<init>(LynxDatagram.java:157)
12-01 22:58:14.631  6016  8329 E LynxModule: 	at com.qualcomm.hardware.lynx.LynxModule.sendCommand(LynxModule.java:1881)
12-01 22:58:14.631  6016  8329 E LynxModule: 	at com.qualcomm.hardware.lynx.commands.LynxRespondable.sendReceive(LynxRespondable.java:264)
12-01 22:58:14.631  6016  8329 E LynxModule: 	at com.qualcomm.hardware.lynx.LynxDcMotorController.internalGetPublicMotorMode(LynxDcMotorController.java:427)
12-01 22:58:14.632  6016  8329 E LynxModule: 	at com.qualcomm.hardware.lynx.LynxDcMotorController.getMotorMode(LynxDcMotorController.java:405)
12-01 22:58:14.632  6016  8329 E LynxModule: 	at com.qualcomm.robotcore.hardware.DcMotorImpl.getMode(DcMotorImpl.java:331)
12-01 22:58:14.632  6016  8329 E LynxModule: 	at com.qualcomm.robotcore.hardware.DcMotorImpl.getPower(DcMotorImpl.java:215)
12-01 22:58:14.632  6016  8329 E LynxModule: 	at com.qualcomm.robotcore.eventloop.opmode.OpModeManagerImpl$DefaultOpMode.startSafe(OpModeManagerImpl.java:855)
12-01 22:58:14.632  6016  8329 E LynxModule: 	at com.qualcomm.robotcore.eventloop.opmode.OpModeManagerImpl$DefaultOpMode.init(OpModeManagerImpl.java:819)
12-01 22:58:14.632  6016  8329 E LynxModule: 	at com.qualcomm.robotcore.eventloop.opmode.OpMode.internalRunOpMode(OpMode.java:181)
12-01 22:58:14.633  6016  8329 E LynxModule: 	at com.qualcomm.robotcore.eventloop.opmode.OpModeInternal.lambda$internalInit$1$com-qualcomm-robotcore-eventloop-opmode-OpModeInternal(OpModeInternal.java:180)
12-01 22:58:14.633  6016  8329 E LynxModule: 	at com.qualcomm.robotcore.eventloop.opmode.OpModeInternal$$ExternalSyntheticLambda1.run(Unknown Source:2)
12-01 22:58:14.633  6016  8329 E LynxModule: 	at com.qualcomm.robotcore.util.ThreadPool.logThreadLifeCycle(ThreadPool.java:737)
12-01 22:58:14.633  6016  8329 E LynxModule: 	at com.qualcomm.robotcore.eventloop.opmode.OpModeInternal.lambda$internalInit$2$com-qualcomm-robotcore-eventloop-opmode-OpModeInternal(OpModeInternal.java:178)
12-01 22:58:14.633  6016  8329 E LynxModule: 	at com.qualcomm.robotcore.eventloop.opmode.OpModeInternal$$ExternalSyntheticLambda2.run(Unknown Source:2)
12-01 22:58:14.633  6016  8329 E LynxModule: 	at java.util.concurrent.ThreadPoolExecutor.runWorker(ThreadPoolExecutor.java:1162)
12-01 22:58:14.634  6016  8329 E LynxModule: 	at java.util.concurrent.ThreadPoolExecutor$Worker.run(ThreadPoolExecutor.java:636)
12-01 22:58:14.634  6016  8329 E LynxModule: 	at com.qualcomm.robotcore.util.ThreadPool$ThreadFactoryImpl$1.run(ThreadPool.java:793)
12-01 22:58:14.634  6016  8329 E LynxModule: 	at java.lang.Thread.run(Thread.java:764)
12-01 22:58:14.634  6016  8329 W LynxModule: Attempted use of a closed LynxModule instance
12-01 22:58:14.635  6016  8329 E LynxModule: java.lang.RuntimeException
12-01 22:58:14.635  6016  8329 E LynxModule: 	at com.qualcomm.hardware.lynx.LynxModule.warnIfClosed(LynxModule.java:509)
12-01 22:58:14.635  6016  8329 E LynxModule: 	at com.qualcomm.hardware.lynx.LynxModule.getInterface(LynxModule.java:1199)
12-01 22:58:14.636  6016  8329 E LynxModule: 	at com.qualcomm.hardware.lynx.commands.core.LynxDekaInterfaceCommand.getInterface(LynxDekaInterfaceCommand.java:141)
12-01 22:58:14.636  6016  8329 E LynxModule: 	at com.qualcomm.hardware.lynx.commands.LynxInterfaceCommand.getCommandNumber(LynxInterfaceCommand.java:77)
12-01 22:58:14.636  6016  8329 E LynxModule: 	at com.qualcomm.hardware.lynx.LynxModule.validateCommand(LynxModule.java:1082)
12-01 22:58:14.636  6016  8329 E LynxModule: 	at com.qualcomm.hardware.lynx.commands.LynxDatagram.<init>(LynxDatagram.java:157)
12-01 22:58:14.636  6016  8329 E LynxModule: 	at com.qualcomm.hardware.lynx.LynxModule.sendCommand(LynxModule.java:1881)
12-01 22:58:14.637  6016  8329 E LynxModule: 	at com.qualcomm.hardware.lynx.commands.LynxRespondable.sendReceive(LynxRespondable.java:264)
12-01 22:58:14.637  6016  8329 E LynxModule: 	at com.qualcomm.hardware.lynx.LynxDcMotorController.internalGetPublicMotorMode(LynxDcMotorController.java:427)
12-01 22:58:14.637  6016  8329 E LynxModule: 	at com.qualcomm.hardware.lynx.LynxDcMotorController.getMotorMode(LynxDcMotorController.java:405)
12-01 22:58:14.637  6016  8329 E LynxModule: 	at com.qualcomm.robotcore.hardware.DcMotorImpl.getMode(DcMotorImpl.java:331)
12-01 22:58:14.637  6016  8329 E LynxModule: 	at com.qualcomm.robotcore.hardware.DcMotorImpl.getPower(DcMotorImpl.java:215)
12-01 22:58:14.637  6016  8329 E LynxModule: 	at com.qualcomm.robotcore.eventloop.opmode.OpModeManagerImpl$DefaultOpMode.startSafe(OpModeManagerImpl.java:855)
12-01 22:58:14.638  6016  8329 E LynxModule: 	at com.qualcomm.robotcore.eventloop.opmode.OpModeManagerImpl$DefaultOpMode.init(OpModeManagerImpl.java:819)
12-01 22:58:14.638  6016  8329 E LynxModule: 	at com.qualcomm.robotcore.eventloop.opmode.OpMode.internalRunOpMode(OpMode.java:181)
12-01 22:58:14.638  6016  8329 E LynxModule: 	at com.qualcomm.robotcore.eventloop.opmode.OpModeInternal.lambda$internalInit$1$com-qualcomm-robotcore-eventloop-opmode-OpModeInternal(OpModeInternal.java:180)
12-01 22:58:14.638  6016  8329 E LynxModule: 	at com.qualcomm.robotcore.eventloop.opmode.OpModeInternal$$ExternalSyntheticLambda1.run(Unknown Source:2)
12-01 22:58:14.638  6016  8329 E LynxModule: 	at com.qualcomm.robotcore.util.ThreadPool.logThreadLifeCycle(ThreadPool.java:737)
12-01 22:58:14.639  6016  8329 E LynxModule: 	at com.qualcomm.robotcore.eventloop.opmode.OpModeInternal.lambda$internalInit$2$com-qualcomm-robotcore-eventloop-opmode-OpModeInternal(OpModeInternal.java:178)
12-01 22:58:14.639  6016  8329 E LynxModule: 	at com.qualcomm.robotcore.eventloop.opmode.OpModeInternal$$ExternalSyntheticLambda2.run(Unknown Source:2)
12-01 22:58:14.639  6016  8329 E LynxModule: 	at java.util.concurrent.ThreadPoolExecutor.runWorker(ThreadPoolExecutor.java:1162)
12-01 22:58:14.639  6016  8329 E LynxModule: 	at java.util.concurrent.ThreadPoolExecutor$Worker.run(ThreadPoolExecutor.java:636)
12-01 22:58:14.639  6016  8329 E LynxModule: 	at com.qualcomm.robotcore.util.ThreadPool$ThreadFactoryImpl$1.run(ThreadPool.java:793)
12-01 22:58:14.639  6016  8329 E LynxModule: 	at java.lang.Thread.run(Thread.java:764)
12-01 22:58:14.640  6016  8329 W LynxModule: Attempted use of a closed LynxModule instance
12-01 22:58:14.640  6016  8329 E LynxModule: java.lang.RuntimeException
12-01 22:58:14.641  6016  8296 W LynxModule: Attempted use of a closed LynxModule instance
12-01 22:58:14.641  6016  8329 E LynxModule: 	at com.qualcomm.hardware.lynx.LynxModule.warnIfClosed(LynxModule.java:509)
12-01 22:58:14.641  6016  8329 E LynxModule: 	at com.qualcomm.hardware.lynx.LynxModule.resetPingTimer(LynxModule.java:1246)
12-01 22:58:14.641  6016  8329 E LynxModule: 	at com.qualcomm.hardware.lynx.commands.LynxMessage.resetModulePingTimer(LynxMessage.java:139)
12-01 22:58:14.641  6016  8296 E LynxModule: java.lang.RuntimeException
12-01 22:58:14.641  6016  8329 E LynxModule: 	at com.qualcomm.hardware.lynx.LynxUsbDeviceImpl.transmit(LynxUsbDeviceImpl.java:1013)
12-01 22:58:14.642  6016  8329 E LynxModule: 	at com.qualcomm.hardware.lynx.LynxUsbDeviceDelegate.transmit(LynxUsbDeviceDelegate.java:212)
12-01 22:58:14.642  6016  8296 E LynxModule: 	at com.qualcomm.hardware.lynx.LynxModule.warnIfClosed(LynxModule.java:509)
12-01 22:58:14.642  6016  8329 E LynxModule: 	at com.qualcomm.hardware.lynx.LynxModule.sendCommand(LynxModule.java:1889)
12-01 22:58:14.642  6016  8296 E LynxModule: 	at com.qualcomm.hardware.lynx.LynxModule.onIncomingDatagramReceived(LynxModule.java:1928)
12-01 22:58:14.642  6016  8329 E LynxModule: 	at com.qualcomm.hardware.lynx.commands.LynxRespondable.sendReceive(LynxRespondable.java:264)
12-01 22:58:14.642  6016  8296 E LynxModule: 	at com.qualcomm.hardware.lynx.LynxUsbDeviceImpl$IncomingDatagramPoller$1.run(LynxUsbDeviceImpl.java:1088)
12-01 22:58:14.642  6016  8329 E LynxModule: 	at com.qualcomm.hardware.lynx.LynxDcMotorController.internalGetPublicMotorMode(LynxDcMotorController.java:427)
12-01 22:58:14.642  6016  8296 E LynxModule: 	at com.qualcomm.robotcore.util.ThreadPool.logThreadLifeCycle(ThreadPool.java:737)
12-01 22:58:14.642  6016  8329 E LynxModule: 	at com.qualcomm.hardware.lynx.LynxDcMotorController.getMotorMode(LynxDcMotorController.java:405)
12-01 22:58:14.642  6016  8296 E LynxModule: 	at com.qualcomm.hardware.lynx.LynxUsbDeviceImpl$IncomingDatagramPoller.run(LynxUsbDeviceImpl.java:1064)
12-01 22:58:14.642  6016  8329 E LynxModule: 	at com.qualcomm.robotcore.hardware.DcMotorImpl.getMode(DcMotorImpl.java:331)
12-01 22:58:14.642  6016  8296 E LynxModule: 	at java.util.concurrent.ThreadPoolExecutor.runWorker(ThreadPoolExecutor.java:1162)
12-01 22:58:14.642  6016  8329 E LynxModule: 	at com.qualcomm.robotcore.hardware.DcMotorImpl.getPower(DcMotorImpl.java:215)
12-01 22:58:14.642  6016  8296 E LynxModule: 	at java.util.concurrent.ThreadPoolExecutor$Worker.run(ThreadPoolExecutor.java:636)
12-01 22:58:14.642  6016  8329 E LynxModule: 	at com.qualcomm.robotcore.eventloop.opmode.OpModeManagerImpl$DefaultOpMode.startSafe(OpModeManagerImpl.java:855)
12-01 22:58:14.642  6016  8296 E LynxModule: 	at com.qualcomm.robotcore.util.ThreadPool$ThreadFactoryImpl$1.run(ThreadPool.java:793)
12-01 22:58:14.642  6016  8329 E LynxModule: 	at com.qualcomm.robotcore.eventloop.opmode.OpModeManagerImpl$DefaultOpMode.init(OpModeManagerImpl.java:819)
12-01 22:58:14.642  6016  8296 E LynxModule: 	at java.lang.Thread.run(Thread.java:764)
12-01 22:58:14.643  6016  8296 W LynxModule: Attempted use of a closed LynxModule instance
12-01 22:58:14.643  6016  8329 E LynxModule: 	at com.qualcomm.robotcore.eventloop.opmode.OpMode.internalRunOpMode(OpMode.java:181)
12-01 22:58:14.643  6016  8329 E LynxModule: 	at com.qualcomm.robotcore.eventloop.opmode.OpModeInternal.lambda$internalInit$1$com-qualcomm-robotcore-eventloop-opmode-OpModeInternal(OpModeInternal.java:180)
12-01 22:58:14.643  6016  8296 E LynxModule: java.lang.RuntimeException
12-01 22:58:14.643  6016  8329 E LynxModule: 	at com.qualcomm.robotcore.eventloop.opmode.OpModeInternal$$ExternalSyntheticLambda1.run(Unknown Source:2)
12-01 22:58:14.643  6016  8329 E LynxModule: 	at com.qualcomm.robotcore.util.ThreadPool.logThreadLifeCycle(ThreadPool.java:737)
12-01 22:58:14.643  6016  8296 E LynxModule: 	at com.qualcomm.hardware.lynx.LynxModule.warnIfClosed(LynxModule.java:509)
12-01 22:58:14.643  6016  8329 E LynxModule: 	at com.qualcomm.robotcore.eventloop.opmode.OpModeInternal.lambda$internalInit$2$com-qualcomm-robotcore-eventloop-opmode-OpModeInternal(OpModeInternal.java:178)
12-01 22:58:14.643  6016  8296 E LynxModule: 	at com.qualcomm.hardware.lynx.LynxModule.noteDatagramReceived(LynxModule.java:485)
12-01 22:58:14.643  6016  8329 E LynxModule: 	at com.qualcomm.robotcore.eventloop.opmode.OpModeInternal$$ExternalSyntheticLambda2.run(Unknown Source:2)
12-01 22:58:14.643  6016  8296 E LynxModule: 	at com.qualcomm.hardware.lynx.LynxModule.onIncomingDatagramReceived(LynxModule.java:1929)
12-01 22:58:14.643  6016  8329 E LynxModule: 	at java.util.concurrent.ThreadPoolExecutor.runWorker(ThreadPoolExecutor.java:1162)
12-01 22:58:14.643  6016  8296 E LynxModule: 	at com.qualcomm.hardware.lynx.LynxUsbDeviceImpl$IncomingDatagramPoller$1.run(LynxUsbDeviceImpl.java:1088)
12-01 22:58:14.644  6016  8329 E LynxModule: 	at java.util.concurrent.ThreadPoolExecutor$Worker.run(ThreadPoolExecutor.java:636)
12-01 22:58:14.644  6016  8296 E LynxModule: 	at com.qualcomm.robotcore.util.ThreadPool.logThreadLifeCycle(ThreadPool.java:737)
12-01 22:58:14.644  6016  8329 E LynxModule: 	at com.qualcomm.robotcore.util.ThreadPool$ThreadFactoryImpl$1.run(ThreadPool.java:793)
12-01 22:58:14.644  6016  8296 E LynxModule: 	at com.qualcomm.hardware.lynx.LynxUsbDeviceImpl$IncomingDatagramPoller.run(LynxUsbDeviceImpl.java:1064)
12-01 22:58:14.644  6016  8329 E LynxModule: 	at java.lang.Thread.run(Thread.java:764)
12-01 22:58:14.644  6016  8296 E LynxModule: 	at java.util.concurrent.ThreadPoolExecutor.runWorker(ThreadPoolExecutor.java:1162)
12-01 22:58:14.644  6016  8329 W LynxModule: Attempted use of a closed LynxModule instance
12-01 22:58:14.644  6016  8296 E LynxModule: 	at java.util.concurrent.ThreadPoolExecutor$Worker.run(ThreadPoolExecutor.java:636)
12-01 22:58:14.644  6016  8329 E LynxModule: java.lang.RuntimeException
12-01 22:58:14.644  6016  8296 E LynxModule: 	at com.qualcomm.robotcore.util.ThreadPool$ThreadFactoryImpl$1.run(ThreadPool.java:793)
12-01 22:58:14.644  6016  8296 E LynxModule: 	at java.lang.Thread.run(Thread.java:764)
12-01 22:58:14.644  6016  8329 E LynxModule: 	at com.qualcomm.hardware.lynx.LynxModule.warnIfClosed(LynxModule.java:509)
12-01 22:58:14.645  6016  8329 E LynxModule: 	at com.qualcomm.hardware.lynx.LynxModule.startPingTimer(LynxModule.java:1252)
12-01 22:58:14.645  6016  8329 E LynxModule: 	at com.qualcomm.hardware.lynx.LynxModule.resetPingTimer(LynxModule.java:1247)
12-01 22:58:14.645  6016  8329 E LynxModule: 	at com.qualcomm.hardware.lynx.commands.LynxMessage.resetModulePingTimer(LynxMessage.java:139)
12-01 22:58:14.645  6016  8329 E LynxModule: 	at com.qualcomm.hardware.lynx.LynxUsbDeviceImpl.transmit(LynxUsbDeviceImpl.java:1013)
12-01 22:58:14.647  6016  8329 E LynxModule: 	at com.qualcomm.hardware.lynx.LynxUsbDeviceDelegate.transmit(LynxUsbDeviceDelegate.java:212)
12-01 22:58:14.647  6016  8329 E LynxModule: 	at com.qualcomm.hardware.lynx.LynxModule.sendCommand(LynxModule.java:1889)
12-01 22:58:14.647  6016  8329 E LynxModule: 	at com.qualcomm.hardware.lynx.commands.LynxRespondable.sendReceive(LynxRespondable.java:264)
12-01 22:58:14.648  6016  8329 E LynxModule: 	at com.qualcomm.hardware.lynx.LynxDcMotorController.internalGetPublicMotorMode(LynxDcMotorController.java:427)
12-01 22:58:14.648  6016  8329 E LynxModule: 	at com.qualcomm.hardware.lynx.LynxDcMotorController.getMotorMode(LynxDcMotorController.java:405)
12-01 22:58:14.648  6016  8329 E LynxModule: 	at com.qualcomm.robotcore.hardware.DcMotorImpl.getMode(DcMotorImpl.java:331)
12-01 22:58:14.648  6016  8329 E LynxModule: 	at com.qualcomm.robotcore.hardware.DcMotorImpl.getPower(DcMotorImpl.java:215)
12-01 22:58:14.648  6016  8329 E LynxModule: 	at com.qualcomm.robotcore.eventloop.opmode.OpModeManagerImpl$DefaultOpMode.startSafe(OpModeManagerImpl.java:855)
12-01 22:58:14.648  6016  8329 E LynxModule: 	at com.qualcomm.robotcore.eventloop.opmode.OpModeManagerImpl$DefaultOpMode.init(OpModeManagerImpl.java:819)
12-01 22:58:14.648  6016  8329 E LynxModule: 	at com.qualcomm.robotcore.eventloop.opmode.OpMode.internalRunOpMode(OpMode.java:181)
12-01 22:58:14.648  6016  8329 E LynxModule: 	at com.qualcomm.robotcore.eventloop.opmode.OpModeInternal.lambda$internalInit$1$com-qualcomm-robotcore-eventloop-opmode-OpModeInternal(OpModeInternal.java:180)
12-01 22:58:14.648  6016  8329 E LynxModule: 	at com.qualcomm.robotcore.eventloop.opmode.OpModeInternal$$ExternalSyntheticLambda1.run(Unknown Source:2)
12-01 22:58:14.649  6016  8329 E LynxModule: 	at com.qualcomm.robotcore.util.ThreadPool.logThreadLifeCycle(ThreadPool.java:737)
12-01 22:58:14.649  6016  8329 E LynxModule: 	at com.qualcomm.robotcore.eventloop.opmode.OpModeInternal.lambda$internalInit$2$com-qualcomm-robotcore-eventloop-opmode-OpModeInternal(OpModeInternal.java:178)
12-01 22:58:14.649  6016  8329 E LynxModule: 	at com.qualcomm.robotcore.eventloop.opmode.OpModeInternal$$ExternalSyntheticLambda2.run(Unknown Source:2)
12-01 22:58:14.649  6016  8329 E LynxModule: 	at java.util.concurrent.ThreadPoolExecutor.runWorker(ThreadPoolExecutor.java:1162)
12-01 22:58:14.649  6016  8329 E LynxModule: 	at java.util.concurrent.ThreadPoolExecutor$Worker.run(ThreadPoolExecutor.java:636)
12-01 22:58:14.649  6016  8329 E LynxModule: 	at com.qualcomm.robotcore.util.ThreadPool$ThreadFactoryImpl$1.run(ThreadPool.java:793)
12-01 22:58:14.649  6016  8329 E LynxModule: 	at java.lang.Thread.run(Thread.java:764)
12-01 22:58:14.649  6016  8329 W LynxModule: Attempted use of a closed LynxModule instance
12-01 22:58:14.650  6016  8329 E LynxModule: java.lang.RuntimeException
12-01 22:58:14.650  6016  8329 E LynxModule: 	at com.qualcomm.hardware.lynx.LynxModule.warnIfClosed(LynxModule.java:509)
12-01 22:58:14.650  6016  8329 E LynxModule: 	at com.qualcomm.hardware.lynx.LynxModule.isNotResponding(LynxModule.java:501)
12-01 22:58:14.650  6016  8329 E LynxModule: 	at com.qualcomm.hardware.lynx.commands.LynxRespondable.awaitAndRetransmit(LynxRespondable.java:356)
12-01 22:58:14.650  6016  8329 E LynxModule: 	at com.qualcomm.hardware.lynx.commands.LynxRespondable.awaitAckResponseOrNack(LynxRespondable.java:406)
12-01 22:58:14.650  6016  8329 E LynxModule: 	at com.qualcomm.hardware.lynx.commands.LynxRespondable.sendReceive(LynxRespondable.java:265)
12-01 22:58:14.650  6016  8329 E LynxModule: 	at com.qualcomm.hardware.lynx.LynxDcMotorController.internalGetPublicMotorMode(LynxDcMotorController.java:427)
12-01 22:58:14.651  6016  8329 E LynxModule: 	at com.qualcomm.hardware.lynx.LynxDcMotorController.getMotorMode(LynxDcMotorController.java:405)
12-01 22:58:14.651  6016  8329 E LynxModule: 	at com.qualcomm.robotcore.hardware.DcMotorImpl.getMode(DcMotorImpl.java:331)
12-01 22:58:14.651  6016  8329 E LynxModule: 	at com.qualcomm.robotcore.hardware.DcMotorImpl.getPower(DcMotorImpl.java:215)
12-01 22:58:14.651  6016  8329 E LynxModule: 	at com.qualcomm.robotcore.eventloop.opmode.OpModeManagerImpl$DefaultOpMode.startSafe(OpModeManagerImpl.java:855)
12-01 22:58:14.651  6016  8329 E LynxModule: 	at com.qualcomm.robotcore.eventloop.opmode.OpModeManagerImpl$DefaultOpMode.init(OpModeManagerImpl.java:819)
12-01 22:58:14.651  6016  8329 E LynxModule: 	at com.qualcomm.robotcore.eventloop.opmode.OpMode.internalRunOpMode(OpMode.java:181)
12-01 22:58:14.651  6016  8329 E LynxModule: 	at com.qualcomm.robotcore.eventloop.opmode.OpModeInternal.lambda$internalInit$1$com-qualcomm-robotcore-eventloop-opmode-OpModeInternal(OpModeInternal.java:180)
12-01 22:58:14.651  6016  8329 E LynxModule: 	at com.qualcomm.robotcore.eventloop.opmode.OpModeInternal$$ExternalSyntheticLambda1.run(Unknown Source:2)
12-01 22:58:14.651  6016  8329 E LynxModule: 	at com.qualcomm.robotcore.util.ThreadPool.logThreadLifeCycle(ThreadPool.java:737)
12-01 22:58:14.651  6016  8329 E LynxModule: 	at com.qualcomm.robotcore.eventloop.opmode.OpModeInternal.lambda$internalInit$2$com-qualcomm-robotcore-eventloop-opmode-OpModeInternal(OpModeInternal.java:178)
12-01 22:58:14.652  6016  8329 E LynxModule: 	at com.qualcomm.robotcore.eventloop.opmode.OpModeInternal$$ExternalSyntheticLambda2.run(Unknown Source:2)
12-01 22:58:14.652  6016  8329 E LynxModule: 	at java.util.concurrent.ThreadPoolExecutor.runWorker(ThreadPoolExecutor.java:1162)
12-01 22:58:14.652  6016  8329 E LynxModule: 	at java.util.concurrent.ThreadPoolExecutor$Worker.run(ThreadPoolExecutor.java:636)
12-01 22:58:14.652  6016  8329 E LynxModule: 	at com.qualcomm.robotcore.util.ThreadPool$ThreadFactoryImpl$1.run(ThreadPool.java:793)
