12-01 22:55:46.333  6016  6016 W USBScanManager-: type=1400 audit(0.0:37): avc: denied { read } for uid=10138 name="busnum" dev="sysfs" ino=39367 scontext=u:r:untrusted_app:s0:c512,c768 tcontext=u:object_r:sysfs:s0 tclass=file permissive=0
12-01 22:55:46.336  6016  7993 D Uvc     : [jni_context.cpp:120] Java_org_firstinspires_ftc_robotcore_internal_camera_libuvc_nativeobject_UvcContext_nativeCreateUvcDevice()...
12-01 22:55:46.336  6016  7993 V Uvc     : API: Java_org_firstinspires_ftc_robotcore_internal_camera_libuvc_nativeobject_UvcContext_nativeCreateUvcDevice: enter...
12-01 22:55:46.336  6016  7993 E libusb  : [ 0.006585] [00001f39] libusb: error [__read_sysfs_attr] open /sys/bus/usb/devices/1-1/busnum failed errno=13
12-01 22:55:46.336  6016  7993 D libusb  : [ 0.006634] [00001f39] libusb: debug [_originate_err] [linux_usbfs.c:763] originating err: -1(LIBUSB_ERROR_IO)
12-01 22:55:46.336  6016  7993 E libusb  : [ 0.006658] [00001f39] libusb: error [sysfs_from_usbfs] linux_get_device_address(1-1) failed: rc=-1; ignoring
12-01 22:55:46.333  6016  6016 W USBScanManager-: type=1400 audit(0.0:41): avc: denied { read } for uid=10138 name="busnum" dev="sysfs" ino=39631 scontext=u:r:untrusted_app:s0:c512,c768 tcontext=u:object_r:sysfs:s0 tclass=file permissive=0
12-01 22:55:46.336  6016  7993 E libusb  : [ 0.006750] [00001f39] libusb: error [__read_sysfs_attr] open /sys/bus/usb/devices/usb1/busnum failed errno=13
12-01 22:55:46.336  6016  7993 D libusb  : [ 0.006774] [00001f39] libusb: debug [_originate_err] [linux_usbfs.c:763] originating err: -1(LIBUSB_ERROR_IO)
12-01 22:55:46.336  6016  7993 E libusb  : [ 0.006798] [00001f39] libusb: error [sysfs_from_usbfs] linux_get_device_address(usb1) failed: rc=-1; ignoring
12-01 22:55:46.336  6016  7993 E libusb  : [ 0.006882] [00001f39] libusb: error [__read_sysfs_attr] open /sys/bus/usb/devices/usb2/busnum failed errno=13
12-01 22:55:46.336  6016  7993 D libusb  : [ 0.006906] [00001f39] libusb: debug [_originate_err] [linux_usbfs.c:763] originating err: -1(LIBUSB_ERROR_IO)
12-01 22:55:46.336  6016  7993 E libusb  : [ 0.006930] [00001f39] libusb: error [sysfs_from_usbfs] linux_get_device_address(usb2) failed: rc=-1; ignoring
12-01 22:55:46.337  6016  7993 E libusb  : [ 0.007016] [00001f39] libusb: error [__read_sysfs_attr] open /sys/bus/usb/devices/1-1.1/busnum failed errno=13
12-01 22:55:46.337  6016  7993 D libusb  : [ 0.007040] [00001f39] libusb: debug [_originate_err] [linux_usbfs.c:763] originating err: -1(LIBUSB_ERROR_IO)
12-01 22:55:46.337  6016  7993 E libusb  : [ 0.007063] [00001f39] libusb: error [sysfs_from_usbfs] linux_get_device_address(1-1.1) failed: rc=-1; ignoring
12-01 22:55:46.337  6016  7993 E libusb  : [ 0.007148] [00001f39] libusb: error [__read_sysfs_attr] open /sys/bus/usb/devices/1-1.4/busnum failed errno=13
12-01 22:55:46.337  6016  7993 D libusb  : [ 0.007171] [00001f39] libusb: debug [_originate_err] [linux_usbfs.c:763] originating err: -1(LIBUSB_ERROR_IO)
12-01 22:55:46.337  6016  7993 E libusb  : [ 0.007729] [00001f39] libusb: error [sysfs_from_usbfs] linux_get_device_address(1-1.4) failed: rc=-1; ignoring
12-01 22:55:46.337  6016  7993 D libusb  : [ 0.007769] [00001f39] libusb: debug [op_create] op_create: szUsbPath=/dev/bus/usb/001/004 szSysfsDir=(null)
12-01 22:55:46.337  6016  7993 D libusb  : [ 0.007805] [00001f39] libusb: debug [initialize_device] initialize_device(szUsbPath=/dev/bus/usb/001/004 szSysfsDir=(null))
12-01 22:55:46.337  6016  7993 E libusb  : [ 0.007914] [00001f39] libusb: error [initialize_device] initialize_device(): fdDescriptors unavailable
12-01 22:55:46.338  6016  7993 D libusb  : [ 0.007942] [00001f39] libusb: debug [_originate_err] [linux_usbfs.c:796] originating err: -12(LIBUSB_ERROR_NOT_SUPPORTED)
12-01 22:55:46.336  6016  6016 W USBScanManager-: type=1400 audit(0.0:42): avc: denied { search } for uid=10138 name="usb" dev="tmpfs" ino=648 scontext=u:r:untrusted_app:s0:c512,c768 tcontext=u:object_r:usb_device:s0 tclass=dir permissive=0
12-01 22:55:46.338  6016  7993 D Uvc     : [device.cpp:613] uvc_create_uvc_device()...
12-01 22:55:46.338  6016  7993 D Uvc     : [libuvc/libuvc_internal.h:346] uvc_device::uvc_device()...
12-01 22:55:46.338  6016  7993 D libusb  : [ 0.008057] [00001f39] libusb: debug [_originate_err] [descriptor.c:543] originating err: -5(LIBUSB_ERROR_NOT_FOUND)
12-01 22:55:46.338  6016  7993 D Uvc     : [libuvc/libuvc_internal.h:346] ...uvc_device::uvc_device()
12-01 22:55:46.338  6016  7993 D Uvc     : [device.cpp:613] ...uvc_create_uvc_device() rc=0
12-01 22:55:46.338  6016  7993 V Uvc     : API: Java_org_firstinspires_ftc_robotcore_internal_camera_libuvc_nativeobject_UvcContext_nativeCreateUvcDevice: ...exit
12-01 22:55:46.338  6016  7993 D Uvc     : [jni_context.cpp:120] ...Java_org_firstinspires_ftc_robotcore_internal_camera_libuvc_nativeobject_UvcContext_nativeCreateUvcDevice()
12-01 22:55:46.339  6016  7993 V UvcDevice: construct(pointer=0x978bf148|null)
12-01 22:55:46.339  6016  7993 D Uvc     : [jni_device.cpp:108] Java_org_firstinspires_ftc_robotcore_internal_camera_libuvc_nativeobject_UvcDevice_nativeGetLibUsbDevice()...
12-01 22:55:46.339  6016  7993 D Uvc     : [jni_device.cpp:108] ...Java_org_firstinspires_ftc_robotcore_internal_camera_libuvc_nativeobject_UvcDevice_nativeGetLibUsbDevice()
12-01 22:55:46.340  6016  7993 V LibUsbDevice: construct(pointer=0x9767dd20)
12-01 22:55:46.340  6016  7993 D UvcContext: usb device is *not* UVC compatible, /dev/bus/usb/001/003
12-01 22:55:46.340  6016  7993 V UvcDevice: destroy(pointer=0x978bf148|/dev/bus/usb/001/004)
12-01 22:55:46.340  6016  7993 D Uvc     : [jni_device.cpp:126] Java_org_firstinspires_ftc_robotcore_internal_camera_libuvc_nativeobject_UvcDevice_nativeReleaseRefDevice()...
12-01 22:55:46.340  6016  7993 V Uvc     : API: Java_org_firstinspires_ftc_robotcore_internal_camera_libuvc_nativeobject_UvcDevice_nativeReleaseRefDevice: enter...
12-01 22:55:46.340  6016  7993 D Uvc     : [device.cpp:882] uvc_unref_device()...
12-01 22:55:46.340  6016  7993 D Uvc     : [device.cpp:882] ...uvc_unref_device()
12-01 22:55:46.340  6016  7993 V Uvc     : API: Java_org_firstinspires_ftc_robotcore_internal_camera_libuvc_nativeobject_UvcDevice_nativeReleaseRefDevice: ...exit
12-01 22:55:46.340  6016  7993 D Uvc     : [jni_device.cpp:126] ...Java_org_firstinspires_ftc_robotcore_internal_camera_libuvc_nativeobject_UvcDevice_nativeReleaseRefDevice()
12-01 22:55:46.340  6016  7993 V LibUsbDevice: destroy(pointer=0x9767dd20)
12-01 22:55:46.340  6016  7993 D Uvc     : [jni_libusb_device.cpp:64] Java_org_firstinspires_ftc_robotcore_internal_camera_libuvc_nativeobject_LibUsbDevice_nativeReleaseRefDevice()...
12-01 22:55:46.341  6016  7993 D Uvc     : [jni_libusb_device.cpp:64] ...Java_org_firstinspires_ftc_robotcore_internal_camera_libuvc_nativeobject_LibUsbDevice_nativeReleaseRefDevice()
12-01 22:55:46.341  6016  7993 V HardwareDeviceManager: scanned webcam serial=688D709F
12-01 22:55:46.341  6016  7993 V USBScan : scanForUsbDevices() took 25ms count=1
12-01 22:55:46.341  6016  7993 V FtcConfigTag: .. scanning complete: [688D709F]
12-01 22:55:46.341  6016  7994 D FtcConfigTag: scan for devices on USB bus found 1 devices
12-01 22:55:46.364  6016  7994 V FtcConfigTag: ...doUSBScanAndUpdateUI()
12-01 22:55:46.364  6016  7994 V RobotCore: thread: ...terminating 'USB bus scan handler'
12-01 22:55:52.092  6016  6016 V Robocol : EventLoopManager.shutdown()
12-01 22:55:52.093  6016  7920 V RobotCore: thread: ...terminating 'OpModeThread'
12-01 22:55:52.098  6016  6119 V EventLoopManager: EventLoopRunnable interrupted
12-01 22:55:52.099  6016  6119 E EventLoopManager: java.lang.InterruptedException
12-01 22:55:52.101  6016  6119 E EventLoopManager: 	at java.lang.Thread.sleep(Native Method)
12-01 22:55:52.102  6016  6119 E EventLoopManager: 	at java.lang.Thread.sleep(Thread.java:373)
12-01 22:55:52.103  6016  6119 E EventLoopManager: 	at java.lang.Thread.sleep(Thread.java:314)
12-01 22:55:52.107  6016  6119 E EventLoopManager: 	at com.qualcomm.robotcore.eventloop.EventLoopManager$EventLoopRunnable$1.run(EventLoopManager.java:278)
12-01 22:55:52.109  6016  6119 E EventLoopManager: 	at com.qualcomm.robotcore.util.ThreadPool.logThreadLifeCycle(ThreadPool.java:737)
12-01 22:55:52.111  6016  6119 E EventLoopManager: 	at com.qualcomm.robotcore.eventloop.EventLoopManager$EventLoopRunnable.run(EventLoopManager.java:267)
12-01 22:55:52.114  6016  6119 E EventLoopManager: 	at com.qualcomm.robotcore.eventloop.EventLoopManager$1.run(EventLoopManager.java:606)
12-01 22:55:52.116  6016  6119 E EventLoopManager: 	at java.util.concurrent.ThreadPoolExecutor.runWorker(ThreadPoolExecutor.java:1162)
12-01 22:55:52.118  6016  6119 E EventLoopManager: 	at java.util.concurrent.ThreadPoolExecutor$Worker.run(ThreadPoolExecutor.java:636)
12-01 22:55:52.121  6016  6119 E EventLoopManager: 	at com.qualcomm.robotcore.util.ThreadPool$ThreadFactoryImpl$1.run(ThreadPool.java:793)
12-01 22:55:52.122  6016  6119 E EventLoopManager: 	at java.lang.Thread.run(Thread.java:764)
12-01 22:55:52.122  6016  6119 V RobotCore: EventLoopManager state is STOPPED
12-01 22:55:52.122  6016  6119 V RobotCore: Robot Status: stopped
12-01 22:55:52.122  6016  6119 I FtcEventLoop: ======= TEARDOWN =======
12-01 22:55:52.124  6016  6119 W System.err: java.lang.InterruptedException
12-01 22:55:52.126  6016  6119 W System.err: 	at java.util.concurrent.locks.AbstractQueuedSynchronizer.acquireSharedInterruptibly(AbstractQueuedSynchronizer.java:1326)
12-01 22:55:52.126  6016  6119 W System.err: 	at java.util.concurrent.CountDownLatch.await(CountDownLatch.java:232)
12-01 22:55:52.126  6016  6119 W System.err: 	at com.qualcomm.robotcore.eventloop.opmode.OpModeManagerImpl.detectStuck(OpModeManagerImpl.java:483)
12-01 22:55:52.126  6016  6119 W System.err: 	at com.qualcomm.robotcore.eventloop.opmode.OpModeManagerImpl.detectStuck(OpModeManagerImpl.java:468)
12-01 22:55:52.126  6016  6119 W System.err: 	at com.qualcomm.robotcore.eventloop.opmode.OpModeManagerImpl.callActiveOpModeStop(OpModeManagerImpl.java:447)
12-01 22:55:52.126  6016  6119 W System.err: 	at com.qualcomm.robotcore.eventloop.opmode.OpModeManagerImpl.stopActiveOpMode(OpModeManagerImpl.java:300)
12-01 22:55:52.126  6016  6119 W System.err: 	at com.qualcomm.ftccommon.FtcEventLoop.teardown(FtcEventLoop.java:288)
12-01 22:55:52.126  6016  6119 W System.err: 	at com.qualcomm.robotcore.eventloop.EventLoopManager$EventLoopRunnable$1.run(EventLoopManager.java:371)
12-01 22:55:52.126  6016  6119 W System.err: 	at com.qualcomm.robotcore.util.ThreadPool.logThreadLifeCycle(ThreadPool.java:737)
12-01 22:55:52.126  6016  6119 W System.err: 	at com.qualcomm.robotcore.eventloop.EventLoopManager$EventLoopRunnable.run(EventLoopManager.java:267)
12-01 22:55:52.126  6016  6119 W System.err: 	at com.qualcomm.robotcore.eventloop.EventLoopManager$1.run(EventLoopManager.java:606)
12-01 22:55:52.126  6016  6119 W System.err: 	at java.util.concurrent.ThreadPoolExecutor.runWorker(ThreadPoolExecutor.java:1162)
12-01 22:55:52.126  6016  6119 W System.err: 	at java.util.concurrent.ThreadPoolExecutor$Worker.run(ThreadPoolExecutor.java:636)
12-01 22:55:52.127  6016  6119 W System.err: 	at com.qualcomm.robotcore.util.ThreadPool$ThreadFactoryImpl$1.run(ThreadPool.java:793)
12-01 22:55:52.127  6016  6119 W System.err: 	at java.lang.Thread.run(Thread.java:764)
12-01 22:55:52.127  6016  6119 I FtcEventLoop: ======= TEARDOWN COMPLETE =======
12-01 22:55:52.127  6016  6119 V RobotCore: thread: ...terminating 'EventLoop'
12-01 22:55:52.127  6016  6016 V RobotCore: EventLoopManager state is STOPPED
12-01 22:55:52.133  6016  6016 V RCActivity: ACTION_USB_DEVICE_ATTACHED: /dev/bus/usb/001/003
12-01 22:55:52.133  6016  8000 V RobotCore: thread: 'RobotSetupRunnable.run()' starting...
12-01 22:55:52.133  6016  8000 V FTCService: Processing robot setup
12-01 22:55:52.133  6016  8000 V RobotCore: Robot Status: stopped, scanning for USB devices
12-01 22:55:52.133  6016  6016 V RCActivity: onStart()
12-01 22:55:52.133  6016  6016 V RCActivity: onResume()
12-01 22:55:52.143  6016  7906 V Robocol : sending CMD_NOTIFY_ROBOT_STATE(3310), attempt: 0
12-01 22:55:52.144  6016  7906 V Robocol : sending CMD_NOTIFY_ROBOT_STATE(3311), attempt: 0
12-01 22:55:52.286  6016  6016 V FtcConfigTag: FtcConfigurationActivity.onDestroy()
12-01 22:55:57.134  6016  8000 V RobotCore: Robot Status: stopped, waiting for Wi-Fi to enable
12-01 22:55:57.136  6016  8000 I RobotCore: state = 3
12-01 22:55:57.137  6016  8000 V RobotCore: Robot Status: stopped, waiting for Wi-Fi Direct to enable
12-01 22:55:57.139  6016  8000 V FTCService: Waiting for a connection to a Wi-Fi service
12-01 22:55:57.140  6016  8000 V RobotCore: Robot Status: stopped, waiting for network to become active
12-01 22:55:57.140  6016  8000 V CoreRobotWebServer: Asked an already running WebServer to start
12-01 22:55:57.141  6016  8000 V RobotCore: Robot Status: stopped, starting robot
12-01 22:55:57.141  6016  8000 D FTCService: Sending user device types and preferences to driver station
12-01 22:55:57.153  6016  6016 D WifiDirect: cannot create group, does group already exist?
12-01 22:55:57.175  6016  8000 V NetDiscover_prefremrc: sendAllPreferences()
12-01 22:55:57.176  6016  8000 V NetDiscover_prefremrc: sending RC pref name=pref_warn_about_obsolete_software value=true
12-01 22:55:57.176  6016  8000 V NetDiscover_prefremrc: sending RC pref name=pref_has_independent_phone_battery value=true
12-01 22:55:57.177  6016  8000 V NetDiscover_prefremrc: sending RC pref name=pref_has_speaker value=true
12-01 22:55:57.177  6016  8000 V NetDiscover_prefremrc: sending RC pref name=pref_warn_about_mismatched_app_versions value=true
12-01 22:55:57.177  6016  8000 V NetDiscover_prefremrc: sending RC pref name=pref_sound_on_off value=false
12-01 22:55:57.178  6016  8000 V NetDiscover_prefremrc: sending RC pref name=pref_wifip2p_channel value=0
12-01 22:55:57.178  6016  8000 V NetDiscover_prefremrc: sending RC pref name=pref_device_name value=2845-C-RC
12-01 22:55:57.178  6016  8000 V NetDiscover_prefremrc: sending RC pref name=pref_warn_about_2_4_ghz_band value=true
12-01 22:55:57.178  6016  8000 V NetDiscover_prefremrc: sending RC pref name=pref_app_theme value=red
12-01 22:55:57.179  6016  8000 V NetDiscover_prefremrc: sending RC pref name=pref_warn_about_incorrect_clocks value=true
12-01 22:55:57.179  6016  8000 V NetDiscover_prefremrc: sending RC pref name=pref_wifip2p_remote_channel_change_works value=true
12-01 22:55:57.179  6016  8000 V Robocol : EventLoopManager.start()
12-01 22:55:57.180  6016  8000 V Robocol : Spoofing a Network Connection event...
12-01 22:55:57.180  6016  8000 I EventLoopManager: onNetworkConnectionEvent: CONNECTION_INFO_AVAILABLE
12-01 22:55:57.180  6016  8000 I Robocol : Received network connection event
12-01 22:55:57.180  6016  8000 I NetworkConnectionHandler: Handling new network connection infomation, connected: true setup needed: false
12-01 22:55:57.180  6016  8000 V RobotCore: EventLoopManager state is STOPPED
12-01 22:55:57.181  6016  8000 V Robocol : eventLoop=FtcEventLoop
12-01 22:55:57.181  6016  8000 V RobotCore: EventLoopManager state is INIT
12-01 22:55:57.181  6016  8000 V RobotCore: Robot Status: initializing, starting robot
12-01 22:55:57.181  6016  8000 I FtcEventLoop: ======= INIT START =======
12-01 22:55:57.182  6016  8000 V OpmodeRegistration: registered {DefaultOpMode} as {$Stop$Robot$}
12-01 22:55:57.183  6016  8000 V OpmodeRegistration: registered {PowerPlayAuto1} as {PowerPlayAuto1}
12-01 22:55:57.183  6016  7906 V Robocol : sending CMD_NOTIFY_USER_DEVICE_LIST(3357), attempt: 0
12-01 22:55:57.185  6016  7906 V Robocol : sending CMD_ROBOT_CONTROLLER_PREFERENCE(3358), attempt: 0
12-01 22:55:57.185  6016  7906 V Robocol : sending CMD_ROBOT_CONTROLLER_PREFERENCE(3359), attempt: 0
12-01 22:55:57.185  6016  7906 V Robocol : sending CMD_ROBOT_CONTROLLER_PREFERENCE(3360), attempt: 0
12-01 22:55:57.185  6016  7906 V Robocol : sending CMD_ROBOT_CONTROLLER_PREFERENCE(3361), attempt: 0
12-01 22:55:57.185  6016  7906 V Robocol : sending CMD_ROBOT_CONTROLLER_PREFERENCE(3362), attempt: 0
12-01 22:55:57.186  6016  7906 V Robocol : sending CMD_ROBOT_CONTROLLER_PREFERENCE(3363), attempt: 0
12-01 22:55:57.186  6016  7906 V Robocol : sending CMD_ROBOT_CONTROLLER_PREFERENCE(3364), attempt: 0
12-01 22:55:57.186  6016  7906 V Robocol : sending CMD_ROBOT_CONTROLLER_PREFERENCE(3365), attempt: 0
12-01 22:55:57.186  6016  7906 V Robocol : sending CMD_ROBOT_CONTROLLER_PREFERENCE(3366), attempt: 0
12-01 22:55:57.186  6016  7906 V Robocol : sending CMD_ROBOT_CONTROLLER_PREFERENCE(3367), attempt: 0
12-01 22:55:57.187  6016  7906 V Robocol : sending CMD_ROBOT_CONTROLLER_PREFERENCE(3368), attempt: 0
12-01 22:55:57.187  6016  7906 V Robocol : sending CMD_NOTIFY_ROBOT_STATE(3369), attempt: 0
12-01 22:55:57.187  6016  7906 V Robocol : sending CMD_NOTIFY_ROBOT_STATE(3370), attempt: 0
12-01 22:55:57.194  6016  8000 V HardwareFactory: createHardwareMap()
12-01 22:55:57.194  6016  8000 V EmbeddedControlHubModule: clearing embedded module
12-01 22:55:57.195  6016  8000 I RobotCore: ========= Device Information ===================================================
12-01 22:55:57.195  6016  8000 I RobotCore: Type                                               Name                           Connection
12-01 22:55:57.196  6016  8000 I FtcEventLoop: ======= INIT FINISH =======
12-01 22:55:57.196  6016  8000 V RobotCore: EventLoopManager state is RUNNING
12-01 22:55:57.196  6016  8000 V RobotCore: Robot Status: running, starting robot
12-01 22:55:57.196  6016  8000 V RobotCore: Robot Status: running
12-01 22:55:57.199  6016  8000 V RobotCore: thread: ...terminating 'RobotSetupRunnable.run()'
12-01 22:55:57.202  6016  6118 D SoundPlayer: playing volume=0.000000 samp=1|ms=4506
12-01 22:55:57.203  6016  8003 V RobotCore: thread: 'EventLoop' starting...
12-01 22:55:57.224  6016  7906 V Robocol : sending CMD_NOTIFY_ACTIVE_CONFIGURATION(3371), attempt: 0
12-01 22:55:57.224  6016  7906 V Robocol : sending CMD_NOTIFY_USER_DEVICE_LIST(3372), attempt: 0
12-01 22:55:57.225  6016  7906 V Robocol : sending CMD_NOTIFY_OP_MODE_LIST(3373), attempt: 0
12-01 22:55:57.226  6016  7906 V Robocol : sending CMD_NOTIFY_ROBOT_STATE(3374), attempt: 0
12-01 22:55:57.226  6016  7906 V Robocol : sending CMD_PLAY_SOUND(3376), attempt: 0
12-01 22:55:57.251  6016  6026 I zygote  : Background concurrent copying GC freed 106359(5MB) AllocSpace objects, 100(5MB) LOS objects, 49% free, 11MB/22MB, paused 476us total 100.989ms
12-01 22:55:57.711  6016  8003 V FtcEventLoop: processedRecentlyAttachedUsbDevices(): DQ168BDK not in hwmap; ignoring
12-01 22:55:57.712  6016  8003 I RobotCore: Attempting to switch to op mode $Stop$Robot$
12-01 22:55:57.713  6016  8003 D HardwareMap: Clearing which device instances have been retrieved
12-01 22:55:57.713  6016  8003 D HardwareMap: Clearing which device instances have been retrieved
12-01 22:55:57.716  6016  8005 V RobotCore: thread: 'OpModeThread' starting...
12-01 22:55:57.744  6016  7906 V Robocol : sending CMD_NOTIFY_INIT_OP_MODE(3404), attempt: 0
12-01 22:55:58.298  6016  6016 V RCActivity: onPause()
12-01 22:55:58.312  6016  6016 V FtcConfigTag: FtcLoadFileActivity started
12-01 22:55:58.747  6016  6016 V RCActivity: onStop()
12-01 22:55:59.774  6016  6016 V FtcConfigTag: onCreate()
12-01 22:55:59.783  6016  7906 V Robocol : sending CMD_NOTIFY_ACTIVE_CONFIGURATION(3429), attempt: 0
12-01 22:55:59.784  6016  8012 V FtcConfigTag: scanning USB bus...
12-01 22:55:59.785  6016  8013 V RobotCore: thread: 'USB bus scan handler' starting...
12-01 22:55:59.785  6016  8013 V FtcConfigTag: doUSBScanAndUpdateUI()...
12-01 22:55:59.789  6016  8012 V FtDevice: initialize(vid=0x0403 pid=0x6015 bcdDevice=0x1000)
12-01 22:55:59.790  6016  8012 V MonitoredUsbDeviceConnection: closing UsbDeviceConnection(DQ168BDK)
12-01 22:55:59.790  6016  8012 D UsbDeviceConnectionJNI: close
12-01 22:55:59.790  6016  8012 V MonitoredUsbDeviceConnection: closing UsbDeviceConnection(DQ168BDK)
12-01 22:55:59.790  6016  8012 V FtDeviceManager: createDeviceInfoList(): 1 USB devices
12-01 22:55:59.790  6016  8012 V USBScan : device count=1
12-01 22:55:59.791  6016  8014 V USBScan : opening DQ168BDK...
12-01 22:55:59.795  6016  8014 V FtDevice: vv********************DQ168BDK opening********************vv 0x020320ba
12-01 22:55:59.797  6016  8014 V FtDevice: ^^********************DQ168BDK opened ********************^^
12-01 22:55:59.797  6016  8014 V FtDevice: resetting DQ168BDK
12-01 22:56:00.199  6016  8014 V USBScan : ... done opening DQ168BDK
12-01 22:56:00.200  6016  8012 V USBScan : DQ168BDK is a lynx device
12-01 22:56:00.200  6016  8012 V USBScan : closing DQ168BDK
12-01 22:56:00.200  6016  8012 V RobotUsbDeviceFtdi: closing DQ168BDK
12-01 22:56:00.200  6016  8012 V FtDevice: vv********************DQ168BDK closing********************vv 0x020320ba
12-01 22:56:00.200  6016  8012 V FtDevice: DQ168BDK stopping thread readBufferManager
12-01 22:56:00.200  6016  8016 V FtDevice: DQ168BDK thread readBufferManager is stopped
12-01 22:56:00.201  6016  8012 V FtDevice: DQ168BDK stopping thread bulkPacketInWorker
12-01 22:56:00.202  6016  8015 V FtDevice: DQ168BDK thread bulkPacketInWorker is stopped
12-01 22:56:00.202  6016  8012 V MonitoredUsbDeviceConnection: closing UsbDeviceConnection(DQ168BDK)
12-01 22:56:00.202  6016  8012 D UsbDeviceConnectionJNI: close
12-01 22:56:00.202  6016  8012 V FtDevice: ^^********************DQ168BDK closed ********************^^
12-01 22:56:00.204  6016  8012 D UvcContext: found webcam: usbPath=/dev/bus/usb/001/004 vid=0x46D pid=0x8E5 serial=688D709F product=HD Pro Webcam C920
12-01 22:56:00.204  6016  8012 D Uvc     : [jni_context.cpp:120] Java_org_firstinspires_ftc_robotcore_internal_camera_libuvc_nativeobject_UvcContext_nativeCreateUvcDevice()...
12-01 22:56:00.204  6016  8012 V Uvc     : API: Java_org_firstinspires_ftc_robotcore_internal_camera_libuvc_nativeobject_UvcContext_nativeCreateUvcDevice: enter...
12-01 22:56:00.205  6016  8012 E libusb  : [13.875145] [00001f4c] libusb: error [__read_sysfs_attr] open /sys/bus/usb/devices/1-1/busnum failed errno=13
12-01 22:56:00.203  6016  6016 W USBScanManager-: type=1400 audit(0.0:43): avc: denied { read } for uid=10138 name="busnum" dev="sysfs" ino=39367 scontext=u:r:untrusted_app:s0:c512,c768 tcontext=u:object_r:sysfs:s0 tclass=file permissive=0
12-01 22:56:00.205  6016  8012 D libusb  : [13.875196] [00001f4c] libusb: debug [_originate_err] [linux_usbfs.c:763] originating err: -1(LIBUSB_ERROR_IO)
12-01 22:56:00.205  6016  8012 E libusb  : [13.875228] [00001f4c] libusb: error [sysfs_from_usbfs] linux_get_device_address(1-1) failed: rc=-1; ignoring
12-01 22:56:00.205  6016  8012 E libusb  : [13.875340] [00001f4c] libusb: error [__read_sysfs_attr] open /sys/bus/usb/devices/usb1/busnum failed errno=13
12-01 22:56:00.205  6016  8012 D libusb  : [13.875372] [00001f4c] libusb: debug [_originate_err] [linux_usbfs.c:763] originating err: -1(LIBUSB_ERROR_IO)
12-01 22:56:00.205  6016  8012 E libusb  : [13.875402] [00001f4c] libusb: error [sysfs_from_usbfs] linux_get_device_address(usb1) failed: rc=-1; ignoring
12-01 22:56:00.205  6016  8012 E libusb  : [13.875512] [00001f4c] libusb: error [__read_sysfs_attr] open /sys/bus/usb/devices/usb2/busnum failed errno=13
12-01 22:56:00.203  6016  6016 W USBScanManager-: type=1400 audit(0.0:44): avc: denied { read } for uid=10138 name="busnum" dev="sysfs" ino=39114 scontext=u:r:untrusted_app:s0:c512,c768 tcontext=u:object_r:sysfs:s0 tclass=file permissive=0
12-01 22:56:00.205  6016  8012 D libusb  : [13.875543] [00001f4c] libusb: debug [_originate_err] [linux_usbfs.c:763] originating err: -1(LIBUSB_ERROR_IO)
12-01 22:56:00.205  6016  8012 E libusb  : [13.875573] [00001f4c] libusb: error [sysfs_from_usbfs] linux_get_device_address(usb2) failed: rc=-1; ignoring
12-01 22:56:00.203  6016  6016 W USBScanManager-: type=1400 audit(0.0:45): avc: denied { read } for uid=10138 name="busnum" dev="sysfs" ino=39249 scontext=u:r:untrusted_app:s0:c512,c768 tcontext=u:object_r:sysfs:s0 tclass=file permissive=0
12-01 22:56:00.205  6016  8012 E libusb  : [13.875680] [00001f4c] libusb: error [__read_sysfs_attr] open /sys/bus/usb/devices/1-1.1/busnum failed errno=13
12-01 22:56:00.205  6016  8012 D libusb  : [13.875744] [00001f4c] libusb: debug [_originate_err] [linux_usbfs.c:763] originating err: -1(LIBUSB_ERROR_IO)
12-01 22:56:00.203  6016  6016 W USBScanManager-: type=1400 audit(0.0:46): avc: denied { read } for uid=10138 name="busnum" dev="sysfs" ino=39518 scontext=u:r:untrusted_app:s0:c512,c768 tcontext=u:object_r:sysfs:s0 tclass=file permissive=0
12-01 22:56:00.205  6016  8012 D libusb  : [13.875917] [00001f4c] libusb: debug [_originate_err] [linux_usbfs.c:763] originating err: -1(LIBUSB_ERROR_IO)
12-01 22:56:00.206  6016  8012 E libusb  : [13.875948] [00001f4c] libusb: error [sysfs_from_usbfs] linux_get_device_address(1-1.4) failed: rc=-1; ignoring
12-01 22:56:00.206  6016  8012 D libusb  : [13.875992] [00001f4c] libusb: debug [op_create] op_create: szUsbPath=/dev/bus/usb/001/004 szSysfsDir=(null)
12-01 22:56:00.206  6016  8012 D libusb  : [13.876036] [00001f4c] libusb: debug [initialize_device] initialize_device(szUsbPath=/dev/bus/usb/001/004 szSysfsDir=(null))
12-01 22:56:00.206  6016  8012 E libusb  : [13.876181] [00001f4c] libusb: error [initialize_device] initialize_device(): fdDescriptors unavailable
12-01 22:56:00.206  6016  8012 D libusb  : [13.876217] [00001f4c] libusb: debug [_originate_err] [linux_usbfs.c:796] originating err: -12(LIBUSB_ERROR_NOT_SUPPORTED)
12-01 22:56:00.203  6016  6016 W USBScanManager-: type=1400 audit(0.0:48): avc: denied { search } for uid=10138 name="usb" dev="tmpfs" ino=648 scontext=u:r:untrusted_app:s0:c512,c768 tcontext=u:object_r:usb_device:s0 tclass=dir permissive=0
12-01 22:56:00.206  6016  8012 D Uvc     : [device.cpp:613] uvc_create_uvc_device()...
12-01 22:56:00.206  6016  8012 D Uvc     : [libuvc/libuvc_internal.h:346] uvc_device::uvc_device()...
12-01 22:56:00.206  6016  8012 D libusb  : [13.876348] [00001f4c] libusb: debug [_originate_err] [descriptor.c:543] originating err: -5(LIBUSB_ERROR_NOT_FOUND)
12-01 22:56:00.206  6016  8012 D Uvc     : [libuvc/libuvc_internal.h:346] ...uvc_device::uvc_device()
12-01 22:56:00.206  6016  8012 D Uvc     : [device.cpp:613] ...uvc_create_uvc_device() rc=0
12-01 22:56:00.206  6016  8012 V Uvc     : API: Java_org_firstinspires_ftc_robotcore_internal_camera_libuvc_nativeobject_UvcContext_nativeCreateUvcDevice: ...exit
12-01 22:56:00.206  6016  8012 D Uvc     : [jni_context.cpp:120] ...Java_org_firstinspires_ftc_robotcore_internal_camera_libuvc_nativeobject_UvcContext_nativeCreateUvcDevice()
12-01 22:56:00.206  6016  8012 V UvcDevice: construct(pointer=0x8d37bf18|null)
12-01 22:56:00.206  6016  8012 D Uvc     : [jni_device.cpp:108] Java_org_firstinspires_ftc_robotcore_internal_camera_libuvc_nativeobject_UvcDevice_nativeGetLibUsbDevice()...
12-01 22:56:00.206  6016  8012 D Uvc     : [jni_device.cpp:108] ...Java_org_firstinspires_ftc_robotcore_internal_camera_libuvc_nativeobject_UvcDevice_nativeGetLibUsbDevice()
12-01 22:56:00.206  6016  8012 V LibUsbDevice: construct(pointer=0x88bf1760)
12-01 22:56:00.207  6016  8012 D UvcContext: usb device is *not* UVC compatible, /dev/bus/usb/001/003
12-01 22:56:00.207  6016  8012 V UvcDevice: destroy(pointer=0x8d37bf18|/dev/bus/usb/001/004)
12-01 22:56:00.207  6016  8012 D Uvc     : [jni_device.cpp:126] Java_org_firstinspires_ftc_robotcore_internal_camera_libuvc_nativeobject_UvcDevice_nativeReleaseRefDevice()...
12-01 22:56:00.207  6016  8012 V Uvc     : API: Java_org_firstinspires_ftc_robotcore_internal_camera_libuvc_nativeobject_UvcDevice_nativeReleaseRefDevice: enter...
12-01 22:56:00.207  6016  8012 D Uvc     : [device.cpp:882] uvc_unref_device()...
12-01 22:56:00.207  6016  8012 D Uvc     : [device.cpp:882] ...uvc_unref_device()
12-01 22:56:00.207  6016  8012 V Uvc     : API: Java_org_firstinspires_ftc_robotcore_internal_camera_libuvc_nativeobject_UvcDevice_nativeReleaseRefDevice: ...exit
12-01 22:56:00.207  6016  8012 D Uvc     : [jni_device.cpp:126] ...Java_org_firstinspires_ftc_robotcore_internal_camera_libuvc_nativeobject_UvcDevice_nativeReleaseRefDevice()
12-01 22:56:00.207  6016  8012 V LibUsbDevice: destroy(pointer=0x88bf1760)
12-01 22:56:00.207  6016  8012 D Uvc     : [jni_libusb_device.cpp:64] Java_org_firstinspires_ftc_robotcore_internal_camera_libuvc_nativeobject_LibUsbDevice_nativeReleaseRefDevice()...
12-01 22:56:00.207  6016  8012 D Uvc     : [jni_libusb_device.cpp:64] ...Java_org_firstinspires_ftc_robotcore_internal_camera_libuvc_nativeobject_LibUsbDevice_nativeReleaseRefDevice()
12-01 22:56:00.207  6016  8012 V HardwareDeviceManager: scanned webcam serial=688D709F
12-01 22:56:00.208  6016  8012 V USBScan : scanForUsbDevices() took 423ms count=2
12-01 22:56:00.208  6016  8012 V FtcConfigTag: .. scanning complete: [DQ168BDK, 688D709F]
12-01 22:56:00.208  6016  8013 D FtcConfigTag: scan for devices on USB bus found 2 devices
12-01 22:56:00.208  6016  8012 V FtcConfigTag: discovering lynx modules on lynx device=DQ168BDK...
12-01 22:56:00.209  6016  8012 V RobotCore: Creating REV Robotics USB Expansion Hub Portal [DQ168BDK]
12-01 22:56:00.209  6016  8012 V LynxUsb : creating new [DQ168BDK]: 0x00db549d
12-01 22:56:00.212  6016  8012 V FtDeviceManager: createDeviceInfoList(): 1 USB devices
12-01 22:56:00.216  6016  8012 V FtDevice: vv********************DQ168BDK opening********************vv 0x020320ba
12-01 22:56:00.218  6016  8012 V FtDevice: ^^********************DQ168BDK opened ********************^^
12-01 22:56:00.218  6016  8012 V FtDevice: resetting DQ168BDK
12-01 22:56:00.220  6016  8012 V LynxUsb : armDevice() serial=DQ168BDK...
12-01 22:56:00.220  6016  8012 V LynxUsb : resetDevice() serial=DQ168BDK
12-01 22:56:00.573  6016  8012 V LynxUsb : ...done armDevice()
12-01 22:56:00.574  6016  8021 V RobotCore: thread: 'lynx incoming datagrams' starting...
12-01 22:56:00.574  6016  8012 V LynxUsb : 0x0776e85e on 0x00db549d: new delegate to [DQ168BDK]
12-01 22:56:00.574  6016  8012 V LynxUsb : lynx discovery beginning...transmitting LynxDiscoveryCommand()...
12-01 22:56:00.578  6016  8012 V LynxUsb : discovery waiting 1012ms and 0ns
12-01 22:56:00.579  6016  8021 V LynxUsb : synchronization gained: serial=DQ168BDK
12-01 22:56:00.580  6016  8021 V LynxUsb : onLynxDiscoveryResponseReceived()... module#=1 isParent=true
12-01 22:56:00.580  6016  8021 V LynxUsb : discovered lynx module#=1 isParent=true
12-01 22:56:00.580  6016  8021 V LynxUsb : ...onLynxDiscoveryResponseReceived()
12-01 22:56:01.591  6016  8012 V LynxUsb : discovery waiting complete: #modules=1
12-01 22:56:01.591  6016  8012 V LynxUsb : Checking if discovered modules have onboard IMUs
12-01 22:56:01.592  6016  8012 V LynxUsb : addConfiguredModule() module#=1
12-01 22:56:01.592  6016  8012 V LynxModule: pingAndQueryKnownInterfaces mod=1
12-01 22:56:01.603  6016  8012 V LynxModule: mod#=1 queryInterface(DEKA)=54 commands starting at 4096
12-01 22:56:01.607  6016  8012 V LynxModule: sending LynxFtdiResetControlCommand(true) wasInterrupted=false
12-01 22:56:01.613  6016  8012 V LynxModule: sendLEDPatternSteps(): steps=[Step(color=65280, msDuration=4500), Step(color=0, msDuration=500), Step(color=255, msDuration=500), Step(color=0, msDuration=500)]
12-01 22:56:01.620  6016  8012 I RobotCore: LynxFirmwareVersionManager: LynxI2cDeviceSynchV2
12-01 22:56:01.621  6016  8012 V LynxI2cDeviceSynch: initializeHardware() mod#=1
12-01 22:56:01.623  6016  8012 V BNO055  : Suppressing I2C warnings while we check for a BNO055 IMU
12-01 22:56:01.630  6016  8012 V BNO055  : Found BNO055 IMU
12-01 22:56:01.630  6016  8012 V LynxModule: sending LynxFtdiResetControlCommand(false) wasInterrupted=false
12-01 22:56:01.633  6016  8012 V LynxModule: close(#1)
12-01 22:56:01.634  6016  8012 V LynxModule: close(#0)
12-01 22:56:01.634  6016  8012 V LynxUsb : ...lynx discovery completed
12-01 22:56:01.634  6016  8012 V LynxUsb : 0x0776e85e on 0x00db549d: releasing delegate to [DQ168BDK]
12-01 22:56:01.635  6016  8012 V LynxUsb : disarmDevice() serial=DQ168BDK...
12-01 22:56:01.635  6016  8012 V LynxUsb : shutting down incoming datagrams
12-01 22:56:01.635  6016  8021 V RobotCore: thread: ...terminating 'lynx incoming datagrams'
12-01 22:56:01.635  6016  8012 V RobotUsbDeviceFtdi: closing DQ168BDK
12-01 22:56:01.636  6016  8012 V FtDevice: vv********************DQ168BDK closing********************vv 0x020320ba
12-01 22:56:01.636  6016  8012 V FtDevice: DQ168BDK stopping thread readBufferManager
12-01 22:56:01.636  6016  8019 V FtDevice: DQ168BDK thread readBufferManager is stopped
12-01 22:56:01.636  6016  8012 V FtDevice: DQ168BDK stopping thread bulkPacketInWorker
12-01 22:56:01.637  6016  8018 V FtDevice: DQ168BDK thread bulkPacketInWorker is stopped
12-01 22:56:01.638  6016  8012 V MonitoredUsbDeviceConnection: closing UsbDeviceConnection(DQ168BDK)
12-01 22:56:01.638  6016  8012 D UsbDeviceConnectionJNI: close
12-01 22:56:01.638  6016  8012 V FtDevice: ^^********************DQ168BDK closed ********************^^
12-01 22:56:01.638  6016  8012 V LynxUsb : ...done disarmDevice()
12-01 22:56:01.638  6016  8012 V FtcConfigTag: ...discovering lynx modules complete: [1(true, ImuType.BNO055)]
12-01 22:56:01.638  6016  8013 V ConfigurationUtility: buildNewLynxUsbDevice(DQ168BDK)...
12-01 22:56:01.639  6016  8013 V ConfigurationUtility: buildLynxUsbDevice(): discovered lynx modules: [1(true, ImuType.BNO055)]
12-01 22:56:01.639  6016  8013 V ConfigurationUtility: buildEmptyLynxModule() mod#=1...
12-01 22:56:01.640  6016  8013 V ConfigurationUtility: ...buildEmptyLynxModule() mod#=1
12-01 22:56:01.640  6016  8013 V ConfigurationUtility: buildNewLynxUsbDevice(DQ168BDK): 1 modules
12-01 22:56:01.641  6016  8013 V ConfigurationUtility: ...buildNewLynxUsbDevice(DQ168BDK): 
12-01 22:56:01.643  6016  8013 V FtcConfigTag: ...doUSBScanAndUpdateUI()
12-01 22:56:01.643  6016  8013 V RobotCore: thread: ...terminating 'USB bus scan handler'
12-01 22:56:05.493  6016  6016 I zygote  : Deoptimizing void com.google.gson.reflect.TypeToken.<init>(java.lang.reflect.Type) due to JIT inline cache
12-01 22:56:05.494  6016  6016 V RobotCore: FtcNewFileActivity: starting activity com.qualcomm.ftccommon.configuration.EditLynxUsbDeviceActivity code=12
12-01 22:56:05.646  6016  6016 V View    : dispatchProvideAutofillStructure(): not laid out, ignoring 0 children of 1073741826
12-01 22:56:05.646  6016  6016 V View    : dispatchProvideAutofillStructure(): not laid out, ignoring 0 children of 1073741827
12-01 22:56:05.646  6016  6016 V View    : dispatchProvideAutofillStructure(): not laid out, ignoring 0 children of 1073741828
12-01 22:56:05.649  6016  6016 I AssistStructure: Flattened final assist data: 5192 bytes, containing 1 windows, 20 views
12-01 22:56:06.999  6016  6016 V RobotCore: EditLynxUsbDeviceActivity: starting activity com.qualcomm.ftccommon.configuration.EditLynxModuleActivity code=11
12-01 22:56:07.035  6016  6016 V EditActivity: lynxModuleConfiguration.getSerialNumber()=LynxModuleSerialNumber(DQ168BDK,mod#=1)
12-01 22:56:07.039  6016  6016 V Robocol : locally injecting CMD_VISUALLY_IDENTIFY
12-01 22:56:07.043  6016  8038 V FtcEventLoopHandler: getHardwareDevice(LynxModuleSerialNumber(DQ168BDK,mod#=1))...
12-01 22:56:07.043  6016  8038 V FtcConfigTag: USBScanManager.await() returning made-up scan result
12-01 22:56:07.043  6016  8038 E FtcEventLoopHandler: 
12-01 22:56:07.043  6016  8038 V FtcEventLoopHandler: ...getHardwareDevice(LynxModuleSerialNumber(DQ168BDK,mod#=1))=null,null
12-01 22:56:07.089  6016  6016 V View    : dispatchProvideAutofillStructure(): not laid out, ignoring 0 children of 1073741826
12-01 22:56:07.089  6016  6016 V View    : dispatchProvideAutofillStructure(): not laid out, ignoring 0 children of 1073741827
12-01 22:56:07.089  6016  6016 V View    : dispatchProvideAutofillStructure(): not laid out, ignoring 0 children of 1073741828
12-01 22:56:07.093  6016  6016 I AssistStructure: Flattened final assist data: 6380 bytes, containing 1 windows, 26 views
12-01 22:56:11.167  6016  6016 V RobotCore: EditLynxModuleActivity: starting activity com.qualcomm.ftccommon.configuration.EditMotorListActivity code=17
12-01 22:56:15.219  6016  6016 V View    : dispatchProvideAutofillStructure(): not laid out, ignoring 0 children of 1073741830
12-01 22:56:15.219  6016  6016 V View    : dispatchProvideAutofillStructure(): not laid out, ignoring 0 children of 1073741831
12-01 22:56:15.219  6016  6016 V View    : dispatchProvideAutofillStructure(): not laid out, ignoring 0 children of 1073741832
12-01 22:56:15.224  6016  6016 I AssistStructure: Flattened final assist data: 10768 bytes, containing 1 windows, 46 views
12-01 22:56:31.122  6016  6026 I zygote  : Background concurrent copying GC freed 141656(6MB) AllocSpace objects, 89(4MB) LOS objects, 50% free, 11MB/22MB, paused 289us total 106.499ms
12-01 22:56:40.061  6016  6026 I zygote  : Background concurrent copying GC freed 143652(6MB) AllocSpace objects, 87(4MB) LOS objects, 49% free, 11MB/23MB, paused 276us total 105.929ms
12-01 22:56:57.722  6016  6016 E SpannableStringBuilder: SPAN_EXCLUSIVE_EXCLUSIVE spans cannot have a zero length
12-01 22:56:57.723  6016  6016 E SpannableStringBuilder: SPAN_EXCLUSIVE_EXCLUSIVE spans cannot have a zero length
12-01 22:56:58.242  6016  6026 I zygote  : Background concurrent copying GC freed 144927(6MB) AllocSpace objects, 90(5MB) LOS objects, 50% free, 11MB/22MB, paused 270us total 106.305ms
12-01 22:57:01.993  6016  6016 E SpannableStringBuilder: SPAN_EXCLUSIVE_EXCLUSIVE spans cannot have a zero length
12-01 22:57:01.993  6016  6016 E SpannableStringBuilder: SPAN_EXCLUSIVE_EXCLUSIVE spans cannot have a zero length
12-01 22:57:25.961  6016  6026 I zygote  : Background concurrent copying GC freed 149067(6MB) AllocSpace objects, 83(4MB) LOS objects, 49% free, 11MB/22MB, paused 278us total 104.508ms
12-01 22:57:27.371  6016  6016 V RobotCore: EditMotorListActivity: OK
12-01 22:57:27.392  6016  6016 V RobotCore: EditLynxModuleActivity: activity result: code=17 result=-1
12-01 22:57:27.394  6016  6016 V NetDiscover_prefremrc: onSharedPreferenceChanged(name=pref_hardware_config_filename, value={"isDirty":true,"location":"NONE","name":"\u003cNo Config Set\u003e","resourceId":0})
12-01 22:57:29.290  6016  6016 V RobotCore: EditLynxModuleActivity: OK
12-01 22:57:29.303  6016  6016 V RobotCore: EditLynxUsbDeviceActivity: activity result: code=11 result=-1
12-01 22:57:29.621  6016  6016 V Robocol : locally injecting CMD_VISUALLY_IDENTIFY
12-01 22:57:29.625  6016  8038 V FtcEventLoopHandler: getHardwareDevice(LynxModuleSerialNumber(DQ168BDK,mod#=1))...
12-01 22:57:29.625  6016  8038 V FtcConfigTag: USBScanManager.await() returning made-up scan result
12-01 22:57:29.625  6016  8038 E FtcEventLoopHandler: 
12-01 22:57:29.625  6016  8038 V FtcEventLoopHandler: ...getHardwareDevice(LynxModuleSerialNumber(DQ168BDK,mod#=1))=null,null
12-01 22:57:31.665  6016  6016 V RobotCore: EditLynxUsbDeviceActivity: OK
12-01 22:57:31.689  6016  6016 V RobotCore: FtcNewFileActivity: activity result: code=12 result=-1
12-01 22:57:31.693  6016  6016 V FtcConfigTag: onActivityResult(EDIT_LYNX_USB_DEVICE)
12-01 22:57:34.619  6016  6026 I zygote  : Background concurrent copying GC freed 140838(6MB) AllocSpace objects, 88(4MB) LOS objects, 49% free, 11MB/23MB, paused 277us total 112.218ms
12-01 22:57:34.975  6016  6016 V FtcConfigTag: onDoneButtonPressed()
12-01 22:57:35.057  6016  6016 V View    : dispatchProvideAutofillStructure(): not laid out, ignoring 0 children of 1073741826
12-01 22:57:35.057  6016  6016 V View    : dispatchProvideAutofillStructure(): not laid out, ignoring 0 children of 1073741827
12-01 22:57:35.057  6016  6016 V View    : dispatchProvideAutofillStructure(): not laid out, ignoring 0 children of 1073741828
12-01 22:57:35.060  6016  6016 I AssistStructure: Flattened final assist data: 8788 bytes, containing 2 windows, 36 views
12-01 22:57:42.164  6016  6016 V NetDiscover_prefremrc: onSharedPreferenceChanged(name=pref_hardware_config_filename, value={"isDirty":false,"location":"LOCAL_STORAGE","name":"ebay","resourceId":0})
12-01 22:57:42.183  6016  7906 V Robocol : sending CMD_NOTIFY_ACTIVE_CONFIGURATION(4806), attempt: 0
12-01 22:57:43.219  6016  6016 I Choreographer: Skipped 62 frames!  The application may be doing too much work on its main thread.
12-01 22:57:43.273  6016  6016 V RobotCore: FtcLoadFileActivity: activity result: code=21 result=-1
12-01 22:57:43.295  6016  6016 I zygote  : Deoptimizing int[] android.widget.TableRow.getColumnsWidths(int, int) due to JIT inline cache
12-01 22:57:43.537  6016  6026 I zygote  : Background concurrent copying GC freed 142317(6MB) AllocSpace objects, 92(5MB) LOS objects, 49% free, 11MB/23MB, paused 280us total 106.260ms
12-01 22:57:43.540  6016  6024 E SpellCheckerSession: ignoring processOrEnqueueTask due to unexpected mState=TASK_CLOSE scp.mWhat=TASK_CLOSE
12-01 22:57:43.585  6016  6016 V FtcConfigTag: FtcConfigurationActivity.onDestroy()
12-01 22:57:45.931  6016  6016 V RobotCore: FtcLoadFileActivity: backPressed received
12-01 22:57:45.950  6016  6016 V Robocol : EventLoopManager.shutdown()
12-01 22:57:45.954  6016  8005 V RobotCore: thread: ...terminating 'OpModeThread'
12-01 22:57:45.959  6016  8003 V EventLoopManager: EventLoopRunnable interrupted
12-01 22:57:45.960  6016  8003 E EventLoopManager: java.lang.InterruptedException
12-01 22:57:45.961  6016  8003 E EventLoopManager: 	at java.lang.Thread.sleep(Native Method)
12-01 22:57:45.962  6016  8003 E EventLoopManager: 	at java.lang.Thread.sleep(Thread.java:373)
12-01 22:57:45.963  6016  8003 E EventLoopManager: 	at java.lang.Thread.sleep(Thread.java:314)
12-01 22:57:45.966  6016  8003 E EventLoopManager: 	at com.qualcomm.robotcore.eventloop.EventLoopManager$EventLoopRunnable$1.run(EventLoopManager.java:278)
12-01 22:57:45.969  6016  8003 E EventLoopManager: 	at com.qualcomm.robotcore.util.ThreadPool.logThreadLifeCycle(ThreadPool.java:737)
12-01 22:57:45.969  6016  8003 E EventLoopManager: 	at com.qualcomm.robotcore.eventloop.EventLoopManager$EventLoopRunnable.run(EventLoopManager.java:267)
12-01 22:57:45.970  6016  8003 E EventLoopManager: 	at com.qualcomm.robotcore.eventloop.EventLoopManager$1.run(EventLoopManager.java:606)
12-01 22:57:45.970  6016  8003 E EventLoopManager: 	at java.util.concurrent.ThreadPoolExecutor.runWorker(ThreadPoolExecutor.java:1162)
12-01 22:57:45.970  6016  8003 E EventLoopManager: 	at java.util.concurrent.ThreadPoolExecutor$Worker.run(ThreadPoolExecutor.java:636)
12-01 22:57:45.970  6016  8003 E EventLoopManager: 	at com.qualcomm.robotcore.util.ThreadPool$ThreadFactoryImpl$1.run(ThreadPool.java:793)
12-01 22:57:45.970  6016  8003 E EventLoopManager: 	at java.lang.Thread.run(Thread.java:764)
12-01 22:57:45.970  6016  8003 V RobotCore: EventLoopManager state is STOPPED
12-01 22:57:45.971  6016  8003 V RobotCore: Robot Status: stopped
12-01 22:57:45.971  6016  8003 I FtcEventLoop: ======= TEARDOWN =======
12-01 22:57:45.972  6016  8003 W System.err: java.lang.InterruptedException
12-01 22:57:45.972  6016  8003 W System.err: 	at java.util.concurrent.locks.AbstractQueuedSynchronizer.acquireSharedInterruptibly(AbstractQueuedSynchronizer.java:1326)
12-01 22:57:45.972  6016  8003 W System.err: 	at java.util.concurrent.CountDownLatch.await(CountDownLatch.java:232)
12-01 22:57:45.973  6016  8003 W System.err: 	at com.qualcomm.robotcore.eventloop.opmode.OpModeManagerImpl.detectStuck(OpModeManagerImpl.java:483)
12-01 22:57:45.973  6016  8003 W System.err: 	at com.qualcomm.robotcore.eventloop.opmode.OpModeManagerImpl.detectStuck(OpModeManagerImpl.java:468)
12-01 22:57:45.973  6016  8003 W System.err: 	at com.qualcomm.robotcore.eventloop.opmode.OpModeManagerImpl.callActiveOpModeStop(OpModeManagerImpl.java:447)
12-01 22:57:45.973  6016  8003 W System.err: 	at com.qualcomm.robotcore.eventloop.opmode.OpModeManagerImpl.stopActiveOpMode(OpModeManagerImpl.java:300)
12-01 22:57:45.973  6016  8003 W System.err: 	at com.qualcomm.ftccommon.FtcEventLoop.teardown(FtcEventLoop.java:288)
12-01 22:57:45.973  6016  8003 W System.err: 	at com.qualcomm.robotcore.eventloop.EventLoopManager$EventLoopRunnable$1.run(EventLoopManager.java:371)
12-01 22:57:45.973  6016  8003 W System.err: 	at com.qualcomm.robotcore.util.ThreadPool.logThreadLifeCycle(ThreadPool.java:737)
12-01 22:57:45.973  6016  8003 W System.err: 	at com.qualcomm.robotcore.eventloop.EventLoopManager$EventLoopRunnable.run(EventLoopManager.java:267)
12-01 22:57:45.973  6016  8003 W System.err: 	at com.qualcomm.robotcore.eventloop.EventLoopManager$1.run(EventLoopManager.java:606)
12-01 22:57:45.973  6016  8003 W System.err: 	at java.util.concurrent.ThreadPoolExecutor.runWorker(ThreadPoolExecutor.java:1162)
12-01 22:57:45.973  6016  8003 W System.err: 	at java.util.concurrent.ThreadPoolExecutor$Worker.run(ThreadPoolExecutor.java:636)
12-01 22:57:45.973  6016  8003 W System.err: 	at com.qualcomm.robotcore.util.ThreadPool$ThreadFactoryImpl$1.run(ThreadPool.java:793)
12-01 22:57:45.973  6016  8003 W System.err: 	at java.lang.Thread.run(Thread.java:764)
12-01 22:57:45.973  6016  8003 I FtcEventLoop: ======= TEARDOWN COMPLETE =======
12-01 22:57:45.973  6016  8003 V RobotCore: thread: ...terminating 'EventLoop'
12-01 22:57:45.974  6016  6016 V RobotCore: EventLoopManager state is STOPPED
12-01 22:57:45.981  6016  8286 V RobotCore: thread: 'RobotSetupRunnable.run()' starting...
12-01 22:57:45.981  6016  8286 V FTCService: Processing robot setup
12-01 22:57:45.982  6016  8286 V RobotCore: Robot Status: stopped, scanning for USB devices
12-01 22:57:45.982  6016  6016 V RCActivity: onStart()
12-01 22:57:45.982  6016  6016 V RCActivity: onResume()
12-01 22:57:45.984  6016  7906 V Robocol : sending CMD_SHOW_TOAST(4859), attempt: 0
12-01 22:57:45.986  6016  7906 V Robocol : sending CMD_NOTIFY_ROBOT_STATE(4861), attempt: 0
12-01 22:57:45.986  6016  7906 V Robocol : sending CMD_NOTIFY_ROBOT_STATE(4862), attempt: 0
12-01 22:57:50.984  6016  8286 V RobotCore: Robot Status: stopped, waiting for Wi-Fi to enable
12-01 22:57:50.986  6016  8286 I RobotCore: state = 3
12-01 22:57:50.988  6016  8286 V RobotCore: Robot Status: stopped, waiting for Wi-Fi Direct to enable
12-01 22:57:50.990  6016  8286 V FTCService: Waiting for a connection to a Wi-Fi service
12-01 22:57:50.990  6016  8286 V RobotCore: Robot Status: stopped, waiting for network to become active
12-01 22:57:50.990  6016  8286 V CoreRobotWebServer: Asked an already running WebServer to start
12-01 22:57:50.991  6016  8286 V RobotCore: Robot Status: stopped, starting robot
12-01 22:57:50.991  6016  8286 D FTCService: Sending user device types and preferences to driver station
12-01 22:57:51.006  6016  8286 V NetDiscover_prefremrc: sendAllPreferences()
12-01 22:57:51.006  6016  8286 V NetDiscover_prefremrc: sending RC pref name=pref_warn_about_obsolete_software value=true
12-01 22:57:51.006  6016  8286 V NetDiscover_prefremrc: sending RC pref name=pref_has_independent_phone_battery value=true
12-01 22:57:51.007  6016  8286 V NetDiscover_prefremrc: sending RC pref name=pref_has_speaker value=true
12-01 22:57:51.007  6016  8286 V NetDiscover_prefremrc: sending RC pref name=pref_warn_about_mismatched_app_versions value=true
12-01 22:57:51.007  6016  8286 V NetDiscover_prefremrc: sending RC pref name=pref_sound_on_off value=false
12-01 22:57:51.007  6016  8286 V NetDiscover_prefremrc: sending RC pref name=pref_wifip2p_channel value=0
12-01 22:57:51.008  6016  8286 V NetDiscover_prefremrc: sending RC pref name=pref_device_name value=2845-C-RC
12-01 22:57:51.008  6016  8286 V NetDiscover_prefremrc: sending RC pref name=pref_warn_about_2_4_ghz_band value=true
12-01 22:57:51.008  6016  8286 V NetDiscover_prefremrc: sending RC pref name=pref_app_theme value=red
12-01 22:57:51.008  6016  8286 V NetDiscover_prefremrc: sending RC pref name=pref_warn_about_incorrect_clocks value=true
12-01 22:57:51.008  6016  8286 V NetDiscover_prefremrc: sending RC pref name=pref_wifip2p_remote_channel_change_works value=true
12-01 22:57:51.008  6016  8286 V Robocol : EventLoopManager.start()
12-01 22:57:51.009  6016  8286 V Robocol : Spoofing a Network Connection event...
12-01 22:57:51.009  6016  8286 I EventLoopManager: onNetworkConnectionEvent: CONNECTION_INFO_AVAILABLE
12-01 22:57:51.009  6016  8286 I Robocol : Received network connection event
12-01 22:57:51.009  6016  8286 I NetworkConnectionHandler: Handling new network connection infomation, connected: true setup needed: false
12-01 22:57:51.009  6016  8286 V RobotCore: EventLoopManager state is STOPPED
12-01 22:57:51.010  6016  8286 V Robocol : eventLoop=FtcEventLoop
12-01 22:57:51.010  6016  8286 V RobotCore: EventLoopManager state is INIT
12-01 22:57:51.010  6016  8286 V RobotCore: Robot Status: initializing, starting robot
12-01 22:57:51.010  6016  8286 I FtcEventLoop: ======= INIT START =======
12-01 22:57:51.011  6016  8286 V OpmodeRegistration: registered {DefaultOpMode} as {$Stop$Robot$}
12-01 22:57:51.012  6016  6016 D WifiDirect: cannot create group, does group already exist?
12-01 22:57:51.012  6016  8286 V OpmodeRegistration: registered {PowerPlayAuto1} as {PowerPlayAuto1}
12-01 22:57:51.022  6016  8286 V HardwareFactory: createHardwareMap()
12-01 22:57:51.022  6016  8286 V EmbeddedControlHubModule: clearing embedded module
12-01 22:57:51.023  6016  7906 V Robocol : sending CMD_NOTIFY_USER_DEVICE_LIST(4914), attempt: 0
12-01 22:57:51.026  6016  7906 V Robocol : sending CMD_ROBOT_CONTROLLER_PREFERENCE(4915), attempt: 0
12-01 22:57:51.026  6016  8286 V RobotCore: Creating REV Robotics USB Expansion Hub Portal [DQ168BDK]
12-01 22:57:51.026  6016  8286 V LynxUsb : creating new [DQ168BDK]: 0x00b87d03
